
  [30;42;1m PASS [39;49;22m[39m Tests\Unit\DeadlineBusinessLogicTest[39m
  [32;1m✓[39;22m[90m [39m[90mcalculate ministerial due date for first inspection[39m[90m                             [39m [90m0.38s[39m  
  [32;1m✓[39;22m[90m [39m[90mcalculate ministerial due date for regular inspection[39m[90m                           [39m [90m0.06s[39m  
  [32;1m✓[39;22m[90m [39m[90mcalculate oxygen due date for vehicle that requires oxygen check[39m[90m                [39m [90m0.06s[39m  
  [32;1m✓[39;22m[90m [39m[90mcalculate oxygen due date returns null when vehicle type does not require it[39m[90m    [39m [90m0.05s[39m  
  [32;1m✓[39;22m[90m [39m[90mdeadline is expired when due date is in the past[39m[90m                                [39m [90m0.06s[39m  
  [32;1m✓[39;22m[90m [39m[90mdeadline is valid when due date is in the future[39m[90m                                [39m [90m0.06s[39m  
  [32;1m✓[39;22m[90m [39m[90mdeadline is renewed when marked as renewed[39m[90m                                      [39m [90m0.07s[39m  
  [32;1m✓[39;22m[90m [39m[90mdeadline is pending when due date is within warning window[39m[90m                      [39m [90m0.07s[39m  

  [30;42;1m PASS [39;49;22m[39m Tests\Unit\VehicleBusinessLogicTest[39m
  [32;1m✓[39;22m[90m [39m[90mvehicle has all required equipment when requirements are met[39m[90m                    [39m [90m0.08s[39m  
  [32;1m✓[39;22m[90m [39m[90mvehicle does not have all required equipment when one is missing[39m[90m                [39m [90m0.06s[39m  
  [32;1m✓[39;22m[90m [39m[90mvehicle missing required equipment returns missing items[39m[90m                        [39m [90m0.06s[39m  
  [32;1m✓[39;22m[90m [39m[90mvehicle missing required equipment considers required quantity[39m[90m                  [39m [90m0.06s[39m  
  [32;1m✓[39;22m[90m [39m[90mvehicle with no vehicle type is handled safely[39m[90m                                  [39m [90m0.04s[39m  

  [30;42;1m PASS [39;49;22m[39m Tests\Feature\Auth\AuthenticationTest[39m
  [32;1m✓[39;22m[90m [39m[90mlogin screen can be rendered[39m[90m                                                    [39m [90m0.06s[39m  
  [32;1m✓[39;22m[90m [39m[90musers can authenticate using the login screen[39m[90m                                   [39m [90m0.06s[39m  
  [32;1m✓[39;22m[90m [39m[90musers can not authenticate with invalid password[39m[90m                                [39m [90m0.25s[39m  
  [32;1m✓[39;22m[90m [39m[90musers can logout[39m[90m                                                                [39m [90m0.04s[39m  

  [30;42;1m PASS [39;49;22m[39m Tests\Feature\Auth\EmailVerificationTest[39m
  [32;1m✓[39;22m[90m [39m[90memail verification screen can be rendered[39m[90m                                       [39m [90m0.05s[39m  
  [32;1m✓[39;22m[90m [39m[90memail can be verified[39m[90m                                                           [39m [90m0.04s[39m  
  [32;1m✓[39;22m[90m [39m[90memail is not verified with invalid hash[39m[90m                                         [39m [90m0.04s[39m  

  [30;42;1m PASS [39;49;22m[39m Tests\Feature\Auth\PasswordConfirmationTest[39m
  [32;1m✓[39;22m[90m [39m[90mconfirm password screen can be rendered[39m[90m                                         [39m [90m0.04s[39m  
  [32;1m✓[39;22m[90m [39m[90mpassword can be confirmed[39m[90m                                                       [39m [90m0.04s[39m  
  [32;1m✓[39;22m[90m [39m[90mpassword is not confirmed with invalid password[39m[90m                                 [39m [90m0.23s[39m  

  [30;42;1m PASS [39;49;22m[39m Tests\Feature\Auth\PasswordResetTest[39m
  [32;1m✓[39;22m[90m [39m[90mreset password link screen can be rendered[39m[90m                                      [39m [90m0.04s[39m  
  [32;1m✓[39;22m[90m [39m[90mreset password link can be requested[39m[90m                                            [39m [90m0.25s[39m  
  [32;1m✓[39;22m[90m [39m[90mreset password screen can be rendered[39m[90m                                           [39m [90m0.25s[39m  
  [32;1m✓[39;22m[90m [39m[90mpassword can be reset with valid token[39m[90m                                          [39m [90m0.25s[39m  

  [30;42;1m PASS [39;49;22m[39m Tests\Feature\Auth\PasswordUpdateTest[39m
  [32;1m✓[39;22m[90m [39m[90mpassword can be updated[39m[90m                                                         [39m [90m0.04s[39m  
  [32;1m✓[39;22m[90m [39m[90mcorrect password must be provided to update password[39m[90m                            [39m [90m0.04s[39m  

  [30;42;1m PASS [39;49;22m[39m Tests\Feature\Auth\RegistrationTest[39m
  [32;1m✓[39;22m[90m [39m[90mregistration screen can be rendered[39m[90m                                             [39m [90m0.04s[39m  
  [32;1m✓[39;22m[90m [39m[90mnew users can register[39m[90m                                                          [39m [90m0.04s[39m  

  [30;42;1m PASS [39;49;22m[39m Tests\Feature\Crud\DeadlineCrudTest[39m
  [32;1m✓[39;22m[90m [39m[90mdeadline index page is reachable[39m[90m                                                [39m [90m0.05s[39m  
  [32;1m✓[39;22m[90m [39m[90mdeadline create page is reachable[39m[90m                                               [39m [90m0.04s[39m  
  [32;1m✓[39;22m[90m [39m[90mdeadline show page is reachable[39m[90m                                                 [39m [90m0.07s[39m  
  [32;1m✓[39;22m[90m [39m[90mdeadline edit page is reachable[39m[90m                                                 [39m [90m0.07s[39m  
  [32;1m✓[39;22m[90m [39m[90mdeadline can be stored[39m[90m                                                          [39m [90m0.07s[39m  
  [32;1m✓[39;22m[90m [39m[90mdeadline can be updated[39m[90m                                                         [39m [90m0.07s[39m  
  [32;1m✓[39;22m[90m [39m[90mdeadline can be deleted[39m[90m                                                         [39m [90m0.06s[39m  
  [32;1m✓[39;22m[90m [39m[90mdeadline type is required[39m[90m                                                       [39m [90m0.06s[39m  

  [30;42;1m PASS [39;49;22m[39m Tests\Feature\Crud\EquipmentCrudTest[39m
  [32;1m✓[39;22m[90m [39m[90mequipment index page is reachable[39m[90m                                               [39m [90m0.05s[39m  
  [32;1m✓[39;22m[90m [39m[90mequipment create page is reachable[39m[90m                                              [39m [90m0.04s[39m  
  [32;1m✓[39;22m[90m [39m[90mequipment show page is reachable[39m[90m                                                [39m [90m0.04s[39m  
  [32;1m✓[39;22m[90m [39m[90mequipment edit page is reachable[39m[90m                                                [39m [90m0.04s[39m  
  [32;1m✓[39;22m[90m [39m[90mequipment can be stored[39m[90m                                                         [39m [90m0.05s[39m  
  [32;1m✓[39;22m[90m [39m[90mequipment can be updated[39m[90m                                                        [39m [90m0.05s[39m  
  [32;1m✓[39;22m[90m [39m[90mequipment can be deleted[39m[90m                                                        [39m [90m0.04s[39m  
  [32;1m✓[39;22m[90m [39m[90mequipment name is required[39m[90m                                                      [39m [90m0.04s[39m  

  [30;42;1m PASS [39;49;22m[39m Tests\Feature\Crud\EquipmentTypeCrudTest[39m
  [32;1m✓[39;22m[90m [39m[90mequipment type index page is reachable[39m[90m                                          [39m [90m0.05s[39m  
  [32;1m✓[39;22m[90m [39m[90mequipment type create page is reachable[39m[90m                                         [39m [90m0.04s[39m  
  [32;1m✓[39;22m[90m [39m[90mequipment type show page is reachable[39m[90m                                           [39m [90m0.04s[39m  
  [32;1m✓[39;22m[90m [39m[90mequipment type edit page is reachable[39m[90m                                           [39m [90m0.04s[39m  
  [32;1m✓[39;22m[90m [39m[90mequipment type can be stored[39m[90m                                                    [39m [90m0.04s[39m  
  [32;1m✓[39;22m[90m [39m[90mequipment type can be updated[39m[90m                                                   [39m [90m0.04s[39m  
  [32;1m✓[39;22m[90m [39m[90mequipment type can be deleted[39m[90m                                                   [39m [90m0.04s[39m  
  [32;1m✓[39;22m[90m [39m[90mequipment type cannot be stored with duplicate name[39m[90m                             [39m [90m0.04s[39m  
  [32;1m✓[39;22m[90m [39m[90mequipment type cannot be updated with duplicate name[39m[90m                            [39m [90m0.04s[39m  

  [30;42;1m PASS [39;49;22m[39m Tests\Feature\Crud\IssueCrudTest[39m
  [32;1m✓[39;22m[90m [39m[90missue index page is reachable[39m[90m                                                   [39m [90m0.05s[39m  
  [32;1m✓[39;22m[90m [39m[90missue create page is reachable[39m[90m                                                  [39m [90m0.05s[39m  
  [32;1m✓[39;22m[90m [39m[90missue show page is reachable[39m[90m                                                    [39m [90m0.08s[39m  
  [32;1m✓[39;22m[90m [39m[90missue edit page is reachable[39m[90m                                                    [39m [90m0.09s[39m  
  [32;1m✓[39;22m[90m [39m[90missue can be stored[39m[90m                                                             [39m [90m0.07s[39m  
  [32;1m✓[39;22m[90m [39m[90missue can be updated[39m[90m                                                            [39m [90m0.07s[39m  
  [32;1m✓[39;22m[90m [39m[90missue can be deleted[39m[90m                                                            [39m [90m0.07s[39m  
  [32;1m✓[39;22m[90m [39m[90missue description is required[39m[90m                                                   [39m [90m0.06s[39m  

  [30;42;1m PASS [39;49;22m[39m Tests\Feature\Crud\MaintenanceRecordCrudTest[39m
  [32;1m✓[39;22m[90m [39m[90mmaintenance index page is reachable[39m[90m                                             [39m [90m0.05s[39m  
  [32;1m✓[39;22m[90m [39m[90mmaintenance create page is reachable[39m[90m                                            [39m [90m0.04s[39m  
  [32;1m✓[39;22m[90m [39m[90mmaintenance show page is reachable[39m[90m                                              [39m [90m0.08s[39m  
  [32;1m✓[39;22m[90m [39m[90mmaintenance edit page is reachable[39m[90m                                              [39m [90m0.08s[39m  
  [32;1m✓[39;22m[90m [39m[90mmaintenance can be stored[39m[90m                                                       [39m [90m0.07s[39m  
  [32;1m✓[39;22m[90m [39m[90mmaintenance can be updated[39m[90m                                                      [39m [90m0.08s[39m  
  [32;1m✓[39;22m[90m [39m[90mmaintenance can be deleted[39m[90m                                                      [39m [90m0.07s[39m  
  [32;1m✓[39;22m[90m [39m[90mmaintenance provider id is required[39m[90m                                             [39m [90m0.07s[39m  

  [30;42;1m PASS [39;49;22m[39m Tests\Feature\Crud\MileageLogCrudTest[39m
  [32;1m✓[39;22m[90m [39m[90mmileage log index page is reachable[39m[90m                                             [39m [90m0.06s[39m  
  [32;1m✓[39;22m[90m [39m[90mmileage log create page is reachable[39m[90m                                            [39m [90m0.04s[39m  
  [32;1m✓[39;22m[90m [39m[90mmileage log show page is reachable[39m[90m                                              [39m [90m0.10s[39m  
  [32;1m✓[39;22m[90m [39m[90mmileage log edit page is reachable[39m[90m                                              [39m [90m0.07s[39m  
  [32;1m✓[39;22m[90m [39m[90mmileage log can be stored[39m[90m                                                       [39m [90m0.06s[39m  
  [32;1m✓[39;22m[90m [39m[90mmileage log can be updated[39m[90m                                                      [39m [90m0.07s[39m  
  [32;1m✓[39;22m[90m [39m[90mmileage log can be deleted[39m[90m                                                      [39m [90m0.06s[39m  
  [32;1m✓[39;22m[90m [39m[90mmileage log mileage is required[39m[90m                                                 [39m [90m0.07s[39m  

  [30;42;1m PASS [39;49;22m[39m Tests\Feature\Crud\ProviderCrudTest[39m
  [32;1m✓[39;22m[90m [39m[90mprovider index page is reachable[39m[90m                                                [39m [90m0.05s[39m  
  [32;1m✓[39;22m[90m [39m[90mprovider create page is reachable[39m[90m                                               [39m [90m0.04s[39m  
  [32;1m✓[39;22m[90m [39m[90mprovider show page is reachable[39m[90m                                                 [39m [90m0.04s[39m  
  [32;1m✓[39;22m[90m [39m[90mprovider edit page is reachable[39m[90m                                                 [39m [90m0.04s[39m  
  [32;1m✓[39;22m[90m [39m[90mprovider can be stored[39m[90m                                                          [39m [90m0.04s[39m  
  [32;1m✓[39;22m[90m [39m[90mprovider can be updated[39m[90m                                                         [39m [90m0.04s[39m  
  [32;1m✓[39;22m[90m [39m[90mprovider can be deleted[39m[90m                                                         [39m [90m0.04s[39m  
  [32;1m✓[39;22m[90m [39m[90mprovider name is required[39m[90m                                                       [39m [90m0.04s[39m  
PHP Fatal error:  Trait "App\Http\Requests\Concerns\HandlesWarrantyExtension" not found in D:\Mirko\Desktop\Prove webapp\CV_Backoffice\app\Http\Requests\StoreVehicleRequest.php on line 9
PHP Stack trace:
PHP   1. {main}() D:\Mirko\Desktop\Prove webapp\CV_Backoffice\vendor\phpunit\phpunit\phpunit:0
PHP   2. PHPUnit\TextUI\Application->run($argv = [0 => 'vendor/phpunit/phpunit/phpunit', 1 => '--colors=always', 2 => '--configuration=D:\\Mirko\\Desktop\\Prove webapp\\CV_Backoffice\\phpunit.xml', 3 => '--no-output']) D:\Mirko\Desktop\Prove webapp\CV_Backoffice\vendor\phpunit\phpunit\phpunit:104
PHP   3. PHPUnit\TextUI\TestRunner->run($configuration = class PHPUnit\TextUI\Configuration\Configuration { private readonly array $cliArguments = []; private readonly ?string $configurationFile = 'D:\\Mirko\\Desktop\\Prove webapp\\CV_Backoffice\\phpunit.xml'; private readonly ?string $bootstrap = 'D:\\Mirko\\Desktop\\Prove webapp\\CV_Backoffice\\vendor/autoload.php'; private readonly bool $cacheResult = TRUE; private readonly ?string $cacheDirectory = NULL; private readonly ?string $coverageCacheDirectory = NULL; private readonly PHPUnit\TextUI\Configuration\Source $source = class PHPUnit\TextUI\Configuration\Source { private readonly ?string $baseline = NULL; private readonly bool $ignoreBaseline = FALSE; private readonly PHPUnit\TextUI\Configuration\FilterDirectoryCollection $includeDirectories = class PHPUnit\TextUI\Configuration\FilterDirectoryCollection { ... }; private readonly PHPUnit\TextUI\Configuration\FileCollection $includeFiles = class PHPUnit\TextUI\Configuration\FileCollection { ... }; private readonly PHPUnit\TextUI\Configuration\FilterDirectoryCollection $excludeDirectories = class PHPUnit\TextUI\Configuration\FilterDirectoryCollection { ... }; private readonly PHPUnit\TextUI\Configuration\FileCollection $excludeFiles = class PHPUnit\TextUI\Configuration\FileCollection { ... }; private readonly bool $restrictDeprecations = FALSE; private readonly bool $restrictNotices = FALSE; private readonly bool $restrictWarnings = FALSE; private readonly bool $ignoreSuppressionOfDeprecations = FALSE; private readonly bool $ignoreSuppressionOfPhpDeprecations = FALSE; private readonly bool $ignoreSuppressionOfErrors = FALSE; private readonly bool $ignoreSuppressionOfNotices = FALSE; private readonly bool $ignoreSuppressionOfPhpNotices = FALSE; private readonly bool $ignoreSuppressionOfWarnings = FALSE; private readonly bool $ignoreSuppressionOfPhpWarnings = FALSE; private readonly bool $ignoreSelfDeprecations = FALSE; private readonly bool $ignoreDirectDeprecations = FALSE; private readonly bool $ignoreIndirectDeprecations = FALSE; private readonly bool $identifyIssueTrigger = TRUE; private readonly array $deprecationTriggers = [...] }; private readonly bool $pathCoverage = FALSE; private readonly ?string $coverageClover = NULL; private readonly ?string $coverageCobertura = NULL; private readonly ?string $coverageCrap4j = NULL; private readonly int $coverageCrap4jThreshold = 30; private readonly ?string $coverageHtml = NULL; private readonly int $coverageHtmlLowUpperBound = 50; private readonly int $coverageHtmlHighLowerBound = 90; private readonly string $coverageHtmlColorSuccessLow = '#dff0d8'; private readonly string $coverageHtmlColorSuccessMedium = '#c3e3b5'; private readonly string $coverageHtmlColorSuccessHigh = '#99cb84'; private readonly string $coverageHtmlColorWarning = '#fcf8e3'; private readonly string $coverageHtmlColorDanger = '#f2dede'; private readonly ?string $coverageHtmlCustomCssFile = NULL; private readonly ?string $coveragePhp = NULL; private readonly ?string $coverageText = NULL; private readonly bool $coverageTextShowUncoveredFiles = FALSE; private readonly bool $coverageTextShowOnlySummary = FALSE; private readonly ?string $coverageXml = NULL; private readonly string $testResultCacheFile = 'D:\\Mirko\\Desktop\\Prove webapp\\CV_Backoffice\\.phpunit.result.cache'; private readonly bool $ignoreDeprecatedCodeUnitsFromCodeCoverage = FALSE; private readonly bool $disableCodeCoverageIgnore = FALSE; private readonly bool $failOnAllIssues = FALSE; private readonly bool $failOnDeprecation = FALSE; private readonly bool $failOnPhpunitDeprecation = FALSE; private readonly bool $failOnPhpunitWarning = TRUE; private readonly bool $failOnEmptyTestSuite = FALSE; private readonly bool $failOnIncomplete = FALSE; private readonly bool $failOnNotice = FALSE; private readonly bool $failOnRisky = FALSE; private readonly bool $failOnSkipped = FALSE; private readonly bool $failOnWarning = FALSE; private readonly bool $doNotFailOnDeprecation = FALSE; private readonly bool $doNotFailOnPhpunitDeprecation = FALSE; private readonly bool $doNotFailOnPhpunitWarning = FALSE; private readonly bool $doNotFailOnEmptyTestSuite = FALSE; private readonly bool $doNotFailOnIncomplete = FALSE; private readonly bool $doNotFailOnNotice = FALSE; private readonly bool $doNotFailOnRisky = FALSE; private readonly bool $doNotFailOnSkipped = FALSE; private readonly bool $doNotFailOnWarning = FALSE; private readonly bool $stopOnDefect = FALSE; private readonly bool $stopOnDeprecation = FALSE; private readonly ?string $specificDeprecationToStopOn = NULL; private readonly bool $stopOnError = FALSE; private readonly bool $stopOnFailure = FALSE; private readonly bool $stopOnIncomplete = FALSE; private readonly bool $stopOnNotice = FALSE; private readonly bool $stopOnRisky = FALSE; private readonly bool $stopOnSkipped = FALSE; private readonly bool $stopOnWarning = FALSE; private readonly bool $outputToStandardErrorStream = FALSE; private readonly int $columns = 80; private readonly bool $noExtensions = FALSE; private readonly ?string $pharExtensionDirectory = NULL; private readonly array $extensionBootstrappers = []; private readonly bool $backupGlobals = FALSE; private readonly bool $backupStaticProperties = FALSE; private readonly bool $beStrictAboutChangesToGlobalState = FALSE; private readonly bool $colors = TRUE; private readonly bool $processIsolation = FALSE; private readonly bool $enforceTimeLimit = FALSE; private readonly int $defaultTimeLimit = 1; private readonly int $timeoutForSmallTests = 1; private readonly int $timeoutForMediumTests = 10; private readonly int $timeoutForLargeTests = 60; private readonly bool $reportUselessTests = TRUE; private readonly bool $strictCoverage = FALSE; private readonly bool $disallowTestOutput = FALSE; private readonly bool $displayDetailsOnAllIssues = FALSE; private readonly bool $displayDetailsOnIncompleteTests = FALSE; private readonly bool $displayDetailsOnSkippedTests = FALSE; private readonly bool $displayDetailsOnTestsThatTriggerDeprecations = FALSE; private readonly bool $displayDetailsOnPhpunitDeprecations = FALSE; private readonly bool $displayDetailsOnTestsThatTriggerErrors = FALSE; private readonly bool $displayDetailsOnTestsThatTriggerNotices = FALSE; private readonly bool $displayDetailsOnTestsThatTriggerWarnings = FALSE; private readonly bool $reverseDefectList = FALSE; private readonly bool $requireCoverageMetadata = FALSE; private readonly bool $noProgress = FALSE; private readonly bool $noResults = FALSE; private readonly bool $noOutput = TRUE; private readonly int $executionOrder = 0; private readonly int $executionOrderDefects = 0; private readonly bool $resolveDependencies = TRUE; private readonly ?string $logfileTeamcity = NULL; private readonly ?string $logfileJunit = NULL; private readonly ?string $logfileTestdoxHtml = NULL; private readonly ?string $logfileTestdoxText = NULL; private readonly ?string $logEventsText = NULL; private readonly ?string $logEventsVerboseText = NULL; private readonly ?array $testsCovering = NULL; private readonly ?array $testsUsing = NULL; private readonly ?array $testsRequiringPhpExtension = NULL; private readonly bool $teamCityOutput = FALSE; private readonly bool $testDoxOutput = FALSE; private readonly bool $testDoxOutputSummary = FALSE; private readonly ?string $filter = NULL; private readonly ?string $excludeFilter = NULL; private readonly array $groups = []; private readonly array $excludeGroups = []; private readonly int $randomOrderSeed = 1785584023; private readonly bool $includeUncoveredFiles = TRUE; private readonly PHPUnit\TextUI\Configuration\TestSuiteCollection $testSuite = class PHPUnit\TextUI\Configuration\TestSuiteCollection { private readonly array $testSuites = [...] }; private readonly string $includeTestSuite = ''; private readonly string $excludeTestSuite = ''; private readonly ?string $defaultTestSuite = NULL; private readonly array $testSuffixes = [0 => 'Test.php', 1 => '.phpt']; private readonly PHPUnit\TextUI\Configuration\Php $php = class PHPUnit\TextUI\Configuration\Php { private readonly PHPUnit\TextUI\Configuration\DirectoryCollection $includePaths = class PHPUnit\TextUI\Configuration\DirectoryCollection { ... }; private readonly PHPUnit\TextUI\Configuration\IniSettingCollection $iniSettings = class PHPUnit\TextUI\Configuration\IniSettingCollection { ... }; private readonly PHPUnit\TextUI\Configuration\ConstantCollection $constants = class PHPUnit\TextUI\Configuration\ConstantCollection { ... }; private readonly PHPUnit\TextUI\Configuration\VariableCollection $globalVariables = class PHPUnit\TextUI\Configuration\VariableCollection { ... }; private readonly PHPUnit\TextUI\Configuration\VariableCollection $envVariables = class PHPUnit\TextUI\Configuration\VariableCollection { ... }; private readonly PHPUnit\TextUI\Configuration\VariableCollection $postVariables = class PHPUnit\TextUI\Configuration\VariableCollection { ... }; private readonly PHPUnit\TextUI\Configuration\VariableCollection $getVariables = class PHPUnit\TextUI\Configuration\VariableCollection { ... }; private readonly PHPUnit\TextUI\Configuration\VariableCollection $cookieVariables = class PHPUnit\TextUI\Configuration\VariableCollection { ... }; private readonly PHPUnit\TextUI\Configuration\VariableCollection $serverVariables = class PHPUnit\TextUI\Configuration\VariableCollection { ... }; private readonly PHPUnit\TextUI\Configuration\VariableCollection $filesVariables = class PHPUnit\TextUI\Configuration\VariableCollection { ... }; private readonly PHPUnit\TextUI\Configuration\VariableCollection $requestVariables = class PHPUnit\TextUI\Configuration\VariableCollection { ... } }; private readonly bool $controlGarbageCollector = FALSE; private readonly int $numberOfTestsBeforeGarbageCollection = 100; private readonly ?string $generateBaseline = NULL; private readonly bool $debug = FALSE; private readonly int $shortenArraysForExportThreshold = 0 }, $resultCache = class PHPUnit\Runner\ResultCache\DefaultResultCache { private readonly string $cacheFilename = 'D:\\Mirko\\Desktop\\Prove webapp\\CV_Backoffice\\.phpunit.result.cache'; private array $defects = ['Tests\Feature\VehiclePageTest::test_vehicle_index_page_is_reachable' => class PHPUnit\Framework\TestStatus\Failure { ... }, 'Tests\Feature\VehiclePageTest::test_vehicle_create_page_is_reachable' => class PHPUnit\Framework\TestStatus\Failure { ... }, 'Tests\Feature\VehiclePageTest::test_vehicle_store_page_is_reachable' => class PHPUnit\Framework\TestStatus\Failure { ... }, 'Tests\Feature\VehiclePageTest::test_vehicle_update_page_is_reachable' => class PHPUnit\Framework\TestStatus\Failure { ... }, 'Tests\Feature\VehiclePageTest::test_vehicle_can_be_stored' => class PHPUnit\Framework\TestStatus\Failure { ... }, 'Tests\Feature\VehiclePageTest::test_vehicle_can_be_updated' => class PHPUnit\Framework\TestStatus\Error { ... }, 'Tests\Feature\VehicleTypeCrudTest::test_vehicle_type_can_be_stored' => class PHPUnit\Framework\TestStatus\Error { ... }, 'Tests\Feature\VehicleTypeCrudTest::test_vehicle_type_can_be_updated' => class PHPUnit\Framework\TestStatus\Error { ... }, 'Tests\Feature\VehicleTypeCrudTest::test_vehicle_type_can_be_deleted' => class PHPUnit\Framework\TestStatus\Error { ... }, 'Tests\Feature\EquipmentCrudTest::test_equipment_show_page_is_reachable' => class PHPUnit\Framework\TestStatus\Error { ... }, 'Tests\Feature\EquipmentCrudTest::test_equipment_edit_page_is_reachable' => class PHPUnit\Framework\TestStatus\Error { ... }, 'Tests\Feature\EquipmentCrudTest::test_equipment_can_be_stored' => class PHPUnit\Framework\TestStatus\Failure { ... }, 'Tests\Feature\EquipmentCrudTest::test_equipment_can_be_updated' => class PHPUnit\Framework\TestStatus\Failure { ... }, 'Tests\Feature\EquipmentCrudTest::test_equipment_can_be_deleted' => class PHPUnit\Framework\TestStatus\Error { ... }, 'Tests\Feature\Crud\ProviderCrudTest::test_provider_show_page_is_reachable' => class PHPUnit\Framework\TestStatus\Error { ... }, 'Tests\Feature\Crud\ProviderCrudTest::test_provider_edit_page_is_reachable' => class PHPUnit\Framework\TestStatus\Error { ... }, 'Tests\Feature\Crud\ProviderCrudTest::test_provider_can_be_stored' => class PHPUnit\Framework\TestStatus\Error { ... }, 'Tests\Feature\Crud\ProviderCrudTest::test_provider_can_be_deleted' => class PHPUnit\Framework\TestStatus\Error { ... }, 'Tests\Feature\EquipmentTypeCrudTest::test_equipment_type_can_be_stored' => class PHPUnit\Framework\TestStatus\Error { ... }, 'Tests\Feature\Crud\DeadlineCrudTest::test_deadline_can_be_stored' => class PHPUnit\Framework\TestStatus\Failure { ... }, 'Tests\Feature\Crud\DeadlineCrudTest::test_deadline_can_be_updated' => class PHPUnit\Framework\TestStatus\Failure { ... }, 'Tests\Feature\Crud\DeadlineCrudTest::test_deadline_show_page_is_reachable' => class PHPUnit\Framework\TestStatus\Error { ... }, 'Tests\Feature\Crud\DeadlineCrudTest::test_deadline_edit_page_is_reachable' => class PHPUnit\Framework\TestStatus\Error { ... }, 'Tests\Feature\Crud\DeadlineCrudTest::test_deadline_can_be_deleted' => class PHPUnit\Framework\TestStatus\Failure { ... }, 'Tests\Feature\Crud\MaintenanceRecordCrudTest::test_maintenance_show_page_is_reachable' => class PHPUnit\Framework\TestStatus\Error { ... }, 'Tests\Feature\Crud\MaintenanceRecordCrudTest::test_maintenance_edit_page_is_reachable' => class PHPUnit\Framework\TestStatus\Error { ... }, 'Tests\Feature\Crud\MaintenanceRecordCrudTest::test_maintenance_can_be_stored' => class PHPUnit\Framework\TestStatus\Error { ... }, 'Tests\Feature\Crud\MaintenanceRecordCrudTest::test_maintenance_can_be_updated' => class PHPUnit\Framework\TestStatus\Failure { ... }, 'Tests\Feature\Crud\MaintenanceRecordCrudTest::test_maintenance_can_be_deleted' => class PHPUnit\Framework\TestStatus\Failure { ... }, 'Tests\Feature\Crud\IssueCrudTest::test_issue_can_be_stored' => class PHPUnit\Framework\TestStatus\Error { ... }, 'Tests\Feature\Crud\IssueCrudTest::test_issue_can_be_updated' => class PHPUnit\Framework\TestStatus\Failure { ... }, 'Tests\Feature\Crud\MileageLogCrudTest::test_mileage_log_can_be_stored' => class PHPUnit\Framework\TestStatus\Failure { ... }, 'Tests\Feature\Crud\MileageLogCrudTest::test_mileage_log_can_be_updated' => class PHPUnit\Framework\TestStatus\Failure { ... }, 'Tests\Feature\Crud\VehicleCrudTest::test_vehicle_cannot_be_updated_with_duplicate_license_plate' => class PHPUnit\Framework\TestStatus\Error { ... }, 'Tests\Feature\Crud\VehicleTypeCrudTest::test_vehicle_type_cannot_be_updated_with_duplicate_name' => class PHPUnit\Framework\TestStatus\Failure { ... }, 'Tests\Feature\Crud\EquipmentTypeCrudTest::test_equipment_type_cannot_be_stored_with_duplicate_name' => class PHPUnit\Framework\TestStatus\Failure { ... }, 'Tests\Feature\Crud\EquipmentTypeCrudTest::test_equipment_type_cannot_be_updated_with_duplicate_name' => class PHPUnit\Framework\TestStatus\Failure { ... }, 'Tests\Feature\Crud\MaintenanceRecordCrudTest::test_maintenance_required_fields' => class PHPUnit\Framework\TestStatus\Error { ... }, 'Tests\Feature\Crud\DeadlineCrudTest::test_deadline_required_fields' => class PHPUnit\Framework\TestStatus\Failure { ... }, 'Tests\Feature\tests\Unit\VehicleBusinessLogicTest::test_vehicle_missing_required_equipment_returns_missing_items' => class PHPUnit\Framework\TestStatus\Error { ... }, 'Tests\Unit\DeadlineBusinessLogicTest::test_calculate_ministerial_due_date_for_regular_inspection' => class PHPUnit\Framework\TestStatus\Failure { ... }, 'Tests\Unit\DeadlineBusinessLogicTest::test_calculate_oxygen_due_date_returns_null_when_vehicle_type_does_not_require_it' => class PHPUnit\Framework\TestStatus\Failure { ... }, 'Tests\Unit\DeadlineBusinessLogicTest::test_deadline_is_valid_when_due_date_is_in_the_future' => class PHPUnit\Framework\TestStatus\Failure { ... }, 'Tests\Feature\VehicleObserverTest::test_vehicle_creation_generates_oxygen_deadline_when_required' => class PHPUnit\Framework\TestStatus\Error { ... }, 'Tests\Feature\VehicleObserverTest::test_vehicle_observer_does_not_create_duplicate_deadlines' => class PHPUnit\Framework\TestStatus\Failure { ... }, 'Tests\Feature\Crud\MaintenanceRecordCrudTest::test_maintenance_provider_id_is_required' => class PHPUnit\Framework\TestStatus\Failure { ... }, 'Tests\Feature\MaintenanceRecordBusinessLogicTest::test_store_sets_issue_to_in_progress' => class PHPUnit\Framework\TestStatus\Failure { ... }, 'Tests\Feature\MaintenanceRecordBusinessLogicTest::test_update_removed_issue_returns_to_open' => class PHPUnit\Framework\TestStatus\Failure { ... }, 'Tests\Feature\Crud\IssueCrudTest::test_issue_can_be_deleted' => class PHPUnit\Framework\TestStatus\Failure { ... }, 'Tests\Feature\Crud\IssueCrudTest::test_issue_description_is_required' => class PHPUnit\Framework\TestStatus\Failure { ... }, 'Tests\Feature\Crud\EquipmentCrudTest::test_equipment_can_be_stored' => class PHPUnit\Framework\TestStatus\Error { ... }, 'Tests\Feature\Crud\EquipmentCrudTest::test_equipment_can_be_updated' => class PHPUnit\Framework\TestStatus\Failure { ... }, 'Tests\Feature\Crud\EquipmentCrudTest::test_equipment_name_is_required' => class PHPUnit\Framework\TestStatus\Failure { ... }, 'Tests\Feature\Crud\ProviderCrudTest::test_provider_can_be_updated' => class PHPUnit\Framework\TestStatus\Failure { ... }]; private array $times = ['Tests\Unit\ExampleTest::test_that_true_is_true' => 0, 'Tests\Feature\Auth\AuthenticationTest::test_login_screen_can_be_rendered' => 0.024, 'Tests\Feature\Auth\AuthenticationTest::test_users_can_authenticate_using_the_login_screen' => 0.027, 'Tests\Feature\Auth\AuthenticationTest::test_users_can_not_authenticate_with_invalid_password' => 0.222, 'Tests\Feature\Auth\AuthenticationTest::test_users_can_logout' => 0.009, 'Tests\Feature\Auth\EmailVerificationTest::test_email_verification_screen_can_be_rendered' => 0.011, 'Tests\Feature\Auth\EmailVerificationTest::test_email_can_be_verified' => 0.011, 'Tests\Feature\Auth\EmailVerificationTest::test_email_is_not_verified_with_invalid_hash' => 0.013, 'Tests\Feature\Auth\PasswordConfirmationTest::test_confirm_password_screen_can_be_rendered' => 0.011, 'Tests\Feature\Auth\PasswordConfirmationTest::test_password_can_be_confirmed' => 0.007, 'Tests\Feature\Auth\PasswordConfirmationTest::test_password_is_not_confirmed_with_invalid_password' => 0.204, 'Tests\Feature\Auth\PasswordResetTest::test_reset_password_link_screen_can_be_rendered' => 0.009, 'Tests\Feature\Auth\PasswordResetTest::test_reset_password_link_can_be_requested' => 0.217, 'Tests\Feature\Auth\PasswordResetTest::test_reset_password_screen_can_be_rendered' => 0.223, 'Tests\Feature\Auth\PasswordResetTest::test_password_can_be_reset_with_valid_token' => 0.219, 'Tests\Feature\Auth\PasswordUpdateTest::test_password_can_be_updated' => 0.01, 'Tests\Feature\Auth\PasswordUpdateTest::test_correct_password_must_be_provided_to_update_password' => 0.009, 'Tests\Feature\Auth\RegistrationTest::test_registration_screen_can_be_rendered' => 0.009, 'Tests\Feature\Auth\RegistrationTest::test_new_users_can_register' => 0.008, 'Tests\Feature\ExampleTest::test_the_application_returns_a_successful_response' => 0.007, 'Tests\Feature\ProfileTest::test_profile_page_is_displayed' => 0.01, 'Tests\Feature\ProfileTest::test_profile_information_can_be_updated' => 0.007, 'Tests\Feature\ProfileTest::test_email_verification_status_is_unchanged_when_the_email_address_is_unchanged' => 0.007, 'Tests\Feature\ProfileTest::test_user_can_delete_their_account' => 0.006, 'Tests\Feature\ProfileTest::test_correct_password_must_be_provided_to_delete_account' => 0.008, 'Tests\Feature\VehiclePageTest::test_vehicle_index_page_is_reachable' => 0.046, 'Tests\Feature\VehiclePageTest::test_vehicle_create_page_is_reachable' => 0.019, 'Tests\Feature\VehiclePageTest::test_vehicle_show_page_is_reachable' => 0.023, 'Tests\Feature\VehiclePageTest::test_vehicle_edit_page_is_reachable' => 0.022, 'Tests\Feature\VehiclePageTest::test_vehicle_store_page_is_reachable' => 0.022, 'Tests\Feature\VehiclePageTest::test_vehicle_update_page_is_reachable' => 0.019, 'Tests\Feature\VehiclePageTest::test_vehicle_destroy_page_is_reachable' => 0.015, 'Tests\Feature\VehiclePageTest::test_vehicle_can_be_stored' => 0.021, 'Tests\Feature\VehiclePageTest::test_vehicle_can_be_updated' => 0.022, 'Tests\Feature\VehiclePageTest::test_vehicle_can_be_deleted' => 0.015, 'Tests\Feature\VehicleCrudTest::test_vehicle_index_page_is_reachable' => 0.01, 'Tests\Feature\VehicleCrudTest::test_vehicle_create_page_is_reachable' => 0.018, 'Tests\Feature\VehicleCrudTest::test_vehicle_show_page_is_reachable' => 0.021, 'Tests\Feature\VehicleCrudTest::test_vehicle_edit_page_is_reachable' => 0.023, 'Tests\Feature\VehicleCrudTest::test_vehicle_can_be_stored' => 0.018, 'Tests\Feature\VehicleCrudTest::test_vehicle_can_be_updated' => 0.019, 'Tests\Feature\VehicleCrudTest::test_vehicle_can_be_deleted' => 0.014, 'Tests\Feature\VehicleTypeCrudTest::test_vehicle_type_index_page_is_reachable' => 0.01, 'Tests\Feature\VehicleTypeCrudTest::test_vehicle_type_create_page_is_reachable' => 0.01, 'Tests\Feature\VehicleTypeCrudTest::test_vehicle_type_show_page_is_reachable' => 0.012, 'Tests\Feature\VehicleTypeCrudTest::test_vehicle_type_edit_page_is_reachable' => 0.01, 'Tests\Feature\VehicleTypeCrudTest::test_vehicle_type_can_be_stored' => 0.008, 'Tests\Feature\VehicleTypeCrudTest::test_vehicle_type_can_be_updated' => 0.009, 'Tests\Feature\VehicleTypeCrudTest::test_vehicle_type_can_be_deleted' => 0.006, 'Tests\Feature\EquipmentTypeCrudTest::test_equipment_type_index_page_is_reachable' => 0.01, 'Tests\Feature\EquipmentTypeCrudTest::test_equipment_type_create_page_is_reachable' => 0.01, 'Tests\Feature\EquipmentTypeCrudTest::test_equipment_type_show_page_is_reachable' => 0.01, 'Tests\Feature\EquipmentTypeCrudTest::test_equipment_type_edit_page_is_reachable' => 0.01, 'Tests\Feature\EquipmentTypeCrudTest::test_equipment_type_can_be_stored' => 0.007, 'Tests\Feature\EquipmentTypeCrudTest::test_equipment_type_can_be_updated' => 0.008, 'Tests\Feature\EquipmentTypeCrudTest::test_equipment_type_can_be_deleted' => 0.006, 'Tests\Feature\EquipmentCrudTest::test_equipment_index_page_is_reachable' => 0.009, 'Tests\Feature\EquipmentCrudTest::test_equipment_create_page_is_reachable' => 0.01, 'Tests\Feature\EquipmentCrudTest::test_equipment_show_page_is_reachable' => 0.012, 'Tests\Feature\EquipmentCrudTest::test_equipment_edit_page_is_reachable' => 0.012, 'Tests\Feature\EquipmentCrudTest::test_equipment_can_be_stored' => 0.014, 'Tests\Feature\EquipmentCrudTest::test_equipment_can_be_updated' => 0.013, 'Tests\Feature\EquipmentCrudTest::test_equipment_can_be_deleted' => 0.007, 'Tests\Feature\Crud\ProviderCrudTest::test_provider_index_page_is_reachable' => 0.012, 'Tests\Feature\Crud\ProviderCrudTest::test_provider_create_page_is_reachable' => 0.01, 'Tests\Feature\Crud\ProviderCrudTest::test_provider_show_page_is_reachable' => 0.012, 'Tests\Feature\Crud\ProviderCrudTest::test_provider_edit_page_is_reachable' => 0.011, 'Tests\Feature\Crud\ProviderCrudTest::test_provider_can_be_stored' => 0.009, 'Tests\Feature\Crud\ProviderCrudTest::test_provider_can_be_updated' => 0.009, 'Tests\Feature\Crud\ProviderCrudTest::test_provider_can_be_deleted' => 0.007, 'Tests\Feature\Crud\IssueCrudTest::test_issue_index_page_is_reachable' => 0.012, 'Tests\Feature\Crud\IssueCrudTest::test_issue_create_page_is_reachable' => 0.014, 'Tests\Feature\Crud\IssueCrudTest::test_issue_show_page_is_reachable' => 0.043, 'Tests\Feature\Crud\IssueCrudTest::test_issue_edit_page_is_reachable' => 0.041, 'Tests\Feature\Crud\IssueCrudTest::test_issue_can_be_stored' => 0.035, 'Tests\Feature\Crud\IssueCrudTest::test_issue_can_be_updated' => 0.039, 'Tests\Feature\Crud\IssueCrudTest::test_issue_can_be_deleted' => 0.035, 'Tests\Feature\Crud\DeadlineCrudTest::test_deadline_index_page_is_reachable' => 0.014, 'Tests\Feature\Crud\DeadlineCrudTest::test_deadline_create_page_is_reachable' => 0.011, 'Tests\Feature\Crud\DeadlineCrudTest::test_deadline_show_page_is_reachable' => 0.043, 'Tests\Feature\Crud\DeadlineCrudTest::test_deadline_edit_page_is_reachable' => 0.039, 'Tests\Feature\Crud\DeadlineCrudTest::test_deadline_can_be_stored' => 0.038, 'Tests\Feature\Crud\DeadlineCrudTest::test_deadline_can_be_updated' => 0.042, 'Tests\Feature\Crud\DeadlineCrudTest::test_deadline_can_be_deleted' => 0.035, 'Tests\Feature\Crud\MaintenanceRecordCrudTest::test_maintenance_index_page_is_reachable' => 0.014, 'Tests\Feature\Crud\MaintenanceRecordCrudTest::test_maintenance_create_page_is_reachable' => 0.014, 'Tests\Feature\Crud\MaintenanceRecordCrudTest::test_maintenance_show_page_is_reachable' => 0.046, 'Tests\Feature\Crud\MaintenanceRecordCrudTest::test_maintenance_edit_page_is_reachable' => 0.049, 'Tests\Feature\Crud\MaintenanceRecordCrudTest::test_maintenance_can_be_stored' => 0.042, 'Tests\Feature\Crud\MaintenanceRecordCrudTest::test_maintenance_can_be_updated' => 0.046, 'Tests\Feature\Crud\MaintenanceRecordCrudTest::test_maintenance_can_be_deleted' => 0.042, 'Tests\Feature\Crud\MileageLogCrudTest::test_mileage_log_index_page_is_reachable' => 0.013, 'Tests\Feature\Crud\MileageLogCrudTest::test_mileage_log_create_page_is_reachable' => 0.011, 'Tests\Feature\Crud\MileageLogCrudTest::test_mileage_log_show_page_is_reachable' => 0.062, 'Tests\Feature\Crud\MileageLogCrudTest::test_mileage_log_edit_page_is_reachable' => 0.039, 'Tests\Feature\Crud\MileageLogCrudTest::test_mileage_log_can_be_stored' => 0.033, 'Tests\Feature\Crud\MileageLogCrudTest::test_mileage_log_can_be_updated' => 0.036, 'Tests\Feature\Crud\MileageLogCrudTest::test_mileage_log_can_be_deleted' => 0.033, 'Tests\Feature\Crud\EquipmentCrudTest::test_equipment_index_page_is_reachable' => 0.012, 'Tests\Feature\Crud\EquipmentCrudTest::test_equipment_create_page_is_reachable' => 0.011, 'Tests\Feature\Crud\EquipmentCrudTest::test_equipment_show_page_is_reachable' => 0.015, 'Tests\Feature\Crud\EquipmentCrudTest::test_equipment_edit_page_is_reachable' => 0.016, 'Tests\Feature\Crud\EquipmentCrudTest::test_equipment_can_be_stored' => 0.016, 'Tests\Feature\Crud\EquipmentCrudTest::test_equipment_can_be_updated' => 0.02, 'Tests\Feature\Crud\EquipmentCrudTest::test_equipment_can_be_deleted' => 0.012, 'Tests\Feature\Crud\EquipmentTypeCrudTest::test_equipment_type_index_page_is_reachable' => 0.012, 'Tests\Feature\Crud\EquipmentTypeCrudTest::test_equipment_type_create_page_is_reachable' => 0.01, 'Tests\Feature\Crud\EquipmentTypeCrudTest::test_equipment_type_show_page_is_reachable' => 0.012, 'Tests\Feature\Crud\EquipmentTypeCrudTest::test_equipment_type_edit_page_is_reachable' => 0.011, 'Tests\Feature\Crud\EquipmentTypeCrudTest::test_equipment_type_can_be_stored' => 0.008, 'Tests\Feature\Crud\EquipmentTypeCrudTest::test_equipment_type_can_be_updated' => 0.01, 'Tests\Feature\Crud\EquipmentTypeCrudTest::test_equipment_type_can_be_deleted' => 0.007, 'Tests\Feature\Crud\VehicleCrudTest::test_vehicle_index_page_is_reachable' => 0.013, 'Tests\Feature\Crud\VehicleCrudTest::test_vehicle_create_page_is_reachable' => 0.023, 'Tests\Feature\Crud\VehicleCrudTest::test_vehicle_show_page_is_reachable' => 0.041, 'Tests\Feature\Crud\VehicleCrudTest::test_vehicle_edit_page_is_reachable' => 0.04, 'Tests\Feature\Crud\VehicleCrudTest::test_vehicle_can_be_stored' => 0.018, 'Tests\Feature\Crud\VehicleCrudTest::test_vehicle_can_be_updated' => 0.018, 'Tests\Feature\Crud\VehicleCrudTest::test_vehicle_can_be_deleted' => 0.014, 'Tests\Feature\Crud\VehicleTypeCrudTest::test_vehicle_type_index_page_is_reachable' => 0.009, 'Tests\Feature\Crud\VehicleTypeCrudTest::test_vehicle_type_create_page_is_reachable' => 0.009, 'Tests\Feature\Crud\VehicleTypeCrudTest::test_vehicle_type_show_page_is_reachable' => 0.011, 'Tests\Feature\Crud\VehicleTypeCrudTest::test_vehicle_type_edit_page_is_reachable' => 0.013, 'Tests\Feature\Crud\VehicleTypeCrudTest::test_vehicle_type_can_be_stored' => 0.008, 'Tests\Feature\Crud\VehicleTypeCrudTest::test_vehicle_type_can_be_updated' => 0.009, 'Tests\Feature\Crud\VehicleTypeCrudTest::test_vehicle_type_can_be_deleted' => 0.006, 'Tests\Feature\Crud\VehicleCrudTest::test_vehicle_cannot_be_stored_with_duplicate_license_plate' => 0.018, 'Tests\Feature\Crud\VehicleCrudTest::test_vehicle_cannot_be_updated_with_duplicate_license_plate' => 0.026, ...] }, $suite = class PHPUnit\Framework\TestSuite { private string $name = 'D:\\Mirko\\Desktop\\Prove webapp\\CV_Backoffice\\phpunit.xml'; private array $groups = []; private ?array $requiredTests = NULL; private array $tests = []; private ?array $providedTests = NULL; private ?PHPUnit\Runner\Filter\Factory $iteratorFilter = NULL; private bool $wasRun = TRUE }) D:\Mirko\Desktop\Prove webapp\CV_Backoffice\vendor\phpunit\phpunit\src\TextUI\Application.php:211
PHP   4. PHPUnit\Framework\TestSuite->run() D:\Mirko\Desktop\Prove webapp\CV_Backoffice\vendor\phpunit\phpunit\src\TextUI\TestRunner.php:64
PHP   5. PHPUnit\Framework\TestSuite->run() D:\Mirko\Desktop\Prove webapp\CV_Backoffice\vendor\phpunit\phpunit\src\Framework\TestSuite.php:369
PHP   6. PHPUnit\Framework\TestSuite->run() D:\Mirko\Desktop\Prove webapp\CV_Backoffice\vendor\phpunit\phpunit\src\Framework\TestSuite.php:369
PHP   7. PHPUnit\Framework\TestCase->run() D:\Mirko\Desktop\Prove webapp\CV_Backoffice\vendor\phpunit\phpunit\src\Framework\TestSuite.php:369
PHP   8. PHPUnit\Framework\TestRunner->run($test = class Tests\Feature\Crud\VehicleCrudTest { private ?bool ${PHPUnit\Framework\TestCase}backupGlobals = FALSE; private array ${PHPUnit\Framework\TestCase}backupGlobalsExcludeList = []; private ?bool ${PHPUnit\Framework\TestCase}backupStaticProperties = FALSE; private array ${PHPUnit\Framework\TestCase}backupStaticPropertiesExcludeList = []; private ?SebastianBergmann\GlobalState\Snapshot ${PHPUnit\Framework\TestCase}snapshot = NULL; private ?array ${PHPUnit\Framework\TestCase}backupGlobalErrorHandlers = [0 => class PHPUnit\Runner\ErrorHandler { ... }]; private ?array ${PHPUnit\Framework\TestCase}backupGlobalExceptionHandlers = []; private ?bool ${PHPUnit\Framework\TestCase}runClassInSeparateProcess = NULL; private ?bool ${PHPUnit\Framework\TestCase}runTestInSeparateProcess = NULL; private bool ${PHPUnit\Framework\TestCase}preserveGlobalState = FALSE; private bool ${PHPUnit\Framework\TestCase}inIsolation = FALSE; private ?string ${PHPUnit\Framework\TestCase}expectedException = NULL; private ?string ${PHPUnit\Framework\TestCase}expectedExceptionMessage = NULL; private ?string ${PHPUnit\Framework\TestCase}expectedExceptionMessageRegExp = NULL; private string|int|null ${PHPUnit\Framework\TestCase}expectedExceptionCode = NULL; private array ${PHPUnit\Framework\TestCase}providedTests = [0 => class PHPUnit\Framework\ExecutionOrderDependency { ... }]; private array ${PHPUnit\Framework\TestCase}data = []; private string|int ${PHPUnit\Framework\TestCase}dataName = ''; private string ${PHPUnit\Framework\TestCase}methodName = 'test_vehicle_can_be_stored'; private array ${PHPUnit\Framework\TestCase}groups = [0 => 'default']; private array ${PHPUnit\Framework\TestCase}dependencies = []; private array ${PHPUnit\Framework\TestCase}dependencyInput = []; private array ${PHPUnit\Framework\TestCase}iniSettings = []; private array ${PHPUnit\Framework\TestCase}locale = []; private array ${PHPUnit\Framework\TestCase}mockObjects = []; private PHPUnit\Framework\TestStatus\TestStatus ${PHPUnit\Framework\TestCase}status = class PHPUnit\Framework\TestStatus\Unknown { private readonly string ${PHPUnit\Framework\TestStatus\TestStatus}message = '' }; private int ${PHPUnit\Framework\TestCase}numberOfAssertionsPerformed = 0; private mixed ${PHPUnit\Framework\TestCase}testResult = NULL; private string ${PHPUnit\Framework\TestCase}output = ''; private ?string ${PHPUnit\Framework\TestCase}outputExpectedRegex = NULL; private ?string ${PHPUnit\Framework\TestCase}outputExpectedString = NULL; private bool ${PHPUnit\Framework\TestCase}outputBufferingActive = TRUE; private int ${PHPUnit\Framework\TestCase}outputBufferingLevel = 1; private bool ${PHPUnit\Framework\TestCase}outputRetrievedForAssertion = FALSE; private bool ${PHPUnit\Framework\TestCase}doesNotPerformAssertions = FALSE; private array ${PHPUnit\Framework\TestCase}customComparators = []; private ?PHPUnit\Event\Code\TestMethod ${PHPUnit\Framework\TestCase}testValueObjectForEvents = class PHPUnit\Event\Code\TestMethod { private readonly string ${PHPUnit\Event\Code\Test}file = 'D:\\Mirko\\Desktop\\Prove webapp\\CV_Backoffice\\tests\\Feature\\Crud\\VehicleCrudTest.php'; private readonly string $className = 'Tests\\Feature\\Crud\\VehicleCrudTest'; private readonly string $methodName = 'test_vehicle_can_be_stored'; private readonly int $line = 109; private readonly PHPUnit\Event\Code\TestDox $testDox = class PHPUnit\Event\Code\TestDox { ... }; private readonly PHPUnit\Metadata\MetadataCollection $metadata = class PHPUnit\Metadata\MetadataCollection { ... }; private readonly PHPUnit\Event\TestData\TestDataCollection $testData = class PHPUnit\Event\TestData\TestDataCollection { ... } }; private bool ${PHPUnit\Framework\TestCase}wasPrepared = TRUE; private array ${PHPUnit\Framework\TestCase}failureTypes = []; private array ${PHPUnit\Framework\TestCase}expectedUserDeprecationMessage = []; private array ${PHPUnit\Framework\TestCase}expectedUserDeprecationMessageRegularExpression = []; protected $originalVite = NULL; protected $originalMix = NULL; protected $originalDeferredCallbacksCollection = NULL; protected $defaultHeaders = []; protected $defaultCookies = []; protected $unencryptedCookies = []; protected $serverVariables = []; protected $followRedirects = FALSE; protected $encryptCookies = TRUE; protected $withCredentials = FALSE; public $mockConsoleOutput = TRUE; public $expectsOutput = NULL; public $expectedOutput = []; public $expectedOutputSubstrings = []; public $unexpectedOutput = []; public $unexpectedOutputSubstrings = []; public $expectedTables = []; public $expectedQuestions = []; public $expectedChoices = []; protected $originalDeprecationHandler = NULL; protected $originalExceptionHandler = NULL; protected $app = class Illuminate\Foundation\Application { protected $resolved = [...]; protected $bindings = [...]; protected $methodBindings = [...]; protected $instances = [...]; protected $scopedInstances = [...]; protected $aliases = [...]; protected $abstractAliases = [...]; protected $extenders = [...]; protected $tags = [...]; protected $buildStack = [...]; protected $with = [...]; public $contextual = [...]; public $contextualAttributes = [...]; protected $reboundCallbacks = [...]; protected $globalBeforeResolvingCallbacks = [...]; protected $globalResolvingCallbacks = [...]; protected $globalAfterResolvingCallbacks = [...]; protected $beforeResolvingCallbacks = [...]; protected $resolvingCallbacks = [...]; protected $afterResolvingCallbacks = [...]; protected $afterResolvingAttributeCallbacks = [...]; protected $basePath = 'D:\\Mirko\\Desktop\\Prove webapp\\CV_Backoffice'; protected $registeredCallbacks = [...]; protected $hasBeenBootstrapped = TRUE; protected $booted = TRUE; protected $bootingCallbacks = [...]; protected $bootedCallbacks = [...]; protected $terminatingCallbacks = [...]; protected $serviceProviders = [...]; protected $loadedProviders = [...]; protected $deferredServices = [...]; protected $bootstrapPath = 'D:\\Mirko\\Desktop\\Prove webapp\\CV_Backoffice\\bootstrap'; protected $appPath = NULL; protected $configPath = NULL; protected $databasePath = NULL; protected $langPath = 'D:\\Mirko\\Desktop\\Prove webapp\\CV_Backoffice\\lang'; protected $publicPath = NULL; protected $storagePath = NULL; protected $environmentPath = NULL; protected $environmentFile = '.env'; protected $isRunningInConsole = TRUE; protected $namespace = 'App\\'; protected $mergeFrameworkConfiguration = TRUE; protected $absoluteCachePathPrefixes = [...] }; protected $afterApplicationCreatedCallbacks = []; protected $beforeApplicationDestroyedCallbacks = [0 => class Closure { ... }]; protected $callbackException = NULL; protected $setUpHasRun = TRUE }) D:\Mirko\Desktop\Prove webapp\CV_Backoffice\vendor\phpunit\phpunit\src\Framework\TestCase.php:365
PHP   9. PHPUnit\Framework\TestCase->runBare() D:\Mirko\Desktop\Prove webapp\CV_Backoffice\vendor\phpunit\phpunit\src\Framework\TestRunner\TestRunner.php:87
PHP  10. PHPUnit\Framework\TestCase->runTest() D:\Mirko\Desktop\Prove webapp\CV_Backoffice\vendor\phpunit\phpunit\src\Framework\TestCase.php:519
PHP  11. Tests\Feature\Crud\VehicleCrudTest->test_vehicle_can_be_stored() D:\Mirko\Desktop\Prove webapp\CV_Backoffice\vendor\phpunit\phpunit\src\Framework\TestCase.php:1667
PHP  12. Illuminate\Foundation\Testing\TestCase->post($uri = 'http://localhost/admin/vehicles', $data = ['license_plate' => 'AB123CD', 'vehicle_type_id' => 1, 'internal_code' => '1234', 'brand_id' => 1, 'car_model_id' => 1, 'fuel_type' => 'diesel', 'immatricolation_date' => '2024-01-01', 'has_warranty_extension' => 0], $headers = *uninitialized*) D:\Mirko\Desktop\Prove webapp\CV_Backoffice\tests\Feature\Crud\VehicleCrudTest.php:117
PHP  13. Illuminate\Foundation\Testing\TestCase->call($method = 'POST', $uri = 'http://localhost/admin/vehicles', $parameters = ['license_plate' => 'AB123CD', 'vehicle_type_id' => 1, 'internal_code' => '1234', 'brand_id' => 1, 'car_model_id' => 1, 'fuel_type' => 'diesel', 'immatricolation_date' => '2024-01-01', 'has_warranty_extension' => 0], $cookies = [], $files = [], $server = [], $content = *uninitialized*) D:\Mirko\Desktop\Prove webapp\CV_Backoffice\vendor\laravel\framework\src\Illuminate\Foundation\Testing\Concerns\MakesHttpRequests.php:397
PHP  14. Illuminate\Foundation\Http\Kernel->handle($request = class Illuminate\Http\Request { public Symfony\Component\HttpFoundation\ParameterBag $attributes = class Symfony\Component\HttpFoundation\ParameterBag { protected array $parameters = [...] }; public Symfony\Component\HttpFoundation\InputBag $request = class Symfony\Component\HttpFoundation\InputBag { protected array $parameters = [...] }; public Symfony\Component\HttpFoundation\InputBag $query = class Symfony\Component\HttpFoundation\InputBag { protected array $parameters = [...] }; public Symfony\Component\HttpFoundation\ServerBag $server = class Symfony\Component\HttpFoundation\ServerBag { protected array $parameters = [...] }; public Symfony\Component\HttpFoundation\FileBag $files = class Symfony\Component\HttpFoundation\FileBag { protected array $parameters = [...] }; public Symfony\Component\HttpFoundation\InputBag $cookies = class Symfony\Component\HttpFoundation\InputBag { protected array $parameters = [...] }; public Symfony\Component\HttpFoundation\HeaderBag $headers = class Symfony\Component\HttpFoundation\HeaderBag { protected array $headers = [...]; protected array $cacheControl = [...] }; protected $content = NULL; protected ?array $languages = NULL; protected ?array $charsets = NULL; protected ?array $encodings = NULL; protected ?array $acceptableContentTypes = NULL; protected ?string $pathInfo = '/admin/vehicles'; protected ?string $requestUri = '/admin/vehicles'; protected ?string $baseUrl = ''; protected ?string $basePath = NULL; protected ?string $method = 'POST'; protected ?string $format = NULL; protected Symfony\Component\HttpFoundation\Session\SessionInterface|Closure|null $session = class Illuminate\Session\SymfonySessionDecorator { public readonly Illuminate\Contracts\Session\Session $store = class Illuminate\Session\Store { ... } }; protected ?string $locale = NULL; protected string $defaultLocale = 'en'; private ?string ${Symfony\Component\HttpFoundation\Request}preferredFormat = NULL; private bool ${Symfony\Component\HttpFoundation\Request}isHostValid = TRUE; private bool ${Symfony\Component\HttpFoundation\Request}isForwardedValid = TRUE; private bool ${Symfony\Component\HttpFoundation\Request}isSafeContentPreferred = *uninitialized*; private array ${Symfony\Component\HttpFoundation\Request}trustedValuesCache = []; private bool ${Symfony\Component\HttpFoundation\Request}isIisRewrite = FALSE; protected $json = NULL; protected $convertedFiles = NULL; protected $userResolver = class Closure { public $static = [...]; public $this = class Illuminate\Auth\AuthServiceProvider { ... }; public $parameter = [...] }; protected $routeResolver = class Closure { public $static = [...]; public $this = class Illuminate\Routing\Router { ... } } }) D:\Mirko\Desktop\Prove webapp\CV_Backoffice\vendor\laravel\framework\src\Illuminate\Foundation\Testing\Concerns\MakesHttpRequests.php:607
PHP  15. Illuminate\Foundation\Http\Kernel->sendRequestThroughRouter($request = class Illuminate\Http\Request { public Symfony\Component\HttpFoundation\ParameterBag $attributes = class Symfony\Component\HttpFoundation\ParameterBag { protected array $parameters = [...] }; public Symfony\Component\HttpFoundation\InputBag $request = class Symfony\Component\HttpFoundation\InputBag { protected array $parameters = [...] }; public Symfony\Component\HttpFoundation\InputBag $query = class Symfony\Component\HttpFoundation\InputBag { protected array $parameters = [...] }; public Symfony\Component\HttpFoundation\ServerBag $server = class Symfony\Component\HttpFoundation\ServerBag { protected array $parameters = [...] }; public Symfony\Component\HttpFoundation\FileBag $files = class Symfony\Component\HttpFoundation\FileBag { protected array $parameters = [...] }; public Symfony\Component\HttpFoundation\InputBag $cookies = class Symfony\Component\HttpFoundation\InputBag { protected array $parameters = [...] }; public Symfony\Component\HttpFoundation\HeaderBag $headers = class Symfony\Component\HttpFoundation\HeaderBag { protected array $headers = [...]; protected array $cacheControl = [...] }; protected $content = NULL; protected ?array $languages = NULL; protected ?array $charsets = NULL; protected ?array $encodings = NULL; protected ?array $acceptableContentTypes = NULL; protected ?string $pathInfo = '/admin/vehicles'; protected ?string $requestUri = '/admin/vehicles'; protected ?string $baseUrl = ''; protected ?string $basePath = NULL; protected ?string $method = 'POST'; protected ?string $format = NULL; protected Symfony\Component\HttpFoundation\Session\SessionInterface|Closure|null $session = class Illuminate\Session\SymfonySessionDecorator { public readonly Illuminate\Contracts\Session\Session $store = class Illuminate\Session\Store { ... } }; protected ?string $locale = NULL; protected string $defaultLocale = 'en'; private ?string ${Symfony\Component\HttpFoundation\Request}preferredFormat = NULL; private bool ${Symfony\Component\HttpFoundation\Request}isHostValid = TRUE; private bool ${Symfony\Component\HttpFoundation\Request}isForwardedValid = TRUE; private bool ${Symfony\Component\HttpFoundation\Request}isSafeContentPreferred = *uninitialized*; private array ${Symfony\Component\HttpFoundation\Request}trustedValuesCache = []; private bool ${Symfony\Component\HttpFoundation\Request}isIisRewrite = FALSE; protected $json = NULL; protected $convertedFiles = NULL; protected $userResolver = class Closure { public $static = [...]; public $this = class Illuminate\Auth\AuthServiceProvider { ... }; public $parameter = [...] }; protected $routeResolver = class Closure { public $static = [...]; public $this = class Illuminate\Routing\Router { ... } } }) D:\Mirko\Desktop\Prove webapp\CV_Backoffice\vendor\laravel\framework\src\Illuminate\Foundation\Http\Kernel.php:145
PHP  16. Illuminate\Pipeline\Pipeline->then($destination = class Closure { public $this = class Illuminate\Foundation\Http\Kernel { protected $app = class Illuminate\Foundation\Application { ... }; protected $router = class Illuminate\Routing\Router { ... }; protected $bootstrappers = [...]; protected $middleware = [...]; protected $middlewareGroups = [...]; protected $routeMiddleware = [...]; protected $middlewareAliases = [...]; protected $requestLifecycleDurationHandlers = [...]; protected $requestStartedAt = class Illuminate\Support\Carbon { ... }; protected $middlewarePriority = [...] }; public $parameter = ['$request' => '<required>'] }) D:\Mirko\Desktop\Prove webapp\CV_Backoffice\vendor\laravel\framework\src\Illuminate\Foundation\Http\Kernel.php:176
PHP  17. Illuminate\Pipeline\Pipeline->Illuminate\Pipeline\{closure:D:\Mirko\Desktop\Prove webapp\CV_Backoffice\vendor\laravel\framework\src\Illuminate\Pipeline\Pipeline.php:185-216}($passable = class Illuminate\Http\Request { public Symfony\Component\HttpFoundation\ParameterBag $attributes = class Symfony\Component\HttpFoundation\ParameterBag { protected array $parameters = [...] }; public Symfony\Component\HttpFoundation\InputBag $request = class Symfony\Component\HttpFoundation\InputBag { protected array $parameters = [...] }; public Symfony\Component\HttpFoundation\InputBag $query = class Symfony\Component\HttpFoundation\InputBag { protected array $parameters = [...] }; public Symfony\Component\HttpFoundation\ServerBag $server = class Symfony\Component\HttpFoundation\ServerBag { protected array $parameters = [...] }; public Symfony\Component\HttpFoundation\FileBag $files = class Symfony\Component\HttpFoundation\FileBag { protected array $parameters = [...] }; public Symfony\Component\HttpFoundation\InputBag $cookies = class Symfony\Component\HttpFoundation\InputBag { protected array $parameters = [...] }; public Symfony\Component\HttpFoundation\HeaderBag $headers = class Symfony\Component\HttpFoundation\HeaderBag { protected array $headers = [...]; protected array $cacheControl = [...] }; protected $content = NULL; protected ?array $languages = NULL; protected ?array $charsets = NULL; protected ?array $encodings = NULL; protected ?array $acceptableContentTypes = NULL; protected ?string $pathInfo = '/admin/vehicles'; protected ?string $requestUri = '/admin/vehicles'; protected ?string $baseUrl = ''; protected ?string $basePath = NULL; protected ?string $method = 'POST'; protected ?string $format = NULL; protected Symfony\Component\HttpFoundation\Session\SessionInterface|Closure|null $session = class Illuminate\Session\SymfonySessionDecorator { public readonly Illuminate\Contracts\Session\Session $store = class Illuminate\Session\Store { ... } }; protected ?string $locale = NULL; protected string $defaultLocale = 'en'; private ?string ${Symfony\Component\HttpFoundation\Request}preferredFormat = NULL; private bool ${Symfony\Component\HttpFoundation\Request}isHostValid = TRUE; private bool ${Symfony\Component\HttpFoundation\Request}isForwardedValid = TRUE; private bool ${Symfony\Component\HttpFoundation\Request}isSafeContentPreferred = *uninitialized*; private array ${Symfony\Component\HttpFoundation\Request}trustedValuesCache = []; private bool ${Symfony\Component\HttpFoundation\Request}isIisRewrite = FALSE; protected $json = NULL; protected $convertedFiles = NULL; protected $userResolver = class Closure { public $static = [...]; public $this = class Illuminate\Auth\AuthServiceProvider { ... }; public $parameter = [...] }; protected $routeResolver = class Closure { public $static = [...]; public $this = class Illuminate\Routing\Router { ... } } }) D:\Mirko\Desktop\Prove webapp\CV_Backoffice\vendor\laravel\framework\src\Illuminate\Pipeline\Pipeline.php:127
PHP  18. Illuminate\Foundation\Http\Middleware\InvokeDeferredCallbacks->handle($request = class Illuminate\Http\Request { public Symfony\Component\HttpFoundation\ParameterBag $attributes = class Symfony\Component\HttpFoundation\ParameterBag { protected array $parameters = [...] }; public Symfony\Component\HttpFoundation\InputBag $request = class Symfony\Component\HttpFoundation\InputBag { protected array $parameters = [...] }; public Symfony\Component\HttpFoundation\InputBag $query = class Symfony\Component\HttpFoundation\InputBag { protected array $parameters = [...] }; public Symfony\Component\HttpFoundation\ServerBag $server = class Symfony\Component\HttpFoundation\ServerBag { protected array $parameters = [...] }; public Symfony\Component\HttpFoundation\FileBag $files = class Symfony\Component\HttpFoundation\FileBag { protected array $parameters = [...] }; public Symfony\Component\HttpFoundation\InputBag $cookies = class Symfony\Component\HttpFoundation\InputBag { protected array $parameters = [...] }; public Symfony\Component\HttpFoundation\HeaderBag $headers = class Symfony\Component\HttpFoundation\HeaderBag { protected array $headers = [...]; protected array $cacheControl = [...] }; protected $content = NULL; protected ?array $languages = NULL; protected ?array $charsets = NULL; protected ?array $encodings = NULL; protected ?array $acceptableContentTypes = NULL; protected ?string $pathInfo = '/admin/vehicles'; protected ?string $requestUri = '/admin/vehicles'; protected ?string $baseUrl = ''; protected ?string $basePath = NULL; protected ?string $method = 'POST'; protected ?string $format = NULL; protected Symfony\Component\HttpFoundation\Session\SessionInterface|Closure|null $session = class Illuminate\Session\SymfonySessionDecorator { public readonly Illuminate\Contracts\Session\Session $store = class Illuminate\Session\Store { ... } }; protected ?string $locale = NULL; protected string $defaultLocale = 'en'; private ?string ${Symfony\Component\HttpFoundation\Request}preferredFormat = NULL; private bool ${Symfony\Component\HttpFoundation\Request}isHostValid = TRUE; private bool ${Symfony\Component\HttpFoundation\Request}isForwardedValid = TRUE; private bool ${Symfony\Component\HttpFoundation\Request}isSafeContentPreferred = *uninitialized*; private array ${Symfony\Component\HttpFoundation\Request}trustedValuesCache = []; private bool ${Symfony\Component\HttpFoundation\Request}isIisRewrite = FALSE; protected $json = NULL; protected $convertedFiles = NULL; protected $userResolver = class Closure { public $static = [...]; public $this = class Illuminate\Auth\AuthServiceProvider { ... }; public $parameter = [...] }; protected $routeResolver = class Closure { public $static = [...]; public $this = class Illuminate\Routing\Router { ... } } }, $next = class Closure { public $static = ['stack' => class Closure { ... }, 'pipe' => 'Illuminate\\Http\\Middleware\\TrustProxies']; public $this = class Illuminate\Routing\Pipeline { protected $container = class Illuminate\Foundation\Application { ... }; protected $passable = class Illuminate\Http\Request { ... }; protected $pipes = [...]; protected $method = 'handle'; protected $finally = NULL }; public $parameter = ['$passable' => '<required>'] }) D:\Mirko\Desktop\Prove webapp\CV_Backoffice\vendor\laravel\framework\src\Illuminate\Pipeline\Pipeline.php:209
PHP  19. Illuminate\Pipeline\Pipeline->Illuminate\Pipeline\{closure:D:\Mirko\Desktop\Prove webapp\CV_Backoffice\vendor\laravel\framework\src\Illuminate\Pipeline\Pipeline.php:185-216}($passable = class Illuminate\Http\Request { public Symfony\Component\HttpFoundation\ParameterBag $attributes = class Symfony\Component\HttpFoundation\ParameterBag { protected array $parameters = [...] }; public Symfony\Component\HttpFoundation\InputBag $request = class Symfony\Component\HttpFoundation\InputBag { protected array $parameters = [...] }; public Symfony\Component\HttpFoundation\InputBag $query = class Symfony\Component\HttpFoundation\InputBag { protected array $parameters = [...] }; public Symfony\Component\HttpFoundation\ServerBag $server = class Symfony\Component\HttpFoundation\ServerBag { protected array $parameters = [...] }; public Symfony\Component\HttpFoundation\FileBag $files = class Symfony\Component\HttpFoundation\FileBag { protected array $parameters = [...] }; public Symfony\Component\HttpFoundation\InputBag $cookies = class Symfony\Component\HttpFoundation\InputBag { protected array $parameters = [...] }; public Symfony\Component\HttpFoundation\HeaderBag $headers = class Symfony\Component\HttpFoundation\HeaderBag { protected array $headers = [...]; protected array $cacheControl = [...] }; protected $content = NULL; protected ?array $languages = NULL; protected ?array $charsets = NULL; protected ?array $encodings = NULL; protected ?array $acceptableContentTypes = NULL; protected ?string $pathInfo = '/admin/vehicles'; protected ?string $requestUri = '/admin/vehicles'; protected ?string $baseUrl = ''; protected ?string $basePath = NULL; protected ?string $method = 'POST'; protected ?string $format = NULL; protected Symfony\Component\HttpFoundation\Session\SessionInterface|Closure|null $session = class Illuminate\Session\SymfonySessionDecorator { public readonly Illuminate\Contracts\Session\Session $store = class Illuminate\Session\Store { ... } }; protected ?string $locale = NULL; protected string $defaultLocale = 'en'; private ?string ${Symfony\Component\HttpFoundation\Request}preferredFormat = NULL; private bool ${Symfony\Component\HttpFoundation\Request}isHostValid = TRUE; private bool ${Symfony\Component\HttpFoundation\Request}isForwardedValid = TRUE; private bool ${Symfony\Component\HttpFoundation\Request}isSafeContentPreferred = *uninitialized*; private array ${Symfony\Component\HttpFoundation\Request}trustedValuesCache = []; private bool ${Symfony\Component\HttpFoundation\Request}isIisRewrite = FALSE; protected $json = NULL; protected $convertedFiles = NULL; protected $userResolver = class Closure { public $static = [...]; public $this = class Illuminate\Auth\AuthServiceProvider { ... }; public $parameter = [...] }; protected $routeResolver = class Closure { public $static = [...]; public $this = class Illuminate\Routing\Router { ... } } }) D:\Mirko\Desktop\Prove webapp\CV_Backoffice\vendor\laravel\framework\src\Illuminate\Foundation\Http\Middleware\InvokeDeferredCallbacks.php:22
PHP  20. Illuminate\Http\Middleware\TrustProxies->handle($request = class Illuminate\Http\Request { public Symfony\Component\HttpFoundation\ParameterBag $attributes = class Symfony\Component\HttpFoundation\ParameterBag { protected array $parameters = [...] }; public Symfony\Component\HttpFoundation\InputBag $request = class Symfony\Component\HttpFoundation\InputBag { protected array $parameters = [...] }; public Symfony\Component\HttpFoundation\InputBag $query = class Symfony\Component\HttpFoundation\InputBag { protected array $parameters = [...] }; public Symfony\Component\HttpFoundation\ServerBag $server = class Symfony\Component\HttpFoundation\ServerBag { protected array $parameters = [...] }; public Symfony\Component\HttpFoundation\FileBag $files = class Symfony\Component\HttpFoundation\FileBag { protected array $parameters = [...] }; public Symfony\Component\HttpFoundation\InputBag $cookies = class Symfony\Component\HttpFoundation\InputBag { protected array $parameters = [...] }; public Symfony\Component\HttpFoundation\HeaderBag $headers = class Symfony\Component\HttpFoundation\HeaderBag { protected array $headers = [...]; protected array $cacheControl = [...] }; protected $content = NULL; protected ?array $languages = NULL; protected ?array $charsets = NULL; protected ?array $encodings = NULL; protected ?array $acceptableContentTypes = NULL; protected ?string $pathInfo = '/admin/vehicles'; protected ?string $requestUri = '/admin/vehicles'; protected ?string $baseUrl = ''; protected ?string $basePath = NULL; protected ?string $method = 'POST'; protected ?string $format = NULL; protected Symfony\Component\HttpFoundation\Session\SessionInterface|Closure|null $session = class Illuminate\Session\SymfonySessionDecorator { public readonly Illuminate\Contracts\Session\Session $store = class Illuminate\Session\Store { ... } }; protected ?string $locale = NULL; protected string $defaultLocale = 'en'; private ?string ${Symfony\Component\HttpFoundation\Request}preferredFormat = NULL; private bool ${Symfony\Component\HttpFoundation\Request}isHostValid = TRUE; private bool ${Symfony\Component\HttpFoundation\Request}isForwardedValid = TRUE; private bool ${Symfony\Component\HttpFoundation\Request}isSafeContentPreferred = *uninitialized*; private array ${Symfony\Component\HttpFoundation\Request}trustedValuesCache = []; private bool ${Symfony\Component\HttpFoundation\Request}isIisRewrite = FALSE; protected $json = NULL; protected $convertedFiles = NULL; protected $userResolver = class Closure { public $static = [...]; public $this = class Illuminate\Auth\AuthServiceProvider { ... }; public $parameter = [...] }; protected $routeResolver = class Closure { public $static = [...]; public $this = class Illuminate\Routing\Router { ... } } }, $next = class Closure { public $static = ['stack' => class Closure { ... }, 'pipe' => 'Illuminate\\Http\\Middleware\\HandleCors']; public $this = class Illuminate\Routing\Pipeline { protected $container = class Illuminate\Foundation\Application { ... }; protected $passable = class Illuminate\Http\Request { ... }; protected $pipes = [...]; protected $method = 'handle'; protected $finally = NULL }; public $parameter = ['$passable' => '<required>'] }) D:\Mirko\Desktop\Prove webapp\CV_Backoffice\vendor\laravel\framework\src\Illuminate\Pipeline\Pipeline.php:209
PHP  21. Illuminate\Pipeline\Pipeline->Illuminate\Pipeline\{closure:D:\Mirko\Desktop\Prove webapp\CV_Backoffice\vendor\laravel\framework\src\Illuminate\Pipeline\Pipeline.php:185-216}($passable = class Illuminate\Http\Request { public Symfony\Component\HttpFoundation\ParameterBag $attributes = class Symfony\Component\HttpFoundation\ParameterBag { protected array $parameters = [...] }; public Symfony\Component\HttpFoundation\InputBag $request = class Symfony\Component\HttpFoundation\InputBag { protected array $parameters = [...] }; public Symfony\Component\HttpFoundation\InputBag $query = class Symfony\Component\HttpFoundation\InputBag { protected array $parameters = [...] }; public Symfony\Component\HttpFoundation\ServerBag $server = class Symfony\Component\HttpFoundation\ServerBag { protected array $parameters = [...] }; public Symfony\Component\HttpFoundation\FileBag $files = class Symfony\Component\HttpFoundation\FileBag { protected array $parameters = [...] }; public Symfony\Component\HttpFoundation\InputBag $cookies = class Symfony\Component\HttpFoundation\InputBag { protected array $parameters = [...] }; public Symfony\Component\HttpFoundation\HeaderBag $headers = class Symfony\Component\HttpFoundation\HeaderBag { protected array $headers = [...]; protected array $cacheControl = [...] }; protected $content = NULL; protected ?array $languages = NULL; protected ?array $charsets = NULL; protected ?array $encodings = NULL; protected ?array $acceptableContentTypes = NULL; protected ?string $pathInfo = '/admin/vehicles'; protected ?string $requestUri = '/admin/vehicles'; protected ?string $baseUrl = ''; protected ?string $basePath = NULL; protected ?string $method = 'POST'; protected ?string $format = NULL; protected Symfony\Component\HttpFoundation\Session\SessionInterface|Closure|null $session = class Illuminate\Session\SymfonySessionDecorator { public readonly Illuminate\Contracts\Session\Session $store = class Illuminate\Session\Store { ... } }; protected ?string $locale = NULL; protected string $defaultLocale = 'en'; private ?string ${Symfony\Component\HttpFoundation\Request}preferredFormat = NULL; private bool ${Symfony\Component\HttpFoundation\Request}isHostValid = TRUE; private bool ${Symfony\Component\HttpFoundation\Request}isForwardedValid = TRUE; private bool ${Symfony\Component\HttpFoundation\Request}isSafeContentPreferred = *uninitialized*; private array ${Symfony\Component\HttpFoundation\Request}trustedValuesCache = []; private bool ${Symfony\Component\HttpFoundation\Request}isIisRewrite = FALSE; protected $json = NULL; protected $convertedFiles = NULL; protected $userResolver = class Closure { public $static = [...]; public $this = class Illuminate\Auth\AuthServiceProvider { ... }; public $parameter = [...] }; protected $routeResolver = class Closure { public $static = [...]; public $this = class Illuminate\Routing\Router { ... } } }) D:\Mirko\Desktop\Prove webapp\CV_Backoffice\vendor\laravel\framework\src\Illuminate\Http\Middleware\TrustProxies.php:58
PHP  22. Illuminate\Http\Middleware\HandleCors->handle($request = class Illuminate\Http\Request { public Symfony\Component\HttpFoundation\ParameterBag $attributes = class Symfony\Component\HttpFoundation\ParameterBag { protected array $parameters = [...] }; public Symfony\Component\HttpFoundation\InputBag $request = class Symfony\Component\HttpFoundation\InputBag { protected array $parameters = [...] }; public Symfony\Component\HttpFoundation\InputBag $query = class Symfony\Component\HttpFoundation\InputBag { protected array $parameters = [...] }; public Symfony\Component\HttpFoundation\ServerBag $server = class Symfony\Component\HttpFoundation\ServerBag { protected array $parameters = [...] }; public Symfony\Component\HttpFoundation\FileBag $files = class Symfony\Component\HttpFoundation\FileBag { protected array $parameters = [...] }; public Symfony\Component\HttpFoundation\InputBag $cookies = class Symfony\Component\HttpFoundation\InputBag { protected array $parameters = [...] }; public Symfony\Component\HttpFoundation\HeaderBag $headers = class Symfony\Component\HttpFoundation\HeaderBag { protected array $headers = [...]; protected array $cacheControl = [...] }; protected $content = NULL; protected ?array $languages = NULL; protected ?array $charsets = NULL; protected ?array $encodings = NULL; protected ?array $acceptableContentTypes = NULL; protected ?string $pathInfo = '/admin/vehicles'; protected ?string $requestUri = '/admin/vehicles'; protected ?string $baseUrl = ''; protected ?string $basePath = NULL; protected ?string $method = 'POST'; protected ?string $format = NULL; protected Symfony\Component\HttpFoundation\Session\SessionInterface|Closure|null $session = class Illuminate\Session\SymfonySessionDecorator { public readonly Illuminate\Contracts\Session\Session $store = class Illuminate\Session\Store { ... } }; protected ?string $locale = NULL; protected string $defaultLocale = 'en'; private ?string ${Symfony\Component\HttpFoundation\Request}preferredFormat = NULL; private bool ${Symfony\Component\HttpFoundation\Request}isHostValid = TRUE; private bool ${Symfony\Component\HttpFoundation\Request}isForwardedValid = TRUE; private bool ${Symfony\Component\HttpFoundation\Request}isSafeContentPreferred = *uninitialized*; private array ${Symfony\Component\HttpFoundation\Request}trustedValuesCache = []; private bool ${Symfony\Component\HttpFoundation\Request}isIisRewrite = FALSE; protected $json = NULL; protected $convertedFiles = NULL; protected $userResolver = class Closure { public $static = [...]; public $this = class Illuminate\Auth\AuthServiceProvider { ... }; public $parameter = [...] }; protected $routeResolver = class Closure { public $static = [...]; public $this = class Illuminate\Routing\Router { ... } } }, $next = class Closure { public $static = ['stack' => class Closure { ... }, 'pipe' => 'Illuminate\\Foundation\\Http\\Middleware\\PreventRequestsDuringMaintenance']; public $this = class Illuminate\Routing\Pipeline { protected $container = class Illuminate\Foundation\Application { ... }; protected $passable = class Illuminate\Http\Request { ... }; protected $pipes = [...]; protected $method = 'handle'; protected $finally = NULL }; public $parameter = ['$passable' => '<required>'] }) D:\Mirko\Desktop\Prove webapp\CV_Backoffice\vendor\laravel\framework\src\Illuminate\Pipeline\Pipeline.php:209
PHP  23. Illuminate\Pipeline\Pipeline->Illuminate\Pipeline\{closure:D:\Mirko\Desktop\Prove webapp\CV_Backoffice\vendor\laravel\framework\src\Illuminate\Pipeline\Pipeline.php:185-216}($passable = class Illuminate\Http\Request { public Symfony\Component\HttpFoundation\ParameterBag $attributes = class Symfony\Component\HttpFoundation\ParameterBag { protected array $parameters = [...] }; public Symfony\Component\HttpFoundation\InputBag $request = class Symfony\Component\HttpFoundation\InputBag { protected array $parameters = [...] }; public Symfony\Component\HttpFoundation\InputBag $query = class Symfony\Component\HttpFoundation\InputBag { protected array $parameters = [...] }; public Symfony\Component\HttpFoundation\ServerBag $server = class Symfony\Component\HttpFoundation\ServerBag { protected array $parameters = [...] }; public Symfony\Component\HttpFoundation\FileBag $files = class Symfony\Component\HttpFoundation\FileBag { protected array $parameters = [...] }; public Symfony\Component\HttpFoundation\InputBag $cookies = class Symfony\Component\HttpFoundation\InputBag { protected array $parameters = [...] }; public Symfony\Component\HttpFoundation\HeaderBag $headers = class Symfony\Component\HttpFoundation\HeaderBag { protected array $headers = [...]; protected array $cacheControl = [...] }; protected $content = NULL; protected ?array $languages = NULL; protected ?array $charsets = NULL; protected ?array $encodings = NULL; protected ?array $acceptableContentTypes = NULL; protected ?string $pathInfo = '/admin/vehicles'; protected ?string $requestUri = '/admin/vehicles'; protected ?string $baseUrl = ''; protected ?string $basePath = NULL; protected ?string $method = 'POST'; protected ?string $format = NULL; protected Symfony\Component\HttpFoundation\Session\SessionInterface|Closure|null $session = class Illuminate\Session\SymfonySessionDecorator { public readonly Illuminate\Contracts\Session\Session $store = class Illuminate\Session\Store { ... } }; protected ?string $locale = NULL; protected string $defaultLocale = 'en'; private ?string ${Symfony\Component\HttpFoundation\Request}preferredFormat = NULL; private bool ${Symfony\Component\HttpFoundation\Request}isHostValid = TRUE; private bool ${Symfony\Component\HttpFoundation\Request}isForwardedValid = TRUE; private bool ${Symfony\Component\HttpFoundation\Request}isSafeContentPreferred = *uninitialized*; private array ${Symfony\Component\HttpFoundation\Request}trustedValuesCache = []; private bool ${Symfony\Component\HttpFoundation\Request}isIisRewrite = FALSE; protected $json = NULL; protected $convertedFiles = NULL; protected $userResolver = class Closure { public $static = [...]; public $this = class Illuminate\Auth\AuthServiceProvider { ... }; public $parameter = [...] }; protected $routeResolver = class Closure { public $static = [...]; public $this = class Illuminate\Routing\Router { ... } } }) D:\Mirko\Desktop\Prove webapp\CV_Backoffice\vendor\laravel\framework\src\Illuminate\Http\Middleware\HandleCors.php:49
PHP  24. Illuminate\Foundation\Http\Middleware\PreventRequestsDuringMaintenance->handle($request = class Illuminate\Http\Request { public Symfony\Component\HttpFoundation\ParameterBag $attributes = class Symfony\Component\HttpFoundation\ParameterBag { protected array $parameters = [...] }; public Symfony\Component\HttpFoundation\InputBag $request = class Symfony\Component\HttpFoundation\InputBag { protected array $parameters = [...] }; public Symfony\Component\HttpFoundation\InputBag $query = class Symfony\Component\HttpFoundation\InputBag { protected array $parameters = [...] }; public Symfony\Component\HttpFoundation\ServerBag $server = class Symfony\Component\HttpFoundation\ServerBag { protected array $parameters = [...] }; public Symfony\Component\HttpFoundation\FileBag $files = class Symfony\Component\HttpFoundation\FileBag { protected array $parameters = [...] }; public Symfony\Component\HttpFoundation\InputBag $cookies = class Symfony\Component\HttpFoundation\InputBag { protected array $parameters = [...] }; public Symfony\Component\HttpFoundation\HeaderBag $headers = class Symfony\Component\HttpFoundation\HeaderBag { protected array $headers = [...]; protected array $cacheControl = [...] }; protected $content = NULL; protected ?array $languages = NULL; protected ?array $charsets = NULL; protected ?array $encodings = NULL; protected ?array $acceptableContentTypes = NULL; protected ?string $pathInfo = '/admin/vehicles'; protected ?string $requestUri = '/admin/vehicles'; protected ?string $baseUrl = ''; protected ?string $basePath = NULL; protected ?string $method = 'POST'; protected ?string $format = NULL; protected Symfony\Component\HttpFoundation\Session\SessionInterface|Closure|null $session = class Illuminate\Session\SymfonySessionDecorator { public readonly Illuminate\Contracts\Session\Session $store = class Illuminate\Session\Store { ... } }; protected ?string $locale = NULL; protected string $defaultLocale = 'en'; private ?string ${Symfony\Component\HttpFoundation\Request}preferredFormat = NULL; private bool ${Symfony\Component\HttpFoundation\Request}isHostValid = TRUE; private bool ${Symfony\Component\HttpFoundation\Request}isForwardedValid = TRUE; private bool ${Symfony\Component\HttpFoundation\Request}isSafeContentPreferred = *uninitialized*; private array ${Symfony\Component\HttpFoundation\Request}trustedValuesCache = []; private bool ${Symfony\Component\HttpFoundation\Request}isIisRewrite = FALSE; protected $json = NULL; protected $convertedFiles = NULL; protected $userResolver = class Closure { public $static = [...]; public $this = class Illuminate\Auth\AuthServiceProvider { ... }; public $parameter = [...] }; protected $routeResolver = class Closure { public $static = [...]; public $this = class Illuminate\Routing\Router { ... } } }, $next = class Closure { public $static = ['stack' => class Closure { ... }, 'pipe' => 'Illuminate\\Http\\Middleware\\ValidatePostSize']; public $this = class Illuminate\Routing\Pipeline { protected $container = class Illuminate\Foundation\Application { ... }; protected $passable = class Illuminate\Http\Request { ... }; protected $pipes = [...]; protected $method = 'handle'; protected $finally = NULL }; public $parameter = ['$passable' => '<required>'] }) D:\Mirko\Desktop\Prove webapp\CV_Backoffice\vendor\laravel\framework\src\Illuminate\Pipeline\Pipeline.php:209
PHP  25. Illuminate\Pipeline\Pipeline->Illuminate\Pipeline\{closure:D:\Mirko\Desktop\Prove webapp\CV_Backoffice\vendor\laravel\framework\src\Illuminate\Pipeline\Pipeline.php:185-216}($passable = class Illuminate\Http\Request { public Symfony\Component\HttpFoundation\ParameterBag $attributes = class Symfony\Component\HttpFoundation\ParameterBag { protected array $parameters = [...] }; public Symfony\Component\HttpFoundation\InputBag $request = class Symfony\Component\HttpFoundation\InputBag { protected array $parameters = [...] }; public Symfony\Component\HttpFoundation\InputBag $query = class Symfony\Component\HttpFoundation\InputBag { protected array $parameters = [...] }; public Symfony\Component\HttpFoundation\ServerBag $server = class Symfony\Component\HttpFoundation\ServerBag { protected array $parameters = [...] }; public Symfony\Component\HttpFoundation\FileBag $files = class Symfony\Component\HttpFoundation\FileBag { protected array $parameters = [...] }; public Symfony\Component\HttpFoundation\InputBag $cookies = class Symfony\Component\HttpFoundation\InputBag { protected array $parameters = [...] }; public Symfony\Component\HttpFoundation\HeaderBag $headers = class Symfony\Component\HttpFoundation\HeaderBag { protected array $headers = [...]; protected array $cacheControl = [...] }; protected $content = NULL; protected ?array $languages = NULL; protected ?array $charsets = NULL; protected ?array $encodings = NULL; protected ?array $acceptableContentTypes = NULL; protected ?string $pathInfo = '/admin/vehicles'; protected ?string $requestUri = '/admin/vehicles'; protected ?string $baseUrl = ''; protected ?string $basePath = NULL; protected ?string $method = 'POST'; protected ?string $format = NULL; protected Symfony\Component\HttpFoundation\Session\SessionInterface|Closure|null $session = class Illuminate\Session\SymfonySessionDecorator { public readonly Illuminate\Contracts\Session\Session $store = class Illuminate\Session\Store { ... } }; protected ?string $locale = NULL; protected string $defaultLocale = 'en'; private ?string ${Symfony\Component\HttpFoundation\Request}preferredFormat = NULL; private bool ${Symfony\Component\HttpFoundation\Request}isHostValid = TRUE; private bool ${Symfony\Component\HttpFoundation\Request}isForwardedValid = TRUE; private bool ${Symfony\Component\HttpFoundation\Request}isSafeContentPreferred = *uninitialized*; private array ${Symfony\Component\HttpFoundation\Request}trustedValuesCache = []; private bool ${Symfony\Component\HttpFoundation\Request}isIisRewrite = FALSE; protected $json = NULL; protected $convertedFiles = NULL; protected $userResolver = class Closure { public $static = [...]; public $this = class Illuminate\Auth\AuthServiceProvider { ... }; public $parameter = [...] }; protected $routeResolver = class Closure { public $static = [...]; public $this = class Illuminate\Routing\Router { ... } } }) D:\Mirko\Desktop\Prove webapp\CV_Backoffice\vendor\laravel\framework\src\Illuminate\Foundation\Http\Middleware\PreventRequestsDuringMaintenance.php:110
PHP  26. Illuminate\Http\Middleware\ValidatePostSize->handle($request = class Illuminate\Http\Request { public Symfony\Component\HttpFoundation\ParameterBag $attributes = class Symfony\Component\HttpFoundation\ParameterBag { protected array $parameters = [...] }; public Symfony\Component\HttpFoundation\InputBag $request = class Symfony\Component\HttpFoundation\InputBag { protected array $parameters = [...] }; public Symfony\Component\HttpFoundation\InputBag $query = class Symfony\Component\HttpFoundation\InputBag { protected array $parameters = [...] }; public Symfony\Component\HttpFoundation\ServerBag $server = class Symfony\Component\HttpFoundation\ServerBag { protected array $parameters = [...] }; public Symfony\Component\HttpFoundation\FileBag $files = class Symfony\Component\HttpFoundation\FileBag { protected array $parameters = [...] }; public Symfony\Component\HttpFoundation\InputBag $cookies = class Symfony\Component\HttpFoundation\InputBag { protected array $parameters = [...] }; public Symfony\Component\HttpFoundation\HeaderBag $headers = class Symfony\Component\HttpFoundation\HeaderBag { protected array $headers = [...]; protected array $cacheControl = [...] }; protected $content = NULL; protected ?array $languages = NULL; protected ?array $charsets = NULL; protected ?array $encodings = NULL; protected ?array $acceptableContentTypes = NULL; protected ?string $pathInfo = '/admin/vehicles'; protected ?string $requestUri = '/admin/vehicles'; protected ?string $baseUrl = ''; protected ?string $basePath = NULL; protected ?string $method = 'POST'; protected ?string $format = NULL; protected Symfony\Component\HttpFoundation\Session\SessionInterface|Closure|null $session = class Illuminate\Session\SymfonySessionDecorator { public readonly Illuminate\Contracts\Session\Session $store = class Illuminate\Session\Store { ... } }; protected ?string $locale = NULL; protected string $defaultLocale = 'en'; private ?string ${Symfony\Component\HttpFoundation\Request}preferredFormat = NULL; private bool ${Symfony\Component\HttpFoundation\Request}isHostValid = TRUE; private bool ${Symfony\Component\HttpFoundation\Request}isForwardedValid = TRUE; private bool ${Symfony\Component\HttpFoundation\Request}isSafeContentPreferred = *uninitialized*; private array ${Symfony\Component\HttpFoundation\Request}trustedValuesCache = []; private bool ${Symfony\Component\HttpFoundation\Request}isIisRewrite = FALSE; protected $json = NULL; protected $convertedFiles = NULL; protected $userResolver = class Closure { public $static = [...]; public $this = class Illuminate\Auth\AuthServiceProvider { ... }; public $parameter = [...] }; protected $routeResolver = class Closure { public $static = [...]; public $this = class Illuminate\Routing\Router { ... } } }, $next = class Closure { public $static = ['stack' => class Closure { ... }, 'pipe' => 'Illuminate\\Foundation\\Http\\Middleware\\TrimStrings']; public $this = class Illuminate\Routing\Pipeline { protected $container = class Illuminate\Foundation\Application { ... }; protected $passable = class Illuminate\Http\Request { ... }; protected $pipes = [...]; protected $method = 'handle'; protected $finally = NULL }; public $parameter = ['$passable' => '<required>'] }) D:\Mirko\Desktop\Prove webapp\CV_Backoffice\vendor\laravel\framework\src\Illuminate\Pipeline\Pipeline.php:209
PHP  27. Illuminate\Pipeline\Pipeline->Illuminate\Pipeline\{closure:D:\Mirko\Desktop\Prove webapp\CV_Backoffice\vendor\laravel\framework\src\Illuminate\Pipeline\Pipeline.php:185-216}($passable = class Illuminate\Http\Request { public Symfony\Component\HttpFoundation\ParameterBag $attributes = class Symfony\Component\HttpFoundation\ParameterBag { protected array $parameters = [...] }; public Symfony\Component\HttpFoundation\InputBag $request = class Symfony\Component\HttpFoundation\InputBag { protected array $parameters = [...] }; public Symfony\Component\HttpFoundation\InputBag $query = class Symfony\Component\HttpFoundation\InputBag { protected array $parameters = [...] }; public Symfony\Component\HttpFoundation\ServerBag $server = class Symfony\Component\HttpFoundation\ServerBag { protected array $parameters = [...] }; public Symfony\Component\HttpFoundation\FileBag $files = class Symfony\Component\HttpFoundation\FileBag { protected array $parameters = [...] }; public Symfony\Component\HttpFoundation\InputBag $cookies = class Symfony\Component\HttpFoundation\InputBag { protected array $parameters = [...] }; public Symfony\Component\HttpFoundation\HeaderBag $headers = class Symfony\Component\HttpFoundation\HeaderBag { protected array $headers = [...]; protected array $cacheControl = [...] }; protected $content = NULL; protected ?array $languages = NULL; protected ?array $charsets = NULL; protected ?array $encodings = NULL; protected ?array $acceptableContentTypes = NULL; protected ?string $pathInfo = '/admin/vehicles'; protected ?string $requestUri = '/admin/vehicles'; protected ?string $baseUrl = ''; protected ?string $basePath = NULL; protected ?string $method = 'POST'; protected ?string $format = NULL; protected Symfony\Component\HttpFoundation\Session\SessionInterface|Closure|null $session = class Illuminate\Session\SymfonySessionDecorator { public readonly Illuminate\Contracts\Session\Session $store = class Illuminate\Session\Store { ... } }; protected ?string $locale = NULL; protected string $defaultLocale = 'en'; private ?string ${Symfony\Component\HttpFoundation\Request}preferredFormat = NULL; private bool ${Symfony\Component\HttpFoundation\Request}isHostValid = TRUE; private bool ${Symfony\Component\HttpFoundation\Request}isForwardedValid = TRUE; private bool ${Symfony\Component\HttpFoundation\Request}isSafeContentPreferred = *uninitialized*; private array ${Symfony\Component\HttpFoundation\Request}trustedValuesCache = []; private bool ${Symfony\Component\HttpFoundation\Request}isIisRewrite = FALSE; protected $json = NULL; protected $convertedFiles = NULL; protected $userResolver = class Closure { public $static = [...]; public $this = class Illuminate\Auth\AuthServiceProvider { ... }; public $parameter = [...] }; protected $routeResolver = class Closure { public $static = [...]; public $this = class Illuminate\Routing\Router { ... } } }) D:\Mirko\Desktop\Prove webapp\CV_Backoffice\vendor\laravel\framework\src\Illuminate\Http\Middleware\ValidatePostSize.php:27
PHP  28. Illuminate\Foundation\Http\Middleware\TrimStrings->handle($request = class Illuminate\Http\Request { public Symfony\Component\HttpFoundation\ParameterBag $attributes = class Symfony\Component\HttpFoundation\ParameterBag { protected array $parameters = [...] }; public Symfony\Component\HttpFoundation\InputBag $request = class Symfony\Component\HttpFoundation\InputBag { protected array $parameters = [...] }; public Symfony\Component\HttpFoundation\InputBag $query = class Symfony\Component\HttpFoundation\InputBag { protected array $parameters = [...] }; public Symfony\Component\HttpFoundation\ServerBag $server = class Symfony\Component\HttpFoundation\ServerBag { protected array $parameters = [...] }; public Symfony\Component\HttpFoundation\FileBag $files = class Symfony\Component\HttpFoundation\FileBag { protected array $parameters = [...] }; public Symfony\Component\HttpFoundation\InputBag $cookies = class Symfony\Component\HttpFoundation\InputBag { protected array $parameters = [...] }; public Symfony\Component\HttpFoundation\HeaderBag $headers = class Symfony\Component\HttpFoundation\HeaderBag { protected array $headers = [...]; protected array $cacheControl = [...] }; protected $content = NULL; protected ?array $languages = NULL; protected ?array $charsets = NULL; protected ?array $encodings = NULL; protected ?array $acceptableContentTypes = NULL; protected ?string $pathInfo = '/admin/vehicles'; protected ?string $requestUri = '/admin/vehicles'; protected ?string $baseUrl = ''; protected ?string $basePath = NULL; protected ?string $method = 'POST'; protected ?string $format = NULL; protected Symfony\Component\HttpFoundation\Session\SessionInterface|Closure|null $session = class Illuminate\Session\SymfonySessionDecorator { public readonly Illuminate\Contracts\Session\Session $store = class Illuminate\Session\Store { ... } }; protected ?string $locale = NULL; protected string $defaultLocale = 'en'; private ?string ${Symfony\Component\HttpFoundation\Request}preferredFormat = NULL; private bool ${Symfony\Component\HttpFoundation\Request}isHostValid = TRUE; private bool ${Symfony\Component\HttpFoundation\Request}isForwardedValid = TRUE; private bool ${Symfony\Component\HttpFoundation\Request}isSafeContentPreferred = *uninitialized*; private array ${Symfony\Component\HttpFoundation\Request}trustedValuesCache = []; private bool ${Symfony\Component\HttpFoundation\Request}isIisRewrite = FALSE; protected $json = NULL; protected $convertedFiles = NULL; protected $userResolver = class Closure { public $static = [...]; public $this = class Illuminate\Auth\AuthServiceProvider { ... }; public $parameter = [...] }; protected $routeResolver = class Closure { public $static = [...]; public $this = class Illuminate\Routing\Router { ... } } }, $next = class Closure { public $static = ['stack' => class Closure { ... }, 'pipe' => 'Illuminate\\Foundation\\Http\\Middleware\\ConvertEmptyStringsToNull']; public $this = class Illuminate\Routing\Pipeline { protected $container = class Illuminate\Foundation\Application { ... }; protected $passable = class Illuminate\Http\Request { ... }; protected $pipes = [...]; protected $method = 'handle'; protected $finally = NULL }; public $parameter = ['$passable' => '<required>'] }) D:\Mirko\Desktop\Prove webapp\CV_Backoffice\vendor\laravel\framework\src\Illuminate\Pipeline\Pipeline.php:209
PHP  29. Illuminate\Foundation\Http\Middleware\TransformsRequest->handle($request = class Illuminate\Http\Request { public Symfony\Component\HttpFoundation\ParameterBag $attributes = class Symfony\Component\HttpFoundation\ParameterBag { protected array $parameters = [...] }; public Symfony\Component\HttpFoundation\InputBag $request = class Symfony\Component\HttpFoundation\InputBag { protected array $parameters = [...] }; public Symfony\Component\HttpFoundation\InputBag $query = class Symfony\Component\HttpFoundation\InputBag { protected array $parameters = [...] }; public Symfony\Component\HttpFoundation\ServerBag $server = class Symfony\Component\HttpFoundation\ServerBag { protected array $parameters = [...] }; public Symfony\Component\HttpFoundation\FileBag $files = class Symfony\Component\HttpFoundation\FileBag { protected array $parameters = [...] }; public Symfony\Component\HttpFoundation\InputBag $cookies = class Symfony\Component\HttpFoundation\InputBag { protected array $parameters = [...] }; public Symfony\Component\HttpFoundation\HeaderBag $headers = class Symfony\Component\HttpFoundation\HeaderBag { protected array $headers = [...]; protected array $cacheControl = [...] }; protected $content = NULL; protected ?array $languages = NULL; protected ?array $charsets = NULL; protected ?array $encodings = NULL; protected ?array $acceptableContentTypes = NULL; protected ?string $pathInfo = '/admin/vehicles'; protected ?string $requestUri = '/admin/vehicles'; protected ?string $baseUrl = ''; protected ?string $basePath = NULL; protected ?string $method = 'POST'; protected ?string $format = NULL; protected Symfony\Component\HttpFoundation\Session\SessionInterface|Closure|null $session = class Illuminate\Session\SymfonySessionDecorator { public readonly Illuminate\Contracts\Session\Session $store = class Illuminate\Session\Store { ... } }; protected ?string $locale = NULL; protected string $defaultLocale = 'en'; private ?string ${Symfony\Component\HttpFoundation\Request}preferredFormat = NULL; private bool ${Symfony\Component\HttpFoundation\Request}isHostValid = TRUE; private bool ${Symfony\Component\HttpFoundation\Request}isForwardedValid = TRUE; private bool ${Symfony\Component\HttpFoundation\Request}isSafeContentPreferred = *uninitialized*; private array ${Symfony\Component\HttpFoundation\Request}trustedValuesCache = []; private bool ${Symfony\Component\HttpFoundation\Request}isIisRewrite = FALSE; protected $json = NULL; protected $convertedFiles = NULL; protected $userResolver = class Closure { public $static = [...]; public $this = class Illuminate\Auth\AuthServiceProvider { ... }; public $parameter = [...] }; protected $routeResolver = class Closure { public $static = [...]; public $this = class Illuminate\Routing\Router { ... } } }, $next = class Closure { public $static = ['stack' => class Closure { ... }, 'pipe' => 'Illuminate\\Foundation\\Http\\Middleware\\ConvertEmptyStringsToNull']; public $this = class Illuminate\Routing\Pipeline { protected $container = class Illuminate\Foundation\Application { ... }; protected $passable = class Illuminate\Http\Request { ... }; protected $pipes = [...]; protected $method = 'handle'; protected $finally = NULL }; public $parameter = ['$passable' => '<required>'] }) D:\Mirko\Desktop\Prove webapp\CV_Backoffice\vendor\laravel\framework\src\Illuminate\Foundation\Http\Middleware\TrimStrings.php:51
PHP  30. Illuminate\Pipeline\Pipeline->Illuminate\Pipeline\{closure:D:\Mirko\Desktop\Prove webapp\CV_Backoffice\vendor\laravel\framework\src\Illuminate\Pipeline\Pipeline.php:185-216}($passable = class Illuminate\Http\Request { public Symfony\Component\HttpFoundation\ParameterBag $attributes = class Symfony\Component\HttpFoundation\ParameterBag { protected array $parameters = [...] }; public Symfony\Component\HttpFoundation\InputBag $request = class Symfony\Component\HttpFoundation\InputBag { protected array $parameters = [...] }; public Symfony\Component\HttpFoundation\InputBag $query = class Symfony\Component\HttpFoundation\InputBag { protected array $parameters = [...] }; public Symfony\Component\HttpFoundation\ServerBag $server = class Symfony\Component\HttpFoundation\ServerBag { protected array $parameters = [...] }; public Symfony\Component\HttpFoundation\FileBag $files = class Symfony\Component\HttpFoundation\FileBag { protected array $parameters = [...] }; public Symfony\Component\HttpFoundation\InputBag $cookies = class Symfony\Component\HttpFoundation\InputBag { protected array $parameters = [...] }; public Symfony\Component\HttpFoundation\HeaderBag $headers = class Symfony\Component\HttpFoundation\HeaderBag { protected array $headers = [...]; protected array $cacheControl = [...] }; protected $content = NULL; protected ?array $languages = NULL; protected ?array $charsets = NULL; protected ?array $encodings = NULL; protected ?array $acceptableContentTypes = NULL; protected ?string $pathInfo = '/admin/vehicles'; protected ?string $requestUri = '/admin/vehicles'; protected ?string $baseUrl = ''; protected ?string $basePath = NULL; protected ?string $method = 'POST'; protected ?string $format = NULL; protected Symfony\Component\HttpFoundation\Session\SessionInterface|Closure|null $session = class Illuminate\Session\SymfonySessionDecorator { public readonly Illuminate\Contracts\Session\Session $store = class Illuminate\Session\Store { ... } }; protected ?string $locale = NULL; protected string $defaultLocale = 'en'; private ?string ${Symfony\Component\HttpFoundation\Request}preferredFormat = NULL; private bool ${Symfony\Component\HttpFoundation\Request}isHostValid = TRUE; private bool ${Symfony\Component\HttpFoundation\Request}isForwardedValid = TRUE; private bool ${Symfony\Component\HttpFoundation\Request}isSafeContentPreferred = *uninitialized*; private array ${Symfony\Component\HttpFoundation\Request}trustedValuesCache = []; private bool ${Symfony\Component\HttpFoundation\Request}isIisRewrite = FALSE; protected $json = NULL; protected $convertedFiles = NULL; protected $userResolver = class Closure { public $static = [...]; public $this = class Illuminate\Auth\AuthServiceProvider { ... }; public $parameter = [...] }; protected $routeResolver = class Closure { public $static = [...]; public $this = class Illuminate\Routing\Router { ... } } }) D:\Mirko\Desktop\Prove webapp\CV_Backoffice\vendor\laravel\framework\src\Illuminate\Foundation\Http\Middleware\TransformsRequest.php:21
PHP  31. Illuminate\Foundation\Http\Middleware\ConvertEmptyStringsToNull->handle($request = class Illuminate\Http\Request { public Symfony\Component\HttpFoundation\ParameterBag $attributes = class Symfony\Component\HttpFoundation\ParameterBag { protected array $parameters = [...] }; public Symfony\Component\HttpFoundation\InputBag $request = class Symfony\Component\HttpFoundation\InputBag { protected array $parameters = [...] }; public Symfony\Component\HttpFoundation\InputBag $query = class Symfony\Component\HttpFoundation\InputBag { protected array $parameters = [...] }; public Symfony\Component\HttpFoundation\ServerBag $server = class Symfony\Component\HttpFoundation\ServerBag { protected array $parameters = [...] }; public Symfony\Component\HttpFoundation\FileBag $files = class Symfony\Component\HttpFoundation\FileBag { protected array $parameters = [...] }; public Symfony\Component\HttpFoundation\InputBag $cookies = class Symfony\Component\HttpFoundation\InputBag { protected array $parameters = [...] }; public Symfony\Component\HttpFoundation\HeaderBag $headers = class Symfony\Component\HttpFoundation\HeaderBag { protected array $headers = [...]; protected array $cacheControl = [...] }; protected $content = NULL; protected ?array $languages = NULL; protected ?array $charsets = NULL; protected ?array $encodings = NULL; protected ?array $acceptableContentTypes = NULL; protected ?string $pathInfo = '/admin/vehicles'; protected ?string $requestUri = '/admin/vehicles'; protected ?string $baseUrl = ''; protected ?string $basePath = NULL; protected ?string $method = 'POST'; protected ?string $format = NULL; protected Symfony\Component\HttpFoundation\Session\SessionInterface|Closure|null $session = class Illuminate\Session\SymfonySessionDecorator { public readonly Illuminate\Contracts\Session\Session $store = class Illuminate\Session\Store { ... } }; protected ?string $locale = NULL; protected string $defaultLocale = 'en'; private ?string ${Symfony\Component\HttpFoundation\Request}preferredFormat = NULL; private bool ${Symfony\Component\HttpFoundation\Request}isHostValid = TRUE; private bool ${Symfony\Component\HttpFoundation\Request}isForwardedValid = TRUE; private bool ${Symfony\Component\HttpFoundation\Request}isSafeContentPreferred = *uninitialized*; private array ${Symfony\Component\HttpFoundation\Request}trustedValuesCache = []; private bool ${Symfony\Component\HttpFoundation\Request}isIisRewrite = FALSE; protected $json = NULL; protected $convertedFiles = NULL; protected $userResolver = class Closure { public $static = [...]; public $this = class Illuminate\Auth\AuthServiceProvider { ... }; public $parameter = [...] }; protected $routeResolver = class Closure { public $static = [...]; public $this = class Illuminate\Routing\Router { ... } } }, $next = class Closure { public $static = ['stack' => class Closure { ... }, 'pipe' => 'Livewire\\Features\\SupportDisablingBackButtonCache\\DisableBackButtonCacheMiddleware']; public $this = class Illuminate\Routing\Pipeline { protected $container = class Illuminate\Foundation\Application { ... }; protected $passable = class Illuminate\Http\Request { ... }; protected $pipes = [...]; protected $method = 'handle'; protected $finally = NULL }; public $parameter = ['$passable' => '<required>'] }) D:\Mirko\Desktop\Prove webapp\CV_Backoffice\vendor\laravel\framework\src\Illuminate\Pipeline\Pipeline.php:209
PHP  32. Illuminate\Foundation\Http\Middleware\TransformsRequest->handle($request = class Illuminate\Http\Request { public Symfony\Component\HttpFoundation\ParameterBag $attributes = class Symfony\Component\HttpFoundation\ParameterBag { protected array $parameters = [...] }; public Symfony\Component\HttpFoundation\InputBag $request = class Symfony\Component\HttpFoundation\InputBag { protected array $parameters = [...] }; public Symfony\Component\HttpFoundation\InputBag $query = class Symfony\Component\HttpFoundation\InputBag { protected array $parameters = [...] }; public Symfony\Component\HttpFoundation\ServerBag $server = class Symfony\Component\HttpFoundation\ServerBag { protected array $parameters = [...] }; public Symfony\Component\HttpFoundation\FileBag $files = class Symfony\Component\HttpFoundation\FileBag { protected array $parameters = [...] }; public Symfony\Component\HttpFoundation\InputBag $cookies = class Symfony\Component\HttpFoundation\InputBag { protected array $parameters = [...] }; public Symfony\Component\HttpFoundation\HeaderBag $headers = class Symfony\Component\HttpFoundation\HeaderBag { protected array $headers = [...]; protected array $cacheControl = [...] }; protected $content = NULL; protected ?array $languages = NULL; protected ?array $charsets = NULL; protected ?array $encodings = NULL; protected ?array $acceptableContentTypes = NULL; protected ?string $pathInfo = '/admin/vehicles'; protected ?string $requestUri = '/admin/vehicles'; protected ?string $baseUrl = ''; protected ?string $basePath = NULL; protected ?string $method = 'POST'; protected ?string $format = NULL; protected Symfony\Component\HttpFoundation\Session\SessionInterface|Closure|null $session = class Illuminate\Session\SymfonySessionDecorator { public readonly Illuminate\Contracts\Session\Session $store = class Illuminate\Session\Store { ... } }; protected ?string $locale = NULL; protected string $defaultLocale = 'en'; private ?string ${Symfony\Component\HttpFoundation\Request}preferredFormat = NULL; private bool ${Symfony\Component\HttpFoundation\Request}isHostValid = TRUE; private bool ${Symfony\Component\HttpFoundation\Request}isForwardedValid = TRUE; private bool ${Symfony\Component\HttpFoundation\Request}isSafeContentPreferred = *uninitialized*; private array ${Symfony\Component\HttpFoundation\Request}trustedValuesCache = []; private bool ${Symfony\Component\HttpFoundation\Request}isIisRewrite = FALSE; protected $json = NULL; protected $convertedFiles = NULL; protected $userResolver = class Closure { public $static = [...]; public $this = class Illuminate\Auth\AuthServiceProvider { ... }; public $parameter = [...] }; protected $routeResolver = class Closure { public $static = [...]; public $this = class Illuminate\Routing\Router { ... } } }, $next = class Closure { public $static = ['stack' => class Closure { ... }, 'pipe' => 'Livewire\\Features\\SupportDisablingBackButtonCache\\DisableBackButtonCacheMiddleware']; public $this = class Illuminate\Routing\Pipeline { protected $container = class Illuminate\Foundation\Application { ... }; protected $passable = class Illuminate\Http\Request { ... }; protected $pipes = [...]; protected $method = 'handle'; protected $finally = NULL }; public $parameter = ['$passable' => '<required>'] }) D:\Mirko\Desktop\Prove webapp\CV_Backoffice\vendor\laravel\framework\src\Illuminate\Foundation\Http\Middleware\ConvertEmptyStringsToNull.php:31
PHP  33. Illuminate\Pipeline\Pipeline->Illuminate\Pipeline\{closure:D:\Mirko\Desktop\Prove webapp\CV_Backoffice\vendor\laravel\framework\src\Illuminate\Pipeline\Pipeline.php:185-216}($passable = class Illuminate\Http\Request { public Symfony\Component\HttpFoundation\ParameterBag $attributes = class Symfony\Component\HttpFoundation\ParameterBag { protected array $parameters = [...] }; public Symfony\Component\HttpFoundation\InputBag $request = class Symfony\Component\HttpFoundation\InputBag { protected array $parameters = [...] }; public Symfony\Component\HttpFoundation\InputBag $query = class Symfony\Component\HttpFoundation\InputBag { protected array $parameters = [...] }; public Symfony\Component\HttpFoundation\ServerBag $server = class Symfony\Component\HttpFoundation\ServerBag { protected array $parameters = [...] }; public Symfony\Component\HttpFoundation\FileBag $files = class Symfony\Component\HttpFoundation\FileBag { protected array $parameters = [...] }; public Symfony\Component\HttpFoundation\InputBag $cookies = class Symfony\Component\HttpFoundation\InputBag { protected array $parameters = [...] }; public Symfony\Component\HttpFoundation\HeaderBag $headers = class Symfony\Component\HttpFoundation\HeaderBag { protected array $headers = [...]; protected array $cacheControl = [...] }; protected $content = NULL; protected ?array $languages = NULL; protected ?array $charsets = NULL; protected ?array $encodings = NULL; protected ?array $acceptableContentTypes = NULL; protected ?string $pathInfo = '/admin/vehicles'; protected ?string $requestUri = '/admin/vehicles'; protected ?string $baseUrl = ''; protected ?string $basePath = NULL; protected ?string $method = 'POST'; protected ?string $format = NULL; protected Symfony\Component\HttpFoundation\Session\SessionInterface|Closure|null $session = class Illuminate\Session\SymfonySessionDecorator { public readonly Illuminate\Contracts\Session\Session $store = class Illuminate\Session\Store { ... } }; protected ?string $locale = NULL; protected string $defaultLocale = 'en'; private ?string ${Symfony\Component\HttpFoundation\Request}preferredFormat = NULL; private bool ${Symfony\Component\HttpFoundation\Request}isHostValid = TRUE; private bool ${Symfony\Component\HttpFoundation\Request}isForwardedValid = TRUE; private bool ${Symfony\Component\HttpFoundation\Request}isSafeContentPreferred = *uninitialized*; private array ${Symfony\Component\HttpFoundation\Request}trustedValuesCache = []; private bool ${Symfony\Component\HttpFoundation\Request}isIisRewrite = FALSE; protected $json = NULL; protected $convertedFiles = NULL; protected $userResolver = class Closure { public $static = [...]; public $this = class Illuminate\Auth\AuthServiceProvider { ... }; public $parameter = [...] }; protected $routeResolver = class Closure { public $static = [...]; public $this = class Illuminate\Routing\Router { ... } } }) D:\Mirko\Desktop\Prove webapp\CV_Backoffice\vendor\laravel\framework\src\Illuminate\Foundation\Http\Middleware\TransformsRequest.php:21
PHP  34. Livewire\Features\SupportDisablingBackButtonCache\DisableBackButtonCacheMiddleware->handle($request = class Illuminate\Http\Request { public Symfony\Component\HttpFoundation\ParameterBag $attributes = class Symfony\Component\HttpFoundation\ParameterBag { protected array $parameters = [...] }; public Symfony\Component\HttpFoundation\InputBag $request = class Symfony\Component\HttpFoundation\InputBag { protected array $parameters = [...] }; public Symfony\Component\HttpFoundation\InputBag $query = class Symfony\Component\HttpFoundation\InputBag { protected array $parameters = [...] }; public Symfony\Component\HttpFoundation\ServerBag $server = class Symfony\Component\HttpFoundation\ServerBag { protected array $parameters = [...] }; public Symfony\Component\HttpFoundation\FileBag $files = class Symfony\Component\HttpFoundation\FileBag { protected array $parameters = [...] }; public Symfony\Component\HttpFoundation\InputBag $cookies = class Symfony\Component\HttpFoundation\InputBag { protected array $parameters = [...] }; public Symfony\Component\HttpFoundation\HeaderBag $headers = class Symfony\Component\HttpFoundation\HeaderBag { protected array $headers = [...]; protected array $cacheControl = [...] }; protected $content = NULL; protected ?array $languages = NULL; protected ?array $charsets = NULL; protected ?array $encodings = NULL; protected ?array $acceptableContentTypes = NULL; protected ?string $pathInfo = '/admin/vehicles'; protected ?string $requestUri = '/admin/vehicles'; protected ?string $baseUrl = ''; protected ?string $basePath = NULL; protected ?string $method = 'POST'; protected ?string $format = NULL; protected Symfony\Component\HttpFoundation\Session\SessionInterface|Closure|null $session = class Illuminate\Session\SymfonySessionDecorator { public readonly Illuminate\Contracts\Session\Session $store = class Illuminate\Session\Store { ... } }; protected ?string $locale = NULL; protected string $defaultLocale = 'en'; private ?string ${Symfony\Component\HttpFoundation\Request}preferredFormat = NULL; private bool ${Symfony\Component\HttpFoundation\Request}isHostValid = TRUE; private bool ${Symfony\Component\HttpFoundation\Request}isForwardedValid = TRUE; private bool ${Symfony\Component\HttpFoundation\Request}isSafeContentPreferred = *uninitialized*; private array ${Symfony\Component\HttpFoundation\Request}trustedValuesCache = []; private bool ${Symfony\Component\HttpFoundation\Request}isIisRewrite = FALSE; protected $json = NULL; protected $convertedFiles = NULL; protected $userResolver = class Closure { public $static = [...]; public $this = class Illuminate\Auth\AuthServiceProvider { ... }; public $parameter = [...] }; protected $routeResolver = class Closure { public $static = [...]; public $this = class Illuminate\Routing\Router { ... } } }, $next = class Closure { public $static = ['destination' => class Closure { ... }]; public $this = class Illuminate\Routing\Pipeline { protected $container = class Illuminate\Foundation\Application { ... }; protected $passable = class Illuminate\Http\Request { ... }; protected $pipes = [...]; protected $method = 'handle'; protected $finally = NULL }; public $parameter = ['$passable' => '<required>'] }) D:\Mirko\Desktop\Prove webapp\CV_Backoffice\vendor\laravel\framework\src\Illuminate\Pipeline\Pipeline.php:209
PHP  35. Illuminate\Pipeline\Pipeline->Illuminate\Pipeline\{closure:D:\Mirko\Desktop\Prove webapp\CV_Backoffice\vendor\laravel\framework\src\Illuminate\Pipeline\Pipeline.php:168-174}($passable = class Illuminate\Http\Request { public Symfony\Component\HttpFoundation\ParameterBag $attributes = class Symfony\Component\HttpFoundation\ParameterBag { protected array $parameters = [...] }; public Symfony\Component\HttpFoundation\InputBag $request = class Symfony\Component\HttpFoundation\InputBag { protected array $parameters = [...] }; public Symfony\Component\HttpFoundation\InputBag $query = class Symfony\Component\HttpFoundation\InputBag { protected array $parameters = [...] }; public Symfony\Component\HttpFoundation\ServerBag $server = class Symfony\Component\HttpFoundation\ServerBag { protected array $parameters = [...] }; public Symfony\Component\HttpFoundation\FileBag $files = class Symfony\Component\HttpFoundation\FileBag { protected array $parameters = [...] }; public Symfony\Component\HttpFoundation\InputBag $cookies = class Symfony\Component\HttpFoundation\InputBag { protected array $parameters = [...] }; public Symfony\Component\HttpFoundation\HeaderBag $headers = class Symfony\Component\HttpFoundation\HeaderBag { protected array $headers = [...]; protected array $cacheControl = [...] }; protected $content = NULL; protected ?array $languages = NULL; protected ?array $charsets = NULL; protected ?array $encodings = NULL; protected ?array $acceptableContentTypes = NULL; protected ?string $pathInfo = '/admin/vehicles'; protected ?string $requestUri = '/admin/vehicles'; protected ?string $baseUrl = ''; protected ?string $basePath = NULL; protected ?string $method = 'POST'; protected ?string $format = NULL; protected Symfony\Component\HttpFoundation\Session\SessionInterface|Closure|null $session = class Illuminate\Session\SymfonySessionDecorator { public readonly Illuminate\Contracts\Session\Session $store = class Illuminate\Session\Store { ... } }; protected ?string $locale = NULL; protected string $defaultLocale = 'en'; private ?string ${Symfony\Component\HttpFoundation\Request}preferredFormat = NULL; private bool ${Symfony\Component\HttpFoundation\Request}isHostValid = TRUE; private bool ${Symfony\Component\HttpFoundation\Request}isForwardedValid = TRUE; private bool ${Symfony\Component\HttpFoundation\Request}isSafeContentPreferred = *uninitialized*; private array ${Symfony\Component\HttpFoundation\Request}trustedValuesCache = []; private bool ${Symfony\Component\HttpFoundation\Request}isIisRewrite = FALSE; protected $json = NULL; protected $convertedFiles = NULL; protected $userResolver = class Closure { public $static = [...]; public $this = class Illuminate\Auth\AuthServiceProvider { ... }; public $parameter = [...] }; protected $routeResolver = class Closure { public $static = [...]; public $this = class Illuminate\Routing\Router { ... } } }) D:\Mirko\Desktop\Prove webapp\CV_Backoffice\vendor\livewire\livewire\src\Features\SupportDisablingBackButtonCache\DisableBackButtonCacheMiddleware.php:19
PHP  36. Illuminate\Foundation\Http\Kernel->Illuminate\Foundation\Http\{closure:D:\Mirko\Desktop\Prove webapp\CV_Backoffice\vendor\laravel\framework\src\Illuminate\Foundation\Http\Kernel.php:198-202}($request = class Illuminate\Http\Request { public Symfony\Component\HttpFoundation\ParameterBag $attributes = class Symfony\Component\HttpFoundation\ParameterBag { protected array $parameters = [...] }; public Symfony\Component\HttpFoundation\InputBag $request = class Symfony\Component\HttpFoundation\InputBag { protected array $parameters = [...] }; public Symfony\Component\HttpFoundation\InputBag $query = class Symfony\Component\HttpFoundation\InputBag { protected array $parameters = [...] }; public Symfony\Component\HttpFoundation\ServerBag $server = class Symfony\Component\HttpFoundation\ServerBag { protected array $parameters = [...] }; public Symfony\Component\HttpFoundation\FileBag $files = class Symfony\Component\HttpFoundation\FileBag { protected array $parameters = [...] }; public Symfony\Component\HttpFoundation\InputBag $cookies = class Symfony\Component\HttpFoundation\InputBag { protected array $parameters = [...] }; public Symfony\Component\HttpFoundation\HeaderBag $headers = class Symfony\Component\HttpFoundation\HeaderBag { protected array $headers = [...]; protected array $cacheControl = [...] }; protected $content = NULL; protected ?array $languages = NULL; protected ?array $charsets = NULL; protected ?array $encodings = NULL; protected ?array $acceptableContentTypes = NULL; protected ?string $pathInfo = '/admin/vehicles'; protected ?string $requestUri = '/admin/vehicles'; protected ?string $baseUrl = ''; protected ?string $basePath = NULL; protected ?string $method = 'POST'; protected ?string $format = NULL; protected Symfony\Component\HttpFoundation\Session\SessionInterface|Closure|null $session = class Illuminate\Session\SymfonySessionDecorator { public readonly Illuminate\Contracts\Session\Session $store = class Illuminate\Session\Store { ... } }; protected ?string $locale = NULL; protected string $defaultLocale = 'en'; private ?string ${Symfony\Component\HttpFoundation\Request}preferredFormat = NULL; private bool ${Symfony\Component\HttpFoundation\Request}isHostValid = TRUE; private bool ${Symfony\Component\HttpFoundation\Request}isForwardedValid = TRUE; private bool ${Symfony\Component\HttpFoundation\Request}isSafeContentPreferred = *uninitialized*; private array ${Symfony\Component\HttpFoundation\Request}trustedValuesCache = []; private bool ${Symfony\Component\HttpFoundation\Request}isIisRewrite = FALSE; protected $json = NULL; protected $convertedFiles = NULL; protected $userResolver = class Closure { public $static = [...]; public $this = class Illuminate\Auth\AuthServiceProvider { ... }; public $parameter = [...] }; protected $routeResolver = class Closure { public $static = [...]; public $this = class Illuminate\Routing\Router { ... } } }) D:\Mirko\Desktop\Prove webapp\CV_Backoffice\vendor\laravel\framework\src\Illuminate\Pipeline\Pipeline.php:170
PHP  37. Illuminate\Routing\Router->dispatch($request = class Illuminate\Http\Request { public Symfony\Component\HttpFoundation\ParameterBag $attributes = class Symfony\Component\HttpFoundation\ParameterBag { protected array $parameters = [...] }; public Symfony\Component\HttpFoundation\InputBag $request = class Symfony\Component\HttpFoundation\InputBag { protected array $parameters = [...] }; public Symfony\Component\HttpFoundation\InputBag $query = class Symfony\Component\HttpFoundation\InputBag { protected array $parameters = [...] }; public Symfony\Component\HttpFoundation\ServerBag $server = class Symfony\Component\HttpFoundation\ServerBag { protected array $parameters = [...] }; public Symfony\Component\HttpFoundation\FileBag $files = class Symfony\Component\HttpFoundation\FileBag { protected array $parameters = [...] }; public Symfony\Component\HttpFoundation\InputBag $cookies = class Symfony\Component\HttpFoundation\InputBag { protected array $parameters = [...] }; public Symfony\Component\HttpFoundation\HeaderBag $headers = class Symfony\Component\HttpFoundation\HeaderBag { protected array $headers = [...]; protected array $cacheControl = [...] }; protected $content = NULL; protected ?array $languages = NULL; protected ?array $charsets = NULL; protected ?array $encodings = NULL; protected ?array $acceptableContentTypes = NULL; protected ?string $pathInfo = '/admin/vehicles'; protected ?string $requestUri = '/admin/vehicles'; protected ?string $baseUrl = ''; protected ?string $basePath = NULL; protected ?string $method = 'POST'; protected ?string $format = NULL; protected Symfony\Component\HttpFoundation\Session\SessionInterface|Closure|null $session = class Illuminate\Session\SymfonySessionDecorator { public readonly Illuminate\Contracts\Session\Session $store = class Illuminate\Session\Store { ... } }; protected ?string $locale = NULL; protected string $defaultLocale = 'en'; private ?string ${Symfony\Component\HttpFoundation\Request}preferredFormat = NULL; private bool ${Symfony\Component\HttpFoundation\Request}isHostValid = TRUE; private bool ${Symfony\Component\HttpFoundation\Request}isForwardedValid = TRUE; private bool ${Symfony\Component\HttpFoundation\Request}isSafeContentPreferred = *uninitialized*; private array ${Symfony\Component\HttpFoundation\Request}trustedValuesCache = []; private bool ${Symfony\Component\HttpFoundation\Request}isIisRewrite = FALSE; protected $json = NULL; protected $convertedFiles = NULL; protected $userResolver = class Closure { public $static = [...]; public $this = class Illuminate\Auth\AuthServiceProvider { ... }; public $parameter = [...] }; protected $routeResolver = class Closure { public $static = [...]; public $this = class Illuminate\Routing\Router { ... } } }) D:\Mirko\Desktop\Prove webapp\CV_Backoffice\vendor\laravel\framework\src\Illuminate\Foundation\Http\Kernel.php:201
PHP  38. Illuminate\Routing\Router->dispatchToRoute($request = class Illuminate\Http\Request { public Symfony\Component\HttpFoundation\ParameterBag $attributes = class Symfony\Component\HttpFoundation\ParameterBag { protected array $parameters = [...] }; public Symfony\Component\HttpFoundation\InputBag $request = class Symfony\Component\HttpFoundation\InputBag { protected array $parameters = [...] }; public Symfony\Component\HttpFoundation\InputBag $query = class Symfony\Component\HttpFoundation\InputBag { protected array $parameters = [...] }; public Symfony\Component\HttpFoundation\ServerBag $server = class Symfony\Component\HttpFoundation\ServerBag { protected array $parameters = [...] }; public Symfony\Component\HttpFoundation\FileBag $files = class Symfony\Component\HttpFoundation\FileBag { protected array $parameters = [...] }; public Symfony\Component\HttpFoundation\InputBag $cookies = class Symfony\Component\HttpFoundation\InputBag { protected array $parameters = [...] }; public Symfony\Component\HttpFoundation\HeaderBag $headers = class Symfony\Component\HttpFoundation\HeaderBag { protected array $headers = [...]; protected array $cacheControl = [...] }; protected $content = NULL; protected ?array $languages = NULL; protected ?array $charsets = NULL; protected ?array $encodings = NULL; protected ?array $acceptableContentTypes = NULL; protected ?string $pathInfo = '/admin/vehicles'; protected ?string $requestUri = '/admin/vehicles'; protected ?string $baseUrl = ''; protected ?string $basePath = NULL; protected ?string $method = 'POST'; protected ?string $format = NULL; protected Symfony\Component\HttpFoundation\Session\SessionInterface|Closure|null $session = class Illuminate\Session\SymfonySessionDecorator { public readonly Illuminate\Contracts\Session\Session $store = class Illuminate\Session\Store { ... } }; protected ?string $locale = NULL; protected string $defaultLocale = 'en'; private ?string ${Symfony\Component\HttpFoundation\Request}preferredFormat = NULL; private bool ${Symfony\Component\HttpFoundation\Request}isHostValid = TRUE; private bool ${Symfony\Component\HttpFoundation\Request}isForwardedValid = TRUE; private bool ${Symfony\Component\HttpFoundation\Request}isSafeContentPreferred = *uninitialized*; private array ${Symfony\Component\HttpFoundation\Request}trustedValuesCache = []; private bool ${Symfony\Component\HttpFoundation\Request}isIisRewrite = FALSE; protected $json = NULL; protected $convertedFiles = NULL; protected $userResolver = class Closure { public $static = [...]; public $this = class Illuminate\Auth\AuthServiceProvider { ... }; public $parameter = [...] }; protected $routeResolver = class Closure { public $static = [...]; public $this = class Illuminate\Routing\Router { ... } } }) D:\Mirko\Desktop\Prove webapp\CV_Backoffice\vendor\laravel\framework\src\Illuminate\Routing\Router.php:739
PHP  39. Illuminate\Routing\Router->runRoute($request = class Illuminate\Http\Request { public Symfony\Component\HttpFoundation\ParameterBag $attributes = class Symfony\Component\HttpFoundation\ParameterBag { protected array $parameters = [...] }; public Symfony\Component\HttpFoundation\InputBag $request = class Symfony\Component\HttpFoundation\InputBag { protected array $parameters = [...] }; public Symfony\Component\HttpFoundation\InputBag $query = class Symfony\Component\HttpFoundation\InputBag { protected array $parameters = [...] }; public Symfony\Component\HttpFoundation\ServerBag $server = class Symfony\Component\HttpFoundation\ServerBag { protected array $parameters = [...] }; public Symfony\Component\HttpFoundation\FileBag $files = class Symfony\Component\HttpFoundation\FileBag { protected array $parameters = [...] }; public Symfony\Component\HttpFoundation\InputBag $cookies = class Symfony\Component\HttpFoundation\InputBag { protected array $parameters = [...] }; public Symfony\Component\HttpFoundation\HeaderBag $headers = class Symfony\Component\HttpFoundation\HeaderBag { protected array $headers = [...]; protected array $cacheControl = [...] }; protected $content = NULL; protected ?array $languages = NULL; protected ?array $charsets = NULL; protected ?array $encodings = NULL; protected ?array $acceptableContentTypes = NULL; protected ?string $pathInfo = '/admin/vehicles'; protected ?string $requestUri = '/admin/vehicles'; protected ?string $baseUrl = ''; protected ?string $basePath = NULL; protected ?string $method = 'POST'; protected ?string $format = NULL; protected Symfony\Component\HttpFoundation\Session\SessionInterface|Closure|null $session = class Illuminate\Session\SymfonySessionDecorator { public readonly Illuminate\Contracts\Session\Session $store = class Illuminate\Session\Store { ... } }; protected ?string $locale = NULL; protected string $defaultLocale = 'en'; private ?string ${Symfony\Component\HttpFoundation\Request}preferredFormat = NULL; private bool ${Symfony\Component\HttpFoundation\Request}isHostValid = TRUE; private bool ${Symfony\Component\HttpFoundation\Request}isForwardedValid = TRUE; private bool ${Symfony\Component\HttpFoundation\Request}isSafeContentPreferred = *uninitialized*; private array ${Symfony\Component\HttpFoundation\Request}trustedValuesCache = []; private bool ${Symfony\Component\HttpFoundation\Request}isIisRewrite = FALSE; protected $json = NULL; protected $convertedFiles = NULL; protected $userResolver = class Closure { public $static = [...]; public $this = class Illuminate\Auth\AuthServiceProvider { ... }; public $parameter = [...] }; protected $routeResolver = class Closure { public $static = [...]; public $this = class Illuminate\Routing\Router { ... } } }, $route = class Illuminate\Routing\Route { public $uri = 'admin/vehicles'; public $methods = [0 => 'POST']; public $action = ['middleware' => [...], 'as' => 'admin.vehicles.store', 'uses' => 'App\\Http\\Controllers\\Admin\\VehicleController@store', 'controller' => 'App\\Http\\Controllers\\Admin\\VehicleController@store', 'namespace' => NULL, 'prefix' => '/admin', 'where' => [...]]; public $isFallback = FALSE; public $controller = NULL; public $defaults = []; public $wheres = []; public $parameters = []; public $parameterNames = []; protected $originalParameters = []; protected $withTrashedBindings = FALSE; protected $lockSeconds = NULL; protected $waitSeconds = NULL; public $computedMiddleware = [0 => 'web', 1 => 'auth', 2 => 'verified']; public $compiled = class Symfony\Component\Routing\CompiledRoute { private string $staticPrefix = '/admin/vehicles'; private string $regex = '{^/admin/vehicles$}sDu'; private array $tokens = [...]; private array $pathVariables = [...]; private ?string $hostRegex = NULL; private array $hostTokens = [...]; private array $hostVariables = [...]; private array $variables = [...] }; protected $router = class Illuminate\Routing\Router { protected $events = class Illuminate\Events\Dispatcher { ... }; protected $container = class Illuminate\Foundation\Application { ... }; protected $routes = class Illuminate\Routing\RouteCollection { ... }; protected $current = ...; protected $currentRequest = class Illuminate\Http\Request { ... }; protected $middleware = [...]; protected $middlewareGroups = [...]; public $middlewarePriority = [...]; protected $binders = [...]; protected $patterns = [...]; protected $groupStack = [...]; protected $implicitBindingCallback = class Closure { ... } }; protected $container = class Illuminate\Foundation\Application { protected $resolved = [...]; protected $bindings = [...]; protected $methodBindings = [...]; protected $instances = [...]; protected $scopedInstances = [...]; protected $aliases = [...]; protected $abstractAliases = [...]; protected $extenders = [...]; protected $tags = [...]; protected $buildStack = [...]; protected $with = [...]; public $contextual = [...]; public $contextualAttributes = [...]; protected $reboundCallbacks = [...]; protected $globalBeforeResolvingCallbacks = [...]; protected $globalResolvingCallbacks = [...]; protected $globalAfterResolvingCallbacks = [...]; protected $beforeResolvingCallbacks = [...]; protected $resolvingCallbacks = [...]; protected $afterResolvingCallbacks = [...]; protected $afterResolvingAttributeCallbacks = [...]; protected $basePath = 'D:\\Mirko\\Desktop\\Prove webapp\\CV_Backoffice'; protected $registeredCallbacks = [...]; protected $hasBeenBootstrapped = TRUE; protected $booted = TRUE; protected $bootingCallbacks = [...]; protected $bootedCallbacks = [...]; protected $terminatingCallbacks = [...]; protected $serviceProviders = [...]; protected $loadedProviders = [...]; protected $deferredServices = [...]; protected $bootstrapPath = 'D:\\Mirko\\Desktop\\Prove webapp\\CV_Backoffice\\bootstrap'; protected $appPath = NULL; protected $configPath = NULL; protected $databasePath = NULL; protected $langPath = 'D:\\Mirko\\Desktop\\Prove webapp\\CV_Backoffice\\lang'; protected $publicPath = NULL; protected $storagePath = NULL; protected $environmentPath = NULL; protected $environmentFile = '.env'; protected $isRunningInConsole = TRUE; protected $namespace = 'App\\'; protected $mergeFrameworkConfiguration = TRUE; protected $absoluteCachePathPrefixes = [...] }; protected $bindingFields = [] }) D:\Mirko\Desktop\Prove webapp\CV_Backoffice\vendor\laravel\framework\src\Illuminate\Routing\Router.php:750
PHP  40. Illuminate\Routing\Router->runRouteWithinStack($route = class Illuminate\Routing\Route { public $uri = 'admin/vehicles'; public $methods = [0 => 'POST']; public $action = ['middleware' => [...], 'as' => 'admin.vehicles.store', 'uses' => 'App\\Http\\Controllers\\Admin\\VehicleController@store', 'controller' => 'App\\Http\\Controllers\\Admin\\VehicleController@store', 'namespace' => NULL, 'prefix' => '/admin', 'where' => [...]]; public $isFallback = FALSE; public $controller = NULL; public $defaults = []; public $wheres = []; public $parameters = []; public $parameterNames = []; protected $originalParameters = []; protected $withTrashedBindings = FALSE; protected $lockSeconds = NULL; protected $waitSeconds = NULL; public $computedMiddleware = [0 => 'web', 1 => 'auth', 2 => 'verified']; public $compiled = class Symfony\Component\Routing\CompiledRoute { private string $staticPrefix = '/admin/vehicles'; private string $regex = '{^/admin/vehicles$}sDu'; private array $tokens = [...]; private array $pathVariables = [...]; private ?string $hostRegex = NULL; private array $hostTokens = [...]; private array $hostVariables = [...]; private array $variables = [...] }; protected $router = class Illuminate\Routing\Router { protected $events = class Illuminate\Events\Dispatcher { ... }; protected $container = class Illuminate\Foundation\Application { ... }; protected $routes = class Illuminate\Routing\RouteCollection { ... }; protected $current = ...; protected $currentRequest = class Illuminate\Http\Request { ... }; protected $middleware = [...]; protected $middlewareGroups = [...]; public $middlewarePriority = [...]; protected $binders = [...]; protected $patterns = [...]; protected $groupStack = [...]; protected $implicitBindingCallback = class Closure { ... } }; protected $container = class Illuminate\Foundation\Application { protected $resolved = [...]; protected $bindings = [...]; protected $methodBindings = [...]; protected $instances = [...]; protected $scopedInstances = [...]; protected $aliases = [...]; protected $abstractAliases = [...]; protected $extenders = [...]; protected $tags = [...]; protected $buildStack = [...]; protected $with = [...]; public $contextual = [...]; public $contextualAttributes = [...]; protected $reboundCallbacks = [...]; protected $globalBeforeResolvingCallbacks = [...]; protected $globalResolvingCallbacks = [...]; protected $globalAfterResolvingCallbacks = [...]; protected $beforeResolvingCallbacks = [...]; protected $resolvingCallbacks = [...]; protected $afterResolvingCallbacks = [...]; protected $afterResolvingAttributeCallbacks = [...]; protected $basePath = 'D:\\Mirko\\Desktop\\Prove webapp\\CV_Backoffice'; protected $registeredCallbacks = [...]; protected $hasBeenBootstrapped = TRUE; protected $booted = TRUE; protected $bootingCallbacks = [...]; protected $bootedCallbacks = [...]; protected $terminatingCallbacks = [...]; protected $serviceProviders = [...]; protected $loadedProviders = [...]; protected $deferredServices = [...]; protected $bootstrapPath = 'D:\\Mirko\\Desktop\\Prove webapp\\CV_Backoffice\\bootstrap'; protected $appPath = NULL; protected $configPath = NULL; protected $databasePath = NULL; protected $langPath = 'D:\\Mirko\\Desktop\\Prove webapp\\CV_Backoffice\\lang'; protected $publicPath = NULL; protected $storagePath = NULL; protected $environmentPath = NULL; protected $environmentFile = '.env'; protected $isRunningInConsole = TRUE; protected $namespace = 'App\\'; protected $mergeFrameworkConfiguration = TRUE; protected $absoluteCachePathPrefixes = [...] }; protected $bindingFields = [] }, $request = class Illuminate\Http\Request { public Symfony\Component\HttpFoundation\ParameterBag $attributes = class Symfony\Component\HttpFoundation\ParameterBag { protected array $parameters = [...] }; public Symfony\Component\HttpFoundation\InputBag $request = class Symfony\Component\HttpFoundation\InputBag { protected array $parameters = [...] }; public Symfony\Component\HttpFoundation\InputBag $query = class Symfony\Component\HttpFoundation\InputBag { protected array $parameters = [...] }; public Symfony\Component\HttpFoundation\ServerBag $server = class Symfony\Component\HttpFoundation\ServerBag { protected array $parameters = [...] }; public Symfony\Component\HttpFoundation\FileBag $files = class Symfony\Component\HttpFoundation\FileBag { protected array $parameters = [...] }; public Symfony\Component\HttpFoundation\InputBag $cookies = class Symfony\Component\HttpFoundation\InputBag { protected array $parameters = [...] }; public Symfony\Component\HttpFoundation\HeaderBag $headers = class Symfony\Component\HttpFoundation\HeaderBag { protected array $headers = [...]; protected array $cacheControl = [...] }; protected $content = NULL; protected ?array $languages = NULL; protected ?array $charsets = NULL; protected ?array $encodings = NULL; protected ?array $acceptableContentTypes = NULL; protected ?string $pathInfo = '/admin/vehicles'; protected ?string $requestUri = '/admin/vehicles'; protected ?string $baseUrl = ''; protected ?string $basePath = NULL; protected ?string $method = 'POST'; protected ?string $format = NULL; protected Symfony\Component\HttpFoundation\Session\SessionInterface|Closure|null $session = class Illuminate\Session\SymfonySessionDecorator { public readonly Illuminate\Contracts\Session\Session $store = class Illuminate\Session\Store { ... } }; protected ?string $locale = NULL; protected string $defaultLocale = 'en'; private ?string ${Symfony\Component\HttpFoundation\Request}preferredFormat = NULL; private bool ${Symfony\Component\HttpFoundation\Request}isHostValid = TRUE; private bool ${Symfony\Component\HttpFoundation\Request}isForwardedValid = TRUE; private bool ${Symfony\Component\HttpFoundation\Request}isSafeContentPreferred = *uninitialized*; private array ${Symfony\Component\HttpFoundation\Request}trustedValuesCache = []; private bool ${Symfony\Component\HttpFoundation\Request}isIisRewrite = FALSE; protected $json = NULL; protected $convertedFiles = NULL; protected $userResolver = class Closure { public $static = [...]; public $this = class Illuminate\Auth\AuthServiceProvider { ... }; public $parameter = [...] }; protected $routeResolver = class Closure { public $static = [...]; public $this = class Illuminate\Routing\Router { ... } } }) D:\Mirko\Desktop\Prove webapp\CV_Backoffice\vendor\laravel\framework\src\Illuminate\Routing\Router.php:786
PHP  41. Illuminate\Pipeline\Pipeline->then($destination = class Closure { public $static = ['route' => class Illuminate\Routing\Route { ... }]; public $this = class Illuminate\Routing\Router { protected $events = class Illuminate\Events\Dispatcher { ... }; protected $container = class Illuminate\Foundation\Application { ... }; protected $routes = class Illuminate\Routing\RouteCollection { ... }; protected $current = class Illuminate\Routing\Route { ... }; protected $currentRequest = class Illuminate\Http\Request { ... }; protected $middleware = [...]; protected $middlewareGroups = [...]; public $middlewarePriority = [...]; protected $binders = [...]; protected $patterns = [...]; protected $groupStack = [...]; protected $implicitBindingCallback = class Closure { ... } }; public $parameter = ['$request' => '<required>'] }) D:\Mirko\Desktop\Prove webapp\CV_Backoffice\vendor\laravel\framework\src\Illuminate\Routing\Router.php:807
PHP  42. Illuminate\Pipeline\Pipeline->Illuminate\Pipeline\{closure:D:\Mirko\Desktop\Prove webapp\CV_Backoffice\vendor\laravel\framework\src\Illuminate\Pipeline\Pipeline.php:185-216}($passable = class Illuminate\Http\Request { public Symfony\Component\HttpFoundation\ParameterBag $attributes = class Symfony\Component\HttpFoundation\ParameterBag { protected array $parameters = [...] }; public Symfony\Component\HttpFoundation\InputBag $request = class Symfony\Component\HttpFoundation\InputBag { protected array $parameters = [...] }; public Symfony\Component\HttpFoundation\InputBag $query = class Symfony\Component\HttpFoundation\InputBag { protected array $parameters = [...] }; public Symfony\Component\HttpFoundation\ServerBag $server = class Symfony\Component\HttpFoundation\ServerBag { protected array $parameters = [...] }; public Symfony\Component\HttpFoundation\FileBag $files = class Symfony\Component\HttpFoundation\FileBag { protected array $parameters = [...] }; public Symfony\Component\HttpFoundation\InputBag $cookies = class Symfony\Component\HttpFoundation\InputBag { protected array $parameters = [...] }; public Symfony\Component\HttpFoundation\HeaderBag $headers = class Symfony\Component\HttpFoundation\HeaderBag { protected array $headers = [...]; protected array $cacheControl = [...] }; protected $content = NULL; protected ?array $languages = NULL; protected ?array $charsets = NULL; protected ?array $encodings = NULL; protected ?array $acceptableContentTypes = NULL; protected ?string $pathInfo = '/admin/vehicles'; protected ?string $requestUri = '/admin/vehicles'; protected ?string $baseUrl = ''; protected ?string $basePath = NULL; protected ?string $method = 'POST'; protected ?string $format = NULL; protected Symfony\Component\HttpFoundation\Session\SessionInterface|Closure|null $session = class Illuminate\Session\SymfonySessionDecorator { public readonly Illuminate\Contracts\Session\Session $store = class Illuminate\Session\Store { ... } }; protected ?string $locale = NULL; protected string $defaultLocale = 'en'; private ?string ${Symfony\Component\HttpFoundation\Request}preferredFormat = NULL; private bool ${Symfony\Component\HttpFoundation\Request}isHostValid = TRUE; private bool ${Symfony\Component\HttpFoundation\Request}isForwardedValid = TRUE; private bool ${Symfony\Component\HttpFoundation\Request}isSafeContentPreferred = *uninitialized*; private array ${Symfony\Component\HttpFoundation\Request}trustedValuesCache = []; private bool ${Symfony\Component\HttpFoundation\Request}isIisRewrite = FALSE; protected $json = NULL; protected $convertedFiles = NULL; protected $userResolver = class Closure { public $static = [...]; public $this = class Illuminate\Auth\AuthServiceProvider { ... }; public $parameter = [...] }; protected $routeResolver = class Closure { public $static = [...]; public $this = class Illuminate\Routing\Router { ... } } }) D:\Mirko\Desktop\Prove webapp\CV_Backoffice\vendor\laravel\framework\src\Illuminate\Pipeline\Pipeline.php:127
PHP  43. Illuminate\Cookie\Middleware\EncryptCookies->handle($request = class Illuminate\Http\Request { public Symfony\Component\HttpFoundation\ParameterBag $attributes = class Symfony\Component\HttpFoundation\ParameterBag { protected array $parameters = [...] }; public Symfony\Component\HttpFoundation\InputBag $request = class Symfony\Component\HttpFoundation\InputBag { protected array $parameters = [...] }; public Symfony\Component\HttpFoundation\InputBag $query = class Symfony\Component\HttpFoundation\InputBag { protected array $parameters = [...] }; public Symfony\Component\HttpFoundation\ServerBag $server = class Symfony\Component\HttpFoundation\ServerBag { protected array $parameters = [...] }; public Symfony\Component\HttpFoundation\FileBag $files = class Symfony\Component\HttpFoundation\FileBag { protected array $parameters = [...] }; public Symfony\Component\HttpFoundation\InputBag $cookies = class Symfony\Component\HttpFoundation\InputBag { protected array $parameters = [...] }; public Symfony\Component\HttpFoundation\HeaderBag $headers = class Symfony\Component\HttpFoundation\HeaderBag { protected array $headers = [...]; protected array $cacheControl = [...] }; protected $content = NULL; protected ?array $languages = NULL; protected ?array $charsets = NULL; protected ?array $encodings = NULL; protected ?array $acceptableContentTypes = NULL; protected ?string $pathInfo = '/admin/vehicles'; protected ?string $requestUri = '/admin/vehicles'; protected ?string $baseUrl = ''; protected ?string $basePath = NULL; protected ?string $method = 'POST'; protected ?string $format = NULL; protected Symfony\Component\HttpFoundation\Session\SessionInterface|Closure|null $session = class Illuminate\Session\SymfonySessionDecorator { public readonly Illuminate\Contracts\Session\Session $store = class Illuminate\Session\Store { ... } }; protected ?string $locale = NULL; protected string $defaultLocale = 'en'; private ?string ${Symfony\Component\HttpFoundation\Request}preferredFormat = NULL; private bool ${Symfony\Component\HttpFoundation\Request}isHostValid = TRUE; private bool ${Symfony\Component\HttpFoundation\Request}isForwardedValid = TRUE; private bool ${Symfony\Component\HttpFoundation\Request}isSafeContentPreferred = *uninitialized*; private array ${Symfony\Component\HttpFoundation\Request}trustedValuesCache = []; private bool ${Symfony\Component\HttpFoundation\Request}isIisRewrite = FALSE; protected $json = NULL; protected $convertedFiles = NULL; protected $userResolver = class Closure { public $static = [...]; public $this = class Illuminate\Auth\AuthServiceProvider { ... }; public $parameter = [...] }; protected $routeResolver = class Closure { public $static = [...]; public $this = class Illuminate\Routing\Router { ... } } }, $next = class Closure { public $static = ['stack' => class Closure { ... }, 'pipe' => 'Illuminate\\Cookie\\Middleware\\AddQueuedCookiesToResponse']; public $this = class Illuminate\Routing\Pipeline { protected $container = class Illuminate\Foundation\Application { ... }; protected $passable = class Illuminate\Http\Request { ... }; protected $pipes = [...]; protected $method = 'handle'; protected $finally = NULL }; public $parameter = ['$passable' => '<required>'] }) D:\Mirko\Desktop\Prove webapp\CV_Backoffice\vendor\laravel\framework\src\Illuminate\Pipeline\Pipeline.php:209
PHP  44. Illuminate\Pipeline\Pipeline->Illuminate\Pipeline\{closure:D:\Mirko\Desktop\Prove webapp\CV_Backoffice\vendor\laravel\framework\src\Illuminate\Pipeline\Pipeline.php:185-216}($passable = class Illuminate\Http\Request { public Symfony\Component\HttpFoundation\ParameterBag $attributes = class Symfony\Component\HttpFoundation\ParameterBag { protected array $parameters = [...] }; public Symfony\Component\HttpFoundation\InputBag $request = class Symfony\Component\HttpFoundation\InputBag { protected array $parameters = [...] }; public Symfony\Component\HttpFoundation\InputBag $query = class Symfony\Component\HttpFoundation\InputBag { protected array $parameters = [...] }; public Symfony\Component\HttpFoundation\ServerBag $server = class Symfony\Component\HttpFoundation\ServerBag { protected array $parameters = [...] }; public Symfony\Component\HttpFoundation\FileBag $files = class Symfony\Component\HttpFoundation\FileBag { protected array $parameters = [...] }; public Symfony\Component\HttpFoundation\InputBag $cookies = class Symfony\Component\HttpFoundation\InputBag { protected array $parameters = [...] }; public Symfony\Component\HttpFoundation\HeaderBag $headers = class Symfony\Component\HttpFoundation\HeaderBag { protected array $headers = [...]; protected array $cacheControl = [...] }; protected $content = NULL; protected ?array $languages = NULL; protected ?array $charsets = NULL; protected ?array $encodings = NULL; protected ?array $acceptableContentTypes = NULL; protected ?string $pathInfo = '/admin/vehicles'; protected ?string $requestUri = '/admin/vehicles'; protected ?string $baseUrl = ''; protected ?string $basePath = NULL; protected ?string $method = 'POST'; protected ?string $format = NULL; protected Symfony\Component\HttpFoundation\Session\SessionInterface|Closure|null $session = class Illuminate\Session\SymfonySessionDecorator { public readonly Illuminate\Contracts\Session\Session $store = class Illuminate\Session\Store { ... } }; protected ?string $locale = NULL; protected string $defaultLocale = 'en'; private ?string ${Symfony\Component\HttpFoundation\Request}preferredFormat = NULL; private bool ${Symfony\Component\HttpFoundation\Request}isHostValid = TRUE; private bool ${Symfony\Component\HttpFoundation\Request}isForwardedValid = TRUE; private bool ${Symfony\Component\HttpFoundation\Request}isSafeContentPreferred = *uninitialized*; private array ${Symfony\Component\HttpFoundation\Request}trustedValuesCache = []; private bool ${Symfony\Component\HttpFoundation\Request}isIisRewrite = FALSE; protected $json = NULL; protected $convertedFiles = NULL; protected $userResolver = class Closure { public $static = [...]; public $this = class Illuminate\Auth\AuthServiceProvider { ... }; public $parameter = [...] }; protected $routeResolver = class Closure { public $static = [...]; public $this = class Illuminate\Routing\Router { ... } } }) D:\Mirko\Desktop\Prove webapp\CV_Backoffice\vendor\laravel\framework\src\Illuminate\Cookie\Middleware\EncryptCookies.php:75
PHP  45. Illuminate\Cookie\Middleware\AddQueuedCookiesToResponse->handle($request = class Illuminate\Http\Request { public Symfony\Component\HttpFoundation\ParameterBag $attributes = class Symfony\Component\HttpFoundation\ParameterBag { protected array $parameters = [...] }; public Symfony\Component\HttpFoundation\InputBag $request = class Symfony\Component\HttpFoundation\InputBag { protected array $parameters = [...] }; public Symfony\Component\HttpFoundation\InputBag $query = class Symfony\Component\HttpFoundation\InputBag { protected array $parameters = [...] }; public Symfony\Component\HttpFoundation\ServerBag $server = class Symfony\Component\HttpFoundation\ServerBag { protected array $parameters = [...] }; public Symfony\Component\HttpFoundation\FileBag $files = class Symfony\Component\HttpFoundation\FileBag { protected array $parameters = [...] }; public Symfony\Component\HttpFoundation\InputBag $cookies = class Symfony\Component\HttpFoundation\InputBag { protected array $parameters = [...] }; public Symfony\Component\HttpFoundation\HeaderBag $headers = class Symfony\Component\HttpFoundation\HeaderBag { protected array $headers = [...]; protected array $cacheControl = [...] }; protected $content = NULL; protected ?array $languages = NULL; protected ?array $charsets = NULL; protected ?array $encodings = NULL; protected ?array $acceptableContentTypes = NULL; protected ?string $pathInfo = '/admin/vehicles'; protected ?string $requestUri = '/admin/vehicles'; protected ?string $baseUrl = ''; protected ?string $basePath = NULL; protected ?string $method = 'POST'; protected ?string $format = NULL; protected Symfony\Component\HttpFoundation\Session\SessionInterface|Closure|null $session = class Illuminate\Session\SymfonySessionDecorator { public readonly Illuminate\Contracts\Session\Session $store = class Illuminate\Session\Store { ... } }; protected ?string $locale = NULL; protected string $defaultLocale = 'en'; private ?string ${Symfony\Component\HttpFoundation\Request}preferredFormat = NULL; private bool ${Symfony\Component\HttpFoundation\Request}isHostValid = TRUE; private bool ${Symfony\Component\HttpFoundation\Request}isForwardedValid = TRUE; private bool ${Symfony\Component\HttpFoundation\Request}isSafeContentPreferred = *uninitialized*; private array ${Symfony\Component\HttpFoundation\Request}trustedValuesCache = []; private bool ${Symfony\Component\HttpFoundation\Request}isIisRewrite = FALSE; protected $json = NULL; protected $convertedFiles = NULL; protected $userResolver = class Closure { public $static = [...]; public $this = class Illuminate\Auth\AuthServiceProvider { ... }; public $parameter = [...] }; protected $routeResolver = class Closure { public $static = [...]; public $this = class Illuminate\Routing\Router { ... } } }, $next = class Closure { public $static = ['stack' => class Closure { ... }, 'pipe' => 'Illuminate\\Session\\Middleware\\StartSession']; public $this = class Illuminate\Routing\Pipeline { protected $container = class Illuminate\Foundation\Application { ... }; protected $passable = class Illuminate\Http\Request { ... }; protected $pipes = [...]; protected $method = 'handle'; protected $finally = NULL }; public $parameter = ['$passable' => '<required>'] }) D:\Mirko\Desktop\Prove webapp\CV_Backoffice\vendor\laravel\framework\src\Illuminate\Pipeline\Pipeline.php:209
PHP  46. Illuminate\Pipeline\Pipeline->Illuminate\Pipeline\{closure:D:\Mirko\Desktop\Prove webapp\CV_Backoffice\vendor\laravel\framework\src\Illuminate\Pipeline\Pipeline.php:185-216}($passable = class Illuminate\Http\Request { public Symfony\Component\HttpFoundation\ParameterBag $attributes = class Symfony\Component\HttpFoundation\ParameterBag { protected array $parameters = [...] }; public Symfony\Component\HttpFoundation\InputBag $request = class Symfony\Component\HttpFoundation\InputBag { protected array $parameters = [...] }; public Symfony\Component\HttpFoundation\InputBag $query = class Symfony\Component\HttpFoundation\InputBag { protected array $parameters = [...] }; public Symfony\Component\HttpFoundation\ServerBag $server = class Symfony\Component\HttpFoundation\ServerBag { protected array $parameters = [...] }; public Symfony\Component\HttpFoundation\FileBag $files = class Symfony\Component\HttpFoundation\FileBag { protected array $parameters = [...] }; public Symfony\Component\HttpFoundation\InputBag $cookies = class Symfony\Component\HttpFoundation\InputBag { protected array $parameters = [...] }; public Symfony\Component\HttpFoundation\HeaderBag $headers = class Symfony\Component\HttpFoundation\HeaderBag { protected array $headers = [...]; protected array $cacheControl = [...] }; protected $content = NULL; protected ?array $languages = NULL; protected ?array $charsets = NULL; protected ?array $encodings = NULL; protected ?array $acceptableContentTypes = NULL; protected ?string $pathInfo = '/admin/vehicles'; protected ?string $requestUri = '/admin/vehicles'; protected ?string $baseUrl = ''; protected ?string $basePath = NULL; protected ?string $method = 'POST'; protected ?string $format = NULL; protected Symfony\Component\HttpFoundation\Session\SessionInterface|Closure|null $session = class Illuminate\Session\SymfonySessionDecorator { public readonly Illuminate\Contracts\Session\Session $store = class Illuminate\Session\Store { ... } }; protected ?string $locale = NULL; protected string $defaultLocale = 'en'; private ?string ${Symfony\Component\HttpFoundation\Request}preferredFormat = NULL; private bool ${Symfony\Component\HttpFoundation\Request}isHostValid = TRUE; private bool ${Symfony\Component\HttpFoundation\Request}isForwardedValid = TRUE; private bool ${Symfony\Component\HttpFoundation\Request}isSafeContentPreferred = *uninitialized*; private array ${Symfony\Component\HttpFoundation\Request}trustedValuesCache = []; private bool ${Symfony\Component\HttpFoundation\Request}isIisRewrite = FALSE; protected $json = NULL; protected $convertedFiles = NULL; protected $userResolver = class Closure { public $static = [...]; public $this = class Illuminate\Auth\AuthServiceProvider { ... }; public $parameter = [...] }; protected $routeResolver = class Closure { public $static = [...]; public $this = class Illuminate\Routing\Router { ... } } }) D:\Mirko\Desktop\Prove webapp\CV_Backoffice\vendor\laravel\framework\src\Illuminate\Cookie\Middleware\AddQueuedCookiesToResponse.php:37
PHP  47. Illuminate\Session\Middleware\StartSession->handle($request = class Illuminate\Http\Request { public Symfony\Component\HttpFoundation\ParameterBag $attributes = class Symfony\Component\HttpFoundation\ParameterBag { protected array $parameters = [...] }; public Symfony\Component\HttpFoundation\InputBag $request = class Symfony\Component\HttpFoundation\InputBag { protected array $parameters = [...] }; public Symfony\Component\HttpFoundation\InputBag $query = class Symfony\Component\HttpFoundation\InputBag { protected array $parameters = [...] }; public Symfony\Component\HttpFoundation\ServerBag $server = class Symfony\Component\HttpFoundation\ServerBag { protected array $parameters = [...] }; public Symfony\Component\HttpFoundation\FileBag $files = class Symfony\Component\HttpFoundation\FileBag { protected array $parameters = [...] }; public Symfony\Component\HttpFoundation\InputBag $cookies = class Symfony\Component\HttpFoundation\InputBag { protected array $parameters = [...] }; public Symfony\Component\HttpFoundation\HeaderBag $headers = class Symfony\Component\HttpFoundation\HeaderBag { protected array $headers = [...]; protected array $cacheControl = [...] }; protected $content = NULL; protected ?array $languages = NULL; protected ?array $charsets = NULL; protected ?array $encodings = NULL; protected ?array $acceptableContentTypes = NULL; protected ?string $pathInfo = '/admin/vehicles'; protected ?string $requestUri = '/admin/vehicles'; protected ?string $baseUrl = ''; protected ?string $basePath = NULL; protected ?string $method = 'POST'; protected ?string $format = NULL; protected Symfony\Component\HttpFoundation\Session\SessionInterface|Closure|null $session = class Illuminate\Session\SymfonySessionDecorator { public readonly Illuminate\Contracts\Session\Session $store = class Illuminate\Session\Store { ... } }; protected ?string $locale = NULL; protected string $defaultLocale = 'en'; private ?string ${Symfony\Component\HttpFoundation\Request}preferredFormat = NULL; private bool ${Symfony\Component\HttpFoundation\Request}isHostValid = TRUE; private bool ${Symfony\Component\HttpFoundation\Request}isForwardedValid = TRUE; private bool ${Symfony\Component\HttpFoundation\Request}isSafeContentPreferred = *uninitialized*; private array ${Symfony\Component\HttpFoundation\Request}trustedValuesCache = []; private bool ${Symfony\Component\HttpFoundation\Request}isIisRewrite = FALSE; protected $json = NULL; protected $convertedFiles = NULL; protected $userResolver = class Closure { public $static = [...]; public $this = class Illuminate\Auth\AuthServiceProvider { ... }; public $parameter = [...] }; protected $routeResolver = class Closure { public $static = [...]; public $this = class Illuminate\Routing\Router { ... } } }, $next = class Closure { public $static = ['stack' => class Closure { ... }, 'pipe' => 'Illuminate\\View\\Middleware\\ShareErrorsFromSession']; public $this = class Illuminate\Routing\Pipeline { protected $container = class Illuminate\Foundation\Application { ... }; protected $passable = class Illuminate\Http\Request { ... }; protected $pipes = [...]; protected $method = 'handle'; protected $finally = NULL }; public $parameter = ['$passable' => '<required>'] }) D:\Mirko\Desktop\Prove webapp\CV_Backoffice\vendor\laravel\framework\src\Illuminate\Pipeline\Pipeline.php:209
PHP  48. Illuminate\Session\Middleware\StartSession->handleStatefulRequest($request = class Illuminate\Http\Request { public Symfony\Component\HttpFoundation\ParameterBag $attributes = class Symfony\Component\HttpFoundation\ParameterBag { protected array $parameters = [...] }; public Symfony\Component\HttpFoundation\InputBag $request = class Symfony\Component\HttpFoundation\InputBag { protected array $parameters = [...] }; public Symfony\Component\HttpFoundation\InputBag $query = class Symfony\Component\HttpFoundation\InputBag { protected array $parameters = [...] }; public Symfony\Component\HttpFoundation\ServerBag $server = class Symfony\Component\HttpFoundation\ServerBag { protected array $parameters = [...] }; public Symfony\Component\HttpFoundation\FileBag $files = class Symfony\Component\HttpFoundation\FileBag { protected array $parameters = [...] }; public Symfony\Component\HttpFoundation\InputBag $cookies = class Symfony\Component\HttpFoundation\InputBag { protected array $parameters = [...] }; public Symfony\Component\HttpFoundation\HeaderBag $headers = class Symfony\Component\HttpFoundation\HeaderBag { protected array $headers = [...]; protected array $cacheControl = [...] }; protected $content = NULL; protected ?array $languages = NULL; protected ?array $charsets = NULL; protected ?array $encodings = NULL; protected ?array $acceptableContentTypes = NULL; protected ?string $pathInfo = '/admin/vehicles'; protected ?string $requestUri = '/admin/vehicles'; protected ?string $baseUrl = ''; protected ?string $basePath = NULL; protected ?string $method = 'POST'; protected ?string $format = NULL; protected Symfony\Component\HttpFoundation\Session\SessionInterface|Closure|null $session = class Illuminate\Session\SymfonySessionDecorator { public readonly Illuminate\Contracts\Session\Session $store = class Illuminate\Session\Store { ... } }; protected ?string $locale = NULL; protected string $defaultLocale = 'en'; private ?string ${Symfony\Component\HttpFoundation\Request}preferredFormat = NULL; private bool ${Symfony\Component\HttpFoundation\Request}isHostValid = TRUE; private bool ${Symfony\Component\HttpFoundation\Request}isForwardedValid = TRUE; private bool ${Symfony\Component\HttpFoundation\Request}isSafeContentPreferred = *uninitialized*; private array ${Symfony\Component\HttpFoundation\Request}trustedValuesCache = []; private bool ${Symfony\Component\HttpFoundation\Request}isIisRewrite = FALSE; protected $json = NULL; protected $convertedFiles = NULL; protected $userResolver = class Closure { public $static = [...]; public $this = class Illuminate\Auth\AuthServiceProvider { ... }; public $parameter = [...] }; protected $routeResolver = class Closure { public $static = [...]; public $this = class Illuminate\Routing\Router { ... } } }, $session = class Illuminate\Session\Store { protected $id = 'q66tK4trBY9F8D8cXbYFfOz8ShLBAlsvIKIaxpoZ'; protected $name = 'cv_backoffice_session'; protected $attributes = ['_token' => 'NTVLXHUpDJ9RsDwQwSWQDmw8M1XtiwUXi4NYjBQO']; protected $handler = class Illuminate\Session\ArraySessionHandler { protected $storage = [...]; protected $minutes = 120 }; protected $serialization = 'php'; protected $started = TRUE }, $next = class Closure { public $static = ['stack' => class Closure { ... }, 'pipe' => 'Illuminate\\View\\Middleware\\ShareErrorsFromSession']; public $this = class Illuminate\Routing\Pipeline { protected $container = class Illuminate\Foundation\Application { ... }; protected $passable = class Illuminate\Http\Request { ... }; protected $pipes = [...]; protected $method = 'handle'; protected $finally = NULL }; public $parameter = ['$passable' => '<required>'] }) D:\Mirko\Desktop\Prove webapp\CV_Backoffice\vendor\laravel\framework\src\Illuminate\Session\Middleware\StartSession.php:64
PHP  49. Illuminate\Pipeline\Pipeline->Illuminate\Pipeline\{closure:D:\Mirko\Desktop\Prove webapp\CV_Backoffice\vendor\laravel\framework\src\Illuminate\Pipeline\Pipeline.php:185-216}($passable = class Illuminate\Http\Request { public Symfony\Component\HttpFoundation\ParameterBag $attributes = class Symfony\Component\HttpFoundation\ParameterBag { protected array $parameters = [...] }; public Symfony\Component\HttpFoundation\InputBag $request = class Symfony\Component\HttpFoundation\InputBag { protected array $parameters = [...] }; public Symfony\Component\HttpFoundation\InputBag $query = class Symfony\Component\HttpFoundation\InputBag { protected array $parameters = [...] }; public Symfony\Component\HttpFoundation\ServerBag $server = class Symfony\Component\HttpFoundation\ServerBag { protected array $parameters = [...] }; public Symfony\Component\HttpFoundation\FileBag $files = class Symfony\Component\HttpFoundation\FileBag { protected array $parameters = [...] }; public Symfony\Component\HttpFoundation\InputBag $cookies = class Symfony\Component\HttpFoundation\InputBag { protected array $parameters = [...] }; public Symfony\Component\HttpFoundation\HeaderBag $headers = class Symfony\Component\HttpFoundation\HeaderBag { protected array $headers = [...]; protected array $cacheControl = [...] }; protected $content = NULL; protected ?array $languages = NULL; protected ?array $charsets = NULL; protected ?array $encodings = NULL; protected ?array $acceptableContentTypes = NULL; protected ?string $pathInfo = '/admin/vehicles'; protected ?string $requestUri = '/admin/vehicles'; protected ?string $baseUrl = ''; protected ?string $basePath = NULL; protected ?string $method = 'POST'; protected ?string $format = NULL; protected Symfony\Component\HttpFoundation\Session\SessionInterface|Closure|null $session = class Illuminate\Session\SymfonySessionDecorator { public readonly Illuminate\Contracts\Session\Session $store = class Illuminate\Session\Store { ... } }; protected ?string $locale = NULL; protected string $defaultLocale = 'en'; private ?string ${Symfony\Component\HttpFoundation\Request}preferredFormat = NULL; private bool ${Symfony\Component\HttpFoundation\Request}isHostValid = TRUE; private bool ${Symfony\Component\HttpFoundation\Request}isForwardedValid = TRUE; private bool ${Symfony\Component\HttpFoundation\Request}isSafeContentPreferred = *uninitialized*; private array ${Symfony\Component\HttpFoundation\Request}trustedValuesCache = []; private bool ${Symfony\Component\HttpFoundation\Request}isIisRewrite = FALSE; protected $json = NULL; protected $convertedFiles = NULL; protected $userResolver = class Closure { public $static = [...]; public $this = class Illuminate\Auth\AuthServiceProvider { ... }; public $parameter = [...] }; protected $routeResolver = class Closure { public $static = [...]; public $this = class Illuminate\Routing\Router { ... } } }) D:\Mirko\Desktop\Prove webapp\CV_Backoffice\vendor\laravel\framework\src\Illuminate\Session\Middleware\StartSession.php:121
PHP  50. Illuminate\View\Middleware\ShareErrorsFromSession->handle($request = class Illuminate\Http\Request { public Symfony\Component\HttpFoundation\ParameterBag $attributes = class Symfony\Component\HttpFoundation\ParameterBag { protected array $parameters = [...] }; public Symfony\Component\HttpFoundation\InputBag $request = class Symfony\Component\HttpFoundation\InputBag { protected array $parameters = [...] }; public Symfony\Component\HttpFoundation\InputBag $query = class Symfony\Component\HttpFoundation\InputBag { protected array $parameters = [...] }; public Symfony\Component\HttpFoundation\ServerBag $server = class Symfony\Component\HttpFoundation\ServerBag { protected array $parameters = [...] }; public Symfony\Component\HttpFoundation\FileBag $files = class Symfony\Component\HttpFoundation\FileBag { protected array $parameters = [...] }; public Symfony\Component\HttpFoundation\InputBag $cookies = class Symfony\Component\HttpFoundation\InputBag { protected array $parameters = [...] }; public Symfony\Component\HttpFoundation\HeaderBag $headers = class Symfony\Component\HttpFoundation\HeaderBag { protected array $headers = [...]; protected array $cacheControl = [...] }; protected $content = NULL; protected ?array $languages = NULL; protected ?array $charsets = NULL; protected ?array $encodings = NULL; protected ?array $acceptableContentTypes = NULL; protected ?string $pathInfo = '/admin/vehicles'; protected ?string $requestUri = '/admin/vehicles'; protected ?string $baseUrl = ''; protected ?string $basePath = NULL; protected ?string $method = 'POST'; protected ?string $format = NULL; protected Symfony\Component\HttpFoundation\Session\SessionInterface|Closure|null $session = class Illuminate\Session\SymfonySessionDecorator { public readonly Illuminate\Contracts\Session\Session $store = class Illuminate\Session\Store { ... } }; protected ?string $locale = NULL; protected string $defaultLocale = 'en'; private ?string ${Symfony\Component\HttpFoundation\Request}preferredFormat = NULL; private bool ${Symfony\Component\HttpFoundation\Request}isHostValid = TRUE; private bool ${Symfony\Component\HttpFoundation\Request}isForwardedValid = TRUE; private bool ${Symfony\Component\HttpFoundation\Request}isSafeContentPreferred = *uninitialized*; private array ${Symfony\Component\HttpFoundation\Request}trustedValuesCache = []; private bool ${Symfony\Component\HttpFoundation\Request}isIisRewrite = FALSE; protected $json = NULL; protected $convertedFiles = NULL; protected $userResolver = class Closure { public $static = [...]; public $this = class Illuminate\Auth\AuthServiceProvider { ... }; public $parameter = [...] }; protected $routeResolver = class Closure { public $static = [...]; public $this = class Illuminate\Routing\Router { ... } } }, $next = class Closure { public $static = ['stack' => class Closure { ... }, 'pipe' => 'Illuminate\\Foundation\\Http\\Middleware\\ValidateCsrfToken']; public $this = class Illuminate\Routing\Pipeline { protected $container = class Illuminate\Foundation\Application { ... }; protected $passable = class Illuminate\Http\Request { ... }; protected $pipes = [...]; protected $method = 'handle'; protected $finally = NULL }; public $parameter = ['$passable' => '<required>'] }) D:\Mirko\Desktop\Prove webapp\CV_Backoffice\vendor\laravel\framework\src\Illuminate\Pipeline\Pipeline.php:209
PHP  51. Illuminate\Pipeline\Pipeline->Illuminate\Pipeline\{closure:D:\Mirko\Desktop\Prove webapp\CV_Backoffice\vendor\laravel\framework\src\Illuminate\Pipeline\Pipeline.php:185-216}($passable = class Illuminate\Http\Request { public Symfony\Component\HttpFoundation\ParameterBag $attributes = class Symfony\Component\HttpFoundation\ParameterBag { protected array $parameters = [...] }; public Symfony\Component\HttpFoundation\InputBag $request = class Symfony\Component\HttpFoundation\InputBag { protected array $parameters = [...] }; public Symfony\Component\HttpFoundation\InputBag $query = class Symfony\Component\HttpFoundation\InputBag { protected array $parameters = [...] }; public Symfony\Component\HttpFoundation\ServerBag $server = class Symfony\Component\HttpFoundation\ServerBag { protected array $parameters = [...] }; public Symfony\Component\HttpFoundation\FileBag $files = class Symfony\Component\HttpFoundation\FileBag { protected array $parameters = [...] }; public Symfony\Component\HttpFoundation\InputBag $cookies = class Symfony\Component\HttpFoundation\InputBag { protected array $parameters = [...] }; public Symfony\Component\HttpFoundation\HeaderBag $headers = class Symfony\Component\HttpFoundation\HeaderBag { protected array $headers = [...]; protected array $cacheControl = [...] }; protected $content = NULL; protected ?array $languages = NULL; protected ?array $charsets = NULL; protected ?array $encodings = NULL; protected ?array $acceptableContentTypes = NULL; protected ?string $pathInfo = '/admin/vehicles'; protected ?string $requestUri = '/admin/vehicles'; protected ?string $baseUrl = ''; protected ?string $basePath = NULL; protected ?string $method = 'POST'; protected ?string $format = NULL; protected Symfony\Component\HttpFoundation\Session\SessionInterface|Closure|null $session = class Illuminate\Session\SymfonySessionDecorator { public readonly Illuminate\Contracts\Session\Session $store = class Illuminate\Session\Store { ... } }; protected ?string $locale = NULL; protected string $defaultLocale = 'en'; private ?string ${Symfony\Component\HttpFoundation\Request}preferredFormat = NULL; private bool ${Symfony\Component\HttpFoundation\Request}isHostValid = TRUE; private bool ${Symfony\Component\HttpFoundation\Request}isForwardedValid = TRUE; private bool ${Symfony\Component\HttpFoundation\Request}isSafeContentPreferred = *uninitialized*; private array ${Symfony\Component\HttpFoundation\Request}trustedValuesCache = []; private bool ${Symfony\Component\HttpFoundation\Request}isIisRewrite = FALSE; protected $json = NULL; protected $convertedFiles = NULL; protected $userResolver = class Closure { public $static = [...]; public $this = class Illuminate\Auth\AuthServiceProvider { ... }; public $parameter = [...] }; protected $routeResolver = class Closure { public $static = [...]; public $this = class Illuminate\Routing\Router { ... } } }) D:\Mirko\Desktop\Prove webapp\CV_Backoffice\vendor\laravel\framework\src\Illuminate\View\Middleware\ShareErrorsFromSession.php:49
PHP  52. Illuminate\Foundation\Http\Middleware\VerifyCsrfToken->handle($request = class Illuminate\Http\Request { public Symfony\Component\HttpFoundation\ParameterBag $attributes = class Symfony\Component\HttpFoundation\ParameterBag { protected array $parameters = [...] }; public Symfony\Component\HttpFoundation\InputBag $request = class Symfony\Component\HttpFoundation\InputBag { protected array $parameters = [...] }; public Symfony\Component\HttpFoundation\InputBag $query = class Symfony\Component\HttpFoundation\InputBag { protected array $parameters = [...] }; public Symfony\Component\HttpFoundation\ServerBag $server = class Symfony\Component\HttpFoundation\ServerBag { protected array $parameters = [...] }; public Symfony\Component\HttpFoundation\FileBag $files = class Symfony\Component\HttpFoundation\FileBag { protected array $parameters = [...] }; public Symfony\Component\HttpFoundation\InputBag $cookies = class Symfony\Component\HttpFoundation\InputBag { protected array $parameters = [...] }; public Symfony\Component\HttpFoundation\HeaderBag $headers = class Symfony\Component\HttpFoundation\HeaderBag { protected array $headers = [...]; protected array $cacheControl = [...] }; protected $content = NULL; protected ?array $languages = NULL; protected ?array $charsets = NULL; protected ?array $encodings = NULL; protected ?array $acceptableContentTypes = NULL; protected ?string $pathInfo = '/admin/vehicles'; protected ?string $requestUri = '/admin/vehicles'; protected ?string $baseUrl = ''; protected ?string $basePath = NULL; protected ?string $method = 'POST'; protected ?string $format = NULL; protected Symfony\Component\HttpFoundation\Session\SessionInterface|Closure|null $session = class Illuminate\Session\SymfonySessionDecorator { public readonly Illuminate\Contracts\Session\Session $store = class Illuminate\Session\Store { ... } }; protected ?string $locale = NULL; protected string $defaultLocale = 'en'; private ?string ${Symfony\Component\HttpFoundation\Request}preferredFormat = NULL; private bool ${Symfony\Component\HttpFoundation\Request}isHostValid = TRUE; private bool ${Symfony\Component\HttpFoundation\Request}isForwardedValid = TRUE; private bool ${Symfony\Component\HttpFoundation\Request}isSafeContentPreferred = *uninitialized*; private array ${Symfony\Component\HttpFoundation\Request}trustedValuesCache = []; private bool ${Symfony\Component\HttpFoundation\Request}isIisRewrite = FALSE; protected $json = NULL; protected $convertedFiles = NULL; protected $userResolver = class Closure { public $static = [...]; public $this = class Illuminate\Auth\AuthServiceProvider { ... }; public $parameter = [...] }; protected $routeResolver = class Closure { public $static = [...]; public $this = class Illuminate\Routing\Router { ... } } }, $next = class Closure { public $static = ['stack' => class Closure { ... }, 'pipe' => 'Illuminate\\Auth\\Middleware\\Authenticate']; public $this = class Illuminate\Routing\Pipeline { protected $container = class Illuminate\Foundation\Application { ... }; protected $passable = class Illuminate\Http\Request { ... }; protected $pipes = [...]; protected $method = 'handle'; protected $finally = NULL }; public $parameter = ['$passable' => '<required>'] }) D:\Mirko\Desktop\Prove webapp\CV_Backoffice\vendor\laravel\framework\src\Illuminate\Pipeline\Pipeline.php:209
PHP  53. Illuminate\Pipeline\Pipeline->Illuminate\Pipeline\{closure:D:\Mirko\Desktop\Prove webapp\CV_Backoffice\vendor\laravel\framework\src\Illuminate\Pipeline\Pipeline.php:185-216}($passable = class Illuminate\Http\Request { public Symfony\Component\HttpFoundation\ParameterBag $attributes = class Symfony\Component\HttpFoundation\ParameterBag { protected array $parameters = [...] }; public Symfony\Component\HttpFoundation\InputBag $request = class Symfony\Component\HttpFoundation\InputBag { protected array $parameters = [...] }; public Symfony\Component\HttpFoundation\InputBag $query = class Symfony\Component\HttpFoundation\InputBag { protected array $parameters = [...] }; public Symfony\Component\HttpFoundation\ServerBag $server = class Symfony\Component\HttpFoundation\ServerBag { protected array $parameters = [...] }; public Symfony\Component\HttpFoundation\FileBag $files = class Symfony\Component\HttpFoundation\FileBag { protected array $parameters = [...] }; public Symfony\Component\HttpFoundation\InputBag $cookies = class Symfony\Component\HttpFoundation\InputBag { protected array $parameters = [...] }; public Symfony\Component\HttpFoundation\HeaderBag $headers = class Symfony\Component\HttpFoundation\HeaderBag { protected array $headers = [...]; protected array $cacheControl = [...] }; protected $content = NULL; protected ?array $languages = NULL; protected ?array $charsets = NULL; protected ?array $encodings = NULL; protected ?array $acceptableContentTypes = NULL; protected ?string $pathInfo = '/admin/vehicles'; protected ?string $requestUri = '/admin/vehicles'; protected ?string $baseUrl = ''; protected ?string $basePath = NULL; protected ?string $method = 'POST'; protected ?string $format = NULL; protected Symfony\Component\HttpFoundation\Session\SessionInterface|Closure|null $session = class Illuminate\Session\SymfonySessionDecorator { public readonly Illuminate\Contracts\Session\Session $store = class Illuminate\Session\Store { ... } }; protected ?string $locale = NULL; protected string $defaultLocale = 'en'; private ?string ${Symfony\Component\HttpFoundation\Request}preferredFormat = NULL; private bool ${Symfony\Component\HttpFoundation\Request}isHostValid = TRUE; private bool ${Symfony\Component\HttpFoundation\Request}isForwardedValid = TRUE; private bool ${Symfony\Component\HttpFoundation\Request}isSafeContentPreferred = *uninitialized*; private array ${Symfony\Component\HttpFoundation\Request}trustedValuesCache = []; private bool ${Symfony\Component\HttpFoundation\Request}isIisRewrite = FALSE; protected $json = NULL; protected $convertedFiles = NULL; protected $userResolver = class Closure { public $static = [...]; public $this = class Illuminate\Auth\AuthServiceProvider { ... }; public $parameter = [...] }; protected $routeResolver = class Closure { public $static = [...]; public $this = class Illuminate\Routing\Router { ... } } }) D:\Mirko\Desktop\Prove webapp\CV_Backoffice\vendor\laravel\framework\src\Illuminate\Foundation\Http\Middleware\VerifyCsrfToken.php:88
PHP  54. Illuminate\Auth\Middleware\Authenticate->handle($request = class Illuminate\Http\Request { public Symfony\Component\HttpFoundation\ParameterBag $attributes = class Symfony\Component\HttpFoundation\ParameterBag { protected array $parameters = [...] }; public Symfony\Component\HttpFoundation\InputBag $request = class Symfony\Component\HttpFoundation\InputBag { protected array $parameters = [...] }; public Symfony\Component\HttpFoundation\InputBag $query = class Symfony\Component\HttpFoundation\InputBag { protected array $parameters = [...] }; public Symfony\Component\HttpFoundation\ServerBag $server = class Symfony\Component\HttpFoundation\ServerBag { protected array $parameters = [...] }; public Symfony\Component\HttpFoundation\FileBag $files = class Symfony\Component\HttpFoundation\FileBag { protected array $parameters = [...] }; public Symfony\Component\HttpFoundation\InputBag $cookies = class Symfony\Component\HttpFoundation\InputBag { protected array $parameters = [...] }; public Symfony\Component\HttpFoundation\HeaderBag $headers = class Symfony\Component\HttpFoundation\HeaderBag { protected array $headers = [...]; protected array $cacheControl = [...] }; protected $content = NULL; protected ?array $languages = NULL; protected ?array $charsets = NULL; protected ?array $encodings = NULL; protected ?array $acceptableContentTypes = NULL; protected ?string $pathInfo = '/admin/vehicles'; protected ?string $requestUri = '/admin/vehicles'; protected ?string $baseUrl = ''; protected ?string $basePath = NULL; protected ?string $method = 'POST'; protected ?string $format = NULL; protected Symfony\Component\HttpFoundation\Session\SessionInterface|Closure|null $session = class Illuminate\Session\SymfonySessionDecorator { public readonly Illuminate\Contracts\Session\Session $store = class Illuminate\Session\Store { ... } }; protected ?string $locale = NULL; protected string $defaultLocale = 'en'; private ?string ${Symfony\Component\HttpFoundation\Request}preferredFormat = NULL; private bool ${Symfony\Component\HttpFoundation\Request}isHostValid = TRUE; private bool ${Symfony\Component\HttpFoundation\Request}isForwardedValid = TRUE; private bool ${Symfony\Component\HttpFoundation\Request}isSafeContentPreferred = *uninitialized*; private array ${Symfony\Component\HttpFoundation\Request}trustedValuesCache = []; private bool ${Symfony\Component\HttpFoundation\Request}isIisRewrite = FALSE; protected $json = NULL; protected $convertedFiles = NULL; protected $userResolver = class Closure { public $static = [...]; public $this = class Illuminate\Auth\AuthServiceProvider { ... }; public $parameter = [...] }; protected $routeResolver = class Closure { public $static = [...]; public $this = class Illuminate\Routing\Router { ... } } }, $next = class Closure { public $static = ['stack' => class Closure { ... }, 'pipe' => 'Illuminate\\Routing\\Middleware\\SubstituteBindings']; public $this = class Illuminate\Routing\Pipeline { protected $container = class Illuminate\Foundation\Application { ... }; protected $passable = class Illuminate\Http\Request { ... }; protected $pipes = [...]; protected $method = 'handle'; protected $finally = NULL }; public $parameter = ['$passable' => '<required>'] }) D:\Mirko\Desktop\Prove webapp\CV_Backoffice\vendor\laravel\framework\src\Illuminate\Pipeline\Pipeline.php:209
PHP  55. Illuminate\Pipeline\Pipeline->Illuminate\Pipeline\{closure:D:\Mirko\Desktop\Prove webapp\CV_Backoffice\vendor\laravel\framework\src\Illuminate\Pipeline\Pipeline.php:185-216}($passable = class Illuminate\Http\Request { public Symfony\Component\HttpFoundation\ParameterBag $attributes = class Symfony\Component\HttpFoundation\ParameterBag { protected array $parameters = [...] }; public Symfony\Component\HttpFoundation\InputBag $request = class Symfony\Component\HttpFoundation\InputBag { protected array $parameters = [...] }; public Symfony\Component\HttpFoundation\InputBag $query = class Symfony\Component\HttpFoundation\InputBag { protected array $parameters = [...] }; public Symfony\Component\HttpFoundation\ServerBag $server = class Symfony\Component\HttpFoundation\ServerBag { protected array $parameters = [...] }; public Symfony\Component\HttpFoundation\FileBag $files = class Symfony\Component\HttpFoundation\FileBag { protected array $parameters = [...] }; public Symfony\Component\HttpFoundation\InputBag $cookies = class Symfony\Component\HttpFoundation\InputBag { protected array $parameters = [...] }; public Symfony\Component\HttpFoundation\HeaderBag $headers = class Symfony\Component\HttpFoundation\HeaderBag { protected array $headers = [...]; protected array $cacheControl = [...] }; protected $content = NULL; protected ?array $languages = NULL; protected ?array $charsets = NULL; protected ?array $encodings = NULL; protected ?array $acceptableContentTypes = NULL; protected ?string $pathInfo = '/admin/vehicles'; protected ?string $requestUri = '/admin/vehicles'; protected ?string $baseUrl = ''; protected ?string $basePath = NULL; protected ?string $method = 'POST'; protected ?string $format = NULL; protected Symfony\Component\HttpFoundation\Session\SessionInterface|Closure|null $session = class Illuminate\Session\SymfonySessionDecorator { public readonly Illuminate\Contracts\Session\Session $store = class Illuminate\Session\Store { ... } }; protected ?string $locale = NULL; protected string $defaultLocale = 'en'; private ?string ${Symfony\Component\HttpFoundation\Request}preferredFormat = NULL; private bool ${Symfony\Component\HttpFoundation\Request}isHostValid = TRUE; private bool ${Symfony\Component\HttpFoundation\Request}isForwardedValid = TRUE; private bool ${Symfony\Component\HttpFoundation\Request}isSafeContentPreferred = *uninitialized*; private array ${Symfony\Component\HttpFoundation\Request}trustedValuesCache = []; private bool ${Symfony\Component\HttpFoundation\Request}isIisRewrite = FALSE; protected $json = NULL; protected $convertedFiles = NULL; protected $userResolver = class Closure { public $static = [...]; public $this = class Illuminate\Auth\AuthServiceProvider { ... }; public $parameter = [...] }; protected $routeResolver = class Closure { public $static = [...]; public $this = class Illuminate\Routing\Router { ... } } }) D:\Mirko\Desktop\Prove webapp\CV_Backoffice\vendor\laravel\framework\src\Illuminate\Auth\Middleware\Authenticate.php:64
PHP  56. Illuminate\Routing\Middleware\SubstituteBindings->handle($request = class Illuminate\Http\Request { public Symfony\Component\HttpFoundation\ParameterBag $attributes = class Symfony\Component\HttpFoundation\ParameterBag { protected array $parameters = [...] }; public Symfony\Component\HttpFoundation\InputBag $request = class Symfony\Component\HttpFoundation\InputBag { protected array $parameters = [...] }; public Symfony\Component\HttpFoundation\InputBag $query = class Symfony\Component\HttpFoundation\InputBag { protected array $parameters = [...] }; public Symfony\Component\HttpFoundation\ServerBag $server = class Symfony\Component\HttpFoundation\ServerBag { protected array $parameters = [...] }; public Symfony\Component\HttpFoundation\FileBag $files = class Symfony\Component\HttpFoundation\FileBag { protected array $parameters = [...] }; public Symfony\Component\HttpFoundation\InputBag $cookies = class Symfony\Component\HttpFoundation\InputBag { protected array $parameters = [...] }; public Symfony\Component\HttpFoundation\HeaderBag $headers = class Symfony\Component\HttpFoundation\HeaderBag { protected array $headers = [...]; protected array $cacheControl = [...] }; protected $content = NULL; protected ?array $languages = NULL; protected ?array $charsets = NULL; protected ?array $encodings = NULL; protected ?array $acceptableContentTypes = NULL; protected ?string $pathInfo = '/admin/vehicles'; protected ?string $requestUri = '/admin/vehicles'; protected ?string $baseUrl = ''; protected ?string $basePath = NULL; protected ?string $method = 'POST'; protected ?string $format = NULL; protected Symfony\Component\HttpFoundation\Session\SessionInterface|Closure|null $session = class Illuminate\Session\SymfonySessionDecorator { public readonly Illuminate\Contracts\Session\Session $store = class Illuminate\Session\Store { ... } }; protected ?string $locale = NULL; protected string $defaultLocale = 'en'; private ?string ${Symfony\Component\HttpFoundation\Request}preferredFormat = NULL; private bool ${Symfony\Component\HttpFoundation\Request}isHostValid = TRUE; private bool ${Symfony\Component\HttpFoundation\Request}isForwardedValid = TRUE; private bool ${Symfony\Component\HttpFoundation\Request}isSafeContentPreferred = *uninitialized*; private array ${Symfony\Component\HttpFoundation\Request}trustedValuesCache = []; private bool ${Symfony\Component\HttpFoundation\Request}isIisRewrite = FALSE; protected $json = NULL; protected $convertedFiles = NULL; protected $userResolver = class Closure { public $static = [...]; public $this = class Illuminate\Auth\AuthServiceProvider { ... }; public $parameter = [...] }; protected $routeResolver = class Closure { public $static = [...]; public $this = class Illuminate\Routing\Router { ... } } }, $next = class Closure { public $static = ['stack' => class Closure { ... }, 'pipe' => 'Illuminate\\Auth\\Middleware\\EnsureEmailIsVerified']; public $this = class Illuminate\Routing\Pipeline { protected $container = class Illuminate\Foundation\Application { ... }; protected $passable = class Illuminate\Http\Request { ... }; protected $pipes = [...]; protected $method = 'handle'; protected $finally = NULL }; public $parameter = ['$passable' => '<required>'] }) D:\Mirko\Desktop\Prove webapp\CV_Backoffice\vendor\laravel\framework\src\Illuminate\Pipeline\Pipeline.php:209
PHP  57. Illuminate\Routing\Router->substituteImplicitBindings($route = class Illuminate\Routing\Route { public $uri = 'admin/vehicles'; public $methods = [0 => 'POST']; public $action = ['middleware' => [...], 'as' => 'admin.vehicles.store', 'uses' => 'App\\Http\\Controllers\\Admin\\VehicleController@store', 'controller' => 'App\\Http\\Controllers\\Admin\\VehicleController@store', 'namespace' => NULL, 'prefix' => '/admin', 'where' => [...]]; public $isFallback = FALSE; public $controller = NULL; public $defaults = []; public $wheres = []; public $parameters = []; public $parameterNames = []; protected $originalParameters = []; protected $withTrashedBindings = FALSE; protected $lockSeconds = NULL; protected $waitSeconds = NULL; public $computedMiddleware = [0 => 'web', 1 => 'auth', 2 => 'verified']; public $compiled = class Symfony\Component\Routing\CompiledRoute { private string $staticPrefix = '/admin/vehicles'; private string $regex = '{^/admin/vehicles$}sDu'; private array $tokens = [...]; private array $pathVariables = [...]; private ?string $hostRegex = NULL; private array $hostTokens = [...]; private array $hostVariables = [...]; private array $variables = [...] }; protected $router = class Illuminate\Routing\Router { protected $events = class Illuminate\Events\Dispatcher { ... }; protected $container = class Illuminate\Foundation\Application { ... }; protected $routes = class Illuminate\Routing\RouteCollection { ... }; protected $current = ...; protected $currentRequest = class Illuminate\Http\Request { ... }; protected $middleware = [...]; protected $middlewareGroups = [...]; public $middlewarePriority = [...]; protected $binders = [...]; protected $patterns = [...]; protected $groupStack = [...]; protected $implicitBindingCallback = class Closure { ... } }; protected $container = class Illuminate\Foundation\Application { protected $resolved = [...]; protected $bindings = [...]; protected $methodBindings = [...]; protected $instances = [...]; protected $scopedInstances = [...]; protected $aliases = [...]; protected $abstractAliases = [...]; protected $extenders = [...]; protected $tags = [...]; protected $buildStack = [...]; protected $with = [...]; public $contextual = [...]; public $contextualAttributes = [...]; protected $reboundCallbacks = [...]; protected $globalBeforeResolvingCallbacks = [...]; protected $globalResolvingCallbacks = [...]; protected $globalAfterResolvingCallbacks = [...]; protected $beforeResolvingCallbacks = [...]; protected $resolvingCallbacks = [...]; protected $afterResolvingCallbacks = [...]; protected $afterResolvingAttributeCallbacks = [...]; protected $basePath = 'D:\\Mirko\\Desktop\\Prove webapp\\CV_Backoffice'; protected $registeredCallbacks = [...]; protected $hasBeenBootstrapped = TRUE; protected $booted = TRUE; protected $bootingCallbacks = [...]; protected $bootedCallbacks = [...]; protected $terminatingCallbacks = [...]; protected $serviceProviders = [...]; protected $loadedProviders = [...]; protected $deferredServices = [...]; protected $bootstrapPath = 'D:\\Mirko\\Desktop\\Prove webapp\\CV_Backoffice\\bootstrap'; protected $appPath = NULL; protected $configPath = NULL; protected $databasePath = NULL; protected $langPath = 'D:\\Mirko\\Desktop\\Prove webapp\\CV_Backoffice\\lang'; protected $publicPath = NULL; protected $storagePath = NULL; protected $environmentPath = NULL; protected $environmentFile = '.env'; protected $isRunningInConsole = TRUE; protected $namespace = 'App\\'; protected $mergeFrameworkConfiguration = TRUE; protected $absoluteCachePathPrefixes = [...] }; protected $bindingFields = [] }) D:\Mirko\Desktop\Prove webapp\CV_Backoffice\vendor\laravel\framework\src\Illuminate\Routing\Middleware\SubstituteBindings.php:42
PHP  58. call_user_func:{D:\Mirko\Desktop\Prove webapp\CV_Backoffice\vendor\laravel\framework\src\Illuminate\Routing\Router.php:963}($callback = class Closure { public $parameter = ['$container' => '<required>', '$route' => '<required>', '$default' => '<required>'] }, ...$args = variadic(class Illuminate\Routing\Route { public $uri = 'admin/vehicles'; public $methods = [0 => 'POST']; public $action = ['middleware' => [...], 'as' => 'admin.vehicles.store', 'uses' => 'App\\Http\\Controllers\\Admin\\VehicleController@store', 'controller' => 'App\\Http\\Controllers\\Admin\\VehicleController@store', 'namespace' => NULL, 'prefix' => '/admin', 'where' => [...]]; public $isFallback = FALSE; public $controller = NULL; public $defaults = []; public $wheres = []; public $parameters = []; public $parameterNames = []; protected $originalParameters = []; protected $withTrashedBindings = FALSE; protected $lockSeconds = NULL; protected $waitSeconds = NULL; public $computedMiddleware = [0 => 'web', 1 => 'auth', 2 => 'verified']; public $compiled = class Symfony\Component\Routing\CompiledRoute { private string $staticPrefix = '/admin/vehicles'; private string $regex = '{^/admin/vehicles$}sDu'; private array $tokens = [...]; private array $pathVariables = [...]; private ?string $hostRegex = NULL; private array $hostTokens = [...]; private array $hostVariables = [...]; private array $variables = [...] }; protected $router = class Illuminate\Routing\Router { protected $events = class Illuminate\Events\Dispatcher { ... }; protected $container = class Illuminate\Foundation\Application { ... }; protected $routes = class Illuminate\Routing\RouteCollection { ... }; protected $current = ...; protected $currentRequest = class Illuminate\Http\Request { ... }; protected $middleware = [...]; protected $middlewareGroups = [...]; public $middlewarePriority = [...]; protected $binders = [...]; protected $patterns = [...]; protected $groupStack = [...]; protected $implicitBindingCallback = class Closure { ... } }; protected $container = class Illuminate\Foundation\Application { protected $resolved = [...]; protected $bindings = [...]; protected $methodBindings = [...]; protected $instances = [...]; protected $scopedInstances = [...]; protected $aliases = [...]; protected $abstractAliases = [...]; protected $extenders = [...]; protected $tags = [...]; protected $buildStack = [...]; protected $with = [...]; public $contextual = [...]; public $contextualAttributes = [...]; protected $reboundCallbacks = [...]; protected $globalBeforeResolvingCallbacks = [...]; protected $globalResolvingCallbacks = [...]; protected $globalAfterResolvingCallbacks = [...]; protected $beforeResolvingCallbacks = [...]; protected $resolvingCallbacks = [...]; protected $afterResolvingCallbacks = [...]; protected $afterResolvingAttributeCallbacks = [...]; protected $basePath = 'D:\\Mirko\\Desktop\\Prove webapp\\CV_Backoffice'; protected $registeredCallbacks = [...]; protected $hasBeenBootstrapped = TRUE; protected $booted = TRUE; protected $bootingCallbacks = [...]; protected $bootedCallbacks = [...]; protected $terminatingCallbacks = [...]; protected $serviceProviders = [...]; protected $loadedProviders = [...]; protected $deferredServices = [...]; protected $bootstrapPath = 'D:\\Mirko\\Desktop\\Prove webapp\\CV_Backoffice\\bootstrap'; protected $appPath = NULL; protected $configPath = NULL; protected $databasePath = NULL; protected $langPath = 'D:\\Mirko\\Desktop\\Prove webapp\\CV_Backoffice\\lang'; protected $publicPath = NULL; protected $storagePath = NULL; protected $environmentPath = NULL; protected $environmentFile = '.env'; protected $isRunningInConsole = TRUE; protected $namespace = 'App\\'; protected $mergeFrameworkConfiguration = TRUE; protected $absoluteCachePathPrefixes = [...] }; protected $bindingFields = [] }, class Closure { public $static = ['route' => class Illuminate\Routing\Route { ... }]; public $this = class Illuminate\Routing\Router { protected $events = class Illuminate\Events\Dispatcher { ... }; protected $container = class Illuminate\Foundation\Application { ... }; protected $routes = class Illuminate\Routing\RouteCollection { ... }; protected $current = class Illuminate\Routing\Route { ... }; protected $currentRequest = class Illuminate\Http\Request { ... }; protected $middleware = [...]; protected $middlewareGroups = [...]; public $middlewarePriority = [...]; protected $binders = [...]; protected $patterns = [...]; protected $groupStack = [...]; protected $implicitBindingCallback = class Closure { ... } } })) D:\Mirko\Desktop\Prove webapp\CV_Backoffice\vendor\laravel\framework\src\Illuminate\Routing\Router.php:963
PHP  59. Livewire\Features\SupportPageComponents\SupportPageComponents::Livewire\Features\SupportPageComponents\{closure:D:\Mirko\Desktop\Prove webapp\CV_Backoffice\vendor\livewire\livewire\src\Features\SupportPageComponents\SupportPageComponents.php:215-225}($container = class Illuminate\Foundation\Application { protected $resolved = ['events' => TRUE, 'Illuminate\Foundation\Console\Kernel' => TRUE, 'Illuminate\Contracts\Console\Kernel' => TRUE, 'Illuminate\Foundation\Bootstrap\LoadEnvironmentVariables' => TRUE, 'Illuminate\Foundation\Bootstrap\LoadConfiguration' => TRUE, 'Illuminate\Foundation\Bootstrap\HandleExceptions' => TRUE, 'env' => TRUE, 'Illuminate\Foundation\Bootstrap\RegisterFacades' => TRUE, 'Illuminate\Foundation\PackageManifest' => TRUE, 'Illuminate\Foundation\Bootstrap\SetRequestForConsole' => TRUE, 'Illuminate\Foundation\Bootstrap\RegisterProviders' => TRUE, 'Livewire\LivewireManager' => TRUE, 'Livewire\EventBus' => TRUE, 'Livewire\Mechanisms\PersistentMiddleware\PersistentMiddleware' => TRUE, 'Livewire\Mechanisms\HandleSynths\HandleSynths' => TRUE, 'Livewire\Mechanisms\HandleComponents\HandleComponents' => TRUE, 'Livewire\Mechanisms\HandleRequests\HandleRequests' => TRUE, 'Livewire\Mechanisms\HandleRouting\HandleRouting' => TRUE, 'router' => TRUE, 'Livewire\Mechanisms\FrontendAssets\FrontendAssets' => TRUE, 'Livewire\Mechanisms\ExtendBlade\ExtendBlade' => TRUE, 'Livewire\Mechanisms\CompileLivewireTags\CompileLivewireTags' => TRUE, 'Livewire\Mechanisms\ClearCachedFiles' => TRUE, 'Livewire\Mechanisms\RenderComponent' => TRUE, 'Livewire\Mechanisms\DataStore' => TRUE, 'Illuminate\Foundation\Bootstrap\BootProviders' => TRUE, 'db.factory' => TRUE, 'db' => TRUE, 'files' => TRUE, 'Illuminate\Testing\ParallelTesting' => TRUE, 'Illuminate\Foundation\Exceptions\Renderer\Listener' => TRUE, 'livewire.finder' => TRUE, 'blade.compiler' => TRUE, 'view.engine.resolver' => TRUE, 'view.finder' => TRUE, 'view' => TRUE, 'Illuminate\Foundation\Http\Kernel' => TRUE, 'Illuminate\Contracts\Http\Kernel' => TRUE, 'Illuminate\Foundation\Vite' => TRUE, 'Illuminate\Contracts\Auth\Access\Gate' => TRUE, 'translation.loader' => TRUE, 'translator' => TRUE, 'validation.presence' => TRUE, 'validator' => TRUE, 'cache' => TRUE, 'Illuminate\Console\Scheduling\CacheEventMutex' => TRUE, 'Illuminate\Console\Scheduling\CacheSchedulingMutex' => TRUE, 'Illuminate\Console\Scheduling\Schedule' => TRUE, 'db.transactions' => TRUE, 'Faker\Generator' => TRUE, 'Faker\Generator:it_IT' => TRUE, 'hash' => TRUE, 'auth' => TRUE, 'session' => TRUE, 'session.store' => TRUE, 'cookie' => TRUE, 'url' => TRUE, 'Illuminate\Foundation\Http\Middleware\InvokeDeferredCallbacks' => TRUE, 'Illuminate\Http\Middleware\TrustProxies' => TRUE, 'Fruitcake\Cors\CorsService' => TRUE, 'Illuminate\Http\Middleware\HandleCors' => TRUE, 'Illuminate\Foundation\Http\Middleware\PreventRequestsDuringMaintenance' => TRUE, 'Illuminate\Foundation\MaintenanceModeManager' => TRUE, 'Illuminate\Contracts\Foundation\MaintenanceMode' => TRUE, 'Illuminate\Http\Middleware\ValidatePostSize' => TRUE, 'Illuminate\Foundation\Http\Middleware\TrimStrings' => TRUE, 'Illuminate\Foundation\Http\Middleware\ConvertEmptyStringsToNull' => TRUE, 'Livewire\Features\SupportDisablingBackButtonCache\DisableBackButtonCacheMiddleware' => TRUE, 'encrypter' => TRUE, 'Illuminate\Cookie\Middleware\EncryptCookies' => TRUE, 'Illuminate\Cookie\Middleware\AddQueuedCookiesToResponse' => TRUE, 'Illuminate\Session\Middleware\StartSession' => TRUE, 'Illuminate\View\Middleware\ShareErrorsFromSession' => TRUE, 'Illuminate\Foundation\Http\Middleware\ValidateCsrfToken' => TRUE, 'Illuminate\Auth\Middleware\Authenticate' => TRUE, 'Illuminate\Routing\Middleware\SubstituteBindings' => TRUE]; protected $bindings = ['Illuminate\Foundation\Mix' => [...], 'Illuminate\Foundation\PackageManifest' => [...], 'events' => [...], 'log' => [...], 'Illuminate\Log\Context\Repository' => [...], 'router' => [...], 'url' => [...], 'redirect' => [...], 'Psr\Http\Message\ServerRequestInterface' => [...], 'Psr\Http\Message\ResponseInterface' => [...], 'Illuminate\Contracts\Routing\ResponseFactory' => [...], 'Illuminate\Routing\Contracts\CallableDispatcher' => [...], 'Illuminate\Routing\Contracts\ControllerDispatcher' => [...], 'Illuminate\Contracts\Http\Kernel' => [...], 'Illuminate\Contracts\Console\Kernel' => [...], 'Illuminate\Contracts\Debug\ExceptionHandler' => [...], 'env' => [...], 'auth' => [...], 'auth.driver' => [...], 'Illuminate\Contracts\Auth\Authenticatable' => [...], 'Illuminate\Contracts\Auth\Access\Gate' => [...], 'Illuminate\Auth\Middleware\RequirePassword' => [...], 'cookie' => [...], 'db.factory' => [...], 'db' => [...], 'db.connection' => [...], 'db.schema' => [...], 'db.transactions' => [...], 'Faker\Generator' => [...], 'Illuminate\Contracts\Queue\EntityResolver' => [...], 'encrypter' => [...], 'files' => [...], 'filesystem' => [...], 'filesystem.disk' => [...], 'filesystem.cloud' => [...], 'Illuminate\Testing\ParallelTesting' => [...], 'Illuminate\Console\Scheduling\Schedule' => [...], 'Illuminate\Support\Defer\DeferredCallbackCollection' => [...], 'Illuminate\Foundation\Exceptions\Renderer\Renderer' => [...], 'Illuminate\Foundation\Exceptions\Renderer\Listener' => [...], 'Illuminate\Foundation\MaintenanceModeManager' => [...], 'Illuminate\Contracts\Foundation\MaintenanceMode' => [...], 'Illuminate\Http\Client\Factory' => [...], 'Illuminate\Foundation\Vite' => [...], 'Illuminate\Notifications\ChannelManager' => [...], 'session' => [...], 'session.store' => [...], 'Illuminate\Session\Middleware\StartSession' => [...], 'view' => [...], 'view.finder' => [...], 'blade.compiler' => [...], 'view.engine.resolver' => [...], 'dompdf.options' => [...], 'dompdf' => [...], 'dompdf.wrapper' => [...], 'Laravel\Pail\Files' => [...], 'Laravel\Pail\Handler' => [...], 'Livewire\LivewireManager' => [...], 'livewire.finder' => [...], 'livewire.compiler' => [...], 'livewire.factory' => [...], 'Livewire\EventBus' => [...], 'Spatie\Activitylog\ActivityLogger' => [...], 'Spatie\Activitylog\LogBatch' => [...], 'Spatie\Activitylog\CauserResolver' => [...], 'Spatie\Activitylog\ActivityLogStatus' => [...], 'Livewire\Mechanisms\ExtendBlade\DeterministicBladeKeys' => [...], 'validation.presence' => [...], 'Illuminate\Contracts\Validation\UncompromisedVerifier' => [...], 'validator' => [...], 'translation.loader' => [...], 'translator' => [...], 'Illuminate\Broadcasting\BroadcastManager' => [...], 'Illuminate\Contracts\Broadcasting\Broadcaster' => [...], 'Illuminate\Bus\Dispatcher' => [...], 'Illuminate\Bus\BatchRepository' => [...], 'Illuminate\Bus\DatabaseBatchRepository' => [...], 'Illuminate\Bus\DynamoBatchRepository' => [...], 'cache' => [...], 'cache.store' => [...], 'cache.psr6' => [...], 'memcached.connector' => [...], 'Illuminate\Cache\RateLimiter' => [...], 'Illuminate\Foundation\Console\AboutCommand' => [...], 'Illuminate\Cache\Console\ClearCommand' => [...], 'Illuminate\Cache\Console\ForgetCommand' => [...], 'Illuminate\Foundation\Console\ClearCompiledCommand' => [...], 'Illuminate\Auth\Console\ClearResetsCommand' => [...], 'Illuminate\Foundation\Console\ConfigCacheCommand' => [...], 'Illuminate\Foundation\Console\ConfigClearCommand' => [...], 'Illuminate\Foundation\Console\ConfigShowCommand' => [...], 'Illuminate\Database\Console\DbCommand' => [...], 'Illuminate\Database\Console\MonitorCommand' => [...], 'Illuminate\Database\Console\PruneCommand' => [...], 'Illuminate\Database\Console\ShowCommand' => [...], 'Illuminate\Database\Console\TableCommand' => [...], 'Illuminate\Database\Console\WipeCommand' => [...], 'Illuminate\Foundation\Console\DownCommand' => [...], 'Illuminate\Foundation\Console\EnvironmentCommand' => [...], 'Illuminate\Foundation\Console\EnvironmentDecryptCommand' => [...], 'Illuminate\Foundation\Console\EnvironmentEncryptCommand' => [...], 'Illuminate\Foundation\Console\EventCacheCommand' => [...], 'Illuminate\Foundation\Console\EventClearCommand' => [...], 'Illuminate\Foundation\Console\EventListCommand' => [...], 'Illuminate\Concurrency\Console\InvokeSerializedClosureCommand' => [...], 'Illuminate\Foundation\Console\KeyGenerateCommand' => [...], 'Illuminate\Foundation\Console\OptimizeCommand' => [...], 'Illuminate\Foundation\Console\OptimizeClearCommand' => [...], 'Illuminate\Foundation\Console\PackageDiscoverCommand' => [...], 'Illuminate\Cache\Console\PruneStaleTagsCommand' => [...], 'Illuminate\Queue\Console\ClearCommand' => [...], 'Illuminate\Queue\Console\ListFailedCommand' => [...], 'Illuminate\Queue\Console\FlushFailedCommand' => [...], 'Illuminate\Queue\Console\ForgetFailedCommand' => [...], 'Illuminate\Queue\Console\ListenCommand' => [...], 'Illuminate\Queue\Console\MonitorCommand' => [...], 'Illuminate\Queue\Console\PruneBatchesCommand' => [...], 'Illuminate\Queue\Console\PruneFailedJobsCommand' => [...], 'Illuminate\Queue\Console\RestartCommand' => [...], 'Illuminate\Queue\Console\RetryCommand' => [...], 'Illuminate\Queue\Console\RetryBatchCommand' => [...], 'Illuminate\Queue\Console\WorkCommand' => [...], 'Illuminate\Foundation\Console\RouteCacheCommand' => [...], 'Illuminate\Foundation\Console\RouteClearCommand' => [...], 'Illuminate\Foundation\Console\RouteListCommand' => [...], 'Illuminate\Database\Console\DumpCommand' => [...], 'Illuminate\Database\Console\Seeds\SeedCommand' => [...], 'Illuminate\Console\Scheduling\ScheduleFinishCommand' => [...], ...]; protected $methodBindings = []; protected $instances = ['path' => 'D:\\Mirko\\Desktop\\Prove webapp\\CV_Backoffice\\app', 'path.base' => 'D:\\Mirko\\Desktop\\Prove webapp\\CV_Backoffice', 'path.config' => 'D:\\Mirko\\Desktop\\Prove webapp\\CV_Backoffice\\config', 'path.database' => 'D:\\Mirko\\Desktop\\Prove webapp\\CV_Backoffice\\database', 'path.public' => 'D:\\Mirko\\Desktop\\Prove webapp\\CV_Backoffice\\public', 'path.resources' => 'D:\\Mirko\\Desktop\\Prove webapp\\CV_Backoffice\\resources', 'path.storage' => 'D:\\Mirko\\Desktop\\Prove webapp\\CV_Backoffice\\storage', 'path.bootstrap' => 'D:\\Mirko\\Desktop\\Prove webapp\\CV_Backoffice\\bootstrap', 'path.lang' => 'D:\\Mirko\\Desktop\\Prove webapp\\CV_Backoffice\\lang', 'app' => ..., 'Illuminate\Container\Container' => ..., 'events' => class Illuminate\Events\Dispatcher { ... }, 'Illuminate\Contracts\Console\Kernel' => class Illuminate\Foundation\Console\Kernel { ... }, 'config' => class Illuminate\Config\Repository { ... }, 'Illuminate\Foundation\PackageManifest' => class Illuminate\Foundation\PackageManifest { ... }, 'request' => class Illuminate\Http\Request { ... }, 'Illuminate\Testing\LoggedExceptionCollection' => class Illuminate\Testing\LoggedExceptionCollection { ... }, 'Livewire\LivewireManager' => class Livewire\LivewireManager { ... }, 'Livewire\Mechanisms\PersistentMiddleware\PersistentMiddleware' => class Livewire\Mechanisms\PersistentMiddleware\PersistentMiddleware { ... }, 'Livewire\Mechanisms\HandleSynths\HandleSynths' => class Livewire\Mechanisms\HandleSynths\HandleSynths { ... }, 'Livewire\Mechanisms\HandleComponents\HandleComponents' => class Livewire\Mechanisms\HandleComponents\HandleComponents { ... }, 'Livewire\Mechanisms\HandleRequests\HandleRequests' => class Livewire\Mechanisms\HandleRequests\HandleRequests { ... }, 'Livewire\Mechanisms\HandleRouting\HandleRouting' => class Livewire\Mechanisms\HandleRouting\HandleRouting { ... }, 'router' => class Illuminate\Routing\Router { ... }, 'Livewire\Mechanisms\FrontendAssets\FrontendAssets' => class Livewire\Mechanisms\FrontendAssets\FrontendAssets { ... }, 'Livewire\Mechanisms\ExtendBlade\ExtendBlade' => class Livewire\Mechanisms\ExtendBlade\ExtendBlade { ... }, 'Livewire\Mechanisms\CompileLivewireTags\CompileLivewireTags' => class Livewire\Mechanisms\CompileLivewireTags\CompileLivewireTags { ... }, 'Livewire\Mechanisms\ClearCachedFiles' => class Livewire\Mechanisms\ClearCachedFiles { ... }, 'Livewire\Mechanisms\RenderComponent' => class Livewire\Mechanisms\RenderComponent { ... }, 'Livewire\Mechanisms\DataStore' => class Livewire\Mechanisms\DataStore { ... }, 'db.factory' => class Illuminate\Database\Connectors\ConnectionFactory { ... }, 'db' => class Illuminate\Database\DatabaseManager { ... }, 'files' => class Illuminate\Filesystem\Filesystem { ... }, 'Illuminate\Testing\ParallelTesting' => class Illuminate\Testing\ParallelTesting { ... }, 'Illuminate\Foundation\Exceptions\Renderer\Listener' => class Illuminate\Foundation\Exceptions\Renderer\Listener { ... }, 'livewire.finder' => class Livewire\Finder\Finder { ... }, 'blade.compiler' => class Illuminate\View\Compilers\BladeCompiler { ... }, 'view.engine.resolver' => class Illuminate\View\Engines\EngineResolver { ... }, 'view' => class Illuminate\View\Factory { ... }, 'Livewire\EventBus' => class Livewire\EventBus { ... }, 'Illuminate\Contracts\Http\Kernel' => class Illuminate\Foundation\Http\Kernel { ... }, 'Livewire\Features\SupportFileUploads\GenerateSignedUploadUrl' => class Livewire\Features\SupportFileUploads\GenerateSignedUploadUrl@anonymous { ... }, 'Illuminate\Foundation\Vite' => class Illuminate\Foundation\Vite { ... }, 'date' => class Illuminate\Support\DateFactory { ... }, 'Illuminate\Contracts\Auth\Access\Gate' => class Illuminate\Auth\Access\Gate { ... }, 'translation.loader' => class Illuminate\Translation\FileLoader { ... }, 'translator' => class Illuminate\Translation\Translator { ... }, 'validation.presence' => class Illuminate\Validation\DatabasePresenceVerifier { ... }, 'validator' => class Illuminate\Validation\Factory { ... }, 'cache' => class Illuminate\Cache\CacheManager { ... }, 'Illuminate\Console\Scheduling\Schedule' => class Illuminate\Console\Scheduling\Schedule { ... }, 'db.transactions' => class Illuminate\Foundation\Testing\DatabaseTransactionsManager { ... }, 'Faker\Generator' => class Faker\Generator { ... }, 'Faker\Generator:it_IT' => class Faker\Generator { ... }, 'hash' => class Illuminate\Hashing\HashManager { ... }, 'auth' => class Illuminate\Auth\AuthManager { ... }, 'session' => class Illuminate\Session\SessionManager { ... }, 'session.store' => class Illuminate\Session\Store { ... }, 'cookie' => class Illuminate\Cookie\CookieJar { ... }, 'routes' => class Illuminate\Routing\RouteCollection { ... }, 'url' => class Illuminate\Routing\UrlGenerator { ... }, 'Illuminate\Foundation\MaintenanceModeManager' => class Illuminate\Foundation\MaintenanceModeManager { ... }, 'Illuminate\Routing\Route' => class Illuminate\Routing\Route { ... }, 'encrypter' => class Illuminate\Encryption\Encrypter { ... }, 'Illuminate\Session\Middleware\StartSession' => class Illuminate\Session\Middleware\StartSession { ... }]; protected $scopedInstances = [0 => 'Illuminate\\Log\\Context\\Repository', 1 => 'Illuminate\\Support\\Defer\\DeferredCallbackCollection', 2 => 'Spatie\\Activitylog\\LogBatch', 3 => 'Spatie\\Activitylog\\CauserResolver', 4 => 'Spatie\\Activitylog\\ActivityLogStatus']; protected $aliases = ['Illuminate\Foundation\Application' => 'app', 'Illuminate\Contracts\Container\Container' => 'app', 'Illuminate\Contracts\Foundation\Application' => 'app', 'Psr\Container\ContainerInterface' => 'app', 'Illuminate\Auth\AuthManager' => 'auth', 'Illuminate\Contracts\Auth\Factory' => 'auth', 'Illuminate\Contracts\Auth\Guard' => 'auth.driver', 'Illuminate\View\Compilers\BladeCompiler' => 'blade.compiler', 'Illuminate\Cache\CacheManager' => 'cache', 'Illuminate\Contracts\Cache\Factory' => 'cache', 'Illuminate\Cache\Repository' => 'cache.store', 'Illuminate\Contracts\Cache\Repository' => 'cache.store', 'Psr\SimpleCache\CacheInterface' => 'cache.store', 'Symfony\Component\Cache\Adapter\Psr16Adapter' => 'cache.psr6', 'Symfony\Component\Cache\Adapter\AdapterInterface' => 'cache.psr6', 'Psr\Cache\CacheItemPoolInterface' => 'cache.psr6', 'Illuminate\Config\Repository' => 'config', 'Illuminate\Contracts\Config\Repository' => 'config', 'Illuminate\Cookie\CookieJar' => 'cookie', 'Illuminate\Contracts\Cookie\Factory' => 'cookie', 'Illuminate\Contracts\Cookie\QueueingFactory' => 'cookie', 'Illuminate\Database\DatabaseManager' => 'db', 'Illuminate\Database\ConnectionResolverInterface' => 'db', 'Illuminate\Database\Connection' => 'db.connection', 'Illuminate\Database\ConnectionInterface' => 'db.connection', 'Illuminate\Database\Schema\Builder' => 'db.schema', 'Illuminate\Encryption\Encrypter' => 'encrypter', 'Illuminate\Contracts\Encryption\Encrypter' => 'encrypter', 'Illuminate\Contracts\Encryption\StringEncrypter' => 'encrypter', 'Illuminate\Events\Dispatcher' => 'events', 'Illuminate\Contracts\Events\Dispatcher' => 'events', 'Illuminate\Filesystem\Filesystem' => 'files', 'Illuminate\Filesystem\FilesystemManager' => 'filesystem', 'Illuminate\Contracts\Filesystem\Factory' => 'filesystem', 'Illuminate\Contracts\Filesystem\Filesystem' => 'filesystem.disk', 'Illuminate\Contracts\Filesystem\Cloud' => 'filesystem.cloud', 'Illuminate\Hashing\HashManager' => 'hash', 'Illuminate\Contracts\Hashing\Hasher' => 'hash.driver', 'Illuminate\Translation\Translator' => 'translator', 'Illuminate\Contracts\Translation\Translator' => 'translator', 'Illuminate\Log\LogManager' => 'log', 'Psr\Log\LoggerInterface' => 'log', 'Illuminate\Mail\MailManager' => 'mail.manager', 'Illuminate\Contracts\Mail\Factory' => 'mail.manager', 'Illuminate\Mail\Mailer' => 'mailer', 'Illuminate\Contracts\Mail\Mailer' => 'mailer', 'Illuminate\Contracts\Mail\MailQueue' => 'mailer', 'Illuminate\Auth\Passwords\PasswordBrokerManager' => 'auth.password', 'Illuminate\Contracts\Auth\PasswordBrokerFactory' => 'auth.password', 'Illuminate\Auth\Passwords\PasswordBroker' => 'auth.password.broker', 'Illuminate\Contracts\Auth\PasswordBroker' => 'auth.password.broker', 'Illuminate\Queue\QueueManager' => 'queue', 'Illuminate\Contracts\Queue\Factory' => 'queue', 'Illuminate\Contracts\Queue\Monitor' => 'queue', 'Illuminate\Contracts\Queue\Queue' => 'queue.connection', 'Illuminate\Queue\Failed\FailedJobProviderInterface' => 'queue.failer', 'Illuminate\Routing\Redirector' => 'redirect', 'Illuminate\Redis\RedisManager' => 'redis', 'Illuminate\Contracts\Redis\Factory' => 'redis', 'Illuminate\Redis\Connections\Connection' => 'redis.connection', 'Illuminate\Contracts\Redis\Connection' => 'redis.connection', 'Illuminate\Http\Request' => 'request', 'Symfony\Component\HttpFoundation\Request' => 'request', 'Illuminate\Routing\Router' => 'router', 'Illuminate\Contracts\Routing\Registrar' => 'router', 'Illuminate\Contracts\Routing\BindingRegistrar' => 'router', 'Illuminate\Session\SessionManager' => 'session', 'Illuminate\Session\Store' => 'session.store', 'Illuminate\Contracts\Session\Session' => 'session.store', 'Illuminate\Routing\UrlGenerator' => 'url', 'Illuminate\Contracts\Routing\UrlGenerator' => 'url', 'Illuminate\Validation\Factory' => 'validator', 'Illuminate\Contracts\Validation\Factory' => 'validator', 'Illuminate\View\Factory' => 'view', 'Illuminate\Contracts\View\Factory' => 'view', 'Illuminate\Contracts\Notifications\Dispatcher' => 'Illuminate\\Notifications\\ChannelManager', 'Illuminate\Contracts\Notifications\Factory' => 'Illuminate\\Notifications\\ChannelManager', 'Dompdf\Dompdf' => 'dompdf', 'livewire' => 'Livewire\\LivewireManager', 'Illuminate\Contracts\Broadcasting\Factory' => 'Illuminate\\Broadcasting\\BroadcastManager', 'Illuminate\Contracts\Bus\Dispatcher' => 'Illuminate\\Bus\\Dispatcher', 'Illuminate\Contracts\Bus\QueueingDispatcher' => 'Illuminate\\Bus\\Dispatcher']; protected $abstractAliases = ['app' => [...], 'auth' => [...], 'auth.driver' => [...], 'blade.compiler' => [...], 'cache' => [...], 'cache.store' => [...], 'cache.psr6' => [...], 'config' => [...], 'cookie' => [...], 'db' => [...], 'db.connection' => [...], 'db.schema' => [...], 'encrypter' => [...], 'events' => [...], 'files' => [...], 'filesystem' => [...], 'filesystem.disk' => [...], 'filesystem.cloud' => [...], 'hash' => [...], 'hash.driver' => [...], 'translator' => [...], 'log' => [...], 'mail.manager' => [...], 'mailer' => [...], 'auth.password' => [...], 'auth.password.broker' => [...], 'queue' => [...], 'queue.connection' => [...], 'queue.failer' => [...], 'redirect' => [...], 'redis' => [...], 'redis.connection' => [...], 'request' => [...], 'router' => [...], 'session' => [...], 'session.store' => [...], 'url' => [...], 'validator' => [...], 'view' => [...], 'Illuminate\Notifications\ChannelManager' => [...], 'dompdf' => [...], 'Livewire\LivewireManager' => [...], 'Illuminate\Broadcasting\BroadcastManager' => [...], 'Illuminate\Bus\Dispatcher' => [...]]; protected $extenders = ['url' => [...]]; protected $tags = []; protected $buildStack = []; protected $with = []; public $contextual = []; public $contextualAttributes = []; protected $reboundCallbacks = ['request' => [...], 'events' => [...], 'routes' => [...]]; protected $globalBeforeResolvingCallbacks = []; protected $globalResolvingCallbacks = []; protected $globalAfterResolvingCallbacks = []; protected $beforeResolvingCallbacks = []; protected $resolvingCallbacks = ['Illuminate\Console\OutputStyle' => [...], 'Illuminate\Foundation\Http\FormRequest' => [...]]; protected $afterResolvingCallbacks = ['Illuminate\Contracts\Console\Kernel' => [...], 'Illuminate\Contracts\Http\Kernel' => [...], 'Illuminate\Foundation\Exceptions\Handler' => [...], 'view' => [...], 'Illuminate\Contracts\Validation\ValidatesWhenResolved' => [...]]; protected $afterResolvingAttributeCallbacks = []; protected $basePath = 'D:\\Mirko\\Desktop\\Prove webapp\\CV_Backoffice'; protected $registeredCallbacks = []; protected $hasBeenBootstrapped = TRUE; protected $booted = TRUE; protected $bootingCallbacks = [0 => class Closure { ... }, 1 => class Closure { ... }, 2 => class Closure { ... }, 3 => class Closure { ... }]; protected $bootedCallbacks = [0 => class Closure { ... }, 1 => class Closure { ... }, 2 => class Closure { ... }, 3 => class Closure { ... }, 4 => class Closure { ... }]; protected $terminatingCallbacks = [0 => class Closure { ... }, 1 => class Closure { ... }]; protected $serviceProviders = ['Illuminate\Events\EventServiceProvider' => class Illuminate\Events\EventServiceProvider { ... }, 'Illuminate\Log\LogServiceProvider' => class Illuminate\Log\LogServiceProvider { ... }, 'Illuminate\Log\Context\ContextServiceProvider' => class Illuminate\Log\Context\ContextServiceProvider { ... }, 'Illuminate\Routing\RoutingServiceProvider' => class Illuminate\Routing\RoutingServiceProvider { ... }, 'Illuminate\Auth\AuthServiceProvider' => class Illuminate\Auth\AuthServiceProvider { ... }, 'Illuminate\Cookie\CookieServiceProvider' => class Illuminate\Cookie\CookieServiceProvider { ... }, 'Illuminate\Database\DatabaseServiceProvider' => class Illuminate\Database\DatabaseServiceProvider { ... }, 'Illuminate\Encryption\EncryptionServiceProvider' => class Illuminate\Encryption\EncryptionServiceProvider { ... }, 'Illuminate\Filesystem\FilesystemServiceProvider' => class Illuminate\Filesystem\FilesystemServiceProvider { ... }, 'Illuminate\Foundation\Providers\FormRequestServiceProvider' => class Illuminate\Foundation\Providers\FormRequestServiceProvider { ... }, 'Illuminate\Testing\ParallelTestingServiceProvider' => class Illuminate\Testing\ParallelTestingServiceProvider { ... }, 'Illuminate\Foundation\Providers\FoundationServiceProvider' => class Illuminate\Foundation\Providers\FoundationServiceProvider { ... }, 'Illuminate\Notifications\NotificationServiceProvider' => class Illuminate\Notifications\NotificationServiceProvider { ... }, 'Illuminate\Pagination\PaginationServiceProvider' => class Illuminate\Pagination\PaginationServiceProvider { ... }, 'Illuminate\Session\SessionServiceProvider' => class Illuminate\Session\SessionServiceProvider { ... }, 'Illuminate\View\ViewServiceProvider' => class Illuminate\View\ViewServiceProvider { ... }, 'Barryvdh\DomPDF\ServiceProvider' => class Barryvdh\DomPDF\ServiceProvider { ... }, 'Laravel\Pail\PailServiceProvider' => class Laravel\Pail\PailServiceProvider { ... }, 'Livewire\LivewireServiceProvider' => class Livewire\LivewireServiceProvider { ... }, 'Carbon\Laravel\ServiceProvider' => class Carbon\Laravel\ServiceProvider { ... }, 'NunoMaduro\Collision\Adapters\Laravel\CollisionServiceProvider' => class NunoMaduro\Collision\Adapters\Laravel\CollisionServiceProvider { ... }, 'Termwind\Laravel\TermwindServiceProvider' => class Termwind\Laravel\TermwindServiceProvider { ... }, 'PacificDev\Laravel9Preset\PacificDevServiceProvider' => class PacificDev\Laravel9Preset\PacificDevServiceProvider { ... }, 'Spatie\Activitylog\ActivitylogServiceProvider' => class Spatie\Activitylog\ActivitylogServiceProvider { ... }, 'App\Providers\AppServiceProvider' => class App\Providers\AppServiceProvider { ... }, 'Illuminate\Foundation\Support\Providers\EventServiceProvider' => class Illuminate\Foundation\Support\Providers\EventServiceProvider { ... }, 'Illuminate\Foundation\Support\Providers\RouteServiceProvider' => class Illuminate\Foundation\Support\Providers\RouteServiceProvider { ... }, 'Illuminate\Validation\ValidationServiceProvider' => class Illuminate\Validation\ValidationServiceProvider { ... }, 'Illuminate\Translation\TranslationServiceProvider' => class Illuminate\Translation\TranslationServiceProvider { ... }, 'Illuminate\Broadcasting\BroadcastServiceProvider' => class Illuminate\Broadcasting\BroadcastServiceProvider { ... }, 'Illuminate\Bus\BusServiceProvider' => class Illuminate\Bus\BusServiceProvider { ... }, 'Illuminate\Cache\CacheServiceProvider' => class Illuminate\Cache\CacheServiceProvider { ... }, 'Illuminate\Foundation\Providers\ArtisanServiceProvider' => class Illuminate\Foundation\Providers\ArtisanServiceProvider { ... }, 'Illuminate\Database\MigrationServiceProvider' => class Illuminate\Database\MigrationServiceProvider { ... }, 'Illuminate\Foundation\Providers\ComposerServiceProvider' => class Illuminate\Foundation\Providers\ComposerServiceProvider { ... }, 'Illuminate\Foundation\Providers\ConsoleSupportServiceProvider' => class Illuminate\Foundation\Providers\ConsoleSupportServiceProvider { ... }, 'Illuminate\Concurrency\ConcurrencyServiceProvider' => class Illuminate\Concurrency\ConcurrencyServiceProvider { ... }, 'Illuminate\Hashing\HashServiceProvider' => class Illuminate\Hashing\HashServiceProvider { ... }, 'Illuminate\Mail\MailServiceProvider' => class Illuminate\Mail\MailServiceProvider { ... }, 'Illuminate\Auth\Passwords\PasswordResetServiceProvider' => class Illuminate\Auth\Passwords\PasswordResetServiceProvider { ... }, 'Illuminate\Pipeline\PipelineServiceProvider' => class Illuminate\Pipeline\PipelineServiceProvider { ... }, 'Illuminate\Queue\QueueServiceProvider' => class Illuminate\Queue\QueueServiceProvider { ... }, 'Illuminate\Redis\RedisServiceProvider' => class Illuminate\Redis\RedisServiceProvider { ... }, 'Laravel\Breeze\BreezeServiceProvider' => class Laravel\Breeze\BreezeServiceProvider { ... }, 'Laravel\Sail\SailServiceProvider' => class Laravel\Sail\SailServiceProvider { ... }, 'Laravel\Tinker\TinkerServiceProvider' => class Laravel\Tinker\TinkerServiceProvider { ... }]; protected $loadedProviders = ['Illuminate\Events\EventServiceProvider' => TRUE, 'Illuminate\Log\LogServiceProvider' => TRUE, 'Illuminate\Log\Context\ContextServiceProvider' => TRUE, 'Illuminate\Routing\RoutingServiceProvider' => TRUE, 'Illuminate\Auth\AuthServiceProvider' => TRUE, 'Illuminate\Cookie\CookieServiceProvider' => TRUE, 'Illuminate\Database\DatabaseServiceProvider' => TRUE, 'Illuminate\Encryption\EncryptionServiceProvider' => TRUE, 'Illuminate\Filesystem\FilesystemServiceProvider' => TRUE, 'Illuminate\Foundation\Providers\FormRequestServiceProvider' => TRUE, 'Illuminate\Testing\ParallelTestingServiceProvider' => TRUE, 'Illuminate\Foundation\Providers\FoundationServiceProvider' => TRUE, 'Illuminate\Notifications\NotificationServiceProvider' => TRUE, 'Illuminate\Pagination\PaginationServiceProvider' => TRUE, 'Illuminate\Session\SessionServiceProvider' => TRUE, 'Illuminate\View\ViewServiceProvider' => TRUE, 'Barryvdh\DomPDF\ServiceProvider' => TRUE, 'Laravel\Pail\PailServiceProvider' => TRUE, 'Livewire\LivewireServiceProvider' => TRUE, 'Carbon\Laravel\ServiceProvider' => TRUE, 'NunoMaduro\Collision\Adapters\Laravel\CollisionServiceProvider' => TRUE, 'Termwind\Laravel\TermwindServiceProvider' => TRUE, 'PacificDev\Laravel9Preset\PacificDevServiceProvider' => TRUE, 'Spatie\Activitylog\ActivitylogServiceProvider' => TRUE, 'App\Providers\AppServiceProvider' => TRUE, 'Illuminate\Foundation\Support\Providers\EventServiceProvider' => TRUE, 'Illuminate\Foundation\Support\Providers\RouteServiceProvider' => TRUE, 'Illuminate\Validation\ValidationServiceProvider' => TRUE, 'Illuminate\Translation\TranslationServiceProvider' => TRUE, 'Illuminate\Broadcasting\BroadcastServiceProvider' => TRUE, 'Illuminate\Bus\BusServiceProvider' => TRUE, 'Illuminate\Cache\CacheServiceProvider' => TRUE, 'Illuminate\Foundation\Providers\ArtisanServiceProvider' => TRUE, 'Illuminate\Database\MigrationServiceProvider' => TRUE, 'Illuminate\Foundation\Providers\ComposerServiceProvider' => TRUE, 'Illuminate\Foundation\Providers\ConsoleSupportServiceProvider' => TRUE, 'Illuminate\Concurrency\ConcurrencyServiceProvider' => TRUE, 'Illuminate\Hashing\HashServiceProvider' => TRUE, 'Illuminate\Mail\MailServiceProvider' => TRUE, 'Illuminate\Auth\Passwords\PasswordResetServiceProvider' => TRUE, 'Illuminate\Pipeline\PipelineServiceProvider' => TRUE, 'Illuminate\Queue\QueueServiceProvider' => TRUE, 'Illuminate\Redis\RedisServiceProvider' => TRUE, 'Laravel\Breeze\BreezeServiceProvider' => TRUE, 'Laravel\Sail\SailServiceProvider' => TRUE, 'Laravel\Tinker\TinkerServiceProvider' => TRUE]; protected $deferredServices = []; protected $bootstrapPath = 'D:\\Mirko\\Desktop\\Prove webapp\\CV_Backoffice\\bootstrap'; protected $appPath = NULL; protected $configPath = NULL; protected $databasePath = NULL; protected $langPath = 'D:\\Mirko\\Desktop\\Prove webapp\\CV_Backoffice\\lang'; protected $publicPath = NULL; protected $storagePath = NULL; protected $environmentPath = NULL; protected $environmentFile = '.env'; protected $isRunningInConsole = TRUE; protected $namespace = 'App\\'; protected $mergeFrameworkConfiguration = TRUE; protected $absoluteCachePathPrefixes = [0 => '/', 1 => '\\'] }, $route = class Illuminate\Routing\Route { public $uri = 'admin/vehicles'; public $methods = [0 => 'POST']; public $action = ['middleware' => [...], 'as' => 'admin.vehicles.store', 'uses' => 'App\\Http\\Controllers\\Admin\\VehicleController@store', 'controller' => 'App\\Http\\Controllers\\Admin\\VehicleController@store', 'namespace' => NULL, 'prefix' => '/admin', 'where' => [...]]; public $isFallback = FALSE; public $controller = NULL; public $defaults = []; public $wheres = []; public $parameters = []; public $parameterNames = []; protected $originalParameters = []; protected $withTrashedBindings = FALSE; protected $lockSeconds = NULL; protected $waitSeconds = NULL; public $computedMiddleware = [0 => 'web', 1 => 'auth', 2 => 'verified']; public $compiled = class Symfony\Component\Routing\CompiledRoute { private string $staticPrefix = '/admin/vehicles'; private string $regex = '{^/admin/vehicles$}sDu'; private array $tokens = [...]; private array $pathVariables = [...]; private ?string $hostRegex = NULL; private array $hostTokens = [...]; private array $hostVariables = [...]; private array $variables = [...] }; protected $router = class Illuminate\Routing\Router { protected $events = class Illuminate\Events\Dispatcher { ... }; protected $container = class Illuminate\Foundation\Application { ... }; protected $routes = class Illuminate\Routing\RouteCollection { ... }; protected $current = ...; protected $currentRequest = class Illuminate\Http\Request { ... }; protected $middleware = [...]; protected $middlewareGroups = [...]; public $middlewarePriority = [...]; protected $binders = [...]; protected $patterns = [...]; protected $groupStack = [...]; protected $implicitBindingCallback = class Closure { ... } }; protected $container = class Illuminate\Foundation\Application { protected $resolved = [...]; protected $bindings = [...]; protected $methodBindings = [...]; protected $instances = [...]; protected $scopedInstances = [...]; protected $aliases = [...]; protected $abstractAliases = [...]; protected $extenders = [...]; protected $tags = [...]; protected $buildStack = [...]; protected $with = [...]; public $contextual = [...]; public $contextualAttributes = [...]; protected $reboundCallbacks = [...]; protected $globalBeforeResolvingCallbacks = [...]; protected $globalResolvingCallbacks = [...]; protected $globalAfterResolvingCallbacks = [...]; protected $beforeResolvingCallbacks = [...]; protected $resolvingCallbacks = [...]; protected $afterResolvingCallbacks = [...]; protected $afterResolvingAttributeCallbacks = [...]; protected $basePath = 'D:\\Mirko\\Desktop\\Prove webapp\\CV_Backoffice'; protected $registeredCallbacks = [...]; protected $hasBeenBootstrapped = TRUE; protected $booted = TRUE; protected $bootingCallbacks = [...]; protected $bootedCallbacks = [...]; protected $terminatingCallbacks = [...]; protected $serviceProviders = [...]; protected $loadedProviders = [...]; protected $deferredServices = [...]; protected $bootstrapPath = 'D:\\Mirko\\Desktop\\Prove webapp\\CV_Backoffice\\bootstrap'; protected $appPath = NULL; protected $configPath = NULL; protected $databasePath = NULL; protected $langPath = 'D:\\Mirko\\Desktop\\Prove webapp\\CV_Backoffice\\lang'; protected $publicPath = NULL; protected $storagePath = NULL; protected $environmentPath = NULL; protected $environmentFile = '.env'; protected $isRunningInConsole = TRUE; protected $namespace = 'App\\'; protected $mergeFrameworkConfiguration = TRUE; protected $absoluteCachePathPrefixes = [...] }; protected $bindingFields = [] }, $default = class Closure { public $static = ['route' => class Illuminate\Routing\Route { ... }]; public $this = class Illuminate\Routing\Router { protected $events = class Illuminate\Events\Dispatcher { ... }; protected $container = class Illuminate\Foundation\Application { ... }; protected $routes = class Illuminate\Routing\RouteCollection { ... }; protected $current = class Illuminate\Routing\Route { ... }; protected $currentRequest = class Illuminate\Http\Request { ... }; protected $middleware = [...]; protected $middlewareGroups = [...]; public $middlewarePriority = [...]; protected $binders = [...]; protected $patterns = [...]; protected $groupStack = [...]; protected $implicitBindingCallback = class Closure { ... } } }) D:\Mirko\Desktop\Prove webapp\CV_Backoffice\vendor\laravel\framework\src\Illuminate\Routing\Router.php:963
PHP  60. Illuminate\Routing\Router->Illuminate\Routing\{closure:D:\Mirko\Desktop\Prove webapp\CV_Backoffice\vendor\laravel\framework\src\Illuminate\Routing\Router.php:961-961}() D:\Mirko\Desktop\Prove webapp\CV_Backoffice\vendor\livewire\livewire\src\Features\SupportPageComponents\SupportPageComponents.php:223
PHP  61. Illuminate\Routing\ImplicitRouteBinding::resolveForRoute($container = class Illuminate\Foundation\Application { protected $resolved = ['events' => TRUE, 'Illuminate\Foundation\Console\Kernel' => TRUE, 'Illuminate\Contracts\Console\Kernel' => TRUE, 'Illuminate\Foundation\Bootstrap\LoadEnvironmentVariables' => TRUE, 'Illuminate\Foundation\Bootstrap\LoadConfiguration' => TRUE, 'Illuminate\Foundation\Bootstrap\HandleExceptions' => TRUE, 'env' => TRUE, 'Illuminate\Foundation\Bootstrap\RegisterFacades' => TRUE, 'Illuminate\Foundation\PackageManifest' => TRUE, 'Illuminate\Foundation\Bootstrap\SetRequestForConsole' => TRUE, 'Illuminate\Foundation\Bootstrap\RegisterProviders' => TRUE, 'Livewire\LivewireManager' => TRUE, 'Livewire\EventBus' => TRUE, 'Livewire\Mechanisms\PersistentMiddleware\PersistentMiddleware' => TRUE, 'Livewire\Mechanisms\HandleSynths\HandleSynths' => TRUE, 'Livewire\Mechanisms\HandleComponents\HandleComponents' => TRUE, 'Livewire\Mechanisms\HandleRequests\HandleRequests' => TRUE, 'Livewire\Mechanisms\HandleRouting\HandleRouting' => TRUE, 'router' => TRUE, 'Livewire\Mechanisms\FrontendAssets\FrontendAssets' => TRUE, 'Livewire\Mechanisms\ExtendBlade\ExtendBlade' => TRUE, 'Livewire\Mechanisms\CompileLivewireTags\CompileLivewireTags' => TRUE, 'Livewire\Mechanisms\ClearCachedFiles' => TRUE, 'Livewire\Mechanisms\RenderComponent' => TRUE, 'Livewire\Mechanisms\DataStore' => TRUE, 'Illuminate\Foundation\Bootstrap\BootProviders' => TRUE, 'db.factory' => TRUE, 'db' => TRUE, 'files' => TRUE, 'Illuminate\Testing\ParallelTesting' => TRUE, 'Illuminate\Foundation\Exceptions\Renderer\Listener' => TRUE, 'livewire.finder' => TRUE, 'blade.compiler' => TRUE, 'view.engine.resolver' => TRUE, 'view.finder' => TRUE, 'view' => TRUE, 'Illuminate\Foundation\Http\Kernel' => TRUE, 'Illuminate\Contracts\Http\Kernel' => TRUE, 'Illuminate\Foundation\Vite' => TRUE, 'Illuminate\Contracts\Auth\Access\Gate' => TRUE, 'translation.loader' => TRUE, 'translator' => TRUE, 'validation.presence' => TRUE, 'validator' => TRUE, 'cache' => TRUE, 'Illuminate\Console\Scheduling\CacheEventMutex' => TRUE, 'Illuminate\Console\Scheduling\CacheSchedulingMutex' => TRUE, 'Illuminate\Console\Scheduling\Schedule' => TRUE, 'db.transactions' => TRUE, 'Faker\Generator' => TRUE, 'Faker\Generator:it_IT' => TRUE, 'hash' => TRUE, 'auth' => TRUE, 'session' => TRUE, 'session.store' => TRUE, 'cookie' => TRUE, 'url' => TRUE, 'Illuminate\Foundation\Http\Middleware\InvokeDeferredCallbacks' => TRUE, 'Illuminate\Http\Middleware\TrustProxies' => TRUE, 'Fruitcake\Cors\CorsService' => TRUE, 'Illuminate\Http\Middleware\HandleCors' => TRUE, 'Illuminate\Foundation\Http\Middleware\PreventRequestsDuringMaintenance' => TRUE, 'Illuminate\Foundation\MaintenanceModeManager' => TRUE, 'Illuminate\Contracts\Foundation\MaintenanceMode' => TRUE, 'Illuminate\Http\Middleware\ValidatePostSize' => TRUE, 'Illuminate\Foundation\Http\Middleware\TrimStrings' => TRUE, 'Illuminate\Foundation\Http\Middleware\ConvertEmptyStringsToNull' => TRUE, 'Livewire\Features\SupportDisablingBackButtonCache\DisableBackButtonCacheMiddleware' => TRUE, 'encrypter' => TRUE, 'Illuminate\Cookie\Middleware\EncryptCookies' => TRUE, 'Illuminate\Cookie\Middleware\AddQueuedCookiesToResponse' => TRUE, 'Illuminate\Session\Middleware\StartSession' => TRUE, 'Illuminate\View\Middleware\ShareErrorsFromSession' => TRUE, 'Illuminate\Foundation\Http\Middleware\ValidateCsrfToken' => TRUE, 'Illuminate\Auth\Middleware\Authenticate' => TRUE, 'Illuminate\Routing\Middleware\SubstituteBindings' => TRUE]; protected $bindings = ['Illuminate\Foundation\Mix' => [...], 'Illuminate\Foundation\PackageManifest' => [...], 'events' => [...], 'log' => [...], 'Illuminate\Log\Context\Repository' => [...], 'router' => [...], 'url' => [...], 'redirect' => [...], 'Psr\Http\Message\ServerRequestInterface' => [...], 'Psr\Http\Message\ResponseInterface' => [...], 'Illuminate\Contracts\Routing\ResponseFactory' => [...], 'Illuminate\Routing\Contracts\CallableDispatcher' => [...], 'Illuminate\Routing\Contracts\ControllerDispatcher' => [...], 'Illuminate\Contracts\Http\Kernel' => [...], 'Illuminate\Contracts\Console\Kernel' => [...], 'Illuminate\Contracts\Debug\ExceptionHandler' => [...], 'env' => [...], 'auth' => [...], 'auth.driver' => [...], 'Illuminate\Contracts\Auth\Authenticatable' => [...], 'Illuminate\Contracts\Auth\Access\Gate' => [...], 'Illuminate\Auth\Middleware\RequirePassword' => [...], 'cookie' => [...], 'db.factory' => [...], 'db' => [...], 'db.connection' => [...], 'db.schema' => [...], 'db.transactions' => [...], 'Faker\Generator' => [...], 'Illuminate\Contracts\Queue\EntityResolver' => [...], 'encrypter' => [...], 'files' => [...], 'filesystem' => [...], 'filesystem.disk' => [...], 'filesystem.cloud' => [...], 'Illuminate\Testing\ParallelTesting' => [...], 'Illuminate\Console\Scheduling\Schedule' => [...], 'Illuminate\Support\Defer\DeferredCallbackCollection' => [...], 'Illuminate\Foundation\Exceptions\Renderer\Renderer' => [...], 'Illuminate\Foundation\Exceptions\Renderer\Listener' => [...], 'Illuminate\Foundation\MaintenanceModeManager' => [...], 'Illuminate\Contracts\Foundation\MaintenanceMode' => [...], 'Illuminate\Http\Client\Factory' => [...], 'Illuminate\Foundation\Vite' => [...], 'Illuminate\Notifications\ChannelManager' => [...], 'session' => [...], 'session.store' => [...], 'Illuminate\Session\Middleware\StartSession' => [...], 'view' => [...], 'view.finder' => [...], 'blade.compiler' => [...], 'view.engine.resolver' => [...], 'dompdf.options' => [...], 'dompdf' => [...], 'dompdf.wrapper' => [...], 'Laravel\Pail\Files' => [...], 'Laravel\Pail\Handler' => [...], 'Livewire\LivewireManager' => [...], 'livewire.finder' => [...], 'livewire.compiler' => [...], 'livewire.factory' => [...], 'Livewire\EventBus' => [...], 'Spatie\Activitylog\ActivityLogger' => [...], 'Spatie\Activitylog\LogBatch' => [...], 'Spatie\Activitylog\CauserResolver' => [...], 'Spatie\Activitylog\ActivityLogStatus' => [...], 'Livewire\Mechanisms\ExtendBlade\DeterministicBladeKeys' => [...], 'validation.presence' => [...], 'Illuminate\Contracts\Validation\UncompromisedVerifier' => [...], 'validator' => [...], 'translation.loader' => [...], 'translator' => [...], 'Illuminate\Broadcasting\BroadcastManager' => [...], 'Illuminate\Contracts\Broadcasting\Broadcaster' => [...], 'Illuminate\Bus\Dispatcher' => [...], 'Illuminate\Bus\BatchRepository' => [...], 'Illuminate\Bus\DatabaseBatchRepository' => [...], 'Illuminate\Bus\DynamoBatchRepository' => [...], 'cache' => [...], 'cache.store' => [...], 'cache.psr6' => [...], 'memcached.connector' => [...], 'Illuminate\Cache\RateLimiter' => [...], 'Illuminate\Foundation\Console\AboutCommand' => [...], 'Illuminate\Cache\Console\ClearCommand' => [...], 'Illuminate\Cache\Console\ForgetCommand' => [...], 'Illuminate\Foundation\Console\ClearCompiledCommand' => [...], 'Illuminate\Auth\Console\ClearResetsCommand' => [...], 'Illuminate\Foundation\Console\ConfigCacheCommand' => [...], 'Illuminate\Foundation\Console\ConfigClearCommand' => [...], 'Illuminate\Foundation\Console\ConfigShowCommand' => [...], 'Illuminate\Database\Console\DbCommand' => [...], 'Illuminate\Database\Console\MonitorCommand' => [...], 'Illuminate\Database\Console\PruneCommand' => [...], 'Illuminate\Database\Console\ShowCommand' => [...], 'Illuminate\Database\Console\TableCommand' => [...], 'Illuminate\Database\Console\WipeCommand' => [...], 'Illuminate\Foundation\Console\DownCommand' => [...], 'Illuminate\Foundation\Console\EnvironmentCommand' => [...], 'Illuminate\Foundation\Console\EnvironmentDecryptCommand' => [...], 'Illuminate\Foundation\Console\EnvironmentEncryptCommand' => [...], 'Illuminate\Foundation\Console\EventCacheCommand' => [...], 'Illuminate\Foundation\Console\EventClearCommand' => [...], 'Illuminate\Foundation\Console\EventListCommand' => [...], 'Illuminate\Concurrency\Console\InvokeSerializedClosureCommand' => [...], 'Illuminate\Foundation\Console\KeyGenerateCommand' => [...], 'Illuminate\Foundation\Console\OptimizeCommand' => [...], 'Illuminate\Foundation\Console\OptimizeClearCommand' => [...], 'Illuminate\Foundation\Console\PackageDiscoverCommand' => [...], 'Illuminate\Cache\Console\PruneStaleTagsCommand' => [...], 'Illuminate\Queue\Console\ClearCommand' => [...], 'Illuminate\Queue\Console\ListFailedCommand' => [...], 'Illuminate\Queue\Console\FlushFailedCommand' => [...], 'Illuminate\Queue\Console\ForgetFailedCommand' => [...], 'Illuminate\Queue\Console\ListenCommand' => [...], 'Illuminate\Queue\Console\MonitorCommand' => [...], 'Illuminate\Queue\Console\PruneBatchesCommand' => [...], 'Illuminate\Queue\Console\PruneFailedJobsCommand' => [...], 'Illuminate\Queue\Console\RestartCommand' => [...], 'Illuminate\Queue\Console\RetryCommand' => [...], 'Illuminate\Queue\Console\RetryBatchCommand' => [...], 'Illuminate\Queue\Console\WorkCommand' => [...], 'Illuminate\Foundation\Console\RouteCacheCommand' => [...], 'Illuminate\Foundation\Console\RouteClearCommand' => [...], 'Illuminate\Foundation\Console\RouteListCommand' => [...], 'Illuminate\Database\Console\DumpCommand' => [...], 'Illuminate\Database\Console\Seeds\SeedCommand' => [...], 'Illuminate\Console\Scheduling\ScheduleFinishCommand' => [...], ...]; protected $methodBindings = []; protected $instances = ['path' => 'D:\\Mirko\\Desktop\\Prove webapp\\CV_Backoffice\\app', 'path.base' => 'D:\\Mirko\\Desktop\\Prove webapp\\CV_Backoffice', 'path.config' => 'D:\\Mirko\\Desktop\\Prove webapp\\CV_Backoffice\\config', 'path.database' => 'D:\\Mirko\\Desktop\\Prove webapp\\CV_Backoffice\\database', 'path.public' => 'D:\\Mirko\\Desktop\\Prove webapp\\CV_Backoffice\\public', 'path.resources' => 'D:\\Mirko\\Desktop\\Prove webapp\\CV_Backoffice\\resources', 'path.storage' => 'D:\\Mirko\\Desktop\\Prove webapp\\CV_Backoffice\\storage', 'path.bootstrap' => 'D:\\Mirko\\Desktop\\Prove webapp\\CV_Backoffice\\bootstrap', 'path.lang' => 'D:\\Mirko\\Desktop\\Prove webapp\\CV_Backoffice\\lang', 'app' => ..., 'Illuminate\Container\Container' => ..., 'events' => class Illuminate\Events\Dispatcher { ... }, 'Illuminate\Contracts\Console\Kernel' => class Illuminate\Foundation\Console\Kernel { ... }, 'config' => class Illuminate\Config\Repository { ... }, 'Illuminate\Foundation\PackageManifest' => class Illuminate\Foundation\PackageManifest { ... }, 'request' => class Illuminate\Http\Request { ... }, 'Illuminate\Testing\LoggedExceptionCollection' => class Illuminate\Testing\LoggedExceptionCollection { ... }, 'Livewire\LivewireManager' => class Livewire\LivewireManager { ... }, 'Livewire\Mechanisms\PersistentMiddleware\PersistentMiddleware' => class Livewire\Mechanisms\PersistentMiddleware\PersistentMiddleware { ... }, 'Livewire\Mechanisms\HandleSynths\HandleSynths' => class Livewire\Mechanisms\HandleSynths\HandleSynths { ... }, 'Livewire\Mechanisms\HandleComponents\HandleComponents' => class Livewire\Mechanisms\HandleComponents\HandleComponents { ... }, 'Livewire\Mechanisms\HandleRequests\HandleRequests' => class Livewire\Mechanisms\HandleRequests\HandleRequests { ... }, 'Livewire\Mechanisms\HandleRouting\HandleRouting' => class Livewire\Mechanisms\HandleRouting\HandleRouting { ... }, 'router' => class Illuminate\Routing\Router { ... }, 'Livewire\Mechanisms\FrontendAssets\FrontendAssets' => class Livewire\Mechanisms\FrontendAssets\FrontendAssets { ... }, 'Livewire\Mechanisms\ExtendBlade\ExtendBlade' => class Livewire\Mechanisms\ExtendBlade\ExtendBlade { ... }, 'Livewire\Mechanisms\CompileLivewireTags\CompileLivewireTags' => class Livewire\Mechanisms\CompileLivewireTags\CompileLivewireTags { ... }, 'Livewire\Mechanisms\ClearCachedFiles' => class Livewire\Mechanisms\ClearCachedFiles { ... }, 'Livewire\Mechanisms\RenderComponent' => class Livewire\Mechanisms\RenderComponent { ... }, 'Livewire\Mechanisms\DataStore' => class Livewire\Mechanisms\DataStore { ... }, 'db.factory' => class Illuminate\Database\Connectors\ConnectionFactory { ... }, 'db' => class Illuminate\Database\DatabaseManager { ... }, 'files' => class Illuminate\Filesystem\Filesystem { ... }, 'Illuminate\Testing\ParallelTesting' => class Illuminate\Testing\ParallelTesting { ... }, 'Illuminate\Foundation\Exceptions\Renderer\Listener' => class Illuminate\Foundation\Exceptions\Renderer\Listener { ... }, 'livewire.finder' => class Livewire\Finder\Finder { ... }, 'blade.compiler' => class Illuminate\View\Compilers\BladeCompiler { ... }, 'view.engine.resolver' => class Illuminate\View\Engines\EngineResolver { ... }, 'view' => class Illuminate\View\Factory { ... }, 'Livewire\EventBus' => class Livewire\EventBus { ... }, 'Illuminate\Contracts\Http\Kernel' => class Illuminate\Foundation\Http\Kernel { ... }, 'Livewire\Features\SupportFileUploads\GenerateSignedUploadUrl' => class Livewire\Features\SupportFileUploads\GenerateSignedUploadUrl@anonymous { ... }, 'Illuminate\Foundation\Vite' => class Illuminate\Foundation\Vite { ... }, 'date' => class Illuminate\Support\DateFactory { ... }, 'Illuminate\Contracts\Auth\Access\Gate' => class Illuminate\Auth\Access\Gate { ... }, 'translation.loader' => class Illuminate\Translation\FileLoader { ... }, 'translator' => class Illuminate\Translation\Translator { ... }, 'validation.presence' => class Illuminate\Validation\DatabasePresenceVerifier { ... }, 'validator' => class Illuminate\Validation\Factory { ... }, 'cache' => class Illuminate\Cache\CacheManager { ... }, 'Illuminate\Console\Scheduling\Schedule' => class Illuminate\Console\Scheduling\Schedule { ... }, 'db.transactions' => class Illuminate\Foundation\Testing\DatabaseTransactionsManager { ... }, 'Faker\Generator' => class Faker\Generator { ... }, 'Faker\Generator:it_IT' => class Faker\Generator { ... }, 'hash' => class Illuminate\Hashing\HashManager { ... }, 'auth' => class Illuminate\Auth\AuthManager { ... }, 'session' => class Illuminate\Session\SessionManager { ... }, 'session.store' => class Illuminate\Session\Store { ... }, 'cookie' => class Illuminate\Cookie\CookieJar { ... }, 'routes' => class Illuminate\Routing\RouteCollection { ... }, 'url' => class Illuminate\Routing\UrlGenerator { ... }, 'Illuminate\Foundation\MaintenanceModeManager' => class Illuminate\Foundation\MaintenanceModeManager { ... }, 'Illuminate\Routing\Route' => class Illuminate\Routing\Route { ... }, 'encrypter' => class Illuminate\Encryption\Encrypter { ... }, 'Illuminate\Session\Middleware\StartSession' => class Illuminate\Session\Middleware\StartSession { ... }]; protected $scopedInstances = [0 => 'Illuminate\\Log\\Context\\Repository', 1 => 'Illuminate\\Support\\Defer\\DeferredCallbackCollection', 2 => 'Spatie\\Activitylog\\LogBatch', 3 => 'Spatie\\Activitylog\\CauserResolver', 4 => 'Spatie\\Activitylog\\ActivityLogStatus']; protected $aliases = ['Illuminate\Foundation\Application' => 'app', 'Illuminate\Contracts\Container\Container' => 'app', 'Illuminate\Contracts\Foundation\Application' => 'app', 'Psr\Container\ContainerInterface' => 'app', 'Illuminate\Auth\AuthManager' => 'auth', 'Illuminate\Contracts\Auth\Factory' => 'auth', 'Illuminate\Contracts\Auth\Guard' => 'auth.driver', 'Illuminate\View\Compilers\BladeCompiler' => 'blade.compiler', 'Illuminate\Cache\CacheManager' => 'cache', 'Illuminate\Contracts\Cache\Factory' => 'cache', 'Illuminate\Cache\Repository' => 'cache.store', 'Illuminate\Contracts\Cache\Repository' => 'cache.store', 'Psr\SimpleCache\CacheInterface' => 'cache.store', 'Symfony\Component\Cache\Adapter\Psr16Adapter' => 'cache.psr6', 'Symfony\Component\Cache\Adapter\AdapterInterface' => 'cache.psr6', 'Psr\Cache\CacheItemPoolInterface' => 'cache.psr6', 'Illuminate\Config\Repository' => 'config', 'Illuminate\Contracts\Config\Repository' => 'config', 'Illuminate\Cookie\CookieJar' => 'cookie', 'Illuminate\Contracts\Cookie\Factory' => 'cookie', 'Illuminate\Contracts\Cookie\QueueingFactory' => 'cookie', 'Illuminate\Database\DatabaseManager' => 'db', 'Illuminate\Database\ConnectionResolverInterface' => 'db', 'Illuminate\Database\Connection' => 'db.connection', 'Illuminate\Database\ConnectionInterface' => 'db.connection', 'Illuminate\Database\Schema\Builder' => 'db.schema', 'Illuminate\Encryption\Encrypter' => 'encrypter', 'Illuminate\Contracts\Encryption\Encrypter' => 'encrypter', 'Illuminate\Contracts\Encryption\StringEncrypter' => 'encrypter', 'Illuminate\Events\Dispatcher' => 'events', 'Illuminate\Contracts\Events\Dispatcher' => 'events', 'Illuminate\Filesystem\Filesystem' => 'files', 'Illuminate\Filesystem\FilesystemManager' => 'filesystem', 'Illuminate\Contracts\Filesystem\Factory' => 'filesystem', 'Illuminate\Contracts\Filesystem\Filesystem' => 'filesystem.disk', 'Illuminate\Contracts\Filesystem\Cloud' => 'filesystem.cloud', 'Illuminate\Hashing\HashManager' => 'hash', 'Illuminate\Contracts\Hashing\Hasher' => 'hash.driver', 'Illuminate\Translation\Translator' => 'translator', 'Illuminate\Contracts\Translation\Translator' => 'translator', 'Illuminate\Log\LogManager' => 'log', 'Psr\Log\LoggerInterface' => 'log', 'Illuminate\Mail\MailManager' => 'mail.manager', 'Illuminate\Contracts\Mail\Factory' => 'mail.manager', 'Illuminate\Mail\Mailer' => 'mailer', 'Illuminate\Contracts\Mail\Mailer' => 'mailer', 'Illuminate\Contracts\Mail\MailQueue' => 'mailer', 'Illuminate\Auth\Passwords\PasswordBrokerManager' => 'auth.password', 'Illuminate\Contracts\Auth\PasswordBrokerFactory' => 'auth.password', 'Illuminate\Auth\Passwords\PasswordBroker' => 'auth.password.broker', 'Illuminate\Contracts\Auth\PasswordBroker' => 'auth.password.broker', 'Illuminate\Queue\QueueManager' => 'queue', 'Illuminate\Contracts\Queue\Factory' => 'queue', 'Illuminate\Contracts\Queue\Monitor' => 'queue', 'Illuminate\Contracts\Queue\Queue' => 'queue.connection', 'Illuminate\Queue\Failed\FailedJobProviderInterface' => 'queue.failer', 'Illuminate\Routing\Redirector' => 'redirect', 'Illuminate\Redis\RedisManager' => 'redis', 'Illuminate\Contracts\Redis\Factory' => 'redis', 'Illuminate\Redis\Connections\Connection' => 'redis.connection', 'Illuminate\Contracts\Redis\Connection' => 'redis.connection', 'Illuminate\Http\Request' => 'request', 'Symfony\Component\HttpFoundation\Request' => 'request', 'Illuminate\Routing\Router' => 'router', 'Illuminate\Contracts\Routing\Registrar' => 'router', 'Illuminate\Contracts\Routing\BindingRegistrar' => 'router', 'Illuminate\Session\SessionManager' => 'session', 'Illuminate\Session\Store' => 'session.store', 'Illuminate\Contracts\Session\Session' => 'session.store', 'Illuminate\Routing\UrlGenerator' => 'url', 'Illuminate\Contracts\Routing\UrlGenerator' => 'url', 'Illuminate\Validation\Factory' => 'validator', 'Illuminate\Contracts\Validation\Factory' => 'validator', 'Illuminate\View\Factory' => 'view', 'Illuminate\Contracts\View\Factory' => 'view', 'Illuminate\Contracts\Notifications\Dispatcher' => 'Illuminate\\Notifications\\ChannelManager', 'Illuminate\Contracts\Notifications\Factory' => 'Illuminate\\Notifications\\ChannelManager', 'Dompdf\Dompdf' => 'dompdf', 'livewire' => 'Livewire\\LivewireManager', 'Illuminate\Contracts\Broadcasting\Factory' => 'Illuminate\\Broadcasting\\BroadcastManager', 'Illuminate\Contracts\Bus\Dispatcher' => 'Illuminate\\Bus\\Dispatcher', 'Illuminate\Contracts\Bus\QueueingDispatcher' => 'Illuminate\\Bus\\Dispatcher']; protected $abstractAliases = ['app' => [...], 'auth' => [...], 'auth.driver' => [...], 'blade.compiler' => [...], 'cache' => [...], 'cache.store' => [...], 'cache.psr6' => [...], 'config' => [...], 'cookie' => [...], 'db' => [...], 'db.connection' => [...], 'db.schema' => [...], 'encrypter' => [...], 'events' => [...], 'files' => [...], 'filesystem' => [...], 'filesystem.disk' => [...], 'filesystem.cloud' => [...], 'hash' => [...], 'hash.driver' => [...], 'translator' => [...], 'log' => [...], 'mail.manager' => [...], 'mailer' => [...], 'auth.password' => [...], 'auth.password.broker' => [...], 'queue' => [...], 'queue.connection' => [...], 'queue.failer' => [...], 'redirect' => [...], 'redis' => [...], 'redis.connection' => [...], 'request' => [...], 'router' => [...], 'session' => [...], 'session.store' => [...], 'url' => [...], 'validator' => [...], 'view' => [...], 'Illuminate\Notifications\ChannelManager' => [...], 'dompdf' => [...], 'Livewire\LivewireManager' => [...], 'Illuminate\Broadcasting\BroadcastManager' => [...], 'Illuminate\Bus\Dispatcher' => [...]]; protected $extenders = ['url' => [...]]; protected $tags = []; protected $buildStack = []; protected $with = []; public $contextual = []; public $contextualAttributes = []; protected $reboundCallbacks = ['request' => [...], 'events' => [...], 'routes' => [...]]; protected $globalBeforeResolvingCallbacks = []; protected $globalResolvingCallbacks = []; protected $globalAfterResolvingCallbacks = []; protected $beforeResolvingCallbacks = []; protected $resolvingCallbacks = ['Illuminate\Console\OutputStyle' => [...], 'Illuminate\Foundation\Http\FormRequest' => [...]]; protected $afterResolvingCallbacks = ['Illuminate\Contracts\Console\Kernel' => [...], 'Illuminate\Contracts\Http\Kernel' => [...], 'Illuminate\Foundation\Exceptions\Handler' => [...], 'view' => [...], 'Illuminate\Contracts\Validation\ValidatesWhenResolved' => [...]]; protected $afterResolvingAttributeCallbacks = []; protected $basePath = 'D:\\Mirko\\Desktop\\Prove webapp\\CV_Backoffice'; protected $registeredCallbacks = []; protected $hasBeenBootstrapped = TRUE; protected $booted = TRUE; protected $bootingCallbacks = [0 => class Closure { ... }, 1 => class Closure { ... }, 2 => class Closure { ... }, 3 => class Closure { ... }]; protected $bootedCallbacks = [0 => class Closure { ... }, 1 => class Closure { ... }, 2 => class Closure { ... }, 3 => class Closure { ... }, 4 => class Closure { ... }]; protected $terminatingCallbacks = [0 => class Closure { ... }, 1 => class Closure { ... }]; protected $serviceProviders = ['Illuminate\Events\EventServiceProvider' => class Illuminate\Events\EventServiceProvider { ... }, 'Illuminate\Log\LogServiceProvider' => class Illuminate\Log\LogServiceProvider { ... }, 'Illuminate\Log\Context\ContextServiceProvider' => class Illuminate\Log\Context\ContextServiceProvider { ... }, 'Illuminate\Routing\RoutingServiceProvider' => class Illuminate\Routing\RoutingServiceProvider { ... }, 'Illuminate\Auth\AuthServiceProvider' => class Illuminate\Auth\AuthServiceProvider { ... }, 'Illuminate\Cookie\CookieServiceProvider' => class Illuminate\Cookie\CookieServiceProvider { ... }, 'Illuminate\Database\DatabaseServiceProvider' => class Illuminate\Database\DatabaseServiceProvider { ... }, 'Illuminate\Encryption\EncryptionServiceProvider' => class Illuminate\Encryption\EncryptionServiceProvider { ... }, 'Illuminate\Filesystem\FilesystemServiceProvider' => class Illuminate\Filesystem\FilesystemServiceProvider { ... }, 'Illuminate\Foundation\Providers\FormRequestServiceProvider' => class Illuminate\Foundation\Providers\FormRequestServiceProvider { ... }, 'Illuminate\Testing\ParallelTestingServiceProvider' => class Illuminate\Testing\ParallelTestingServiceProvider { ... }, 'Illuminate\Foundation\Providers\FoundationServiceProvider' => class Illuminate\Foundation\Providers\FoundationServiceProvider { ... }, 'Illuminate\Notifications\NotificationServiceProvider' => class Illuminate\Notifications\NotificationServiceProvider { ... }, 'Illuminate\Pagination\PaginationServiceProvider' => class Illuminate\Pagination\PaginationServiceProvider { ... }, 'Illuminate\Session\SessionServiceProvider' => class Illuminate\Session\SessionServiceProvider { ... }, 'Illuminate\View\ViewServiceProvider' => class Illuminate\View\ViewServiceProvider { ... }, 'Barryvdh\DomPDF\ServiceProvider' => class Barryvdh\DomPDF\ServiceProvider { ... }, 'Laravel\Pail\PailServiceProvider' => class Laravel\Pail\PailServiceProvider { ... }, 'Livewire\LivewireServiceProvider' => class Livewire\LivewireServiceProvider { ... }, 'Carbon\Laravel\ServiceProvider' => class Carbon\Laravel\ServiceProvider { ... }, 'NunoMaduro\Collision\Adapters\Laravel\CollisionServiceProvider' => class NunoMaduro\Collision\Adapters\Laravel\CollisionServiceProvider { ... }, 'Termwind\Laravel\TermwindServiceProvider' => class Termwind\Laravel\TermwindServiceProvider { ... }, 'PacificDev\Laravel9Preset\PacificDevServiceProvider' => class PacificDev\Laravel9Preset\PacificDevServiceProvider { ... }, 'Spatie\Activitylog\ActivitylogServiceProvider' => class Spatie\Activitylog\ActivitylogServiceProvider { ... }, 'App\Providers\AppServiceProvider' => class App\Providers\AppServiceProvider { ... }, 'Illuminate\Foundation\Support\Providers\EventServiceProvider' => class Illuminate\Foundation\Support\Providers\EventServiceProvider { ... }, 'Illuminate\Foundation\Support\Providers\RouteServiceProvider' => class Illuminate\Foundation\Support\Providers\RouteServiceProvider { ... }, 'Illuminate\Validation\ValidationServiceProvider' => class Illuminate\Validation\ValidationServiceProvider { ... }, 'Illuminate\Translation\TranslationServiceProvider' => class Illuminate\Translation\TranslationServiceProvider { ... }, 'Illuminate\Broadcasting\BroadcastServiceProvider' => class Illuminate\Broadcasting\BroadcastServiceProvider { ... }, 'Illuminate\Bus\BusServiceProvider' => class Illuminate\Bus\BusServiceProvider { ... }, 'Illuminate\Cache\CacheServiceProvider' => class Illuminate\Cache\CacheServiceProvider { ... }, 'Illuminate\Foundation\Providers\ArtisanServiceProvider' => class Illuminate\Foundation\Providers\ArtisanServiceProvider { ... }, 'Illuminate\Database\MigrationServiceProvider' => class Illuminate\Database\MigrationServiceProvider { ... }, 'Illuminate\Foundation\Providers\ComposerServiceProvider' => class Illuminate\Foundation\Providers\ComposerServiceProvider { ... }, 'Illuminate\Foundation\Providers\ConsoleSupportServiceProvider' => class Illuminate\Foundation\Providers\ConsoleSupportServiceProvider { ... }, 'Illuminate\Concurrency\ConcurrencyServiceProvider' => class Illuminate\Concurrency\ConcurrencyServiceProvider { ... }, 'Illuminate\Hashing\HashServiceProvider' => class Illuminate\Hashing\HashServiceProvider { ... }, 'Illuminate\Mail\MailServiceProvider' => class Illuminate\Mail\MailServiceProvider { ... }, 'Illuminate\Auth\Passwords\PasswordResetServiceProvider' => class Illuminate\Auth\Passwords\PasswordResetServiceProvider { ... }, 'Illuminate\Pipeline\PipelineServiceProvider' => class Illuminate\Pipeline\PipelineServiceProvider { ... }, 'Illuminate\Queue\QueueServiceProvider' => class Illuminate\Queue\QueueServiceProvider { ... }, 'Illuminate\Redis\RedisServiceProvider' => class Illuminate\Redis\RedisServiceProvider { ... }, 'Laravel\Breeze\BreezeServiceProvider' => class Laravel\Breeze\BreezeServiceProvider { ... }, 'Laravel\Sail\SailServiceProvider' => class Laravel\Sail\SailServiceProvider { ... }, 'Laravel\Tinker\TinkerServiceProvider' => class Laravel\Tinker\TinkerServiceProvider { ... }]; protected $loadedProviders = ['Illuminate\Events\EventServiceProvider' => TRUE, 'Illuminate\Log\LogServiceProvider' => TRUE, 'Illuminate\Log\Context\ContextServiceProvider' => TRUE, 'Illuminate\Routing\RoutingServiceProvider' => TRUE, 'Illuminate\Auth\AuthServiceProvider' => TRUE, 'Illuminate\Cookie\CookieServiceProvider' => TRUE, 'Illuminate\Database\DatabaseServiceProvider' => TRUE, 'Illuminate\Encryption\EncryptionServiceProvider' => TRUE, 'Illuminate\Filesystem\FilesystemServiceProvider' => TRUE, 'Illuminate\Foundation\Providers\FormRequestServiceProvider' => TRUE, 'Illuminate\Testing\ParallelTestingServiceProvider' => TRUE, 'Illuminate\Foundation\Providers\FoundationServiceProvider' => TRUE, 'Illuminate\Notifications\NotificationServiceProvider' => TRUE, 'Illuminate\Pagination\PaginationServiceProvider' => TRUE, 'Illuminate\Session\SessionServiceProvider' => TRUE, 'Illuminate\View\ViewServiceProvider' => TRUE, 'Barryvdh\DomPDF\ServiceProvider' => TRUE, 'Laravel\Pail\PailServiceProvider' => TRUE, 'Livewire\LivewireServiceProvider' => TRUE, 'Carbon\Laravel\ServiceProvider' => TRUE, 'NunoMaduro\Collision\Adapters\Laravel\CollisionServiceProvider' => TRUE, 'Termwind\Laravel\TermwindServiceProvider' => TRUE, 'PacificDev\Laravel9Preset\PacificDevServiceProvider' => TRUE, 'Spatie\Activitylog\ActivitylogServiceProvider' => TRUE, 'App\Providers\AppServiceProvider' => TRUE, 'Illuminate\Foundation\Support\Providers\EventServiceProvider' => TRUE, 'Illuminate\Foundation\Support\Providers\RouteServiceProvider' => TRUE, 'Illuminate\Validation\ValidationServiceProvider' => TRUE, 'Illuminate\Translation\TranslationServiceProvider' => TRUE, 'Illuminate\Broadcasting\BroadcastServiceProvider' => TRUE, 'Illuminate\Bus\BusServiceProvider' => TRUE, 'Illuminate\Cache\CacheServiceProvider' => TRUE, 'Illuminate\Foundation\Providers\ArtisanServiceProvider' => TRUE, 'Illuminate\Database\MigrationServiceProvider' => TRUE, 'Illuminate\Foundation\Providers\ComposerServiceProvider' => TRUE, 'Illuminate\Foundation\Providers\ConsoleSupportServiceProvider' => TRUE, 'Illuminate\Concurrency\ConcurrencyServiceProvider' => TRUE, 'Illuminate\Hashing\HashServiceProvider' => TRUE, 'Illuminate\Mail\MailServiceProvider' => TRUE, 'Illuminate\Auth\Passwords\PasswordResetServiceProvider' => TRUE, 'Illuminate\Pipeline\PipelineServiceProvider' => TRUE, 'Illuminate\Queue\QueueServiceProvider' => TRUE, 'Illuminate\Redis\RedisServiceProvider' => TRUE, 'Laravel\Breeze\BreezeServiceProvider' => TRUE, 'Laravel\Sail\SailServiceProvider' => TRUE, 'Laravel\Tinker\TinkerServiceProvider' => TRUE]; protected $deferredServices = []; protected $bootstrapPath = 'D:\\Mirko\\Desktop\\Prove webapp\\CV_Backoffice\\bootstrap'; protected $appPath = NULL; protected $configPath = NULL; protected $databasePath = NULL; protected $langPath = 'D:\\Mirko\\Desktop\\Prove webapp\\CV_Backoffice\\lang'; protected $publicPath = NULL; protected $storagePath = NULL; protected $environmentPath = NULL; protected $environmentFile = '.env'; protected $isRunningInConsole = TRUE; protected $namespace = 'App\\'; protected $mergeFrameworkConfiguration = TRUE; protected $absoluteCachePathPrefixes = [0 => '/', 1 => '\\'] }, $route = class Illuminate\Routing\Route { public $uri = 'admin/vehicles'; public $methods = [0 => 'POST']; public $action = ['middleware' => [...], 'as' => 'admin.vehicles.store', 'uses' => 'App\\Http\\Controllers\\Admin\\VehicleController@store', 'controller' => 'App\\Http\\Controllers\\Admin\\VehicleController@store', 'namespace' => NULL, 'prefix' => '/admin', 'where' => [...]]; public $isFallback = FALSE; public $controller = NULL; public $defaults = []; public $wheres = []; public $parameters = []; public $parameterNames = []; protected $originalParameters = []; protected $withTrashedBindings = FALSE; protected $lockSeconds = NULL; protected $waitSeconds = NULL; public $computedMiddleware = [0 => 'web', 1 => 'auth', 2 => 'verified']; public $compiled = class Symfony\Component\Routing\CompiledRoute { private string $staticPrefix = '/admin/vehicles'; private string $regex = '{^/admin/vehicles$}sDu'; private array $tokens = [...]; private array $pathVariables = [...]; private ?string $hostRegex = NULL; private array $hostTokens = [...]; private array $hostVariables = [...]; private array $variables = [...] }; protected $router = class Illuminate\Routing\Router { protected $events = class Illuminate\Events\Dispatcher { ... }; protected $container = class Illuminate\Foundation\Application { ... }; protected $routes = class Illuminate\Routing\RouteCollection { ... }; protected $current = ...; protected $currentRequest = class Illuminate\Http\Request { ... }; protected $middleware = [...]; protected $middlewareGroups = [...]; public $middlewarePriority = [...]; protected $binders = [...]; protected $patterns = [...]; protected $groupStack = [...]; protected $implicitBindingCallback = class Closure { ... } }; protected $container = class Illuminate\Foundation\Application { protected $resolved = [...]; protected $bindings = [...]; protected $methodBindings = [...]; protected $instances = [...]; protected $scopedInstances = [...]; protected $aliases = [...]; protected $abstractAliases = [...]; protected $extenders = [...]; protected $tags = [...]; protected $buildStack = [...]; protected $with = [...]; public $contextual = [...]; public $contextualAttributes = [...]; protected $reboundCallbacks = [...]; protected $globalBeforeResolvingCallbacks = [...]; protected $globalResolvingCallbacks = [...]; protected $globalAfterResolvingCallbacks = [...]; protected $beforeResolvingCallbacks = [...]; protected $resolvingCallbacks = [...]; protected $afterResolvingCallbacks = [...]; protected $afterResolvingAttributeCallbacks = [...]; protected $basePath = 'D:\\Mirko\\Desktop\\Prove webapp\\CV_Backoffice'; protected $registeredCallbacks = [...]; protected $hasBeenBootstrapped = TRUE; protected $booted = TRUE; protected $bootingCallbacks = [...]; protected $bootedCallbacks = [...]; protected $terminatingCallbacks = [...]; protected $serviceProviders = [...]; protected $loadedProviders = [...]; protected $deferredServices = [...]; protected $bootstrapPath = 'D:\\Mirko\\Desktop\\Prove webapp\\CV_Backoffice\\bootstrap'; protected $appPath = NULL; protected $configPath = NULL; protected $databasePath = NULL; protected $langPath = 'D:\\Mirko\\Desktop\\Prove webapp\\CV_Backoffice\\lang'; protected $publicPath = NULL; protected $storagePath = NULL; protected $environmentPath = NULL; protected $environmentFile = '.env'; protected $isRunningInConsole = TRUE; protected $namespace = 'App\\'; protected $mergeFrameworkConfiguration = TRUE; protected $absoluteCachePathPrefixes = [...] }; protected $bindingFields = [] }) D:\Mirko\Desktop\Prove webapp\CV_Backoffice\vendor\laravel\framework\src\Illuminate\Routing\Router.php:961
PHP  62. Illuminate\Routing\ImplicitRouteBinding::resolveBackedEnumsForRoute($route = class Illuminate\Routing\Route { public $uri = 'admin/vehicles'; public $methods = [0 => 'POST']; public $action = ['middleware' => [...], 'as' => 'admin.vehicles.store', 'uses' => 'App\\Http\\Controllers\\Admin\\VehicleController@store', 'controller' => 'App\\Http\\Controllers\\Admin\\VehicleController@store', 'namespace' => NULL, 'prefix' => '/admin', 'where' => [...]]; public $isFallback = FALSE; public $controller = NULL; public $defaults = []; public $wheres = []; public $parameters = []; public $parameterNames = []; protected $originalParameters = []; protected $withTrashedBindings = FALSE; protected $lockSeconds = NULL; protected $waitSeconds = NULL; public $computedMiddleware = [0 => 'web', 1 => 'auth', 2 => 'verified']; public $compiled = class Symfony\Component\Routing\CompiledRoute { private string $staticPrefix = '/admin/vehicles'; private string $regex = '{^/admin/vehicles$}sDu'; private array $tokens = [...]; private array $pathVariables = [...]; private ?string $hostRegex = NULL; private array $hostTokens = [...]; private array $hostVariables = [...]; private array $variables = [...] }; protected $router = class Illuminate\Routing\Router { protected $events = class Illuminate\Events\Dispatcher { ... }; protected $container = class Illuminate\Foundation\Application { ... }; protected $routes = class Illuminate\Routing\RouteCollection { ... }; protected $current = ...; protected $currentRequest = class Illuminate\Http\Request { ... }; protected $middleware = [...]; protected $middlewareGroups = [...]; public $middlewarePriority = [...]; protected $binders = [...]; protected $patterns = [...]; protected $groupStack = [...]; protected $implicitBindingCallback = class Closure { ... } }; protected $container = class Illuminate\Foundation\Application { protected $resolved = [...]; protected $bindings = [...]; protected $methodBindings = [...]; protected $instances = [...]; protected $scopedInstances = [...]; protected $aliases = [...]; protected $abstractAliases = [...]; protected $extenders = [...]; protected $tags = [...]; protected $buildStack = [...]; protected $with = [...]; public $contextual = [...]; public $contextualAttributes = [...]; protected $reboundCallbacks = [...]; protected $globalBeforeResolvingCallbacks = [...]; protected $globalResolvingCallbacks = [...]; protected $globalAfterResolvingCallbacks = [...]; protected $beforeResolvingCallbacks = [...]; protected $resolvingCallbacks = [...]; protected $afterResolvingCallbacks = [...]; protected $afterResolvingAttributeCallbacks = [...]; protected $basePath = 'D:\\Mirko\\Desktop\\Prove webapp\\CV_Backoffice'; protected $registeredCallbacks = [...]; protected $hasBeenBootstrapped = TRUE; protected $booted = TRUE; protected $bootingCallbacks = [...]; protected $bootedCallbacks = [...]; protected $terminatingCallbacks = [...]; protected $serviceProviders = [...]; protected $loadedProviders = [...]; protected $deferredServices = [...]; protected $bootstrapPath = 'D:\\Mirko\\Desktop\\Prove webapp\\CV_Backoffice\\bootstrap'; protected $appPath = NULL; protected $configPath = NULL; protected $databasePath = NULL; protected $langPath = 'D:\\Mirko\\Desktop\\Prove webapp\\CV_Backoffice\\lang'; protected $publicPath = NULL; protected $storagePath = NULL; protected $environmentPath = NULL; protected $environmentFile = '.env'; protected $isRunningInConsole = TRUE; protected $namespace = 'App\\'; protected $mergeFrameworkConfiguration = TRUE; protected $absoluteCachePathPrefixes = [...] }; protected $bindingFields = [] }, $parameters = []) D:\Mirko\Desktop\Prove webapp\CV_Backoffice\vendor\laravel\framework\src\Illuminate\Routing\ImplicitRouteBinding.php:28
PHP  63. Illuminate\Routing\Route->signatureParameters($conditions = ['backedEnum' => TRUE]) D:\Mirko\Desktop\Prove webapp\CV_Backoffice\vendor\laravel\framework\src\Illuminate\Routing\ImplicitRouteBinding.php:80
PHP  64. Illuminate\Routing\RouteSignatureParameters::fromAction($action = ['middleware' => [0 => 'web', 1 => 'auth', 2 => 'verified'], 'as' => 'admin.vehicles.store', 'uses' => 'App\\Http\\Controllers\\Admin\\VehicleController@store', 'controller' => 'App\\Http\\Controllers\\Admin\\VehicleController@store', 'namespace' => NULL, 'prefix' => '/admin', 'where' => []], $conditions = ['backedEnum' => TRUE]) D:\Mirko\Desktop\Prove webapp\CV_Backoffice\vendor\laravel\framework\src\Illuminate\Routing\Route.php:544
PHP  65. array_filter($array = [0 => class ReflectionParameter { public string $name = 'request' }], $callback = class Closure { public $parameter = ['$p' => '<required>'] }) D:\Mirko\Desktop\Prove webapp\CV_Backoffice\vendor\laravel\framework\src\Illuminate\Routing\RouteSignatureParameters.php:31
PHP  66. Illuminate\Routing\RouteSignatureParameters::Illuminate\Routing\{closure:D:\Mirko\Desktop\Prove webapp\CV_Backoffice\vendor\laravel\framework\src\Illuminate\Routing\RouteSignatureParameters.php:31-31}($p = class ReflectionParameter { public string $name = 'request' }) D:\Mirko\Desktop\Prove webapp\CV_Backoffice\vendor\laravel\framework\src\Illuminate\Routing\RouteSignatureParameters.php:31
PHP  67. Illuminate\Support\Reflector::isParameterBackedEnumWithStringBackingType($parameter = class ReflectionParameter { public string $name = 'request' }) D:\Mirko\Desktop\Prove webapp\CV_Backoffice\vendor\laravel\framework\src\Illuminate\Routing\RouteSignatureParameters.php:31
PHP  68. enum_exists($enum = 'App\\Http\\Requests\\StoreVehicleRequest') D:\Mirko\Desktop\Prove webapp\CV_Backoffice\vendor\laravel\framework\src\Illuminate\Support\Reflector.php:161
PHP  69. Composer\Autoload\ClassLoader->loadClass($class = 'App\\Http\\Requests\\StoreVehicleRequest') D:\Mirko\Desktop\Prove webapp\CV_Backoffice\vendor\laravel\framework\src\Illuminate\Support\Reflector.php:161
PHP  70. Composer\Autoload\{closure:D:\Mirko\Desktop\Prove webapp\CV_Backoffice\vendor\composer\ClassLoader.php:575-577}($file = 'D:\\Mirko\\Desktop\\Prove webapp\\CV_Backoffice\\vendor\\composer/../../app/Http/Requests/StoreVehicleRequest.php') D:\Mirko\Desktop\Prove webapp\CV_Backoffice\vendor\composer\ClassLoader.php:427
PHP  71. include() D:\Mirko\Desktop\Prove webapp\CV_Backoffice\vendor\composer\ClassLoader.php:576

[33mIn StoreVehicleRequest.php line 9:[39m
[37;41m                                                                         [39;49m
[37;41m  Trait "App\Http\Requests\Concerns\HandlesWarrantyExtension" not found  [39;49m
[37;41m                                                                         [39;49m


[33mIn StoreVehicleRequest.php line 9:[39m
[37;41m                                                                         [39;49m
[37;41m  Trait "App\Http\Requests\Concerns\HandlesWarrantyExtension" not found  [39;49m
[37;41m                                                                         [39;49m


[33mIn StoreVehicleRequest.php line 9:[39m
[37;41m                                                                         [39;49m
[37;41m  Trait "App\Http\Requests\Concerns\HandlesWarrantyExtension" not found  [39;49m
[37;41m                                                                         [39;49m


[33mIn StoreVehicleRequest.php line 9:[39m
[37;41m                                                                         [39;49m
[37;41m  Trait "App\Http\Requests\Concerns\HandlesWarrantyExtension" not found  [39;49m
[37;41m                                                                         [39;49m


[33mIn StoreVehicleRequest.php line 9:[39m
[37;41m                                                                         [39;49m
[37;41m  Trait "App\Http\Requests\Concerns\HandlesWarrantyExtension" not found  [39;49m
[37;41m                                                                         [39;49m


[33mIn StoreVehicleRequest.php line 9:[39m
[37;41m                                                                         [39;49m
[37;41m  Trait "App\Http\Requests\Concerns\HandlesWarrantyExtension" not found  [39;49m
[37;41m                                                                         [39;49m


[33mIn StoreVehicleRequest.php line 9:[39m
[37;41m                                                                         [39;49m
[37;41m  Trait "App\Http\Requests\Concerns\HandlesWarrantyExtension" not found  [39;49m
[37;41m                                                                         [39;49m


[33mIn StoreVehicleRequest.php line 9:[39m
[37;41m                                                                         [39;49m
[37;41m  Trait "App\Http\Requests\Concerns\HandlesWarrantyExtension" not found  [39;49m
[37;41m                                                                         [39;49m


[33mIn StoreVehicleRequest.php line 9:[39m
[37;41m                                                                         [39;49m
[37;41m  Trait "App\Http\Requests\Concerns\HandlesWarrantyExtension" not found  [39;49m
[37;41m                                                                         [39;49m


[33mIn StoreVehicleRequest.php line 9:[39m
[37;41m                                                                         [39;49m
[37;41m  Trait "App\Http\Requests\Concerns\HandlesWarrantyExtension" not found  [39;49m
[37;41m                                                                         [39;49m


[33mIn StoreVehicleRequest.php line 9:[39m
[37;41m                                                                         [39;49m
[37;41m  Trait "App\Http\Requests\Concerns\HandlesWarrantyExtension" not found  [39;49m
[37;41m                                                                         [39;49m


[33mIn StoreVehicleRequest.php line 9:[39m
[37;41m                                                                         [39;49m
[37;41m  Trait "App\Http\Requests\Concerns\HandlesWarrantyExtension" not found  [39;49m
[37;41m                                                                         [39;49m


[33mIn StoreVehicleRequest.php line 9:[39m
[37;41m                                                                         [39;49m
[37;41m  Trait "App\Http\Requests\Concerns\HandlesWarrantyExtension" not found  [39;49m
[37;41m                                                                         [39;49m


[33mIn StoreVehicleRequest.php line 9:[39m
[37;41m                                                                         [39;49m
[37;41m  Trait "App\Http\Requests\Concerns\HandlesWarrantyExtension" not found  [39;49m
[37;41m                                                                         [39;49m


[33mIn StoreVehicleRequest.php line 9:[39m
[37;41m                                                                         [39;49m
[37;41m  Trait "App\Http\Requests\Concerns\HandlesWarrantyExtension" not found  [39;49m
[37;41m                                                                         [39;49m


[33mIn StoreVehicleRequest.php line 9:[39m
[37;41m                                                                         [39;49m
[37;41m  Trait "App\Http\Requests\Concerns\HandlesWarrantyExtension" not found  [39;49m
[37;41m                                                                         [39;49m


[33mIn StoreVehicleRequest.php line 9:[39m
[37;41m                                                                         [39;49m
[37;41m  Trait "App\Http\Requests\Concerns\HandlesWarrantyExtension" not found  [39;49m
[37;41m                                                                         [39;49m


[33mIn StoreVehicleRequest.php line 9:[39m
[37;41m                                                                         [39;49m
[37;41m  Trait "App\Http\Requests\Concerns\HandlesWarrantyExtension" not found  [39;49m
[37;41m                                                                         [39;49m


[33mIn StoreVehicleRequest.php line 9:[39m
[37;41m                                                                         [39;49m
[37;41m  Trait "App\Http\Requests\Concerns\HandlesWarrantyExtension" not found  [39;49m
[37;41m                                                                         [39;49m


[33mIn StoreVehicleRequest.php line 9:[39m
[37;41m                                                                         [39;49m
[37;41m  Trait "App\Http\Requests\Concerns\HandlesWarrantyExtension" not found  [39;49m
[37;41m                                                                         [39;49m


[33mIn StoreVehicleRequest.php line 9:[39m
[37;41m                                                                         [39;49m
[37;41m  Trait "App\Http\Requests\Concerns\HandlesWarrantyExtension" not found  [39;49m
[37;41m                                                                         [39;49m


[33mIn StoreVehicleRequest.php line 9:[39m
[37;41m                                                                         [39;49m
[37;41m  Trait "App\Http\Requests\Concerns\HandlesWarrantyExtension" not found  [39;49m
[37;41m                                                                         [39;49m


[33mIn StoreVehicleRequest.php line 9:[39m
[37;41m                                                                         [39;49m
[37;41m  Trait "App\Http\Requests\Concerns\HandlesWarrantyExtension" not found  [39;49m
[37;41m                                                                         [39;49m


[33mIn StoreVehicleRequest.php line 9:[39m
[37;41m                                                                         [39;49m
[37;41m  Trait "App\Http\Requests\Concerns\HandlesWarrantyExtension" not found  [39;49m
[37;41m                                                                         [39;49m


[33mIn StoreVehicleRequest.php line 9:[39m
[37;41m                                                                         [39;49m
[37;41m  Trait "App\Http\Requests\Concerns\HandlesWarrantyExtension" not found  [39;49m
[37;41m                                                                         [39;49m


[33mIn StoreVehicleRequest.php line 9:[39m
[37;41m                                                                         [39;49m
[37;41m  Trait "App\Http\Requests\Concerns\HandlesWarrantyExtension" not found  [39;49m
[37;41m                                                                         [39;49m


[33mIn StoreVehicleRequest.php line 9:[39m
[37;41m                                                                         [39;49m
[37;41m  Trait "App\Http\Requests\Concerns\HandlesWarrantyExtension" not found  [39;49m
[37;41m                                                                         [39;49m


[33mIn StoreVehicleRequest.php line 9:[39m
[37;41m                                                                         [39;49m
[37;41m  Trait "App\Http\Requests\Concerns\HandlesWarrantyExtension" not found  [39;49m
[37;41m                                                                         [39;49m


[33mIn StoreVehicleRequest.php line 9:[39m
[37;41m                                                                         [39;49m
[37;41m  Trait "App\Http\Requests\Concerns\HandlesWarrantyExtension" not found  [39;49m
[37;41m                                                                         [39;49m


[33mIn StoreVehicleRequest.php line 9:[39m
[37;41m                                                                         [39;49m
[37;41m  Trait "App\Http\Requests\Concerns\HandlesWarrantyExtension" not found  [39;49m
[37;41m                                                                         [39;49m


[33mIn StoreVehicleRequest.php line 9:[39m
[37;41m                                                                         [39;49m
[37;41m  Trait "App\Http\Requests\Concerns\HandlesWarrantyExtension" not found  [39;49m
[37;41m                                                                         [39;49m


[33mIn StoreVehicleRequest.php line 9:[39m
[37;41m                                                                         [39;49m
[37;41m  Trait "App\Http\Requests\Concerns\HandlesWarrantyExtension" not found  [39;49m
[37;41m                                                                         [39;49m


[33mIn StoreVehicleRequest.php line 9:[39m
[37;41m                                                                         [39;49m
[37;41m  Trait "App\Http\Requests\Concerns\HandlesWarrantyExtension" not found  [39;49m
[37;41m                                                                         [39;49m


[33mIn StoreVehicleRequest.php line 9:[39m
[37;41m                                                                         [39;49m
[37;41m  Trait "App\Http\Requests\Concerns\HandlesWarrantyExtension" not found  [39;49m
[37;41m                                                                         [39;49m


[33mIn StoreVehicleRequest.php line 9:[39m
[37;41m                                                                         [39;49m
[37;41m  Trait "App\Http\Requests\Concerns\HandlesWarrantyExtension" not found  [39;49m
[37;41m                                                                         [39;49m


[33mIn StoreVehicleRequest.php line 9:[39m
[37;41m                                                                         [39;49m
[37;41m  Trait "App\Http\Requests\Concerns\HandlesWarrantyExtension" not found  [39;49m
[37;41m                                                                         [39;49m


[33mIn StoreVehicleRequest.php line 9:[39m
[37;41m                                                                         [39;49m
[37;41m  Trait "App\Http\Requests\Concerns\HandlesWarrantyExtension" not found  [39;49m
[37;41m                                                                         [39;49m


[33mIn StoreVehicleRequest.php line 9:[39m
[37;41m                                                                         [39;49m
[37;41m  Trait "App\Http\Requests\Concerns\HandlesWarrantyExtension" not found  [39;49m
[37;41m                                                                         [39;49m


[33mIn StoreVehicleRequest.php line 9:[39m
[37;41m                                                                         [39;49m
[37;41m  Trait "App\Http\Requests\Concerns\HandlesWarrantyExtension" not found  [39;49m
[37;41m                                                                         [39;49m


[33mIn StoreVehicleRequest.php line 9:[39m
[37;41m                                                                         [39;49m
[37;41m  Trait "App\Http\Requests\Concerns\HandlesWarrantyExtension" not found  [39;49m
[37;41m                                                                         [39;49m


[33mIn StoreVehicleRequest.php line 9:[39m
[37;41m                                                                         [39;49m
[37;41m  Trait "App\Http\Requests\Concerns\HandlesWarrantyExtension" not found  [39;49m
[37;41m                                                                         [39;49m


[33mIn StoreVehicleRequest.php line 9:[39m
[37;41m                                                                         [39;49m
[37;41m  Trait "App\Http\Requests\Concerns\HandlesWarrantyExtension" not found  [39;49m
[37;41m                                                                         [39;49m


[33mIn StoreVehicleRequest.php line 9:[39m
[37;41m                                                                         [39;49m
[37;41m  Trait "App\Http\Requests\Concerns\HandlesWarrantyExtension" not found  [39;49m
[37;41m                                                                         [39;49m


[33mIn StoreVehicleRequest.php line 9:[39m
[37;41m                                                                         [39;49m
[37;41m  Trait "App\Http\Requests\Concerns\HandlesWarrantyExtension" not found  [39;49m
[37;41m                                                                         [39;49m


[33mIn StoreVehicleRequest.php line 9:[39m
[37;41m                                                                         [39;49m
[37;41m  Trait "App\Http\Requests\Concerns\HandlesWarrantyExtension" not found  [39;49m
[37;41m                                                                         [39;49m


[33mIn StoreVehicleRequest.php line 9:[39m
[37;41m                                                                         [39;49m
[37;41m  Trait "App\Http\Requests\Concerns\HandlesWarrantyExtension" not found  [39;49m
[37;41m                                                                         [39;49m


[33mIn StoreVehicleRequest.php line 9:[39m
[37;41m                                                                         [39;49m
[37;41m  Trait "App\Http\Requests\Concerns\HandlesWarrantyExtension" not found  [39;49m
[37;41m                                                                         [39;49m


[33mIn StoreVehicleRequest.php line 9:[39m
[37;41m                                                                         [39;49m
[37;41m  Trait "App\Http\Requests\Concerns\HandlesWarrantyExtension" not found  [39;49m
[37;41m                                                                         [39;49m


[33mIn StoreVehicleRequest.php line 9:[39m
[37;41m                                                                         [39;49m
[37;41m  Trait "App\Http\Requests\Concerns\HandlesWarrantyExtension" not found  [39;49m
[37;41m                                                                         [39;49m


[33mIn StoreVehicleRequest.php line 9:[39m
[37;41m                                                                         [39;49m
[37;41m  Trait "App\Http\Requests\Concerns\HandlesWarrantyExtension" not found  [39;49m
[37;41m                                                                         [39;49m


[33mIn StoreVehicleRequest.php line 9:[39m
[37;41m                                                                         [39;49m
[37;41m  Trait "App\Http\Requests\Concerns\HandlesWarrantyExtension" not found  [39;49m
[37;41m                                                                         [39;49m


[33mIn StoreVehicleRequest.php line 9:[39m
[37;41m                                                                         [39;49m
[37;41m  Trait "App\Http\Requests\Concerns\HandlesWarrantyExtension" not found  [39;49m
[37;41m                                                                         [39;49m


[33mIn StoreVehicleRequest.php line 9:[39m
[37;41m                                                                         [39;49m
[37;41m  Trait "App\Http\Requests\Concerns\HandlesWarrantyExtension" not found  [39;49m
[37;41m                                                                         [39;49m


[33mIn StoreVehicleRequest.php line 9:[39m
[37;41m                                                                         [39;49m
[37;41m  Trait "App\Http\Requests\Concerns\HandlesWarrantyExtension" not found  [39;49m
[37;41m                                                                         [39;49m


[33mIn StoreVehicleRequest.php line 9:[39m
[37;41m                                                                         [39;49m
[37;41m  Trait "App\Http\Requests\Concerns\HandlesWarrantyExtension" not found  [39;49m
[37;41m                                                                         [39;49m


[33mIn StoreVehicleRequest.php line 9:[39m
[37;41m                                                                         [39;49m
[37;41m  Trait "App\Http\Requests\Concerns\HandlesWarrantyExtension" not found  [39;49m
[37;41m                                                                         [39;49m


[33mIn StoreVehicleRequest.php line 9:[39m
[37;41m                                                                         [39;49m
[37;41m  Trait "App\Http\Requests\Concerns\HandlesWarrantyExtension" not found  [39;49m
[37;41m                                                                         [39;49m


[33mIn StoreVehicleRequest.php line 9:[39m
[37;41m                                                                         [39;49m
[37;41m  Trait "App\Http\Requests\Concerns\HandlesWarrantyExtension" not found  [39;49m
[37;41m                                                                         [39;49m


[33mIn StoreVehicleRequest.php line 9:[39m
[37;41m                                                                         [39;49m
[37;41m  Trait "App\Http\Requests\Concerns\HandlesWarrantyExtension" not found  [39;49m
[37;41m                                                                         [39;49m


[33mIn StoreVehicleRequest.php line 9:[39m
[37;41m                                                                         [39;49m
[37;41m  Trait "App\Http\Requests\Concerns\HandlesWarrantyExtension" not found  [39;49m
[37;41m                                                                         [39;49m


[33mIn StoreVehicleRequest.php line 9:[39m
[37;41m                                                                         [39;49m
[37;41m  Trait "App\Http\Requests\Concerns\HandlesWarrantyExtension" not found  [39;49m
[37;41m                                                                         [39;49m


[33mIn StoreVehicleRequest.php line 9:[39m
[37;41m                                                                         [39;49m
[37;41m  Trait "App\Http\Requests\Concerns\HandlesWarrantyExtension" not found  [39;49m
[37;41m                                                                         [39;49m


[33mIn StoreVehicleRequest.php line 9:[39m
[37;41m                                                                         [39;49m
[37;41m  Trait "App\Http\Requests\Concerns\HandlesWarrantyExtension" not found  [39;49m
[37;41m                                                                         [39;49m


[33mIn StoreVehicleRequest.php line 9:[39m
[37;41m                                                                         [39;49m
[37;41m  Trait "App\Http\Requests\Concerns\HandlesWarrantyExtension" not found  [39;49m
[37;41m                                                                         [39;49m


[33mIn StoreVehicleRequest.php line 9:[39m
[37;41m                                                                         [39;49m
[37;41m  Trait "App\Http\Requests\Concerns\HandlesWarrantyExtension" not found  [39;49m
[37;41m                                                                         [39;49m


[33mIn StoreVehicleRequest.php line 9:[39m
[37;41m                                                                         [39;49m
[37;41m  Trait "App\Http\Requests\Concerns\HandlesWarrantyExtension" not found  [39;49m
[37;41m                                                                         [39;49m


[33mIn StoreVehicleRequest.php line 9:[39m
[37;41m                                                                         [39;49m
[37;41m  Trait "App\Http\Requests\Concerns\HandlesWarrantyExtension" not found  [39;49m
[37;41m                                                                         [39;49m


[33mIn StoreVehicleRequest.php line 9:[39m
[37;41m                                                                         [39;49m
[37;41m  Trait "App\Http\Requests\Concerns\HandlesWarrantyExtension" not found  [39;49m
[37;41m                                                                         [39;49m


[33mIn StoreVehicleRequest.php line 9:[39m
[37;41m                                                                         [39;49m
[37;41m  Trait "App\Http\Requests\Concerns\HandlesWarrantyExtension" not found  [39;49m
[37;41m                                                                         [39;49m


[33mIn StoreVehicleRequest.php line 9:[39m
[37;41m                                                                         [39;49m
[37;41m  Trait "App\Http\Requests\Concerns\HandlesWarrantyExtension" not found  [39;49m
[37;41m                                                                         [39;49m


[33mIn StoreVehicleRequest.php line 9:[39m
[37;41m                                                                         [39;49m
[37;41m  Trait "App\Http\Requests\Concerns\HandlesWarrantyExtension" not found  [39;49m
[37;41m                                                                         [39;49m


[33mIn StoreVehicleRequest.php line 9:[39m
[37;41m                                                                         [39;49m
[37;41m  Trait "App\Http\Requests\Concerns\HandlesWarrantyExtension" not found  [39;49m
[37;41m                                                                         [39;49m


[33mIn StoreVehicleRequest.php line 9:[39m
[37;41m                                                                         [39;49m
[37;41m  Trait "App\Http\Requests\Concerns\HandlesWarrantyExtension" not found  [39;49m
[37;41m                                                                         [39;49m


[33mIn StoreVehicleRequest.php line 9:[39m
[37;41m                                                                         [39;49m
[37;41m  Trait "App\Http\Requests\Concerns\HandlesWarrantyExtension" not found  [39;49m
[37;41m                                                                         [39;49m


[33mIn StoreVehicleRequest.php line 9:[39m
[37;41m                                                                         [39;49m
[37;41m  Trait "App\Http\Requests\Concerns\HandlesWarrantyExtension" not found  [39;49m
[37;41m                                                                         [39;49m


[33mIn StoreVehicleRequest.php line 9:[39m
[37;41m                                                                         [39;49m
[37;41m  Trait "App\Http\Requests\Concerns\HandlesWarrantyExtension" not found  [39;49m
[37;41m                                                                         [39;49m


[33mIn StoreVehicleRequest.php line 9:[39m
[37;41m                                                                         [39;49m
[37;41m  Trait "App\Http\Requests\Concerns\HandlesWarrantyExtension" not found  [39;49m
[37;41m                                                                         [39;49m


[33mIn StoreVehicleRequest.php line 9:[39m
[37;41m                                                                         [39;49m
[37;41m  Trait "App\Http\Requests\Concerns\HandlesWarrantyExtension" not found  [39;49m
[37;41m                                                                         [39;49m


[33mIn StoreVehicleRequest.php line 9:[39m
[37;41m                                                                         [39;49m
[37;41m  Trait "App\Http\Requests\Concerns\HandlesWarrantyExtension" not found  [39;49m
[37;41m                                                                         [39;49m


[33mIn StoreVehicleRequest.php line 9:[39m
[37;41m                                                                         [39;49m
[37;41m  Trait "App\Http\Requests\Concerns\HandlesWarrantyExtension" not found  [39;49m
[37;41m                                                                         [39;49m


[33mIn StoreVehicleRequest.php line 9:[39m
[37;41m                                                                         [39;49m
[37;41m  Trait "App\Http\Requests\Concerns\HandlesWarrantyExtension" not found  [39;49m
[37;41m                                                                         [39;49m


[33mIn StoreVehicleRequest.php line 9:[39m
[37;41m                                                                         [39;49m
[37;41m  Trait "App\Http\Requests\Concerns\HandlesWarrantyExtension" not found  [39;49m
[37;41m                                                                         [39;49m


[33mIn StoreVehicleRequest.php line 9:[39m
[37;41m                                                                         [39;49m
[37;41m  Trait "App\Http\Requests\Concerns\HandlesWarrantyExtension" not found  [39;49m
[37;41m                                                                         [39;49m


[33mIn StoreVehicleRequest.php line 9:[39m
[37;41m                                                                         [39;49m
[37;41m  Trait "App\Http\Requests\Concerns\HandlesWarrantyExtension" not found  [39;49m
[37;41m                                                                         [39;49m


[33mIn StoreVehicleRequest.php line 9:[39m
[37;41m                                                                         [39;49m
[37;41m  Trait "App\Http\Requests\Concerns\HandlesWarrantyExtension" not found  [39;49m
[37;41m                                                                         [39;49m


[33mIn StoreVehicleRequest.php line 9:[39m
[37;41m                                                                         [39;49m
[37;41m  Trait "App\Http\Requests\Concerns\HandlesWarrantyExtension" not found  [39;49m
[37;41m                                                                         [39;49m


[33mIn StoreVehicleRequest.php line 9:[39m
[37;41m                                                                         [39;49m
[37;41m  Trait "App\Http\Requests\Concerns\HandlesWarrantyExtension" not found  [39;49m
[37;41m                                                                         [39;49m


[33mIn StoreVehicleRequest.php line 9:[39m
[37;41m                                                                         [39;49m
[37;41m  Trait "App\Http\Requests\Concerns\HandlesWarrantyExtension" not found  [39;49m
[37;41m                                                                         [39;49m


[33mIn StoreVehicleRequest.php line 9:[39m
[37;41m                                                                         [39;49m
[37;41m  Trait "App\Http\Requests\Concerns\HandlesWarrantyExtension" not found  [39;49m
[37;41m                                                                         [39;49m


[33mIn StoreVehicleRequest.php line 9:[39m
[37;41m                                                                         [39;49m
[37;41m  Trait "App\Http\Requests\Concerns\HandlesWarrantyExtension" not found  [39;49m
[37;41m                                                                         [39;49m


[33mIn StoreVehicleRequest.php line 9:[39m
[37;41m                                                                         [39;49m
[37;41m  Trait "App\Http\Requests\Concerns\HandlesWarrantyExtension" not found  [39;49m
[37;41m                                                                         [39;49m


[33mIn StoreVehicleRequest.php line 9:[39m
[37;41m                                                                         [39;49m
[37;41m  Trait "App\Http\Requests\Concerns\HandlesWarrantyExtension" not found  [39;49m
[37;41m                                                                         [39;49m


[33mIn StoreVehicleRequest.php line 9:[39m
[37;41m                                                                         [39;49m
[37;41m  Trait "App\Http\Requests\Concerns\HandlesWarrantyExtension" not found  [39;49m
[37;41m                                                                         [39;49m


Fatal error: Trait "App\Http\Requests\Concerns\HandlesWarrantyExtension" not found in D:\Mirko\Desktop\Prove webapp\CV_Backoffice\app\Http\Requests\StoreVehicleRequest.php on line 9

Call Stack:
    0.0002     419224   1. {main}() D:\Mirko\Desktop\Prove webapp\CV_Backoffice\vendor\phpunit\phpunit\phpunit:0
    0.0670    7331520   2. PHPUnit\TextUI\Application->run($argv = [0 => 'vendor/phpunit/phpunit/phpunit', 1 => '--colors=always', 2 => '--configuration=D:\\Mirko\\Desktop\\Prove webapp\\CV_Backoffice\\phpunit.xml', 3 => '--no-output']) D:\Mirko\Desktop\Prove webapp\CV_Backoffice\vendor\phpunit\phpunit\phpunit:104
    0.1948   14424208   3. PHPUnit\TextUI\TestRunner->run($configuration = class PHPUnit\TextUI\Configuration\Configuration { private readonly array $cliArguments = []; private readonly ?string $configurationFile = 'D:\\Mirko\\Desktop\\Prove webapp\\CV_Backoffice\\phpunit.xml'; private readonly ?string $bootstrap = 'D:\\Mirko\\Desktop\\Prove webapp\\CV_Backoffice\\vendor/autoload.php'; private readonly bool $cacheResult = TRUE; private readonly ?string $cacheDirectory = NULL; private readonly ?string $coverageCacheDirectory = NULL; private readonly PHPUnit\TextUI\Configuration\Source $source = class PHPUnit\TextUI\Configuration\Source { private readonly ?string $baseline = NULL; private readonly bool $ignoreBaseline = FALSE; private readonly PHPUnit\TextUI\Configuration\FilterDirectoryCollection $includeDirectories = class PHPUnit\TextUI\Configuration\FilterDirectoryCollection { ... }; private readonly PHPUnit\TextUI\Configuration\FileCollection $includeFiles = class PHPUnit\TextUI\Configuration\FileCollection { ... }; private readonly PHPUnit\TextUI\Configuration\FilterDirectoryCollection $excludeDirectories = class PHPUnit\TextUI\Configuration\FilterDirectoryCollection { ... }; private readonly PHPUnit\TextUI\Configuration\FileCollection $excludeFiles = class PHPUnit\TextUI\Configuration\FileCollection { ... }; private readonly bool $restrictDeprecations = FALSE; private readonly bool $restrictNotices = FALSE; private readonly bool $restrictWarnings = FALSE; private readonly bool $ignoreSuppressionOfDeprecations = FALSE; private readonly bool $ignoreSuppressionOfPhpDeprecations = FALSE; private readonly bool $ignoreSuppressionOfErrors = FALSE; private readonly bool $ignoreSuppressionOfNotices = FALSE; private readonly bool $ignoreSuppressionOfPhpNotices = FALSE; private readonly bool $ignoreSuppressionOfWarnings = FALSE; private readonly bool $ignoreSuppressionOfPhpWarnings = FALSE; private readonly bool $ignoreSelfDeprecations = FALSE; private readonly bool $ignoreDirectDeprecations = FALSE; private readonly bool $ignoreIndirectDeprecations = FALSE; private readonly bool $identifyIssueTrigger = TRUE; private readonly array $deprecationTriggers = [...] }; private readonly bool $pathCoverage = FALSE; private readonly ?string $coverageClover = NULL; private readonly ?string $coverageCobertura = NULL; private readonly ?string $coverageCrap4j = NULL; private readonly int $coverageCrap4jThreshold = 30; private readonly ?string $coverageHtml = NULL; private readonly int $coverageHtmlLowUpperBound = 50; private readonly int $coverageHtmlHighLowerBound = 90; private readonly string $coverageHtmlColorSuccessLow = '#dff0d8'; private readonly string $coverageHtmlColorSuccessMedium = '#c3e3b5'; private readonly string $coverageHtmlColorSuccessHigh = '#99cb84'; private readonly string $coverageHtmlColorWarning = '#fcf8e3'; private readonly string $coverageHtmlColorDanger = '#f2dede'; private readonly ?string $coverageHtmlCustomCssFile = NULL; private readonly ?string $coveragePhp = NULL; private readonly ?string $coverageText = NULL; private readonly bool $coverageTextShowUncoveredFiles = FALSE; private readonly bool $coverageTextShowOnlySummary = FALSE; private readonly ?string $coverageXml = NULL; private readonly string $testResultCacheFile = 'D:\\Mirko\\Desktop\\Prove webapp\\CV_Backoffice\\.phpunit.result.cache'; private readonly bool $ignoreDeprecatedCodeUnitsFromCodeCoverage = FALSE; private readonly bool $disableCodeCoverageIgnore = FALSE; private readonly bool $failOnAllIssues = FALSE; private readonly bool $failOnDeprecation = FALSE; private readonly bool $failOnPhpunitDeprecation = FALSE; private readonly bool $failOnPhpunitWarning = TRUE; private readonly bool $failOnEmptyTestSuite = FALSE; private readonly bool $failOnIncomplete = FALSE; private readonly bool $failOnNotice = FALSE; private readonly bool $failOnRisky = FALSE; private readonly bool $failOnSkipped = FALSE; private readonly bool $failOnWarning = FALSE; private readonly bool $doNotFailOnDeprecation = FALSE; private readonly bool $doNotFailOnPhpunitDeprecation = FALSE; private readonly bool $doNotFailOnPhpunitWarning = FALSE; private readonly bool $doNotFailOnEmptyTestSuite = FALSE; private readonly bool $doNotFailOnIncomplete = FALSE; private readonly bool $doNotFailOnNotice = FALSE; private readonly bool $doNotFailOnRisky = FALSE; private readonly bool $doNotFailOnSkipped = FALSE; private readonly bool $doNotFailOnWarning = FALSE; private readonly bool $stopOnDefect = FALSE; private readonly bool $stopOnDeprecation = FALSE; private readonly ?string $specificDeprecationToStopOn = NULL; private readonly bool $stopOnError = FALSE; private readonly bool $stopOnFailure = FALSE; private readonly bool $stopOnIncomplete = FALSE; private readonly bool $stopOnNotice = FALSE; private readonly bool $stopOnRisky = FALSE; private readonly bool $stopOnSkipped = FALSE; private readonly bool $stopOnWarning = FALSE; private readonly bool $outputToStandardErrorStream = FALSE; private readonly int $columns = 80; private readonly bool $noExtensions = FALSE; private readonly ?string $pharExtensionDirectory = NULL; private readonly array $extensionBootstrappers = []; private readonly bool $backupGlobals = FALSE; private readonly bool $backupStaticProperties = FALSE; private readonly bool $beStrictAboutChangesToGlobalState = FALSE; private readonly bool $colors = TRUE; private readonly bool $processIsolation = FALSE; private readonly bool $enforceTimeLimit = FALSE; private readonly int $defaultTimeLimit = 1; private readonly int $timeoutForSmallTests = 1; private readonly int $timeoutForMediumTests = 10; private readonly int $timeoutForLargeTests = 60; private readonly bool $reportUselessTests = TRUE; private readonly bool $strictCoverage = FALSE; private readonly bool $disallowTestOutput = FALSE; private readonly bool $displayDetailsOnAllIssues = FALSE; private readonly bool $displayDetailsOnIncompleteTests = FALSE; private readonly bool $displayDetailsOnSkippedTests = FALSE; private readonly bool $displayDetailsOnTestsThatTriggerDeprecations = FALSE; private readonly bool $displayDetailsOnPhpunitDeprecations = FALSE; private readonly bool $displayDetailsOnTestsThatTriggerErrors = FALSE; private readonly bool $displayDetailsOnTestsThatTriggerNotices = FALSE; private readonly bool $displayDetailsOnTestsThatTriggerWarnings = FALSE; private readonly bool $reverseDefectList = FALSE; private readonly bool $requireCoverageMetadata = FALSE; private readonly bool $noProgress = FALSE; private readonly bool $noResults = FALSE; private readonly bool $noOutput = TRUE; private readonly int $executionOrder = 0; private readonly int $executionOrderDefects = 0; private readonly bool $resolveDependencies = TRUE; private readonly ?string $logfileTeamcity = NULL; private readonly ?string $logfileJunit = NULL; private readonly ?string $logfileTestdoxHtml = NULL; private readonly ?string $logfileTestdoxText = NULL; private readonly ?string $logEventsText = NULL; private readonly ?string $logEventsVerboseText = NULL; private readonly ?array $testsCovering = NULL; private readonly ?array $testsUsing = NULL; private readonly ?array $testsRequiringPhpExtension = NULL; private readonly bool $teamCityOutput = FALSE; private readonly bool $testDoxOutput = FALSE; private readonly bool $testDoxOutputSummary = FALSE; private readonly ?string $filter = NULL; private readonly ?string $excludeFilter = NULL; private readonly array $groups = []; private readonly array $excludeGroups = []; private readonly int $randomOrderSeed = 1785584023; private readonly bool $includeUncoveredFiles = TRUE; private readonly PHPUnit\TextUI\Configuration\TestSuiteCollection $testSuite = class PHPUnit\TextUI\Configuration\TestSuiteCollection { private readonly array $testSuites = [...] }; private readonly string $includeTestSuite = ''; private readonly string $excludeTestSuite = ''; private readonly ?string $defaultTestSuite = NULL; private readonly array $testSuffixes = [0 => 'Test.php', 1 => '.phpt']; private readonly PHPUnit\TextUI\Configuration\Php $php = class PHPUnit\TextUI\Configuration\Php { private readonly PHPUnit\TextUI\Configuration\DirectoryCollection $includePaths = class PHPUnit\TextUI\Configuration\DirectoryCollection { ... }; private readonly PHPUnit\TextUI\Configuration\IniSettingCollection $iniSettings = class PHPUnit\TextUI\Configuration\IniSettingCollection { ... }; private readonly PHPUnit\TextUI\Configuration\ConstantCollection $constants = class PHPUnit\TextUI\Configuration\ConstantCollection { ... }; private readonly PHPUnit\TextUI\Configuration\VariableCollection $globalVariables = class PHPUnit\TextUI\Configuration\VariableCollection { ... }; private readonly PHPUnit\TextUI\Configuration\VariableCollection $envVariables = class PHPUnit\TextUI\Configuration\VariableCollection { ... }; private readonly PHPUnit\TextUI\Configuration\VariableCollection $postVariables = class PHPUnit\TextUI\Configuration\VariableCollection { ... }; private readonly PHPUnit\TextUI\Configuration\VariableCollection $getVariables = class PHPUnit\TextUI\Configuration\VariableCollection { ... }; private readonly PHPUnit\TextUI\Configuration\VariableCollection $cookieVariables = class PHPUnit\TextUI\Configuration\VariableCollection { ... }; private readonly PHPUnit\TextUI\Configuration\VariableCollection $serverVariables = class PHPUnit\TextUI\Configuration\VariableCollection { ... }; private readonly PHPUnit\TextUI\Configuration\VariableCollection $filesVariables = class PHPUnit\TextUI\Configuration\VariableCollection { ... }; private readonly PHPUnit\TextUI\Configuration\VariableCollection $requestVariables = class PHPUnit\TextUI\Configuration\VariableCollection { ... } }; private readonly bool $controlGarbageCollector = FALSE; private readonly int $numberOfTestsBeforeGarbageCollection = 100; private readonly ?string $generateBaseline = NULL; private readonly bool $debug = FALSE; private readonly int $shortenArraysForExportThreshold = 0 }, $resultCache = class PHPUnit\Runner\ResultCache\DefaultResultCache { private readonly string $cacheFilename = 'D:\\Mirko\\Desktop\\Prove webapp\\CV_Backoffice\\.phpunit.result.cache'; private array $defects = ['Tests\Feature\VehiclePageTest::test_vehicle_index_page_is_reachable' => class PHPUnit\Framework\TestStatus\Failure { ... }, 'Tests\Feature\VehiclePageTest::test_vehicle_create_page_is_reachable' => class PHPUnit\Framework\TestStatus\Failure { ... }, 'Tests\Feature\VehiclePageTest::test_vehicle_store_page_is_reachable' => class PHPUnit\Framework\TestStatus\Failure { ... }, 'Tests\Feature\VehiclePageTest::test_vehicle_update_page_is_reachable' => class PHPUnit\Framework\TestStatus\Failure { ... }, 'Tests\Feature\VehiclePageTest::test_vehicle_can_be_stored' => class PHPUnit\Framework\TestStatus\Failure { ... }, 'Tests\Feature\VehiclePageTest::test_vehicle_can_be_updated' => class PHPUnit\Framework\TestStatus\Error { ... }, 'Tests\Feature\VehicleTypeCrudTest::test_vehicle_type_can_be_stored' => class PHPUnit\Framework\TestStatus\Error { ... }, 'Tests\Feature\VehicleTypeCrudTest::test_vehicle_type_can_be_updated' => class PHPUnit\Framework\TestStatus\Error { ... }, 'Tests\Feature\VehicleTypeCrudTest::test_vehicle_type_can_be_deleted' => class PHPUnit\Framework\TestStatus\Error { ... }, 'Tests\Feature\EquipmentCrudTest::test_equipment_show_page_is_reachable' => class PHPUnit\Framework\TestStatus\Error { ... }, 'Tests\Feature\EquipmentCrudTest::test_equipment_edit_page_is_reachable' => class PHPUnit\Framework\TestStatus\Error { ... }, 'Tests\Feature\EquipmentCrudTest::test_equipment_can_be_stored' => class PHPUnit\Framework\TestStatus\Failure { ... }, 'Tests\Feature\EquipmentCrudTest::test_equipment_can_be_updated' => class PHPUnit\Framework\TestStatus\Failure { ... }, 'Tests\Feature\EquipmentCrudTest::test_equipment_can_be_deleted' => class PHPUnit\Framework\TestStatus\Error { ... }, 'Tests\Feature\Crud\ProviderCrudTest::test_provider_show_page_is_reachable' => class PHPUnit\Framework\TestStatus\Error { ... }, 'Tests\Feature\Crud\ProviderCrudTest::test_provider_edit_page_is_reachable' => class PHPUnit\Framework\TestStatus\Error { ... }, 'Tests\Feature\Crud\ProviderCrudTest::test_provider_can_be_stored' => class PHPUnit\Framework\TestStatus\Error { ... }, 'Tests\Feature\Crud\ProviderCrudTest::test_provider_can_be_deleted' => class PHPUnit\Framework\TestStatus\Error { ... }, 'Tests\Feature\EquipmentTypeCrudTest::test_equipment_type_can_be_stored' => class PHPUnit\Framework\TestStatus\Error { ... }, 'Tests\Feature\Crud\DeadlineCrudTest::test_deadline_can_be_stored' => class PHPUnit\Framework\TestStatus\Failure { ... }, 'Tests\Feature\Crud\DeadlineCrudTest::test_deadline_can_be_updated' => class PHPUnit\Framework\TestStatus\Failure { ... }, 'Tests\Feature\Crud\DeadlineCrudTest::test_deadline_show_page_is_reachable' => class PHPUnit\Framework\TestStatus\Error { ... }, 'Tests\Feature\Crud\DeadlineCrudTest::test_deadline_edit_page_is_reachable' => class PHPUnit\Framework\TestStatus\Error { ... }, 'Tests\Feature\Crud\DeadlineCrudTest::test_deadline_can_be_deleted' => class PHPUnit\Framework\TestStatus\Failure { ... }, 'Tests\Feature\Crud\MaintenanceRecordCrudTest::test_maintenance_show_page_is_reachable' => class PHPUnit\Framework\TestStatus\Error { ... }, 'Tests\Feature\Crud\MaintenanceRecordCrudTest::test_maintenance_edit_page_is_reachable' => class PHPUnit\Framework\TestStatus\Error { ... }, 'Tests\Feature\Crud\MaintenanceRecordCrudTest::test_maintenance_can_be_stored' => class PHPUnit\Framework\TestStatus\Error { ... }, 'Tests\Feature\Crud\MaintenanceRecordCrudTest::test_maintenance_can_be_updated' => class PHPUnit\Framework\TestStatus\Failure { ... }, 'Tests\Feature\Crud\MaintenanceRecordCrudTest::test_maintenance_can_be_deleted' => class PHPUnit\Framework\TestStatus\Failure { ... }, 'Tests\Feature\Crud\IssueCrudTest::test_issue_can_be_stored' => class PHPUnit\Framework\TestStatus\Error { ... }, 'Tests\Feature\Crud\IssueCrudTest::test_issue_can_be_updated' => class PHPUnit\Framework\TestStatus\Failure { ... }, 'Tests\Feature\Crud\MileageLogCrudTest::test_mileage_log_can_be_stored' => class PHPUnit\Framework\TestStatus\Failure { ... }, 'Tests\Feature\Crud\MileageLogCrudTest::test_mileage_log_can_be_updated' => class PHPUnit\Framework\TestStatus\Failure { ... }, 'Tests\Feature\Crud\VehicleCrudTest::test_vehicle_cannot_be_updated_with_duplicate_license_plate' => class PHPUnit\Framework\TestStatus\Error { ... }, 'Tests\Feature\Crud\VehicleTypeCrudTest::test_vehicle_type_cannot_be_updated_with_duplicate_name' => class PHPUnit\Framework\TestStatus\Failure { ... }, 'Tests\Feature\Crud\EquipmentTypeCrudTest::test_equipment_type_cannot_be_stored_with_duplicate_name' => class PHPUnit\Framework\TestStatus\Failure { ... }, 'Tests\Feature\Crud\EquipmentTypeCrudTest::test_equipment_type_cannot_be_updated_with_duplicate_name' => class PHPUnit\Framework\TestStatus\Failure { ... }, 'Tests\Feature\Crud\MaintenanceRecordCrudTest::test_maintenance_required_fields' => class PHPUnit\Framework\TestStatus\Error { ... }, 'Tests\Feature\Crud\DeadlineCrudTest::test_deadline_required_fields' => class PHPUnit\Framework\TestStatus\Failure { ... }, 'Tests\Feature\tests\Unit\VehicleBusinessLogicTest::test_vehicle_missing_required_equipment_returns_missing_items' => class PHPUnit\Framework\TestStatus\Error { ... }, 'Tests\Unit\DeadlineBusinessLogicTest::test_calculate_ministerial_due_date_for_regular_inspection' => class PHPUnit\Framework\TestStatus\Failure { ... }, 'Tests\Unit\DeadlineBusinessLogicTest::test_calculate_oxygen_due_date_returns_null_when_vehicle_type_does_not_require_it' => class PHPUnit\Framework\TestStatus\Failure { ... }, 'Tests\Unit\DeadlineBusinessLogicTest::test_deadline_is_valid_when_due_date_is_in_the_future' => class PHPUnit\Framework\TestStatus\Failure { ... }, 'Tests\Feature\VehicleObserverTest::test_vehicle_creation_generates_oxygen_deadline_when_required' => class PHPUnit\Framework\TestStatus\Error { ... }, 'Tests\Feature\VehicleObserverTest::test_vehicle_observer_does_not_create_duplicate_deadlines' => class PHPUnit\Framework\TestStatus\Failure { ... }, 'Tests\Feature\Crud\MaintenanceRecordCrudTest::test_maintenance_provider_id_is_required' => class PHPUnit\Framework\TestStatus\Failure { ... }, 'Tests\Feature\MaintenanceRecordBusinessLogicTest::test_store_sets_issue_to_in_progress' => class PHPUnit\Framework\TestStatus\Failure { ... }, 'Tests\Feature\MaintenanceRecordBusinessLogicTest::test_update_removed_issue_returns_to_open' => class PHPUnit\Framework\TestStatus\Failure { ... }, 'Tests\Feature\Crud\IssueCrudTest::test_issue_can_be_deleted' => class PHPUnit\Framework\TestStatus\Failure { ... }, 'Tests\Feature\Crud\IssueCrudTest::test_issue_description_is_required' => class PHPUnit\Framework\TestStatus\Failure { ... }, 'Tests\Feature\Crud\EquipmentCrudTest::test_equipment_can_be_stored' => class PHPUnit\Framework\TestStatus\Error { ... }, 'Tests\Feature\Crud\EquipmentCrudTest::test_equipment_can_be_updated' => class PHPUnit\Framework\TestStatus\Failure { ... }, 'Tests\Feature\Crud\EquipmentCrudTest::test_equipment_name_is_required' => class PHPUnit\Framework\TestStatus\Failure { ... }, 'Tests\Feature\Crud\ProviderCrudTest::test_provider_can_be_updated' => class PHPUnit\Framework\TestStatus\Failure { ... }]; private array $times = ['Tests\Unit\ExampleTest::test_that_true_is_true' => 0, 'Tests\Feature\Auth\AuthenticationTest::test_login_screen_can_be_rendered' => 0.024, 'Tests\Feature\Auth\AuthenticationTest::test_users_can_authenticate_using_the_login_screen' => 0.027, 'Tests\Feature\Auth\AuthenticationTest::test_users_can_not_authenticate_with_invalid_password' => 0.222, 'Tests\Feature\Auth\AuthenticationTest::test_users_can_logout' => 0.009, 'Tests\Feature\Auth\EmailVerificationTest::test_email_verification_screen_can_be_rendered' => 0.011, 'Tests\Feature\Auth\EmailVerificationTest::test_email_can_be_verified' => 0.011, 'Tests\Feature\Auth\EmailVerificationTest::test_email_is_not_verified_with_invalid_hash' => 0.013, 'Tests\Feature\Auth\PasswordConfirmationTest::test_confirm_password_screen_can_be_rendered' => 0.011, 'Tests\Feature\Auth\PasswordConfirmationTest::test_password_can_be_confirmed' => 0.007, 'Tests\Feature\Auth\PasswordConfirmationTest::test_password_is_not_confirmed_with_invalid_password' => 0.204, 'Tests\Feature\Auth\PasswordResetTest::test_reset_password_link_screen_can_be_rendered' => 0.009, 'Tests\Feature\Auth\PasswordResetTest::test_reset_password_link_can_be_requested' => 0.217, 'Tests\Feature\Auth\PasswordResetTest::test_reset_password_screen_can_be_rendered' => 0.223, 'Tests\Feature\Auth\PasswordResetTest::test_password_can_be_reset_with_valid_token' => 0.219, 'Tests\Feature\Auth\PasswordUpdateTest::test_password_can_be_updated' => 0.01, 'Tests\Feature\Auth\PasswordUpdateTest::test_correct_password_must_be_provided_to_update_password' => 0.009, 'Tests\Feature\Auth\RegistrationTest::test_registration_screen_can_be_rendered' => 0.009, 'Tests\Feature\Auth\RegistrationTest::test_new_users_can_register' => 0.008, 'Tests\Feature\ExampleTest::test_the_application_returns_a_successful_response' => 0.007, 'Tests\Feature\ProfileTest::test_profile_page_is_displayed' => 0.01, 'Tests\Feature\ProfileTest::test_profile_information_can_be_updated' => 0.007, 'Tests\Feature\ProfileTest::test_email_verification_status_is_unchanged_when_the_email_address_is_unchanged' => 0.007, 'Tests\Feature\ProfileTest::test_user_can_delete_their_account' => 0.006, 'Tests\Feature\ProfileTest::test_correct_password_must_be_provided_to_delete_account' => 0.008, 'Tests\Feature\VehiclePageTest::test_vehicle_index_page_is_reachable' => 0.046, 'Tests\Feature\VehiclePageTest::test_vehicle_create_page_is_reachable' => 0.019, 'Tests\Feature\VehiclePageTest::test_vehicle_show_page_is_reachable' => 0.023, 'Tests\Feature\VehiclePageTest::test_vehicle_edit_page_is_reachable' => 0.022, 'Tests\Feature\VehiclePageTest::test_vehicle_store_page_is_reachable' => 0.022, 'Tests\Feature\VehiclePageTest::test_vehicle_update_page_is_reachable' => 0.019, 'Tests\Feature\VehiclePageTest::test_vehicle_destroy_page_is_reachable' => 0.015, 'Tests\Feature\VehiclePageTest::test_vehicle_can_be_stored' => 0.021, 'Tests\Feature\VehiclePageTest::test_vehicle_can_be_updated' => 0.022, 'Tests\Feature\VehiclePageTest::test_vehicle_can_be_deleted' => 0.015, 'Tests\Feature\VehicleCrudTest::test_vehicle_index_page_is_reachable' => 0.01, 'Tests\Feature\VehicleCrudTest::test_vehicle_create_page_is_reachable' => 0.018, 'Tests\Feature\VehicleCrudTest::test_vehicle_show_page_is_reachable' => 0.021, 'Tests\Feature\VehicleCrudTest::test_vehicle_edit_page_is_reachable' => 0.023, 'Tests\Feature\VehicleCrudTest::test_vehicle_can_be_stored' => 0.018, 'Tests\Feature\VehicleCrudTest::test_vehicle_can_be_updated' => 0.019, 'Tests\Feature\VehicleCrudTest::test_vehicle_can_be_deleted' => 0.014, 'Tests\Feature\VehicleTypeCrudTest::test_vehicle_type_index_page_is_reachable' => 0.01, 'Tests\Feature\VehicleTypeCrudTest::test_vehicle_type_create_page_is_reachable' => 0.01, 'Tests\Feature\VehicleTypeCrudTest::test_vehicle_type_show_page_is_reachable' => 0.012, 'Tests\Feature\VehicleTypeCrudTest::test_vehicle_type_edit_page_is_reachable' => 0.01, 'Tests\Feature\VehicleTypeCrudTest::test_vehicle_type_can_be_stored' => 0.008, 'Tests\Feature\VehicleTypeCrudTest::test_vehicle_type_can_be_updated' => 0.009, 'Tests\Feature\VehicleTypeCrudTest::test_vehicle_type_can_be_deleted' => 0.006, 'Tests\Feature\EquipmentTypeCrudTest::test_equipment_type_index_page_is_reachable' => 0.01, 'Tests\Feature\EquipmentTypeCrudTest::test_equipment_type_create_page_is_reachable' => 0.01, 'Tests\Feature\EquipmentTypeCrudTest::test_equipment_type_show_page_is_reachable' => 0.01, 'Tests\Feature\EquipmentTypeCrudTest::test_equipment_type_edit_page_is_reachable' => 0.01, 'Tests\Feature\EquipmentTypeCrudTest::test_equipment_type_can_be_stored' => 0.007, 'Tests\Feature\EquipmentTypeCrudTest::test_equipment_type_can_be_updated' => 0.008, 'Tests\Feature\EquipmentTypeCrudTest::test_equipment_type_can_be_deleted' => 0.006, 'Tests\Feature\EquipmentCrudTest::test_equipment_index_page_is_reachable' => 0.009, 'Tests\Feature\EquipmentCrudTest::test_equipment_create_page_is_reachable' => 0.01, 'Tests\Feature\EquipmentCrudTest::test_equipment_show_page_is_reachable' => 0.012, 'Tests\Feature\EquipmentCrudTest::test_equipment_edit_page_is_reachable' => 0.012, 'Tests\Feature\EquipmentCrudTest::test_equipment_can_be_stored' => 0.014, 'Tests\Feature\EquipmentCrudTest::test_equipment_can_be_updated' => 0.013, 'Tests\Feature\EquipmentCrudTest::test_equipment_can_be_deleted' => 0.007, 'Tests\Feature\Crud\ProviderCrudTest::test_provider_index_page_is_reachable' => 0.012, 'Tests\Feature\Crud\ProviderCrudTest::test_provider_create_page_is_reachable' => 0.01, 'Tests\Feature\Crud\ProviderCrudTest::test_provider_show_page_is_reachable' => 0.012, 'Tests\Feature\Crud\ProviderCrudTest::test_provider_edit_page_is_reachable' => 0.011, 'Tests\Feature\Crud\ProviderCrudTest::test_provider_can_be_stored' => 0.009, 'Tests\Feature\Crud\ProviderCrudTest::test_provider_can_be_updated' => 0.009, 'Tests\Feature\Crud\ProviderCrudTest::test_provider_can_be_deleted' => 0.007, 'Tests\Feature\Crud\IssueCrudTest::test_issue_index_page_is_reachable' => 0.012, 'Tests\Feature\Crud\IssueCrudTest::test_issue_create_page_is_reachable' => 0.014, 'Tests\Feature\Crud\IssueCrudTest::test_issue_show_page_is_reachable' => 0.043, 'Tests\Feature\Crud\IssueCrudTest::test_issue_edit_page_is_reachable' => 0.041, 'Tests\Feature\Crud\IssueCrudTest::test_issue_can_be_stored' => 0.035, 'Tests\Feature\Crud\IssueCrudTest::test_issue_can_be_updated' => 0.039, 'Tests\Feature\Crud\IssueCrudTest::test_issue_can_be_deleted' => 0.035, 'Tests\Feature\Crud\DeadlineCrudTest::test_deadline_index_page_is_reachable' => 0.014, 'Tests\Feature\Crud\DeadlineCrudTest::test_deadline_create_page_is_reachable' => 0.011, 'Tests\Feature\Crud\DeadlineCrudTest::test_deadline_show_page_is_reachable' => 0.043, 'Tests\Feature\Crud\DeadlineCrudTest::test_deadline_edit_page_is_reachable' => 0.039, 'Tests\Feature\Crud\DeadlineCrudTest::test_deadline_can_be_stored' => 0.038, 'Tests\Feature\Crud\DeadlineCrudTest::test_deadline_can_be_updated' => 0.042, 'Tests\Feature\Crud\DeadlineCrudTest::test_deadline_can_be_deleted' => 0.035, 'Tests\Feature\Crud\MaintenanceRecordCrudTest::test_maintenance_index_page_is_reachable' => 0.014, 'Tests\Feature\Crud\MaintenanceRecordCrudTest::test_maintenance_create_page_is_reachable' => 0.014, 'Tests\Feature\Crud\MaintenanceRecordCrudTest::test_maintenance_show_page_is_reachable' => 0.046, 'Tests\Feature\Crud\MaintenanceRecordCrudTest::test_maintenance_edit_page_is_reachable' => 0.049, 'Tests\Feature\Crud\MaintenanceRecordCrudTest::test_maintenance_can_be_stored' => 0.042, 'Tests\Feature\Crud\MaintenanceRecordCrudTest::test_maintenance_can_be_updated' => 0.046, 'Tests\Feature\Crud\MaintenanceRecordCrudTest::test_maintenance_can_be_deleted' => 0.042, 'Tests\Feature\Crud\MileageLogCrudTest::test_mileage_log_index_page_is_reachable' => 0.013, 'Tests\Feature\Crud\MileageLogCrudTest::test_mileage_log_create_page_is_reachable' => 0.011, 'Tests\Feature\Crud\MileageLogCrudTest::test_mileage_log_show_page_is_reachable' => 0.062, 'Tests\Feature\Crud\MileageLogCrudTest::test_mileage_log_edit_page_is_reachable' => 0.039, 'Tests\Feature\Crud\MileageLogCrudTest::test_mileage_log_can_be_stored' => 0.033, 'Tests\Feature\Crud\MileageLogCrudTest::test_mileage_log_can_be_updated' => 0.036, 'Tests\Feature\Crud\MileageLogCrudTest::test_mileage_log_can_be_deleted' => 0.033, 'Tests\Feature\Crud\EquipmentCrudTest::test_equipment_index_page_is_reachable' => 0.012, 'Tests\Feature\Crud\EquipmentCrudTest::test_equipment_create_page_is_reachable' => 0.011, 'Tests\Feature\Crud\EquipmentCrudTest::test_equipment_show_page_is_reachable' => 0.015, 'Tests\Feature\Crud\EquipmentCrudTest::test_equipment_edit_page_is_reachable' => 0.016, 'Tests\Feature\Crud\EquipmentCrudTest::test_equipment_can_be_stored' => 0.016, 'Tests\Feature\Crud\EquipmentCrudTest::test_equipment_can_be_updated' => 0.02, 'Tests\Feature\Crud\EquipmentCrudTest::test_equipment_can_be_deleted' => 0.012, 'Tests\Feature\Crud\EquipmentTypeCrudTest::test_equipment_type_index_page_is_reachable' => 0.012, 'Tests\Feature\Crud\EquipmentTypeCrudTest::test_equipment_type_create_page_is_reachable' => 0.01, 'Tests\Feature\Crud\EquipmentTypeCrudTest::test_equipment_type_show_page_is_reachable' => 0.012, 'Tests\Feature\Crud\EquipmentTypeCrudTest::test_equipment_type_edit_page_is_reachable' => 0.011, 'Tests\Feature\Crud\EquipmentTypeCrudTest::test_equipment_type_can_be_stored' => 0.008, 'Tests\Feature\Crud\EquipmentTypeCrudTest::test_equipment_type_can_be_updated' => 0.01, 'Tests\Feature\Crud\EquipmentTypeCrudTest::test_equipment_type_can_be_deleted' => 0.007, 'Tests\Feature\Crud\VehicleCrudTest::test_vehicle_index_page_is_reachable' => 0.013, 'Tests\Feature\Crud\VehicleCrudTest::test_vehicle_create_page_is_reachable' => 0.023, 'Tests\Feature\Crud\VehicleCrudTest::test_vehicle_show_page_is_reachable' => 0.041, 'Tests\Feature\Crud\VehicleCrudTest::test_vehicle_edit_page_is_reachable' => 0.04, 'Tests\Feature\Crud\VehicleCrudTest::test_vehicle_can_be_stored' => 0.018, 'Tests\Feature\Crud\VehicleCrudTest::test_vehicle_can_be_updated' => 0.018, 'Tests\Feature\Crud\VehicleCrudTest::test_vehicle_can_be_deleted' => 0.014, 'Tests\Feature\Crud\VehicleTypeCrudTest::test_vehicle_type_index_page_is_reachable' => 0.009, 'Tests\Feature\Crud\VehicleTypeCrudTest::test_vehicle_type_create_page_is_reachable' => 0.009, 'Tests\Feature\Crud\VehicleTypeCrudTest::test_vehicle_type_show_page_is_reachable' => 0.011, 'Tests\Feature\Crud\VehicleTypeCrudTest::test_vehicle_type_edit_page_is_reachable' => 0.013, 'Tests\Feature\Crud\VehicleTypeCrudTest::test_vehicle_type_can_be_stored' => 0.008, 'Tests\Feature\Crud\VehicleTypeCrudTest::test_vehicle_type_can_be_updated' => 0.009, 'Tests\Feature\Crud\VehicleTypeCrudTest::test_vehicle_type_can_be_deleted' => 0.006, 'Tests\Feature\Crud\VehicleCrudTest::test_vehicle_cannot_be_stored_with_duplicate_license_plate' => 0.018, 'Tests\Feature\Crud\VehicleCrudTest::test_vehicle_cannot_be_updated_with_duplicate_license_plate' => 0.026, ...] }, $suite = class PHPUnit\Framework\TestSuite { private string $name = 'D:\\Mirko\\Desktop\\Prove webapp\\CV_Backoffice\\phpunit.xml'; private array $groups = []; private ?array $requiredTests = NULL; private array $tests = []; private ?array $providedTests = NULL; private ?PHPUnit\Runner\Filter\Factory $iteratorFilter = NULL; private bool $wasRun = TRUE }) D:\Mirko\Desktop\Prove webapp\CV_Backoffice\vendor\phpunit\phpunit\src\TextUI\Application.php:211
    0.1994   14515400   4. PHPUnit\Framework\TestSuite->run() D:\Mirko\Desktop\Prove webapp\CV_Backoffice\vendor\phpunit\phpunit\src\TextUI\TestRunner.php:64
    1.3371   53010760   5. PHPUnit\Framework\TestSuite->run() D:\Mirko\Desktop\Prove webapp\CV_Backoffice\vendor\phpunit\phpunit\src\Framework\TestSuite.php:369
    6.3717   61053168   6. PHPUnit\Framework\TestSuite->run() D:\Mirko\Desktop\Prove webapp\CV_Backoffice\vendor\phpunit\phpunit\src\Framework\TestSuite.php:369
    6.6287   59697944   7. PHPUnit\Framework\TestCase->run() D:\Mirko\Desktop\Prove webapp\CV_Backoffice\vendor\phpunit\phpunit\src\Framework\TestSuite.php:369
    6.6287   59698024   8. PHPUnit\Framework\TestRunner->run($test = class Tests\Feature\Crud\VehicleCrudTest { private ?bool ${PHPUnit\Framework\TestCase}backupGlobals = FALSE; private array ${PHPUnit\Framework\TestCase}backupGlobalsExcludeList = []; private ?bool ${PHPUnit\Framework\TestCase}backupStaticProperties = FALSE; private array ${PHPUnit\Framework\TestCase}backupStaticPropertiesExcludeList = []; private ?SebastianBergmann\GlobalState\Snapshot ${PHPUnit\Framework\TestCase}snapshot = NULL; private ?array ${PHPUnit\Framework\TestCase}backupGlobalErrorHandlers = [0 => class PHPUnit\Runner\ErrorHandler { ... }]; private ?array ${PHPUnit\Framework\TestCase}backupGlobalExceptionHandlers = []; private ?bool ${PHPUnit\Framework\TestCase}runClassInSeparateProcess = NULL; private ?bool ${PHPUnit\Framework\TestCase}runTestInSeparateProcess = NULL; private bool ${PHPUnit\Framework\TestCase}preserveGlobalState = FALSE; private bool ${PHPUnit\Framework\TestCase}inIsolation = FALSE; private ?string ${PHPUnit\Framework\TestCase}expectedException = NULL; private ?string ${PHPUnit\Framework\TestCase}expectedExceptionMessage = NULL; private ?string ${PHPUnit\Framework\TestCase}expectedExceptionMessageRegExp = NULL; private string|int|null ${PHPUnit\Framework\TestCase}expectedExceptionCode = NULL; private array ${PHPUnit\Framework\TestCase}providedTests = [0 => class PHPUnit\Framework\ExecutionOrderDependency { ... }]; private array ${PHPUnit\Framework\TestCase}data = []; private string|int ${PHPUnit\Framework\TestCase}dataName = ''; private string ${PHPUnit\Framework\TestCase}methodName = 'test_vehicle_can_be_stored'; private array ${PHPUnit\Framework\TestCase}groups = [0 => 'default']; private array ${PHPUnit\Framework\TestCase}dependencies = []; private array ${PHPUnit\Framework\TestCase}dependencyInput = []; private array ${PHPUnit\Framework\TestCase}iniSettings = []; private array ${PHPUnit\Framework\TestCase}locale = []; private array ${PHPUnit\Framework\TestCase}mockObjects = []; private PHPUnit\Framework\TestStatus\TestStatus ${PHPUnit\Framework\TestCase}status = class PHPUnit\Framework\TestStatus\Unknown { private readonly string ${PHPUnit\Framework\TestStatus\TestStatus}message = '' }; private int ${PHPUnit\Framework\TestCase}numberOfAssertionsPerformed = 0; private mixed ${PHPUnit\Framework\TestCase}testResult = NULL; private string ${PHPUnit\Framework\TestCase}output = ''; private ?string ${PHPUnit\Framework\TestCase}outputExpectedRegex = NULL; private ?string ${PHPUnit\Framework\TestCase}outputExpectedString = NULL; private bool ${PHPUnit\Framework\TestCase}outputBufferingActive = TRUE; private int ${PHPUnit\Framework\TestCase}outputBufferingLevel = 1; private bool ${PHPUnit\Framework\TestCase}outputRetrievedForAssertion = FALSE; private bool ${PHPUnit\Framework\TestCase}doesNotPerformAssertions = FALSE; private array ${PHPUnit\Framework\TestCase}customComparators = []; private ?PHPUnit\Event\Code\TestMethod ${PHPUnit\Framework\TestCase}testValueObjectForEvents = class PHPUnit\Event\Code\TestMethod { private readonly string ${PHPUnit\Event\Code\Test}file = 'D:\\Mirko\\Desktop\\Prove webapp\\CV_Backoffice\\tests\\Feature\\Crud\\VehicleCrudTest.php'; private readonly string $className = 'Tests\\Feature\\Crud\\VehicleCrudTest'; private readonly string $methodName = 'test_vehicle_can_be_stored'; private readonly int $line = 109; private readonly PHPUnit\Event\Code\TestDox $testDox = class PHPUnit\Event\Code\TestDox { ... }; private readonly PHPUnit\Metadata\MetadataCollection $metadata = class PHPUnit\Metadata\MetadataCollection { ... }; private readonly PHPUnit\Event\TestData\TestDataCollection $testData = class PHPUnit\Event\TestData\TestDataCollection { ... } }; private bool ${PHPUnit\Framework\TestCase}wasPrepared = TRUE; private array ${PHPUnit\Framework\TestCase}failureTypes = []; private array ${PHPUnit\Framework\TestCase}expectedUserDeprecationMessage = []; private array ${PHPUnit\Framework\TestCase}expectedUserDeprecationMessageRegularExpression = []; protected $originalVite = NULL; protected $originalMix = NULL; protected $originalDeferredCallbacksCollection = NULL; protected $defaultHeaders = []; protected $defaultCookies = []; protected $unencryptedCookies = []; protected $serverVariables = []; protected $followRedirects = FALSE; protected $encryptCookies = TRUE; protected $withCredentials = FALSE; public $mockConsoleOutput = TRUE; public $expectsOutput = NULL; public $expectedOutput = []; public $expectedOutputSubstrings = []; public $unexpectedOutput = []; public $unexpectedOutputSubstrings = []; public $expectedTables = []; public $expectedQuestions = []; public $expectedChoices = []; protected $originalDeprecationHandler = NULL; protected $originalExceptionHandler = NULL; protected $app = class Illuminate\Foundation\Application { protected $resolved = [...]; protected $bindings = [...]; protected $methodBindings = [...]; protected $instances = [...]; protected $scopedInstances = [...]; protected $aliases = [...]; protected $abstractAliases = [...]; protected $extenders = [...]; protected $tags = [...]; protected $buildStack = [...]; protected $with = [...]; public $contextual = [...]; public $contextualAttributes = [...]; protected $reboundCallbacks = [...]; protected $globalBeforeResolvingCallbacks = [...]; protected $globalResolvingCallbacks = [...]; protected $globalAfterResolvingCallbacks = [...]; protected $beforeResolvingCallbacks = [...]; protected $resolvingCallbacks = [...]; protected $afterResolvingCallbacks = [...]; protected $afterResolvingAttributeCallbacks = [...]; protected $basePath = 'D:\\Mirko\\Desktop\\Prove webapp\\CV_Backoffice'; protected $registeredCallbacks = [...]; protected $hasBeenBootstrapped = TRUE; protected $booted = TRUE; protected $bootingCallbacks = [...]; protected $bootedCallbacks = [...]; protected $terminatingCallbacks = [...]; protected $serviceProviders = [...]; protected $loadedProviders = [...]; protected $deferredServices = [...]; protected $bootstrapPath = 'D:\\Mirko\\Desktop\\Prove webapp\\CV_Backoffice\\bootstrap'; protected $appPath = NULL; protected $configPath = NULL; protected $databasePath = NULL; protected $langPath = 'D:\\Mirko\\Desktop\\Prove webapp\\CV_Backoffice\\lang'; protected $publicPath = NULL; protected $storagePath = NULL; protected $environmentPath = NULL; protected $environmentFile = '.env'; protected $isRunningInConsole = TRUE; protected $namespace = 'App\\'; protected $mergeFrameworkConfiguration = TRUE; protected $absoluteCachePathPrefixes = [...] }; protected $afterApplicationCreatedCallbacks = []; protected $beforeApplicationDestroyedCallbacks = [0 => class Closure { ... }]; protected $callbackException = NULL; protected $setUpHasRun = TRUE }) D:\Mirko\Desktop\Prove webapp\CV_Backoffice\vendor\phpunit\phpunit\src\Framework\TestCase.php:365
    6.6287   59698080   9. PHPUnit\Framework\TestCase->runBare() D:\Mirko\Desktop\Prove webapp\CV_Backoffice\vendor\phpunit\phpunit\src\Framework\TestRunner\TestRunner.php:87
    6.6588   60409976  10. PHPUnit\Framework\TestCase->runTest() D:\Mirko\Desktop\Prove webapp\CV_Backoffice\vendor\phpunit\phpunit\src\Framework\TestCase.php:519
    6.6588   60409976  11. Tests\Feature\Crud\VehicleCrudTest->test_vehicle_can_be_stored() D:\Mirko\Desktop\Prove webapp\CV_Backoffice\vendor\phpunit\phpunit\src\Framework\TestCase.php:1667
    6.6621   60436776  12. Illuminate\Foundation\Testing\TestCase->post($uri = 'http://localhost/admin/vehicles', $data = ['license_plate' => 'AB123CD', 'vehicle_type_id' => 1, 'internal_code' => '1234', 'brand_id' => 1, 'car_model_id' => 1, 'fuel_type' => 'diesel', 'immatricolation_date' => '2024-01-01', 'has_warranty_extension' => 0], $headers = ???) D:\Mirko\Desktop\Prove webapp\CV_Backoffice\tests\Feature\Crud\VehicleCrudTest.php:117
    6.6622   60436776  13. Illuminate\Foundation\Testing\TestCase->call($method = 'POST', $uri = 'http://localhost/admin/vehicles', $parameters = ['license_plate' => 'AB123CD', 'vehicle_type_id' => 1, 'internal_code' => '1234', 'brand_id' => 1, 'car_model_id' => 1, 'fuel_type' => 'diesel', 'immatricolation_date' => '2024-01-01', 'has_warranty_extension' => 0], $cookies = [], $files = [], $server = [], $content = ???) D:\Mirko\Desktop\Prove webapp\CV_Backoffice\vendor\laravel\framework\src\Illuminate\Foundation\Testing\Concerns\MakesHttpRequests.php:397
    6.6623   60442480  14. Illuminate\Foundation\Http\Kernel->handle($request = class Illuminate\Http\Request { public Symfony\Component\HttpFoundation\ParameterBag $attributes = class Symfony\Component\HttpFoundation\ParameterBag { protected array $parameters = [...] }; public Symfony\Component\HttpFoundation\InputBag $request = class Symfony\Component\HttpFoundation\InputBag { protected array $parameters = [...] }; public Symfony\Component\HttpFoundation\InputBag $query = class Symfony\Component\HttpFoundation\InputBag { protected array $parameters = [...] }; public Symfony\Component\HttpFoundation\ServerBag $server = class Symfony\Component\HttpFoundation\ServerBag { protected array $parameters = [...] }; public Symfony\Component\HttpFoundation\FileBag $files = class Symfony\Component\HttpFoundation\FileBag { protected array $parameters = [...] }; public Symfony\Component\HttpFoundation\InputBag $cookies = class Symfony\Component\HttpFoundation\InputBag { protected array $parameters = [...] }; public Symfony\Component\HttpFoundation\HeaderBag $headers = class Symfony\Component\HttpFoundation\HeaderBag { protected array $headers = [...]; protected array $cacheControl = [...] }; protected $content = NULL; protected ?array $languages = NULL; protected ?array $charsets = NULL; protected ?array $encodings = NULL; protected ?array $acceptableContentTypes = NULL; protected ?string $pathInfo = '/admin/vehicles'; protected ?string $requestUri = '/admin/vehicles'; protected ?string $baseUrl = ''; protected ?string $basePath = NULL; protected ?string $method = 'POST'; protected ?string $format = NULL; protected Symfony\Component\HttpFoundation\Session\SessionInterface|Closure|null $session = class Illuminate\Session\SymfonySessionDecorator { public readonly Illuminate\Contracts\Session\Session $store = class Illuminate\Session\Store { ... } }; protected ?string $locale = NULL; protected string $defaultLocale = 'en'; private ?string ${Symfony\Component\HttpFoundation\Request}preferredFormat = NULL; private bool ${Symfony\Component\HttpFoundation\Request}isHostValid = TRUE; private bool ${Symfony\Component\HttpFoundation\Request}isForwardedValid = TRUE; private bool ${Symfony\Component\HttpFoundation\Request}isSafeContentPreferred = *uninitialized*; private array ${Symfony\Component\HttpFoundation\Request}trustedValuesCache = []; private bool ${Symfony\Component\HttpFoundation\Request}isIisRewrite = FALSE; protected $json = NULL; protected $convertedFiles = NULL; protected $userResolver = class Closure { public $static = [...]; public $this = class Illuminate\Auth\AuthServiceProvider { ... }; public $parameter = [...] }; protected $routeResolver = class Closure { public $static = [...]; public $this = class Illuminate\Routing\Router { ... } } }) D:\Mirko\Desktop\Prove webapp\CV_Backoffice\vendor\laravel\framework\src\Illuminate\Foundation\Testing\Concerns\MakesHttpRequests.php:607
    6.6623   60443192  15. Illuminate\Foundation\Http\Kernel->sendRequestThroughRouter($request = class Illuminate\Http\Request { public Symfony\Component\HttpFoundation\ParameterBag $attributes = class Symfony\Component\HttpFoundation\ParameterBag { protected array $parameters = [...] }; public Symfony\Component\HttpFoundation\InputBag $request = class Symfony\Component\HttpFoundation\InputBag { protected array $parameters = [...] }; public Symfony\Component\HttpFoundation\InputBag $query = class Symfony\Component\HttpFoundation\InputBag { protected array $parameters = [...] }; public Symfony\Component\HttpFoundation\ServerBag $server = class Symfony\Component\HttpFoundation\ServerBag { protected array $parameters = [...] }; public Symfony\Component\HttpFoundation\FileBag $files = class Symfony\Component\HttpFoundation\FileBag { protected array $parameters = [...] }; public Symfony\Component\HttpFoundation\InputBag $cookies = class Symfony\Component\HttpFoundation\InputBag { protected array $parameters = [...] }; public Symfony\Component\HttpFoundation\HeaderBag $headers = class Symfony\Component\HttpFoundation\HeaderBag { protected array $headers = [...]; protected array $cacheControl = [...] }; protected $content = NULL; protected ?array $languages = NULL; protected ?array $charsets = NULL; protected ?array $encodings = NULL; protected ?array $acceptableContentTypes = NULL; protected ?string $pathInfo = '/admin/vehicles'; protected ?string $requestUri = '/admin/vehicles'; protected ?string $baseUrl = ''; protected ?string $basePath = NULL; protected ?string $method = 'POST'; protected ?string $format = NULL; protected Symfony\Component\HttpFoundation\Session\SessionInterface|Closure|null $session = class Illuminate\Session\SymfonySessionDecorator { public readonly Illuminate\Contracts\Session\Session $store = class Illuminate\Session\Store { ... } }; protected ?string $locale = NULL; protected string $defaultLocale = 'en'; private ?string ${Symfony\Component\HttpFoundation\Request}preferredFormat = NULL; private bool ${Symfony\Component\HttpFoundation\Request}isHostValid = TRUE; private bool ${Symfony\Component\HttpFoundation\Request}isForwardedValid = TRUE; private bool ${Symfony\Component\HttpFoundation\Request}isSafeContentPreferred = *uninitialized*; private array ${Symfony\Component\HttpFoundation\Request}trustedValuesCache = []; private bool ${Symfony\Component\HttpFoundation\Request}isIisRewrite = FALSE; protected $json = NULL; protected $convertedFiles = NULL; protected $userResolver = class Closure { public $static = [...]; public $this = class Illuminate\Auth\AuthServiceProvider { ... }; public $parameter = [...] }; protected $routeResolver = class Closure { public $static = [...]; public $this = class Illuminate\Routing\Router { ... } } }) D:\Mirko\Desktop\Prove webapp\CV_Backoffice\vendor\laravel\framework\src\Illuminate\Foundation\Http\Kernel.php:145
    6.6623   60429192  16. Illuminate\Pipeline\Pipeline->then($destination = class Closure { public $this = class Illuminate\Foundation\Http\Kernel { protected $app = class Illuminate\Foundation\Application { ... }; protected $router = class Illuminate\Routing\Router { ... }; protected $bootstrappers = [...]; protected $middleware = [...]; protected $middlewareGroups = [...]; protected $routeMiddleware = [...]; protected $middlewareAliases = [...]; protected $requestLifecycleDurationHandlers = [...]; protected $requestStartedAt = class Illuminate\Support\Carbon { ... }; protected $middlewarePriority = [...] }; public $parameter = ['$request' => '<required>'] }) D:\Mirko\Desktop\Prove webapp\CV_Backoffice\vendor\laravel\framework\src\Illuminate\Foundation\Http\Kernel.php:176
    6.6623   60436032  17. Illuminate\Pipeline\Pipeline->Illuminate\Pipeline\{closure:D:\Mirko\Desktop\Prove webapp\CV_Backoffice\vendor\laravel\framework\src\Illuminate\Pipeline\Pipeline.php:185-216}($passable = class Illuminate\Http\Request { public Symfony\Component\HttpFoundation\ParameterBag $attributes = class Symfony\Component\HttpFoundation\ParameterBag { protected array $parameters = [...] }; public Symfony\Component\HttpFoundation\InputBag $request = class Symfony\Component\HttpFoundation\InputBag { protected array $parameters = [...] }; public Symfony\Component\HttpFoundation\InputBag $query = class Symfony\Component\HttpFoundation\InputBag { protected array $parameters = [...] }; public Symfony\Component\HttpFoundation\ServerBag $server = class Symfony\Component\HttpFoundation\ServerBag { protected array $parameters = [...] }; public Symfony\Component\HttpFoundation\FileBag $files = class Symfony\Component\HttpFoundation\FileBag { protected array $parameters = [...] }; public Symfony\Component\HttpFoundation\InputBag $cookies = class Symfony\Component\HttpFoundation\InputBag { protected array $parameters = [...] }; public Symfony\Component\HttpFoundation\HeaderBag $headers = class Symfony\Component\HttpFoundation\HeaderBag { protected array $headers = [...]; protected array $cacheControl = [...] }; protected $content = NULL; protected ?array $languages = NULL; protected ?array $charsets = NULL; protected ?array $encodings = NULL; protected ?array $acceptableContentTypes = NULL; protected ?string $pathInfo = '/admin/vehicles'; protected ?string $requestUri = '/admin/vehicles'; protected ?string $baseUrl = ''; protected ?string $basePath = NULL; protected ?string $method = 'POST'; protected ?string $format = NULL; protected Symfony\Component\HttpFoundation\Session\SessionInterface|Closure|null $session = class Illuminate\Session\SymfonySessionDecorator { public readonly Illuminate\Contracts\Session\Session $store = class Illuminate\Session\Store { ... } }; protected ?string $locale = NULL; protected string $defaultLocale = 'en'; private ?string ${Symfony\Component\HttpFoundation\Request}preferredFormat = NULL; private bool ${Symfony\Component\HttpFoundation\Request}isHostValid = TRUE; private bool ${Symfony\Component\HttpFoundation\Request}isForwardedValid = TRUE; private bool ${Symfony\Component\HttpFoundation\Request}isSafeContentPreferred = *uninitialized*; private array ${Symfony\Component\HttpFoundation\Request}trustedValuesCache = []; private bool ${Symfony\Component\HttpFoundation\Request}isIisRewrite = FALSE; protected $json = NULL; protected $convertedFiles = NULL; protected $userResolver = class Closure { public $static = [...]; public $this = class Illuminate\Auth\AuthServiceProvider { ... }; public $parameter = [...] }; protected $routeResolver = class Closure { public $static = [...]; public $this = class Illuminate\Routing\Router { ... } } }) D:\Mirko\Desktop\Prove webapp\CV_Backoffice\vendor\laravel\framework\src\Illuminate\Pipeline\Pipeline.php:127
    6.6623   60436288  18. Illuminate\Foundation\Http\Middleware\InvokeDeferredCallbacks->handle($request = class Illuminate\Http\Request { public Symfony\Component\HttpFoundation\ParameterBag $attributes = class Symfony\Component\HttpFoundation\ParameterBag { protected array $parameters = [...] }; public Symfony\Component\HttpFoundation\InputBag $request = class Symfony\Component\HttpFoundation\InputBag { protected array $parameters = [...] }; public Symfony\Component\HttpFoundation\InputBag $query = class Symfony\Component\HttpFoundation\InputBag { protected array $parameters = [...] }; public Symfony\Component\HttpFoundation\ServerBag $server = class Symfony\Component\HttpFoundation\ServerBag { protected array $parameters = [...] }; public Symfony\Component\HttpFoundation\FileBag $files = class Symfony\Component\HttpFoundation\FileBag { protected array $parameters = [...] }; public Symfony\Component\HttpFoundation\InputBag $cookies = class Symfony\Component\HttpFoundation\InputBag { protected array $parameters = [...] }; public Symfony\Component\HttpFoundation\HeaderBag $headers = class Symfony\Component\HttpFoundation\HeaderBag { protected array $headers = [...]; protected array $cacheControl = [...] }; protected $content = NULL; protected ?array $languages = NULL; protected ?array $charsets = NULL; protected ?array $encodings = NULL; protected ?array $acceptableContentTypes = NULL; protected ?string $pathInfo = '/admin/vehicles'; protected ?string $requestUri = '/admin/vehicles'; protected ?string $baseUrl = ''; protected ?string $basePath = NULL; protected ?string $method = 'POST'; protected ?string $format = NULL; protected Symfony\Component\HttpFoundation\Session\SessionInterface|Closure|null $session = class Illuminate\Session\SymfonySessionDecorator { public readonly Illuminate\Contracts\Session\Session $store = class Illuminate\Session\Store { ... } }; protected ?string $locale = NULL; protected string $defaultLocale = 'en'; private ?string ${Symfony\Component\HttpFoundation\Request}preferredFormat = NULL; private bool ${Symfony\Component\HttpFoundation\Request}isHostValid = TRUE; private bool ${Symfony\Component\HttpFoundation\Request}isForwardedValid = TRUE; private bool ${Symfony\Component\HttpFoundation\Request}isSafeContentPreferred = *uninitialized*; private array ${Symfony\Component\HttpFoundation\Request}trustedValuesCache = []; private bool ${Symfony\Component\HttpFoundation\Request}isIisRewrite = FALSE; protected $json = NULL; protected $convertedFiles = NULL; protected $userResolver = class Closure { public $static = [...]; public $this = class Illuminate\Auth\AuthServiceProvider { ... }; public $parameter = [...] }; protected $routeResolver = class Closure { public $static = [...]; public $this = class Illuminate\Routing\Router { ... } } }, $next = class Closure { public $static = ['stack' => class Closure { ... }, 'pipe' => 'Illuminate\\Http\\Middleware\\TrustProxies']; public $this = class Illuminate\Routing\Pipeline { protected $container = class Illuminate\Foundation\Application { ... }; protected $passable = class Illuminate\Http\Request { ... }; protected $pipes = [...]; protected $method = 'handle'; protected $finally = NULL }; public $parameter = ['$passable' => '<required>'] }) D:\Mirko\Desktop\Prove webapp\CV_Backoffice\vendor\laravel\framework\src\Illuminate\Pipeline\Pipeline.php:209
    6.6623   60436288  19. Illuminate\Pipeline\Pipeline->Illuminate\Pipeline\{closure:D:\Mirko\Desktop\Prove webapp\CV_Backoffice\vendor\laravel\framework\src\Illuminate\Pipeline\Pipeline.php:185-216}($passable = class Illuminate\Http\Request { public Symfony\Component\HttpFoundation\ParameterBag $attributes = class Symfony\Component\HttpFoundation\ParameterBag { protected array $parameters = [...] }; public Symfony\Component\HttpFoundation\InputBag $request = class Symfony\Component\HttpFoundation\InputBag { protected array $parameters = [...] }; public Symfony\Component\HttpFoundation\InputBag $query = class Symfony\Component\HttpFoundation\InputBag { protected array $parameters = [...] }; public Symfony\Component\HttpFoundation\ServerBag $server = class Symfony\Component\HttpFoundation\ServerBag { protected array $parameters = [...] }; public Symfony\Component\HttpFoundation\FileBag $files = class Symfony\Component\HttpFoundation\FileBag { protected array $parameters = [...] }; public Symfony\Component\HttpFoundation\InputBag $cookies = class Symfony\Component\HttpFoundation\InputBag { protected array $parameters = [...] }; public Symfony\Component\HttpFoundation\HeaderBag $headers = class Symfony\Component\HttpFoundation\HeaderBag { protected array $headers = [...]; protected array $cacheControl = [...] }; protected $content = NULL; protected ?array $languages = NULL; protected ?array $charsets = NULL; protected ?array $encodings = NULL; protected ?array $acceptableContentTypes = NULL; protected ?string $pathInfo = '/admin/vehicles'; protected ?string $requestUri = '/admin/vehicles'; protected ?string $baseUrl = ''; protected ?string $basePath = NULL; protected ?string $method = 'POST'; protected ?string $format = NULL; protected Symfony\Component\HttpFoundation\Session\SessionInterface|Closure|null $session = class Illuminate\Session\SymfonySessionDecorator { public readonly Illuminate\Contracts\Session\Session $store = class Illuminate\Session\Store { ... } }; protected ?string $locale = NULL; protected string $defaultLocale = 'en'; private ?string ${Symfony\Component\HttpFoundation\Request}preferredFormat = NULL; private bool ${Symfony\Component\HttpFoundation\Request}isHostValid = TRUE; private bool ${Symfony\Component\HttpFoundation\Request}isForwardedValid = TRUE; private bool ${Symfony\Component\HttpFoundation\Request}isSafeContentPreferred = *uninitialized*; private array ${Symfony\Component\HttpFoundation\Request}trustedValuesCache = []; private bool ${Symfony\Component\HttpFoundation\Request}isIisRewrite = FALSE; protected $json = NULL; protected $convertedFiles = NULL; protected $userResolver = class Closure { public $static = [...]; public $this = class Illuminate\Auth\AuthServiceProvider { ... }; public $parameter = [...] }; protected $routeResolver = class Closure { public $static = [...]; public $this = class Illuminate\Routing\Router { ... } } }) D:\Mirko\Desktop\Prove webapp\CV_Backoffice\vendor\laravel\framework\src\Illuminate\Foundation\Http\Middleware\InvokeDeferredCallbacks.php:22
    6.6624   60436584  20. Illuminate\Http\Middleware\TrustProxies->handle($request = class Illuminate\Http\Request { public Symfony\Component\HttpFoundation\ParameterBag $attributes = class Symfony\Component\HttpFoundation\ParameterBag { protected array $parameters = [...] }; public Symfony\Component\HttpFoundation\InputBag $request = class Symfony\Component\HttpFoundation\InputBag { protected array $parameters = [...] }; public Symfony\Component\HttpFoundation\InputBag $query = class Symfony\Component\HttpFoundation\InputBag { protected array $parameters = [...] }; public Symfony\Component\HttpFoundation\ServerBag $server = class Symfony\Component\HttpFoundation\ServerBag { protected array $parameters = [...] }; public Symfony\Component\HttpFoundation\FileBag $files = class Symfony\Component\HttpFoundation\FileBag { protected array $parameters = [...] }; public Symfony\Component\HttpFoundation\InputBag $cookies = class Symfony\Component\HttpFoundation\InputBag { protected array $parameters = [...] }; public Symfony\Component\HttpFoundation\HeaderBag $headers = class Symfony\Component\HttpFoundation\HeaderBag { protected array $headers = [...]; protected array $cacheControl = [...] }; protected $content = NULL; protected ?array $languages = NULL; protected ?array $charsets = NULL; protected ?array $encodings = NULL; protected ?array $acceptableContentTypes = NULL; protected ?string $pathInfo = '/admin/vehicles'; protected ?string $requestUri = '/admin/vehicles'; protected ?string $baseUrl = ''; protected ?string $basePath = NULL; protected ?string $method = 'POST'; protected ?string $format = NULL; protected Symfony\Component\HttpFoundation\Session\SessionInterface|Closure|null $session = class Illuminate\Session\SymfonySessionDecorator { public readonly Illuminate\Contracts\Session\Session $store = class Illuminate\Session\Store { ... } }; protected ?string $locale = NULL; protected string $defaultLocale = 'en'; private ?string ${Symfony\Component\HttpFoundation\Request}preferredFormat = NULL; private bool ${Symfony\Component\HttpFoundation\Request}isHostValid = TRUE; private bool ${Symfony\Component\HttpFoundation\Request}isForwardedValid = TRUE; private bool ${Symfony\Component\HttpFoundation\Request}isSafeContentPreferred = *uninitialized*; private array ${Symfony\Component\HttpFoundation\Request}trustedValuesCache = []; private bool ${Symfony\Component\HttpFoundation\Request}isIisRewrite = FALSE; protected $json = NULL; protected $convertedFiles = NULL; protected $userResolver = class Closure { public $static = [...]; public $this = class Illuminate\Auth\AuthServiceProvider { ... }; public $parameter = [...] }; protected $routeResolver = class Closure { public $static = [...]; public $this = class Illuminate\Routing\Router { ... } } }, $next = class Closure { public $static = ['stack' => class Closure { ... }, 'pipe' => 'Illuminate\\Http\\Middleware\\HandleCors']; public $this = class Illuminate\Routing\Pipeline { protected $container = class Illuminate\Foundation\Application { ... }; protected $passable = class Illuminate\Http\Request { ... }; protected $pipes = [...]; protected $method = 'handle'; protected $finally = NULL }; public $parameter = ['$passable' => '<required>'] }) D:\Mirko\Desktop\Prove webapp\CV_Backoffice\vendor\laravel\framework\src\Illuminate\Pipeline\Pipeline.php:209
    6.6624   60436584  21. Illuminate\Pipeline\Pipeline->Illuminate\Pipeline\{closure:D:\Mirko\Desktop\Prove webapp\CV_Backoffice\vendor\laravel\framework\src\Illuminate\Pipeline\Pipeline.php:185-216}($passable = class Illuminate\Http\Request { public Symfony\Component\HttpFoundation\ParameterBag $attributes = class Symfony\Component\HttpFoundation\ParameterBag { protected array $parameters = [...] }; public Symfony\Component\HttpFoundation\InputBag $request = class Symfony\Component\HttpFoundation\InputBag { protected array $parameters = [...] }; public Symfony\Component\HttpFoundation\InputBag $query = class Symfony\Component\HttpFoundation\InputBag { protected array $parameters = [...] }; public Symfony\Component\HttpFoundation\ServerBag $server = class Symfony\Component\HttpFoundation\ServerBag { protected array $parameters = [...] }; public Symfony\Component\HttpFoundation\FileBag $files = class Symfony\Component\HttpFoundation\FileBag { protected array $parameters = [...] }; public Symfony\Component\HttpFoundation\InputBag $cookies = class Symfony\Component\HttpFoundation\InputBag { protected array $parameters = [...] }; public Symfony\Component\HttpFoundation\HeaderBag $headers = class Symfony\Component\HttpFoundation\HeaderBag { protected array $headers = [...]; protected array $cacheControl = [...] }; protected $content = NULL; protected ?array $languages = NULL; protected ?array $charsets = NULL; protected ?array $encodings = NULL; protected ?array $acceptableContentTypes = NULL; protected ?string $pathInfo = '/admin/vehicles'; protected ?string $requestUri = '/admin/vehicles'; protected ?string $baseUrl = ''; protected ?string $basePath = NULL; protected ?string $method = 'POST'; protected ?string $format = NULL; protected Symfony\Component\HttpFoundation\Session\SessionInterface|Closure|null $session = class Illuminate\Session\SymfonySessionDecorator { public readonly Illuminate\Contracts\Session\Session $store = class Illuminate\Session\Store { ... } }; protected ?string $locale = NULL; protected string $defaultLocale = 'en'; private ?string ${Symfony\Component\HttpFoundation\Request}preferredFormat = NULL; private bool ${Symfony\Component\HttpFoundation\Request}isHostValid = TRUE; private bool ${Symfony\Component\HttpFoundation\Request}isForwardedValid = TRUE; private bool ${Symfony\Component\HttpFoundation\Request}isSafeContentPreferred = *uninitialized*; private array ${Symfony\Component\HttpFoundation\Request}trustedValuesCache = []; private bool ${Symfony\Component\HttpFoundation\Request}isIisRewrite = FALSE; protected $json = NULL; protected $convertedFiles = NULL; protected $userResolver = class Closure { public $static = [...]; public $this = class Illuminate\Auth\AuthServiceProvider { ... }; public $parameter = [...] }; protected $routeResolver = class Closure { public $static = [...]; public $this = class Illuminate\Routing\Router { ... } } }) D:\Mirko\Desktop\Prove webapp\CV_Backoffice\vendor\laravel\framework\src\Illuminate\Http\Middleware\TrustProxies.php:58
    6.6625   60437104  22. Illuminate\Http\Middleware\HandleCors->handle($request = class Illuminate\Http\Request { public Symfony\Component\HttpFoundation\ParameterBag $attributes = class Symfony\Component\HttpFoundation\ParameterBag { protected array $parameters = [...] }; public Symfony\Component\HttpFoundation\InputBag $request = class Symfony\Component\HttpFoundation\InputBag { protected array $parameters = [...] }; public Symfony\Component\HttpFoundation\InputBag $query = class Symfony\Component\HttpFoundation\InputBag { protected array $parameters = [...] }; public Symfony\Component\HttpFoundation\ServerBag $server = class Symfony\Component\HttpFoundation\ServerBag { protected array $parameters = [...] }; public Symfony\Component\HttpFoundation\FileBag $files = class Symfony\Component\HttpFoundation\FileBag { protected array $parameters = [...] }; public Symfony\Component\HttpFoundation\InputBag $cookies = class Symfony\Component\HttpFoundation\InputBag { protected array $parameters = [...] }; public Symfony\Component\HttpFoundation\HeaderBag $headers = class Symfony\Component\HttpFoundation\HeaderBag { protected array $headers = [...]; protected array $cacheControl = [...] }; protected $content = NULL; protected ?array $languages = NULL; protected ?array $charsets = NULL; protected ?array $encodings = NULL; protected ?array $acceptableContentTypes = NULL; protected ?string $pathInfo = '/admin/vehicles'; protected ?string $requestUri = '/admin/vehicles'; protected ?string $baseUrl = ''; protected ?string $basePath = NULL; protected ?string $method = 'POST'; protected ?string $format = NULL; protected Symfony\Component\HttpFoundation\Session\SessionInterface|Closure|null $session = class Illuminate\Session\SymfonySessionDecorator { public readonly Illuminate\Contracts\Session\Session $store = class Illuminate\Session\Store { ... } }; protected ?string $locale = NULL; protected string $defaultLocale = 'en'; private ?string ${Symfony\Component\HttpFoundation\Request}preferredFormat = NULL; private bool ${Symfony\Component\HttpFoundation\Request}isHostValid = TRUE; private bool ${Symfony\Component\HttpFoundation\Request}isForwardedValid = TRUE; private bool ${Symfony\Component\HttpFoundation\Request}isSafeContentPreferred = *uninitialized*; private array ${Symfony\Component\HttpFoundation\Request}trustedValuesCache = []; private bool ${Symfony\Component\HttpFoundation\Request}isIisRewrite = FALSE; protected $json = NULL; protected $convertedFiles = NULL; protected $userResolver = class Closure { public $static = [...]; public $this = class Illuminate\Auth\AuthServiceProvider { ... }; public $parameter = [...] }; protected $routeResolver = class Closure { public $static = [...]; public $this = class Illuminate\Routing\Router { ... } } }, $next = class Closure { public $static = ['stack' => class Closure { ... }, 'pipe' => 'Illuminate\\Foundation\\Http\\Middleware\\PreventRequestsDuringMaintenance']; public $this = class Illuminate\Routing\Pipeline { protected $container = class Illuminate\Foundation\Application { ... }; protected $passable = class Illuminate\Http\Request { ... }; protected $pipes = [...]; protected $method = 'handle'; protected $finally = NULL }; public $parameter = ['$passable' => '<required>'] }) D:\Mirko\Desktop\Prove webapp\CV_Backoffice\vendor\laravel\framework\src\Illuminate\Pipeline\Pipeline.php:209
    6.6626   60438440  23. Illuminate\Pipeline\Pipeline->Illuminate\Pipeline\{closure:D:\Mirko\Desktop\Prove webapp\CV_Backoffice\vendor\laravel\framework\src\Illuminate\Pipeline\Pipeline.php:185-216}($passable = class Illuminate\Http\Request { public Symfony\Component\HttpFoundation\ParameterBag $attributes = class Symfony\Component\HttpFoundation\ParameterBag { protected array $parameters = [...] }; public Symfony\Component\HttpFoundation\InputBag $request = class Symfony\Component\HttpFoundation\InputBag { protected array $parameters = [...] }; public Symfony\Component\HttpFoundation\InputBag $query = class Symfony\Component\HttpFoundation\InputBag { protected array $parameters = [...] }; public Symfony\Component\HttpFoundation\ServerBag $server = class Symfony\Component\HttpFoundation\ServerBag { protected array $parameters = [...] }; public Symfony\Component\HttpFoundation\FileBag $files = class Symfony\Component\HttpFoundation\FileBag { protected array $parameters = [...] }; public Symfony\Component\HttpFoundation\InputBag $cookies = class Symfony\Component\HttpFoundation\InputBag { protected array $parameters = [...] }; public Symfony\Component\HttpFoundation\HeaderBag $headers = class Symfony\Component\HttpFoundation\HeaderBag { protected array $headers = [...]; protected array $cacheControl = [...] }; protected $content = NULL; protected ?array $languages = NULL; protected ?array $charsets = NULL; protected ?array $encodings = NULL; protected ?array $acceptableContentTypes = NULL; protected ?string $pathInfo = '/admin/vehicles'; protected ?string $requestUri = '/admin/vehicles'; protected ?string $baseUrl = ''; protected ?string $basePath = NULL; protected ?string $method = 'POST'; protected ?string $format = NULL; protected Symfony\Component\HttpFoundation\Session\SessionInterface|Closure|null $session = class Illuminate\Session\SymfonySessionDecorator { public readonly Illuminate\Contracts\Session\Session $store = class Illuminate\Session\Store { ... } }; protected ?string $locale = NULL; protected string $defaultLocale = 'en'; private ?string ${Symfony\Component\HttpFoundation\Request}preferredFormat = NULL; private bool ${Symfony\Component\HttpFoundation\Request}isHostValid = TRUE; private bool ${Symfony\Component\HttpFoundation\Request}isForwardedValid = TRUE; private bool ${Symfony\Component\HttpFoundation\Request}isSafeContentPreferred = *uninitialized*; private array ${Symfony\Component\HttpFoundation\Request}trustedValuesCache = []; private bool ${Symfony\Component\HttpFoundation\Request}isIisRewrite = FALSE; protected $json = NULL; protected $convertedFiles = NULL; protected $userResolver = class Closure { public $static = [...]; public $this = class Illuminate\Auth\AuthServiceProvider { ... }; public $parameter = [...] }; protected $routeResolver = class Closure { public $static = [...]; public $this = class Illuminate\Routing\Router { ... } } }) D:\Mirko\Desktop\Prove webapp\CV_Backoffice\vendor\laravel\framework\src\Illuminate\Http\Middleware\HandleCors.php:49
    6.6626   60438736  24. Illuminate\Foundation\Http\Middleware\PreventRequestsDuringMaintenance->handle($request = class Illuminate\Http\Request { public Symfony\Component\HttpFoundation\ParameterBag $attributes = class Symfony\Component\HttpFoundation\ParameterBag { protected array $parameters = [...] }; public Symfony\Component\HttpFoundation\InputBag $request = class Symfony\Component\HttpFoundation\InputBag { protected array $parameters = [...] }; public Symfony\Component\HttpFoundation\InputBag $query = class Symfony\Component\HttpFoundation\InputBag { protected array $parameters = [...] }; public Symfony\Component\HttpFoundation\ServerBag $server = class Symfony\Component\HttpFoundation\ServerBag { protected array $parameters = [...] }; public Symfony\Component\HttpFoundation\FileBag $files = class Symfony\Component\HttpFoundation\FileBag { protected array $parameters = [...] }; public Symfony\Component\HttpFoundation\InputBag $cookies = class Symfony\Component\HttpFoundation\InputBag { protected array $parameters = [...] }; public Symfony\Component\HttpFoundation\HeaderBag $headers = class Symfony\Component\HttpFoundation\HeaderBag { protected array $headers = [...]; protected array $cacheControl = [...] }; protected $content = NULL; protected ?array $languages = NULL; protected ?array $charsets = NULL; protected ?array $encodings = NULL; protected ?array $acceptableContentTypes = NULL; protected ?string $pathInfo = '/admin/vehicles'; protected ?string $requestUri = '/admin/vehicles'; protected ?string $baseUrl = ''; protected ?string $basePath = NULL; protected ?string $method = 'POST'; protected ?string $format = NULL; protected Symfony\Component\HttpFoundation\Session\SessionInterface|Closure|null $session = class Illuminate\Session\SymfonySessionDecorator { public readonly Illuminate\Contracts\Session\Session $store = class Illuminate\Session\Store { ... } }; protected ?string $locale = NULL; protected string $defaultLocale = 'en'; private ?string ${Symfony\Component\HttpFoundation\Request}preferredFormat = NULL; private bool ${Symfony\Component\HttpFoundation\Request}isHostValid = TRUE; private bool ${Symfony\Component\HttpFoundation\Request}isForwardedValid = TRUE; private bool ${Symfony\Component\HttpFoundation\Request}isSafeContentPreferred = *uninitialized*; private array ${Symfony\Component\HttpFoundation\Request}trustedValuesCache = []; private bool ${Symfony\Component\HttpFoundation\Request}isIisRewrite = FALSE; protected $json = NULL; protected $convertedFiles = NULL; protected $userResolver = class Closure { public $static = [...]; public $this = class Illuminate\Auth\AuthServiceProvider { ... }; public $parameter = [...] }; protected $routeResolver = class Closure { public $static = [...]; public $this = class Illuminate\Routing\Router { ... } } }, $next = class Closure { public $static = ['stack' => class Closure { ... }, 'pipe' => 'Illuminate\\Http\\Middleware\\ValidatePostSize']; public $this = class Illuminate\Routing\Pipeline { protected $container = class Illuminate\Foundation\Application { ... }; protected $passable = class Illuminate\Http\Request { ... }; protected $pipes = [...]; protected $method = 'handle'; protected $finally = NULL }; public $parameter = ['$passable' => '<required>'] }) D:\Mirko\Desktop\Prove webapp\CV_Backoffice\vendor\laravel\framework\src\Illuminate\Pipeline\Pipeline.php:209
    6.6628   60439264  25. Illuminate\Pipeline\Pipeline->Illuminate\Pipeline\{closure:D:\Mirko\Desktop\Prove webapp\CV_Backoffice\vendor\laravel\framework\src\Illuminate\Pipeline\Pipeline.php:185-216}($passable = class Illuminate\Http\Request { public Symfony\Component\HttpFoundation\ParameterBag $attributes = class Symfony\Component\HttpFoundation\ParameterBag { protected array $parameters = [...] }; public Symfony\Component\HttpFoundation\InputBag $request = class Symfony\Component\HttpFoundation\InputBag { protected array $parameters = [...] }; public Symfony\Component\HttpFoundation\InputBag $query = class Symfony\Component\HttpFoundation\InputBag { protected array $parameters = [...] }; public Symfony\Component\HttpFoundation\ServerBag $server = class Symfony\Component\HttpFoundation\ServerBag { protected array $parameters = [...] }; public Symfony\Component\HttpFoundation\FileBag $files = class Symfony\Component\HttpFoundation\FileBag { protected array $parameters = [...] }; public Symfony\Component\HttpFoundation\InputBag $cookies = class Symfony\Component\HttpFoundation\InputBag { protected array $parameters = [...] }; public Symfony\Component\HttpFoundation\HeaderBag $headers = class Symfony\Component\HttpFoundation\HeaderBag { protected array $headers = [...]; protected array $cacheControl = [...] }; protected $content = NULL; protected ?array $languages = NULL; protected ?array $charsets = NULL; protected ?array $encodings = NULL; protected ?array $acceptableContentTypes = NULL; protected ?string $pathInfo = '/admin/vehicles'; protected ?string $requestUri = '/admin/vehicles'; protected ?string $baseUrl = ''; protected ?string $basePath = NULL; protected ?string $method = 'POST'; protected ?string $format = NULL; protected Symfony\Component\HttpFoundation\Session\SessionInterface|Closure|null $session = class Illuminate\Session\SymfonySessionDecorator { public readonly Illuminate\Contracts\Session\Session $store = class Illuminate\Session\Store { ... } }; protected ?string $locale = NULL; protected string $defaultLocale = 'en'; private ?string ${Symfony\Component\HttpFoundation\Request}preferredFormat = NULL; private bool ${Symfony\Component\HttpFoundation\Request}isHostValid = TRUE; private bool ${Symfony\Component\HttpFoundation\Request}isForwardedValid = TRUE; private bool ${Symfony\Component\HttpFoundation\Request}isSafeContentPreferred = *uninitialized*; private array ${Symfony\Component\HttpFoundation\Request}trustedValuesCache = []; private bool ${Symfony\Component\HttpFoundation\Request}isIisRewrite = FALSE; protected $json = NULL; protected $convertedFiles = NULL; protected $userResolver = class Closure { public $static = [...]; public $this = class Illuminate\Auth\AuthServiceProvider { ... }; public $parameter = [...] }; protected $routeResolver = class Closure { public $static = [...]; public $this = class Illuminate\Routing\Router { ... } } }) D:\Mirko\Desktop\Prove webapp\CV_Backoffice\vendor\laravel\framework\src\Illuminate\Foundation\Http\Middleware\PreventRequestsDuringMaintenance.php:110
    6.6628   60445152  26. Illuminate\Http\Middleware\ValidatePostSize->handle($request = class Illuminate\Http\Request { public Symfony\Component\HttpFoundation\ParameterBag $attributes = class Symfony\Component\HttpFoundation\ParameterBag { protected array $parameters = [...] }; public Symfony\Component\HttpFoundation\InputBag $request = class Symfony\Component\HttpFoundation\InputBag { protected array $parameters = [...] }; public Symfony\Component\HttpFoundation\InputBag $query = class Symfony\Component\HttpFoundation\InputBag { protected array $parameters = [...] }; public Symfony\Component\HttpFoundation\ServerBag $server = class Symfony\Component\HttpFoundation\ServerBag { protected array $parameters = [...] }; public Symfony\Component\HttpFoundation\FileBag $files = class Symfony\Component\HttpFoundation\FileBag { protected array $parameters = [...] }; public Symfony\Component\HttpFoundation\InputBag $cookies = class Symfony\Component\HttpFoundation\InputBag { protected array $parameters = [...] }; public Symfony\Component\HttpFoundation\HeaderBag $headers = class Symfony\Component\HttpFoundation\HeaderBag { protected array $headers = [...]; protected array $cacheControl = [...] }; protected $content = NULL; protected ?array $languages = NULL; protected ?array $charsets = NULL; protected ?array $encodings = NULL; protected ?array $acceptableContentTypes = NULL; protected ?string $pathInfo = '/admin/vehicles'; protected ?string $requestUri = '/admin/vehicles'; protected ?string $baseUrl = ''; protected ?string $basePath = NULL; protected ?string $method = 'POST'; protected ?string $format = NULL; protected Symfony\Component\HttpFoundation\Session\SessionInterface|Closure|null $session = class Illuminate\Session\SymfonySessionDecorator { public readonly Illuminate\Contracts\Session\Session $store = class Illuminate\Session\Store { ... } }; protected ?string $locale = NULL; protected string $defaultLocale = 'en'; private ?string ${Symfony\Component\HttpFoundation\Request}preferredFormat = NULL; private bool ${Symfony\Component\HttpFoundation\Request}isHostValid = TRUE; private bool ${Symfony\Component\HttpFoundation\Request}isForwardedValid = TRUE; private bool ${Symfony\Component\HttpFoundation\Request}isSafeContentPreferred = *uninitialized*; private array ${Symfony\Component\HttpFoundation\Request}trustedValuesCache = []; private bool ${Symfony\Component\HttpFoundation\Request}isIisRewrite = FALSE; protected $json = NULL; protected $convertedFiles = NULL; protected $userResolver = class Closure { public $static = [...]; public $this = class Illuminate\Auth\AuthServiceProvider { ... }; public $parameter = [...] }; protected $routeResolver = class Closure { public $static = [...]; public $this = class Illuminate\Routing\Router { ... } } }, $next = class Closure { public $static = ['stack' => class Closure { ... }, 'pipe' => 'Illuminate\\Foundation\\Http\\Middleware\\TrimStrings']; public $this = class Illuminate\Routing\Pipeline { protected $container = class Illuminate\Foundation\Application { ... }; protected $passable = class Illuminate\Http\Request { ... }; protected $pipes = [...]; protected $method = 'handle'; protected $finally = NULL }; public $parameter = ['$passable' => '<required>'] }) D:\Mirko\Desktop\Prove webapp\CV_Backoffice\vendor\laravel\framework\src\Illuminate\Pipeline\Pipeline.php:209
    6.6628   60445152  27. Illuminate\Pipeline\Pipeline->Illuminate\Pipeline\{closure:D:\Mirko\Desktop\Prove webapp\CV_Backoffice\vendor\laravel\framework\src\Illuminate\Pipeline\Pipeline.php:185-216}($passable = class Illuminate\Http\Request { public Symfony\Component\HttpFoundation\ParameterBag $attributes = class Symfony\Component\HttpFoundation\ParameterBag { protected array $parameters = [...] }; public Symfony\Component\HttpFoundation\InputBag $request = class Symfony\Component\HttpFoundation\InputBag { protected array $parameters = [...] }; public Symfony\Component\HttpFoundation\InputBag $query = class Symfony\Component\HttpFoundation\InputBag { protected array $parameters = [...] }; public Symfony\Component\HttpFoundation\ServerBag $server = class Symfony\Component\HttpFoundation\ServerBag { protected array $parameters = [...] }; public Symfony\Component\HttpFoundation\FileBag $files = class Symfony\Component\HttpFoundation\FileBag { protected array $parameters = [...] }; public Symfony\Component\HttpFoundation\InputBag $cookies = class Symfony\Component\HttpFoundation\InputBag { protected array $parameters = [...] }; public Symfony\Component\HttpFoundation\HeaderBag $headers = class Symfony\Component\HttpFoundation\HeaderBag { protected array $headers = [...]; protected array $cacheControl = [...] }; protected $content = NULL; protected ?array $languages = NULL; protected ?array $charsets = NULL; protected ?array $encodings = NULL; protected ?array $acceptableContentTypes = NULL; protected ?string $pathInfo = '/admin/vehicles'; protected ?string $requestUri = '/admin/vehicles'; protected ?string $baseUrl = ''; protected ?string $basePath = NULL; protected ?string $method = 'POST'; protected ?string $format = NULL; protected Symfony\Component\HttpFoundation\Session\SessionInterface|Closure|null $session = class Illuminate\Session\SymfonySessionDecorator { public readonly Illuminate\Contracts\Session\Session $store = class Illuminate\Session\Store { ... } }; protected ?string $locale = NULL; protected string $defaultLocale = 'en'; private ?string ${Symfony\Component\HttpFoundation\Request}preferredFormat = NULL; private bool ${Symfony\Component\HttpFoundation\Request}isHostValid = TRUE; private bool ${Symfony\Component\HttpFoundation\Request}isForwardedValid = TRUE; private bool ${Symfony\Component\HttpFoundation\Request}isSafeContentPreferred = *uninitialized*; private array ${Symfony\Component\HttpFoundation\Request}trustedValuesCache = []; private bool ${Symfony\Component\HttpFoundation\Request}isIisRewrite = FALSE; protected $json = NULL; protected $convertedFiles = NULL; protected $userResolver = class Closure { public $static = [...]; public $this = class Illuminate\Auth\AuthServiceProvider { ... }; public $parameter = [...] }; protected $routeResolver = class Closure { public $static = [...]; public $this = class Illuminate\Routing\Router { ... } } }) D:\Mirko\Desktop\Prove webapp\CV_Backoffice\vendor\laravel\framework\src\Illuminate\Http\Middleware\ValidatePostSize.php:27
    6.6628   60445424  28. Illuminate\Foundation\Http\Middleware\TrimStrings->handle($request = class Illuminate\Http\Request { public Symfony\Component\HttpFoundation\ParameterBag $attributes = class Symfony\Component\HttpFoundation\ParameterBag { protected array $parameters = [...] }; public Symfony\Component\HttpFoundation\InputBag $request = class Symfony\Component\HttpFoundation\InputBag { protected array $parameters = [...] }; public Symfony\Component\HttpFoundation\InputBag $query = class Symfony\Component\HttpFoundation\InputBag { protected array $parameters = [...] }; public Symfony\Component\HttpFoundation\ServerBag $server = class Symfony\Component\HttpFoundation\ServerBag { protected array $parameters = [...] }; public Symfony\Component\HttpFoundation\FileBag $files = class Symfony\Component\HttpFoundation\FileBag { protected array $parameters = [...] }; public Symfony\Component\HttpFoundation\InputBag $cookies = class Symfony\Component\HttpFoundation\InputBag { protected array $parameters = [...] }; public Symfony\Component\HttpFoundation\HeaderBag $headers = class Symfony\Component\HttpFoundation\HeaderBag { protected array $headers = [...]; protected array $cacheControl = [...] }; protected $content = NULL; protected ?array $languages = NULL; protected ?array $charsets = NULL; protected ?array $encodings = NULL; protected ?array $acceptableContentTypes = NULL; protected ?string $pathInfo = '/admin/vehicles'; protected ?string $requestUri = '/admin/vehicles'; protected ?string $baseUrl = ''; protected ?string $basePath = NULL; protected ?string $method = 'POST'; protected ?string $format = NULL; protected Symfony\Component\HttpFoundation\Session\SessionInterface|Closure|null $session = class Illuminate\Session\SymfonySessionDecorator { public readonly Illuminate\Contracts\Session\Session $store = class Illuminate\Session\Store { ... } }; protected ?string $locale = NULL; protected string $defaultLocale = 'en'; private ?string ${Symfony\Component\HttpFoundation\Request}preferredFormat = NULL; private bool ${Symfony\Component\HttpFoundation\Request}isHostValid = TRUE; private bool ${Symfony\Component\HttpFoundation\Request}isForwardedValid = TRUE; private bool ${Symfony\Component\HttpFoundation\Request}isSafeContentPreferred = *uninitialized*; private array ${Symfony\Component\HttpFoundation\Request}trustedValuesCache = []; private bool ${Symfony\Component\HttpFoundation\Request}isIisRewrite = FALSE; protected $json = NULL; protected $convertedFiles = NULL; protected $userResolver = class Closure { public $static = [...]; public $this = class Illuminate\Auth\AuthServiceProvider { ... }; public $parameter = [...] }; protected $routeResolver = class Closure { public $static = [...]; public $this = class Illuminate\Routing\Router { ... } } }, $next = class Closure { public $static = ['stack' => class Closure { ... }, 'pipe' => 'Illuminate\\Foundation\\Http\\Middleware\\ConvertEmptyStringsToNull']; public $this = class Illuminate\Routing\Pipeline { protected $container = class Illuminate\Foundation\Application { ... }; protected $passable = class Illuminate\Http\Request { ... }; protected $pipes = [...]; protected $method = 'handle'; protected $finally = NULL }; public $parameter = ['$passable' => '<required>'] }) D:\Mirko\Desktop\Prove webapp\CV_Backoffice\vendor\laravel\framework\src\Illuminate\Pipeline\Pipeline.php:209
    6.6628   60445424  29. Illuminate\Foundation\Http\Middleware\TransformsRequest->handle($request = class Illuminate\Http\Request { public Symfony\Component\HttpFoundation\ParameterBag $attributes = class Symfony\Component\HttpFoundation\ParameterBag { protected array $parameters = [...] }; public Symfony\Component\HttpFoundation\InputBag $request = class Symfony\Component\HttpFoundation\InputBag { protected array $parameters = [...] }; public Symfony\Component\HttpFoundation\InputBag $query = class Symfony\Component\HttpFoundation\InputBag { protected array $parameters = [...] }; public Symfony\Component\HttpFoundation\ServerBag $server = class Symfony\Component\HttpFoundation\ServerBag { protected array $parameters = [...] }; public Symfony\Component\HttpFoundation\FileBag $files = class Symfony\Component\HttpFoundation\FileBag { protected array $parameters = [...] }; public Symfony\Component\HttpFoundation\InputBag $cookies = class Symfony\Component\HttpFoundation\InputBag { protected array $parameters = [...] }; public Symfony\Component\HttpFoundation\HeaderBag $headers = class Symfony\Component\HttpFoundation\HeaderBag { protected array $headers = [...]; protected array $cacheControl = [...] }; protected $content = NULL; protected ?array $languages = NULL; protected ?array $charsets = NULL; protected ?array $encodings = NULL; protected ?array $acceptableContentTypes = NULL; protected ?string $pathInfo = '/admin/vehicles'; protected ?string $requestUri = '/admin/vehicles'; protected ?string $baseUrl = ''; protected ?string $basePath = NULL; protected ?string $method = 'POST'; protected ?string $format = NULL; protected Symfony\Component\HttpFoundation\Session\SessionInterface|Closure|null $session = class Illuminate\Session\SymfonySessionDecorator { public readonly Illuminate\Contracts\Session\Session $store = class Illuminate\Session\Store { ... } }; protected ?string $locale = NULL; protected string $defaultLocale = 'en'; private ?string ${Symfony\Component\HttpFoundation\Request}preferredFormat = NULL; private bool ${Symfony\Component\HttpFoundation\Request}isHostValid = TRUE; private bool ${Symfony\Component\HttpFoundation\Request}isForwardedValid = TRUE; private bool ${Symfony\Component\HttpFoundation\Request}isSafeContentPreferred = *uninitialized*; private array ${Symfony\Component\HttpFoundation\Request}trustedValuesCache = []; private bool ${Symfony\Component\HttpFoundation\Request}isIisRewrite = FALSE; protected $json = NULL; protected $convertedFiles = NULL; protected $userResolver = class Closure { public $static = [...]; public $this = class Illuminate\Auth\AuthServiceProvider { ... }; public $parameter = [...] }; protected $routeResolver = class Closure { public $static = [...]; public $this = class Illuminate\Routing\Router { ... } } }, $next = class Closure { public $static = ['stack' => class Closure { ... }, 'pipe' => 'Illuminate\\Foundation\\Http\\Middleware\\ConvertEmptyStringsToNull']; public $this = class Illuminate\Routing\Pipeline { protected $container = class Illuminate\Foundation\Application { ... }; protected $passable = class Illuminate\Http\Request { ... }; protected $pipes = [...]; protected $method = 'handle'; protected $finally = NULL }; public $parameter = ['$passable' => '<required>'] }) D:\Mirko\Desktop\Prove webapp\CV_Backoffice\vendor\laravel\framework\src\Illuminate\Foundation\Http\Middleware\TrimStrings.php:51
    6.6629   60445800  30. Illuminate\Pipeline\Pipeline->Illuminate\Pipeline\{closure:D:\Mirko\Desktop\Prove webapp\CV_Backoffice\vendor\laravel\framework\src\Illuminate\Pipeline\Pipeline.php:185-216}($passable = class Illuminate\Http\Request { public Symfony\Component\HttpFoundation\ParameterBag $attributes = class Symfony\Component\HttpFoundation\ParameterBag { protected array $parameters = [...] }; public Symfony\Component\HttpFoundation\InputBag $request = class Symfony\Component\HttpFoundation\InputBag { protected array $parameters = [...] }; public Symfony\Component\HttpFoundation\InputBag $query = class Symfony\Component\HttpFoundation\InputBag { protected array $parameters = [...] }; public Symfony\Component\HttpFoundation\ServerBag $server = class Symfony\Component\HttpFoundation\ServerBag { protected array $parameters = [...] }; public Symfony\Component\HttpFoundation\FileBag $files = class Symfony\Component\HttpFoundation\FileBag { protected array $parameters = [...] }; public Symfony\Component\HttpFoundation\InputBag $cookies = class Symfony\Component\HttpFoundation\InputBag { protected array $parameters = [...] }; public Symfony\Component\HttpFoundation\HeaderBag $headers = class Symfony\Component\HttpFoundation\HeaderBag { protected array $headers = [...]; protected array $cacheControl = [...] }; protected $content = NULL; protected ?array $languages = NULL; protected ?array $charsets = NULL; protected ?array $encodings = NULL; protected ?array $acceptableContentTypes = NULL; protected ?string $pathInfo = '/admin/vehicles'; protected ?string $requestUri = '/admin/vehicles'; protected ?string $baseUrl = ''; protected ?string $basePath = NULL; protected ?string $method = 'POST'; protected ?string $format = NULL; protected Symfony\Component\HttpFoundation\Session\SessionInterface|Closure|null $session = class Illuminate\Session\SymfonySessionDecorator { public readonly Illuminate\Contracts\Session\Session $store = class Illuminate\Session\Store { ... } }; protected ?string $locale = NULL; protected string $defaultLocale = 'en'; private ?string ${Symfony\Component\HttpFoundation\Request}preferredFormat = NULL; private bool ${Symfony\Component\HttpFoundation\Request}isHostValid = TRUE; private bool ${Symfony\Component\HttpFoundation\Request}isForwardedValid = TRUE; private bool ${Symfony\Component\HttpFoundation\Request}isSafeContentPreferred = *uninitialized*; private array ${Symfony\Component\HttpFoundation\Request}trustedValuesCache = []; private bool ${Symfony\Component\HttpFoundation\Request}isIisRewrite = FALSE; protected $json = NULL; protected $convertedFiles = NULL; protected $userResolver = class Closure { public $static = [...]; public $this = class Illuminate\Auth\AuthServiceProvider { ... }; public $parameter = [...] }; protected $routeResolver = class Closure { public $static = [...]; public $this = class Illuminate\Routing\Router { ... } } }) D:\Mirko\Desktop\Prove webapp\CV_Backoffice\vendor\laravel\framework\src\Illuminate\Foundation\Http\Middleware\TransformsRequest.php:21
    6.6629   60446056  31. Illuminate\Foundation\Http\Middleware\ConvertEmptyStringsToNull->handle($request = class Illuminate\Http\Request { public Symfony\Component\HttpFoundation\ParameterBag $attributes = class Symfony\Component\HttpFoundation\ParameterBag { protected array $parameters = [...] }; public Symfony\Component\HttpFoundation\InputBag $request = class Symfony\Component\HttpFoundation\InputBag { protected array $parameters = [...] }; public Symfony\Component\HttpFoundation\InputBag $query = class Symfony\Component\HttpFoundation\InputBag { protected array $parameters = [...] }; public Symfony\Component\HttpFoundation\ServerBag $server = class Symfony\Component\HttpFoundation\ServerBag { protected array $parameters = [...] }; public Symfony\Component\HttpFoundation\FileBag $files = class Symfony\Component\HttpFoundation\FileBag { protected array $parameters = [...] }; public Symfony\Component\HttpFoundation\InputBag $cookies = class Symfony\Component\HttpFoundation\InputBag { protected array $parameters = [...] }; public Symfony\Component\HttpFoundation\HeaderBag $headers = class Symfony\Component\HttpFoundation\HeaderBag { protected array $headers = [...]; protected array $cacheControl = [...] }; protected $content = NULL; protected ?array $languages = NULL; protected ?array $charsets = NULL; protected ?array $encodings = NULL; protected ?array $acceptableContentTypes = NULL; protected ?string $pathInfo = '/admin/vehicles'; protected ?string $requestUri = '/admin/vehicles'; protected ?string $baseUrl = ''; protected ?string $basePath = NULL; protected ?string $method = 'POST'; protected ?string $format = NULL; protected Symfony\Component\HttpFoundation\Session\SessionInterface|Closure|null $session = class Illuminate\Session\SymfonySessionDecorator { public readonly Illuminate\Contracts\Session\Session $store = class Illuminate\Session\Store { ... } }; protected ?string $locale = NULL; protected string $defaultLocale = 'en'; private ?string ${Symfony\Component\HttpFoundation\Request}preferredFormat = NULL; private bool ${Symfony\Component\HttpFoundation\Request}isHostValid = TRUE; private bool ${Symfony\Component\HttpFoundation\Request}isForwardedValid = TRUE; private bool ${Symfony\Component\HttpFoundation\Request}isSafeContentPreferred = *uninitialized*; private array ${Symfony\Component\HttpFoundation\Request}trustedValuesCache = []; private bool ${Symfony\Component\HttpFoundation\Request}isIisRewrite = FALSE; protected $json = NULL; protected $convertedFiles = NULL; protected $userResolver = class Closure { public $static = [...]; public $this = class Illuminate\Auth\AuthServiceProvider { ... }; public $parameter = [...] }; protected $routeResolver = class Closure { public $static = [...]; public $this = class Illuminate\Routing\Router { ... } } }, $next = class Closure { public $static = ['stack' => class Closure { ... }, 'pipe' => 'Livewire\\Features\\SupportDisablingBackButtonCache\\DisableBackButtonCacheMiddleware']; public $this = class Illuminate\Routing\Pipeline { protected $container = class Illuminate\Foundation\Application { ... }; protected $passable = class Illuminate\Http\Request { ... }; protected $pipes = [...]; protected $method = 'handle'; protected $finally = NULL }; public $parameter = ['$passable' => '<required>'] }) D:\Mirko\Desktop\Prove webapp\CV_Backoffice\vendor\laravel\framework\src\Illuminate\Pipeline\Pipeline.php:209
    6.6629   60446056  32. Illuminate\Foundation\Http\Middleware\TransformsRequest->handle($request = class Illuminate\Http\Request { public Symfony\Component\HttpFoundation\ParameterBag $attributes = class Symfony\Component\HttpFoundation\ParameterBag { protected array $parameters = [...] }; public Symfony\Component\HttpFoundation\InputBag $request = class Symfony\Component\HttpFoundation\InputBag { protected array $parameters = [...] }; public Symfony\Component\HttpFoundation\InputBag $query = class Symfony\Component\HttpFoundation\InputBag { protected array $parameters = [...] }; public Symfony\Component\HttpFoundation\ServerBag $server = class Symfony\Component\HttpFoundation\ServerBag { protected array $parameters = [...] }; public Symfony\Component\HttpFoundation\FileBag $files = class Symfony\Component\HttpFoundation\FileBag { protected array $parameters = [...] }; public Symfony\Component\HttpFoundation\InputBag $cookies = class Symfony\Component\HttpFoundation\InputBag { protected array $parameters = [...] }; public Symfony\Component\HttpFoundation\HeaderBag $headers = class Symfony\Component\HttpFoundation\HeaderBag { protected array $headers = [...]; protected array $cacheControl = [...] }; protected $content = NULL; protected ?array $languages = NULL; protected ?array $charsets = NULL; protected ?array $encodings = NULL; protected ?array $acceptableContentTypes = NULL; protected ?string $pathInfo = '/admin/vehicles'; protected ?string $requestUri = '/admin/vehicles'; protected ?string $baseUrl = ''; protected ?string $basePath = NULL; protected ?string $method = 'POST'; protected ?string $format = NULL; protected Symfony\Component\HttpFoundation\Session\SessionInterface|Closure|null $session = class Illuminate\Session\SymfonySessionDecorator { public readonly Illuminate\Contracts\Session\Session $store = class Illuminate\Session\Store { ... } }; protected ?string $locale = NULL; protected string $defaultLocale = 'en'; private ?string ${Symfony\Component\HttpFoundation\Request}preferredFormat = NULL; private bool ${Symfony\Component\HttpFoundation\Request}isHostValid = TRUE; private bool ${Symfony\Component\HttpFoundation\Request}isForwardedValid = TRUE; private bool ${Symfony\Component\HttpFoundation\Request}isSafeContentPreferred = *uninitialized*; private array ${Symfony\Component\HttpFoundation\Request}trustedValuesCache = []; private bool ${Symfony\Component\HttpFoundation\Request}isIisRewrite = FALSE; protected $json = NULL; protected $convertedFiles = NULL; protected $userResolver = class Closure { public $static = [...]; public $this = class Illuminate\Auth\AuthServiceProvider { ... }; public $parameter = [...] }; protected $routeResolver = class Closure { public $static = [...]; public $this = class Illuminate\Routing\Router { ... } } }, $next = class Closure { public $static = ['stack' => class Closure { ... }, 'pipe' => 'Livewire\\Features\\SupportDisablingBackButtonCache\\DisableBackButtonCacheMiddleware']; public $this = class Illuminate\Routing\Pipeline { protected $container = class Illuminate\Foundation\Application { ... }; protected $passable = class Illuminate\Http\Request { ... }; protected $pipes = [...]; protected $method = 'handle'; protected $finally = NULL }; public $parameter = ['$passable' => '<required>'] }) D:\Mirko\Desktop\Prove webapp\CV_Backoffice\vendor\laravel\framework\src\Illuminate\Foundation\Http\Middleware\ConvertEmptyStringsToNull.php:31
    6.6629   60446056  33. Illuminate\Pipeline\Pipeline->Illuminate\Pipeline\{closure:D:\Mirko\Desktop\Prove webapp\CV_Backoffice\vendor\laravel\framework\src\Illuminate\Pipeline\Pipeline.php:185-216}($passable = class Illuminate\Http\Request { public Symfony\Component\HttpFoundation\ParameterBag $attributes = class Symfony\Component\HttpFoundation\ParameterBag { protected array $parameters = [...] }; public Symfony\Component\HttpFoundation\InputBag $request = class Symfony\Component\HttpFoundation\InputBag { protected array $parameters = [...] }; public Symfony\Component\HttpFoundation\InputBag $query = class Symfony\Component\HttpFoundation\InputBag { protected array $parameters = [...] }; public Symfony\Component\HttpFoundation\ServerBag $server = class Symfony\Component\HttpFoundation\ServerBag { protected array $parameters = [...] }; public Symfony\Component\HttpFoundation\FileBag $files = class Symfony\Component\HttpFoundation\FileBag { protected array $parameters = [...] }; public Symfony\Component\HttpFoundation\InputBag $cookies = class Symfony\Component\HttpFoundation\InputBag { protected array $parameters = [...] }; public Symfony\Component\HttpFoundation\HeaderBag $headers = class Symfony\Component\HttpFoundation\HeaderBag { protected array $headers = [...]; protected array $cacheControl = [...] }; protected $content = NULL; protected ?array $languages = NULL; protected ?array $charsets = NULL; protected ?array $encodings = NULL; protected ?array $acceptableContentTypes = NULL; protected ?string $pathInfo = '/admin/vehicles'; protected ?string $requestUri = '/admin/vehicles'; protected ?string $baseUrl = ''; protected ?string $basePath = NULL; protected ?string $method = 'POST'; protected ?string $format = NULL; protected Symfony\Component\HttpFoundation\Session\SessionInterface|Closure|null $session = class Illuminate\Session\SymfonySessionDecorator { public readonly Illuminate\Contracts\Session\Session $store = class Illuminate\Session\Store { ... } }; protected ?string $locale = NULL; protected string $defaultLocale = 'en'; private ?string ${Symfony\Component\HttpFoundation\Request}preferredFormat = NULL; private bool ${Symfony\Component\HttpFoundation\Request}isHostValid = TRUE; private bool ${Symfony\Component\HttpFoundation\Request}isForwardedValid = TRUE; private bool ${Symfony\Component\HttpFoundation\Request}isSafeContentPreferred = *uninitialized*; private array ${Symfony\Component\HttpFoundation\Request}trustedValuesCache = []; private bool ${Symfony\Component\HttpFoundation\Request}isIisRewrite = FALSE; protected $json = NULL; protected $convertedFiles = NULL; protected $userResolver = class Closure { public $static = [...]; public $this = class Illuminate\Auth\AuthServiceProvider { ... }; public $parameter = [...] }; protected $routeResolver = class Closure { public $static = [...]; public $this = class Illuminate\Routing\Router { ... } } }) D:\Mirko\Desktop\Prove webapp\CV_Backoffice\vendor\laravel\framework\src\Illuminate\Foundation\Http\Middleware\TransformsRequest.php:21
    6.6629   60446312  34. Livewire\Features\SupportDisablingBackButtonCache\DisableBackButtonCacheMiddleware->handle($request = class Illuminate\Http\Request { public Symfony\Component\HttpFoundation\ParameterBag $attributes = class Symfony\Component\HttpFoundation\ParameterBag { protected array $parameters = [...] }; public Symfony\Component\HttpFoundation\InputBag $request = class Symfony\Component\HttpFoundation\InputBag { protected array $parameters = [...] }; public Symfony\Component\HttpFoundation\InputBag $query = class Symfony\Component\HttpFoundation\InputBag { protected array $parameters = [...] }; public Symfony\Component\HttpFoundation\ServerBag $server = class Symfony\Component\HttpFoundation\ServerBag { protected array $parameters = [...] }; public Symfony\Component\HttpFoundation\FileBag $files = class Symfony\Component\HttpFoundation\FileBag { protected array $parameters = [...] }; public Symfony\Component\HttpFoundation\InputBag $cookies = class Symfony\Component\HttpFoundation\InputBag { protected array $parameters = [...] }; public Symfony\Component\HttpFoundation\HeaderBag $headers = class Symfony\Component\HttpFoundation\HeaderBag { protected array $headers = [...]; protected array $cacheControl = [...] }; protected $content = NULL; protected ?array $languages = NULL; protected ?array $charsets = NULL; protected ?array $encodings = NULL; protected ?array $acceptableContentTypes = NULL; protected ?string $pathInfo = '/admin/vehicles'; protected ?string $requestUri = '/admin/vehicles'; protected ?string $baseUrl = ''; protected ?string $basePath = NULL; protected ?string $method = 'POST'; protected ?string $format = NULL; protected Symfony\Component\HttpFoundation\Session\SessionInterface|Closure|null $session = class Illuminate\Session\SymfonySessionDecorator { public readonly Illuminate\Contracts\Session\Session $store = class Illuminate\Session\Store { ... } }; protected ?string $locale = NULL; protected string $defaultLocale = 'en'; private ?string ${Symfony\Component\HttpFoundation\Request}preferredFormat = NULL; private bool ${Symfony\Component\HttpFoundation\Request}isHostValid = TRUE; private bool ${Symfony\Component\HttpFoundation\Request}isForwardedValid = TRUE; private bool ${Symfony\Component\HttpFoundation\Request}isSafeContentPreferred = *uninitialized*; private array ${Symfony\Component\HttpFoundation\Request}trustedValuesCache = []; private bool ${Symfony\Component\HttpFoundation\Request}isIisRewrite = FALSE; protected $json = NULL; protected $convertedFiles = NULL; protected $userResolver = class Closure { public $static = [...]; public $this = class Illuminate\Auth\AuthServiceProvider { ... }; public $parameter = [...] }; protected $routeResolver = class Closure { public $static = [...]; public $this = class Illuminate\Routing\Router { ... } } }, $next = class Closure { public $static = ['destination' => class Closure { ... }]; public $this = class Illuminate\Routing\Pipeline { protected $container = class Illuminate\Foundation\Application { ... }; protected $passable = class Illuminate\Http\Request { ... }; protected $pipes = [...]; protected $method = 'handle'; protected $finally = NULL }; public $parameter = ['$passable' => '<required>'] }) D:\Mirko\Desktop\Prove webapp\CV_Backoffice\vendor\laravel\framework\src\Illuminate\Pipeline\Pipeline.php:209
    6.6629   60446312  35. Illuminate\Pipeline\Pipeline->Illuminate\Pipeline\{closure:D:\Mirko\Desktop\Prove webapp\CV_Backoffice\vendor\laravel\framework\src\Illuminate\Pipeline\Pipeline.php:168-174}($passable = class Illuminate\Http\Request { public Symfony\Component\HttpFoundation\ParameterBag $attributes = class Symfony\Component\HttpFoundation\ParameterBag { protected array $parameters = [...] }; public Symfony\Component\HttpFoundation\InputBag $request = class Symfony\Component\HttpFoundation\InputBag { protected array $parameters = [...] }; public Symfony\Component\HttpFoundation\InputBag $query = class Symfony\Component\HttpFoundation\InputBag { protected array $parameters = [...] }; public Symfony\Component\HttpFoundation\ServerBag $server = class Symfony\Component\HttpFoundation\ServerBag { protected array $parameters = [...] }; public Symfony\Component\HttpFoundation\FileBag $files = class Symfony\Component\HttpFoundation\FileBag { protected array $parameters = [...] }; public Symfony\Component\HttpFoundation\InputBag $cookies = class Symfony\Component\HttpFoundation\InputBag { protected array $parameters = [...] }; public Symfony\Component\HttpFoundation\HeaderBag $headers = class Symfony\Component\HttpFoundation\HeaderBag { protected array $headers = [...]; protected array $cacheControl = [...] }; protected $content = NULL; protected ?array $languages = NULL; protected ?array $charsets = NULL; protected ?array $encodings = NULL; protected ?array $acceptableContentTypes = NULL; protected ?string $pathInfo = '/admin/vehicles'; protected ?string $requestUri = '/admin/vehicles'; protected ?string $baseUrl = ''; protected ?string $basePath = NULL; protected ?string $method = 'POST'; protected ?string $format = NULL; protected Symfony\Component\HttpFoundation\Session\SessionInterface|Closure|null $session = class Illuminate\Session\SymfonySessionDecorator { public readonly Illuminate\Contracts\Session\Session $store = class Illuminate\Session\Store { ... } }; protected ?string $locale = NULL; protected string $defaultLocale = 'en'; private ?string ${Symfony\Component\HttpFoundation\Request}preferredFormat = NULL; private bool ${Symfony\Component\HttpFoundation\Request}isHostValid = TRUE; private bool ${Symfony\Component\HttpFoundation\Request}isForwardedValid = TRUE; private bool ${Symfony\Component\HttpFoundation\Request}isSafeContentPreferred = *uninitialized*; private array ${Symfony\Component\HttpFoundation\Request}trustedValuesCache = []; private bool ${Symfony\Component\HttpFoundation\Request}isIisRewrite = FALSE; protected $json = NULL; protected $convertedFiles = NULL; protected $userResolver = class Closure { public $static = [...]; public $this = class Illuminate\Auth\AuthServiceProvider { ... }; public $parameter = [...] }; protected $routeResolver = class Closure { public $static = [...]; public $this = class Illuminate\Routing\Router { ... } } }) D:\Mirko\Desktop\Prove webapp\CV_Backoffice\vendor\livewire\livewire\src\Features\SupportDisablingBackButtonCache\DisableBackButtonCacheMiddleware.php:19
    6.6629   60446312  36. Illuminate\Foundation\Http\Kernel->Illuminate\Foundation\Http\{closure:D:\Mirko\Desktop\Prove webapp\CV_Backoffice\vendor\laravel\framework\src\Illuminate\Foundation\Http\Kernel.php:198-202}($request = class Illuminate\Http\Request { public Symfony\Component\HttpFoundation\ParameterBag $attributes = class Symfony\Component\HttpFoundation\ParameterBag { protected array $parameters = [...] }; public Symfony\Component\HttpFoundation\InputBag $request = class Symfony\Component\HttpFoundation\InputBag { protected array $parameters = [...] }; public Symfony\Component\HttpFoundation\InputBag $query = class Symfony\Component\HttpFoundation\InputBag { protected array $parameters = [...] }; public Symfony\Component\HttpFoundation\ServerBag $server = class Symfony\Component\HttpFoundation\ServerBag { protected array $parameters = [...] }; public Symfony\Component\HttpFoundation\FileBag $files = class Symfony\Component\HttpFoundation\FileBag { protected array $parameters = [...] }; public Symfony\Component\HttpFoundation\InputBag $cookies = class Symfony\Component\HttpFoundation\InputBag { protected array $parameters = [...] }; public Symfony\Component\HttpFoundation\HeaderBag $headers = class Symfony\Component\HttpFoundation\HeaderBag { protected array $headers = [...]; protected array $cacheControl = [...] }; protected $content = NULL; protected ?array $languages = NULL; protected ?array $charsets = NULL; protected ?array $encodings = NULL; protected ?array $acceptableContentTypes = NULL; protected ?string $pathInfo = '/admin/vehicles'; protected ?string $requestUri = '/admin/vehicles'; protected ?string $baseUrl = ''; protected ?string $basePath = NULL; protected ?string $method = 'POST'; protected ?string $format = NULL; protected Symfony\Component\HttpFoundation\Session\SessionInterface|Closure|null $session = class Illuminate\Session\SymfonySessionDecorator { public readonly Illuminate\Contracts\Session\Session $store = class Illuminate\Session\Store { ... } }; protected ?string $locale = NULL; protected string $defaultLocale = 'en'; private ?string ${Symfony\Component\HttpFoundation\Request}preferredFormat = NULL; private bool ${Symfony\Component\HttpFoundation\Request}isHostValid = TRUE; private bool ${Symfony\Component\HttpFoundation\Request}isForwardedValid = TRUE; private bool ${Symfony\Component\HttpFoundation\Request}isSafeContentPreferred = *uninitialized*; private array ${Symfony\Component\HttpFoundation\Request}trustedValuesCache = []; private bool ${Symfony\Component\HttpFoundation\Request}isIisRewrite = FALSE; protected $json = NULL; protected $convertedFiles = NULL; protected $userResolver = class Closure { public $static = [...]; public $this = class Illuminate\Auth\AuthServiceProvider { ... }; public $parameter = [...] }; protected $routeResolver = class Closure { public $static = [...]; public $this = class Illuminate\Routing\Router { ... } } }) D:\Mirko\Desktop\Prove webapp\CV_Backoffice\vendor\laravel\framework\src\Illuminate\Pipeline\Pipeline.php:170
    6.6630   60446312  37. Illuminate\Routing\Router->dispatch($request = class Illuminate\Http\Request { public Symfony\Component\HttpFoundation\ParameterBag $attributes = class Symfony\Component\HttpFoundation\ParameterBag { protected array $parameters = [...] }; public Symfony\Component\HttpFoundation\InputBag $request = class Symfony\Component\HttpFoundation\InputBag { protected array $parameters = [...] }; public Symfony\Component\HttpFoundation\InputBag $query = class Symfony\Component\HttpFoundation\InputBag { protected array $parameters = [...] }; public Symfony\Component\HttpFoundation\ServerBag $server = class Symfony\Component\HttpFoundation\ServerBag { protected array $parameters = [...] }; public Symfony\Component\HttpFoundation\FileBag $files = class Symfony\Component\HttpFoundation\FileBag { protected array $parameters = [...] }; public Symfony\Component\HttpFoundation\InputBag $cookies = class Symfony\Component\HttpFoundation\InputBag { protected array $parameters = [...] }; public Symfony\Component\HttpFoundation\HeaderBag $headers = class Symfony\Component\HttpFoundation\HeaderBag { protected array $headers = [...]; protected array $cacheControl = [...] }; protected $content = NULL; protected ?array $languages = NULL; protected ?array $charsets = NULL; protected ?array $encodings = NULL; protected ?array $acceptableContentTypes = NULL; protected ?string $pathInfo = '/admin/vehicles'; protected ?string $requestUri = '/admin/vehicles'; protected ?string $baseUrl = ''; protected ?string $basePath = NULL; protected ?string $method = 'POST'; protected ?string $format = NULL; protected Symfony\Component\HttpFoundation\Session\SessionInterface|Closure|null $session = class Illuminate\Session\SymfonySessionDecorator { public readonly Illuminate\Contracts\Session\Session $store = class Illuminate\Session\Store { ... } }; protected ?string $locale = NULL; protected string $defaultLocale = 'en'; private ?string ${Symfony\Component\HttpFoundation\Request}preferredFormat = NULL; private bool ${Symfony\Component\HttpFoundation\Request}isHostValid = TRUE; private bool ${Symfony\Component\HttpFoundation\Request}isForwardedValid = TRUE; private bool ${Symfony\Component\HttpFoundation\Request}isSafeContentPreferred = *uninitialized*; private array ${Symfony\Component\HttpFoundation\Request}trustedValuesCache = []; private bool ${Symfony\Component\HttpFoundation\Request}isIisRewrite = FALSE; protected $json = NULL; protected $convertedFiles = NULL; protected $userResolver = class Closure { public $static = [...]; public $this = class Illuminate\Auth\AuthServiceProvider { ... }; public $parameter = [...] }; protected $routeResolver = class Closure { public $static = [...]; public $this = class Illuminate\Routing\Router { ... } } }) D:\Mirko\Desktop\Prove webapp\CV_Backoffice\vendor\laravel\framework\src\Illuminate\Foundation\Http\Kernel.php:201
    6.6630   60446312  38. Illuminate\Routing\Router->dispatchToRoute($request = class Illuminate\Http\Request { public Symfony\Component\HttpFoundation\ParameterBag $attributes = class Symfony\Component\HttpFoundation\ParameterBag { protected array $parameters = [...] }; public Symfony\Component\HttpFoundation\InputBag $request = class Symfony\Component\HttpFoundation\InputBag { protected array $parameters = [...] }; public Symfony\Component\HttpFoundation\InputBag $query = class Symfony\Component\HttpFoundation\InputBag { protected array $parameters = [...] }; public Symfony\Component\HttpFoundation\ServerBag $server = class Symfony\Component\HttpFoundation\ServerBag { protected array $parameters = [...] }; public Symfony\Component\HttpFoundation\FileBag $files = class Symfony\Component\HttpFoundation\FileBag { protected array $parameters = [...] }; public Symfony\Component\HttpFoundation\InputBag $cookies = class Symfony\Component\HttpFoundation\InputBag { protected array $parameters = [...] }; public Symfony\Component\HttpFoundation\HeaderBag $headers = class Symfony\Component\HttpFoundation\HeaderBag { protected array $headers = [...]; protected array $cacheControl = [...] }; protected $content = NULL; protected ?array $languages = NULL; protected ?array $charsets = NULL; protected ?array $encodings = NULL; protected ?array $acceptableContentTypes = NULL; protected ?string $pathInfo = '/admin/vehicles'; protected ?string $requestUri = '/admin/vehicles'; protected ?string $baseUrl = ''; protected ?string $basePath = NULL; protected ?string $method = 'POST'; protected ?string $format = NULL; protected Symfony\Component\HttpFoundation\Session\SessionInterface|Closure|null $session = class Illuminate\Session\SymfonySessionDecorator { public readonly Illuminate\Contracts\Session\Session $store = class Illuminate\Session\Store { ... } }; protected ?string $locale = NULL; protected string $defaultLocale = 'en'; private ?string ${Symfony\Component\HttpFoundation\Request}preferredFormat = NULL; private bool ${Symfony\Component\HttpFoundation\Request}isHostValid = TRUE; private bool ${Symfony\Component\HttpFoundation\Request}isForwardedValid = TRUE; private bool ${Symfony\Component\HttpFoundation\Request}isSafeContentPreferred = *uninitialized*; private array ${Symfony\Component\HttpFoundation\Request}trustedValuesCache = []; private bool ${Symfony\Component\HttpFoundation\Request}isIisRewrite = FALSE; protected $json = NULL; protected $convertedFiles = NULL; protected $userResolver = class Closure { public $static = [...]; public $this = class Illuminate\Auth\AuthServiceProvider { ... }; public $parameter = [...] }; protected $routeResolver = class Closure { public $static = [...]; public $this = class Illuminate\Routing\Router { ... } } }) D:\Mirko\Desktop\Prove webapp\CV_Backoffice\vendor\laravel\framework\src\Illuminate\Routing\Router.php:739
    6.6631   60448568  39. Illuminate\Routing\Router->runRoute($request = class Illuminate\Http\Request { public Symfony\Component\HttpFoundation\ParameterBag $attributes = class Symfony\Component\HttpFoundation\ParameterBag { protected array $parameters = [...] }; public Symfony\Component\HttpFoundation\InputBag $request = class Symfony\Component\HttpFoundation\InputBag { protected array $parameters = [...] }; public Symfony\Component\HttpFoundation\InputBag $query = class Symfony\Component\HttpFoundation\InputBag { protected array $parameters = [...] }; public Symfony\Component\HttpFoundation\ServerBag $server = class Symfony\Component\HttpFoundation\ServerBag { protected array $parameters = [...] }; public Symfony\Component\HttpFoundation\FileBag $files = class Symfony\Component\HttpFoundation\FileBag { protected array $parameters = [...] }; public Symfony\Component\HttpFoundation\InputBag $cookies = class Symfony\Component\HttpFoundation\InputBag { protected array $parameters = [...] }; public Symfony\Component\HttpFoundation\HeaderBag $headers = class Symfony\Component\HttpFoundation\HeaderBag { protected array $headers = [...]; protected array $cacheControl = [...] }; protected $content = NULL; protected ?array $languages = NULL; protected ?array $charsets = NULL; protected ?array $encodings = NULL; protected ?array $acceptableContentTypes = NULL; protected ?string $pathInfo = '/admin/vehicles'; protected ?string $requestUri = '/admin/vehicles'; protected ?string $baseUrl = ''; protected ?string $basePath = NULL; protected ?string $method = 'POST'; protected ?string $format = NULL; protected Symfony\Component\HttpFoundation\Session\SessionInterface|Closure|null $session = class Illuminate\Session\SymfonySessionDecorator { public readonly Illuminate\Contracts\Session\Session $store = class Illuminate\Session\Store { ... } }; protected ?string $locale = NULL; protected string $defaultLocale = 'en'; private ?string ${Symfony\Component\HttpFoundation\Request}preferredFormat = NULL; private bool ${Symfony\Component\HttpFoundation\Request}isHostValid = TRUE; private bool ${Symfony\Component\HttpFoundation\Request}isForwardedValid = TRUE; private bool ${Symfony\Component\HttpFoundation\Request}isSafeContentPreferred = *uninitialized*; private array ${Symfony\Component\HttpFoundation\Request}trustedValuesCache = []; private bool ${Symfony\Component\HttpFoundation\Request}isIisRewrite = FALSE; protected $json = NULL; protected $convertedFiles = NULL; protected $userResolver = class Closure { public $static = [...]; public $this = class Illuminate\Auth\AuthServiceProvider { ... }; public $parameter = [...] }; protected $routeResolver = class Closure { public $static = [...]; public $this = class Illuminate\Routing\Router { ... } } }, $route = class Illuminate\Routing\Route { public $uri = 'admin/vehicles'; public $methods = [0 => 'POST']; public $action = ['middleware' => [...], 'as' => 'admin.vehicles.store', 'uses' => 'App\\Http\\Controllers\\Admin\\VehicleController@store', 'controller' => 'App\\Http\\Controllers\\Admin\\VehicleController@store', 'namespace' => NULL, 'prefix' => '/admin', 'where' => [...]]; public $isFallback = FALSE; public $controller = NULL; public $defaults = []; public $wheres = []; public $parameters = []; public $parameterNames = []; protected $originalParameters = []; protected $withTrashedBindings = FALSE; protected $lockSeconds = NULL; protected $waitSeconds = NULL; public $computedMiddleware = [0 => 'web', 1 => 'auth', 2 => 'verified']; public $compiled = class Symfony\Component\Routing\CompiledRoute { private string $staticPrefix = '/admin/vehicles'; private string $regex = '{^/admin/vehicles$}sDu'; private array $tokens = [...]; private array $pathVariables = [...]; private ?string $hostRegex = NULL; private array $hostTokens = [...]; private array $hostVariables = [...]; private array $variables = [...] }; protected $router = class Illuminate\Routing\Router { protected $events = class Illuminate\Events\Dispatcher { ... }; protected $container = class Illuminate\Foundation\Application { ... }; protected $routes = class Illuminate\Routing\RouteCollection { ... }; protected $current = ...; protected $currentRequest = class Illuminate\Http\Request { ... }; protected $middleware = [...]; protected $middlewareGroups = [...]; public $middlewarePriority = [...]; protected $binders = [...]; protected $patterns = [...]; protected $groupStack = [...]; protected $implicitBindingCallback = class Closure { ... } }; protected $container = class Illuminate\Foundation\Application { protected $resolved = [...]; protected $bindings = [...]; protected $methodBindings = [...]; protected $instances = [...]; protected $scopedInstances = [...]; protected $aliases = [...]; protected $abstractAliases = [...]; protected $extenders = [...]; protected $tags = [...]; protected $buildStack = [...]; protected $with = [...]; public $contextual = [...]; public $contextualAttributes = [...]; protected $reboundCallbacks = [...]; protected $globalBeforeResolvingCallbacks = [...]; protected $globalResolvingCallbacks = [...]; protected $globalAfterResolvingCallbacks = [...]; protected $beforeResolvingCallbacks = [...]; protected $resolvingCallbacks = [...]; protected $afterResolvingCallbacks = [...]; protected $afterResolvingAttributeCallbacks = [...]; protected $basePath = 'D:\\Mirko\\Desktop\\Prove webapp\\CV_Backoffice'; protected $registeredCallbacks = [...]; protected $hasBeenBootstrapped = TRUE; protected $booted = TRUE; protected $bootingCallbacks = [...]; protected $bootedCallbacks = [...]; protected $terminatingCallbacks = [...]; protected $serviceProviders = [...]; protected $loadedProviders = [...]; protected $deferredServices = [...]; protected $bootstrapPath = 'D:\\Mirko\\Desktop\\Prove webapp\\CV_Backoffice\\bootstrap'; protected $appPath = NULL; protected $configPath = NULL; protected $databasePath = NULL; protected $langPath = 'D:\\Mirko\\Desktop\\Prove webapp\\CV_Backoffice\\lang'; protected $publicPath = NULL; protected $storagePath = NULL; protected $environmentPath = NULL; protected $environmentFile = '.env'; protected $isRunningInConsole = TRUE; protected $namespace = 'App\\'; protected $mergeFrameworkConfiguration = TRUE; protected $absoluteCachePathPrefixes = [...] }; protected $bindingFields = [] }) D:\Mirko\Desktop\Prove webapp\CV_Backoffice\vendor\laravel\framework\src\Illuminate\Routing\Router.php:750
    6.6631   60449328  40. Illuminate\Routing\Router->runRouteWithinStack($route = class Illuminate\Routing\Route { public $uri = 'admin/vehicles'; public $methods = [0 => 'POST']; public $action = ['middleware' => [...], 'as' => 'admin.vehicles.store', 'uses' => 'App\\Http\\Controllers\\Admin\\VehicleController@store', 'controller' => 'App\\Http\\Controllers\\Admin\\VehicleController@store', 'namespace' => NULL, 'prefix' => '/admin', 'where' => [...]]; public $isFallback = FALSE; public $controller = NULL; public $defaults = []; public $wheres = []; public $parameters = []; public $parameterNames = []; protected $originalParameters = []; protected $withTrashedBindings = FALSE; protected $lockSeconds = NULL; protected $waitSeconds = NULL; public $computedMiddleware = [0 => 'web', 1 => 'auth', 2 => 'verified']; public $compiled = class Symfony\Component\Routing\CompiledRoute { private string $staticPrefix = '/admin/vehicles'; private string $regex = '{^/admin/vehicles$}sDu'; private array $tokens = [...]; private array $pathVariables = [...]; private ?string $hostRegex = NULL; private array $hostTokens = [...]; private array $hostVariables = [...]; private array $variables = [...] }; protected $router = class Illuminate\Routing\Router { protected $events = class Illuminate\Events\Dispatcher { ... }; protected $container = class Illuminate\Foundation\Application { ... }; protected $routes = class Illuminate\Routing\RouteCollection { ... }; protected $current = ...; protected $currentRequest = class Illuminate\Http\Request { ... }; protected $middleware = [...]; protected $middlewareGroups = [...]; public $middlewarePriority = [...]; protected $binders = [...]; protected $patterns = [...]; protected $groupStack = [...]; protected $implicitBindingCallback = class Closure { ... } }; protected $container = class Illuminate\Foundation\Application { protected $resolved = [...]; protected $bindings = [...]; protected $methodBindings = [...]; protected $instances = [...]; protected $scopedInstances = [...]; protected $aliases = [...]; protected $abstractAliases = [...]; protected $extenders = [...]; protected $tags = [...]; protected $buildStack = [...]; protected $with = [...]; public $contextual = [...]; public $contextualAttributes = [...]; protected $reboundCallbacks = [...]; protected $globalBeforeResolvingCallbacks = [...]; protected $globalResolvingCallbacks = [...]; protected $globalAfterResolvingCallbacks = [...]; protected $beforeResolvingCallbacks = [...]; protected $resolvingCallbacks = [...]; protected $afterResolvingCallbacks = [...]; protected $afterResolvingAttributeCallbacks = [...]; protected $basePath = 'D:\\Mirko\\Desktop\\Prove webapp\\CV_Backoffice'; protected $registeredCallbacks = [...]; protected $hasBeenBootstrapped = TRUE; protected $booted = TRUE; protected $bootingCallbacks = [...]; protected $bootedCallbacks = [...]; protected $terminatingCallbacks = [...]; protected $serviceProviders = [...]; protected $loadedProviders = [...]; protected $deferredServices = [...]; protected $bootstrapPath = 'D:\\Mirko\\Desktop\\Prove webapp\\CV_Backoffice\\bootstrap'; protected $appPath = NULL; protected $configPath = NULL; protected $databasePath = NULL; protected $langPath = 'D:\\Mirko\\Desktop\\Prove webapp\\CV_Backoffice\\lang'; protected $publicPath = NULL; protected $storagePath = NULL; protected $environmentPath = NULL; protected $environmentFile = '.env'; protected $isRunningInConsole = TRUE; protected $namespace = 'App\\'; protected $mergeFrameworkConfiguration = TRUE; protected $absoluteCachePathPrefixes = [...] }; protected $bindingFields = [] }, $request = class Illuminate\Http\Request { public Symfony\Component\HttpFoundation\ParameterBag $attributes = class Symfony\Component\HttpFoundation\ParameterBag { protected array $parameters = [...] }; public Symfony\Component\HttpFoundation\InputBag $request = class Symfony\Component\HttpFoundation\InputBag { protected array $parameters = [...] }; public Symfony\Component\HttpFoundation\InputBag $query = class Symfony\Component\HttpFoundation\InputBag { protected array $parameters = [...] }; public Symfony\Component\HttpFoundation\ServerBag $server = class Symfony\Component\HttpFoundation\ServerBag { protected array $parameters = [...] }; public Symfony\Component\HttpFoundation\FileBag $files = class Symfony\Component\HttpFoundation\FileBag { protected array $parameters = [...] }; public Symfony\Component\HttpFoundation\InputBag $cookies = class Symfony\Component\HttpFoundation\InputBag { protected array $parameters = [...] }; public Symfony\Component\HttpFoundation\HeaderBag $headers = class Symfony\Component\HttpFoundation\HeaderBag { protected array $headers = [...]; protected array $cacheControl = [...] }; protected $content = NULL; protected ?array $languages = NULL; protected ?array $charsets = NULL; protected ?array $encodings = NULL; protected ?array $acceptableContentTypes = NULL; protected ?string $pathInfo = '/admin/vehicles'; protected ?string $requestUri = '/admin/vehicles'; protected ?string $baseUrl = ''; protected ?string $basePath = NULL; protected ?string $method = 'POST'; protected ?string $format = NULL; protected Symfony\Component\HttpFoundation\Session\SessionInterface|Closure|null $session = class Illuminate\Session\SymfonySessionDecorator { public readonly Illuminate\Contracts\Session\Session $store = class Illuminate\Session\Store { ... } }; protected ?string $locale = NULL; protected string $defaultLocale = 'en'; private ?string ${Symfony\Component\HttpFoundation\Request}preferredFormat = NULL; private bool ${Symfony\Component\HttpFoundation\Request}isHostValid = TRUE; private bool ${Symfony\Component\HttpFoundation\Request}isForwardedValid = TRUE; private bool ${Symfony\Component\HttpFoundation\Request}isSafeContentPreferred = *uninitialized*; private array ${Symfony\Component\HttpFoundation\Request}trustedValuesCache = []; private bool ${Symfony\Component\HttpFoundation\Request}isIisRewrite = FALSE; protected $json = NULL; protected $convertedFiles = NULL; protected $userResolver = class Closure { public $static = [...]; public $this = class Illuminate\Auth\AuthServiceProvider { ... }; public $parameter = [...] }; protected $routeResolver = class Closure { public $static = [...]; public $this = class Illuminate\Routing\Router { ... } } }) D:\Mirko\Desktop\Prove webapp\CV_Backoffice\vendor\laravel\framework\src\Illuminate\Routing\Router.php:786
    6.6633   60450648  41. Illuminate\Pipeline\Pipeline->then($destination = class Closure { public $static = ['route' => class Illuminate\Routing\Route { ... }]; public $this = class Illuminate\Routing\Router { protected $events = class Illuminate\Events\Dispatcher { ... }; protected $container = class Illuminate\Foundation\Application { ... }; protected $routes = class Illuminate\Routing\RouteCollection { ... }; protected $current = class Illuminate\Routing\Route { ... }; protected $currentRequest = class Illuminate\Http\Request { ... }; protected $middleware = [...]; protected $middlewareGroups = [...]; public $middlewarePriority = [...]; protected $binders = [...]; protected $patterns = [...]; protected $groupStack = [...]; protected $implicitBindingCallback = class Closure { ... } }; public $parameter = ['$request' => '<required>'] }) D:\Mirko\Desktop\Prove webapp\CV_Backoffice\vendor\laravel\framework\src\Illuminate\Routing\Router.php:807
    6.6633   60457488  42. Illuminate\Pipeline\Pipeline->Illuminate\Pipeline\{closure:D:\Mirko\Desktop\Prove webapp\CV_Backoffice\vendor\laravel\framework\src\Illuminate\Pipeline\Pipeline.php:185-216}($passable = class Illuminate\Http\Request { public Symfony\Component\HttpFoundation\ParameterBag $attributes = class Symfony\Component\HttpFoundation\ParameterBag { protected array $parameters = [...] }; public Symfony\Component\HttpFoundation\InputBag $request = class Symfony\Component\HttpFoundation\InputBag { protected array $parameters = [...] }; public Symfony\Component\HttpFoundation\InputBag $query = class Symfony\Component\HttpFoundation\InputBag { protected array $parameters = [...] }; public Symfony\Component\HttpFoundation\ServerBag $server = class Symfony\Component\HttpFoundation\ServerBag { protected array $parameters = [...] }; public Symfony\Component\HttpFoundation\FileBag $files = class Symfony\Component\HttpFoundation\FileBag { protected array $parameters = [...] }; public Symfony\Component\HttpFoundation\InputBag $cookies = class Symfony\Component\HttpFoundation\InputBag { protected array $parameters = [...] }; public Symfony\Component\HttpFoundation\HeaderBag $headers = class Symfony\Component\HttpFoundation\HeaderBag { protected array $headers = [...]; protected array $cacheControl = [...] }; protected $content = NULL; protected ?array $languages = NULL; protected ?array $charsets = NULL; protected ?array $encodings = NULL; protected ?array $acceptableContentTypes = NULL; protected ?string $pathInfo = '/admin/vehicles'; protected ?string $requestUri = '/admin/vehicles'; protected ?string $baseUrl = ''; protected ?string $basePath = NULL; protected ?string $method = 'POST'; protected ?string $format = NULL; protected Symfony\Component\HttpFoundation\Session\SessionInterface|Closure|null $session = class Illuminate\Session\SymfonySessionDecorator { public readonly Illuminate\Contracts\Session\Session $store = class Illuminate\Session\Store { ... } }; protected ?string $locale = NULL; protected string $defaultLocale = 'en'; private ?string ${Symfony\Component\HttpFoundation\Request}preferredFormat = NULL; private bool ${Symfony\Component\HttpFoundation\Request}isHostValid = TRUE; private bool ${Symfony\Component\HttpFoundation\Request}isForwardedValid = TRUE; private bool ${Symfony\Component\HttpFoundation\Request}isSafeContentPreferred = *uninitialized*; private array ${Symfony\Component\HttpFoundation\Request}trustedValuesCache = []; private bool ${Symfony\Component\HttpFoundation\Request}isIisRewrite = FALSE; protected $json = NULL; protected $convertedFiles = NULL; protected $userResolver = class Closure { public $static = [...]; public $this = class Illuminate\Auth\AuthServiceProvider { ... }; public $parameter = [...] }; protected $routeResolver = class Closure { public $static = [...]; public $this = class Illuminate\Routing\Router { ... } } }) D:\Mirko\Desktop\Prove webapp\CV_Backoffice\vendor\laravel\framework\src\Illuminate\Pipeline\Pipeline.php:127
    6.6633   60457960  43. Illuminate\Cookie\Middleware\EncryptCookies->handle($request = class Illuminate\Http\Request { public Symfony\Component\HttpFoundation\ParameterBag $attributes = class Symfony\Component\HttpFoundation\ParameterBag { protected array $parameters = [...] }; public Symfony\Component\HttpFoundation\InputBag $request = class Symfony\Component\HttpFoundation\InputBag { protected array $parameters = [...] }; public Symfony\Component\HttpFoundation\InputBag $query = class Symfony\Component\HttpFoundation\InputBag { protected array $parameters = [...] }; public Symfony\Component\HttpFoundation\ServerBag $server = class Symfony\Component\HttpFoundation\ServerBag { protected array $parameters = [...] }; public Symfony\Component\HttpFoundation\FileBag $files = class Symfony\Component\HttpFoundation\FileBag { protected array $parameters = [...] }; public Symfony\Component\HttpFoundation\InputBag $cookies = class Symfony\Component\HttpFoundation\InputBag { protected array $parameters = [...] }; public Symfony\Component\HttpFoundation\HeaderBag $headers = class Symfony\Component\HttpFoundation\HeaderBag { protected array $headers = [...]; protected array $cacheControl = [...] }; protected $content = NULL; protected ?array $languages = NULL; protected ?array $charsets = NULL; protected ?array $encodings = NULL; protected ?array $acceptableContentTypes = NULL; protected ?string $pathInfo = '/admin/vehicles'; protected ?string $requestUri = '/admin/vehicles'; protected ?string $baseUrl = ''; protected ?string $basePath = NULL; protected ?string $method = 'POST'; protected ?string $format = NULL; protected Symfony\Component\HttpFoundation\Session\SessionInterface|Closure|null $session = class Illuminate\Session\SymfonySessionDecorator { public readonly Illuminate\Contracts\Session\Session $store = class Illuminate\Session\Store { ... } }; protected ?string $locale = NULL; protected string $defaultLocale = 'en'; private ?string ${Symfony\Component\HttpFoundation\Request}preferredFormat = NULL; private bool ${Symfony\Component\HttpFoundation\Request}isHostValid = TRUE; private bool ${Symfony\Component\HttpFoundation\Request}isForwardedValid = TRUE; private bool ${Symfony\Component\HttpFoundation\Request}isSafeContentPreferred = *uninitialized*; private array ${Symfony\Component\HttpFoundation\Request}trustedValuesCache = []; private bool ${Symfony\Component\HttpFoundation\Request}isIisRewrite = FALSE; protected $json = NULL; protected $convertedFiles = NULL; protected $userResolver = class Closure { public $static = [...]; public $this = class Illuminate\Auth\AuthServiceProvider { ... }; public $parameter = [...] }; protected $routeResolver = class Closure { public $static = [...]; public $this = class Illuminate\Routing\Router { ... } } }, $next = class Closure { public $static = ['stack' => class Closure { ... }, 'pipe' => 'Illuminate\\Cookie\\Middleware\\AddQueuedCookiesToResponse']; public $this = class Illuminate\Routing\Pipeline { protected $container = class Illuminate\Foundation\Application { ... }; protected $passable = class Illuminate\Http\Request { ... }; protected $pipes = [...]; protected $method = 'handle'; protected $finally = NULL }; public $parameter = ['$passable' => '<required>'] }) D:\Mirko\Desktop\Prove webapp\CV_Backoffice\vendor\laravel\framework\src\Illuminate\Pipeline\Pipeline.php:209
    6.6633   60457960  44. Illuminate\Pipeline\Pipeline->Illuminate\Pipeline\{closure:D:\Mirko\Desktop\Prove webapp\CV_Backoffice\vendor\laravel\framework\src\Illuminate\Pipeline\Pipeline.php:185-216}($passable = class Illuminate\Http\Request { public Symfony\Component\HttpFoundation\ParameterBag $attributes = class Symfony\Component\HttpFoundation\ParameterBag { protected array $parameters = [...] }; public Symfony\Component\HttpFoundation\InputBag $request = class Symfony\Component\HttpFoundation\InputBag { protected array $parameters = [...] }; public Symfony\Component\HttpFoundation\InputBag $query = class Symfony\Component\HttpFoundation\InputBag { protected array $parameters = [...] }; public Symfony\Component\HttpFoundation\ServerBag $server = class Symfony\Component\HttpFoundation\ServerBag { protected array $parameters = [...] }; public Symfony\Component\HttpFoundation\FileBag $files = class Symfony\Component\HttpFoundation\FileBag { protected array $parameters = [...] }; public Symfony\Component\HttpFoundation\InputBag $cookies = class Symfony\Component\HttpFoundation\InputBag { protected array $parameters = [...] }; public Symfony\Component\HttpFoundation\HeaderBag $headers = class Symfony\Component\HttpFoundation\HeaderBag { protected array $headers = [...]; protected array $cacheControl = [...] }; protected $content = NULL; protected ?array $languages = NULL; protected ?array $charsets = NULL; protected ?array $encodings = NULL; protected ?array $acceptableContentTypes = NULL; protected ?string $pathInfo = '/admin/vehicles'; protected ?string $requestUri = '/admin/vehicles'; protected ?string $baseUrl = ''; protected ?string $basePath = NULL; protected ?string $method = 'POST'; protected ?string $format = NULL; protected Symfony\Component\HttpFoundation\Session\SessionInterface|Closure|null $session = class Illuminate\Session\SymfonySessionDecorator { public readonly Illuminate\Contracts\Session\Session $store = class Illuminate\Session\Store { ... } }; protected ?string $locale = NULL; protected string $defaultLocale = 'en'; private ?string ${Symfony\Component\HttpFoundation\Request}preferredFormat = NULL; private bool ${Symfony\Component\HttpFoundation\Request}isHostValid = TRUE; private bool ${Symfony\Component\HttpFoundation\Request}isForwardedValid = TRUE; private bool ${Symfony\Component\HttpFoundation\Request}isSafeContentPreferred = *uninitialized*; private array ${Symfony\Component\HttpFoundation\Request}trustedValuesCache = []; private bool ${Symfony\Component\HttpFoundation\Request}isIisRewrite = FALSE; protected $json = NULL; protected $convertedFiles = NULL; protected $userResolver = class Closure { public $static = [...]; public $this = class Illuminate\Auth\AuthServiceProvider { ... }; public $parameter = [...] }; protected $routeResolver = class Closure { public $static = [...]; public $this = class Illuminate\Routing\Router { ... } } }) D:\Mirko\Desktop\Prove webapp\CV_Backoffice\vendor\laravel\framework\src\Illuminate\Cookie\Middleware\EncryptCookies.php:75
    6.6634   60458232  45. Illuminate\Cookie\Middleware\AddQueuedCookiesToResponse->handle($request = class Illuminate\Http\Request { public Symfony\Component\HttpFoundation\ParameterBag $attributes = class Symfony\Component\HttpFoundation\ParameterBag { protected array $parameters = [...] }; public Symfony\Component\HttpFoundation\InputBag $request = class Symfony\Component\HttpFoundation\InputBag { protected array $parameters = [...] }; public Symfony\Component\HttpFoundation\InputBag $query = class Symfony\Component\HttpFoundation\InputBag { protected array $parameters = [...] }; public Symfony\Component\HttpFoundation\ServerBag $server = class Symfony\Component\HttpFoundation\ServerBag { protected array $parameters = [...] }; public Symfony\Component\HttpFoundation\FileBag $files = class Symfony\Component\HttpFoundation\FileBag { protected array $parameters = [...] }; public Symfony\Component\HttpFoundation\InputBag $cookies = class Symfony\Component\HttpFoundation\InputBag { protected array $parameters = [...] }; public Symfony\Component\HttpFoundation\HeaderBag $headers = class Symfony\Component\HttpFoundation\HeaderBag { protected array $headers = [...]; protected array $cacheControl = [...] }; protected $content = NULL; protected ?array $languages = NULL; protected ?array $charsets = NULL; protected ?array $encodings = NULL; protected ?array $acceptableContentTypes = NULL; protected ?string $pathInfo = '/admin/vehicles'; protected ?string $requestUri = '/admin/vehicles'; protected ?string $baseUrl = ''; protected ?string $basePath = NULL; protected ?string $method = 'POST'; protected ?string $format = NULL; protected Symfony\Component\HttpFoundation\Session\SessionInterface|Closure|null $session = class Illuminate\Session\SymfonySessionDecorator { public readonly Illuminate\Contracts\Session\Session $store = class Illuminate\Session\Store { ... } }; protected ?string $locale = NULL; protected string $defaultLocale = 'en'; private ?string ${Symfony\Component\HttpFoundation\Request}preferredFormat = NULL; private bool ${Symfony\Component\HttpFoundation\Request}isHostValid = TRUE; private bool ${Symfony\Component\HttpFoundation\Request}isForwardedValid = TRUE; private bool ${Symfony\Component\HttpFoundation\Request}isSafeContentPreferred = *uninitialized*; private array ${Symfony\Component\HttpFoundation\Request}trustedValuesCache = []; private bool ${Symfony\Component\HttpFoundation\Request}isIisRewrite = FALSE; protected $json = NULL; protected $convertedFiles = NULL; protected $userResolver = class Closure { public $static = [...]; public $this = class Illuminate\Auth\AuthServiceProvider { ... }; public $parameter = [...] }; protected $routeResolver = class Closure { public $static = [...]; public $this = class Illuminate\Routing\Router { ... } } }, $next = class Closure { public $static = ['stack' => class Closure { ... }, 'pipe' => 'Illuminate\\Session\\Middleware\\StartSession']; public $this = class Illuminate\Routing\Pipeline { protected $container = class Illuminate\Foundation\Application { ... }; protected $passable = class Illuminate\Http\Request { ... }; protected $pipes = [...]; protected $method = 'handle'; protected $finally = NULL }; public $parameter = ['$passable' => '<required>'] }) D:\Mirko\Desktop\Prove webapp\CV_Backoffice\vendor\laravel\framework\src\Illuminate\Pipeline\Pipeline.php:209
    6.6634   60458232  46. Illuminate\Pipeline\Pipeline->Illuminate\Pipeline\{closure:D:\Mirko\Desktop\Prove webapp\CV_Backoffice\vendor\laravel\framework\src\Illuminate\Pipeline\Pipeline.php:185-216}($passable = class Illuminate\Http\Request { public Symfony\Component\HttpFoundation\ParameterBag $attributes = class Symfony\Component\HttpFoundation\ParameterBag { protected array $parameters = [...] }; public Symfony\Component\HttpFoundation\InputBag $request = class Symfony\Component\HttpFoundation\InputBag { protected array $parameters = [...] }; public Symfony\Component\HttpFoundation\InputBag $query = class Symfony\Component\HttpFoundation\InputBag { protected array $parameters = [...] }; public Symfony\Component\HttpFoundation\ServerBag $server = class Symfony\Component\HttpFoundation\ServerBag { protected array $parameters = [...] }; public Symfony\Component\HttpFoundation\FileBag $files = class Symfony\Component\HttpFoundation\FileBag { protected array $parameters = [...] }; public Symfony\Component\HttpFoundation\InputBag $cookies = class Symfony\Component\HttpFoundation\InputBag { protected array $parameters = [...] }; public Symfony\Component\HttpFoundation\HeaderBag $headers = class Symfony\Component\HttpFoundation\HeaderBag { protected array $headers = [...]; protected array $cacheControl = [...] }; protected $content = NULL; protected ?array $languages = NULL; protected ?array $charsets = NULL; protected ?array $encodings = NULL; protected ?array $acceptableContentTypes = NULL; protected ?string $pathInfo = '/admin/vehicles'; protected ?string $requestUri = '/admin/vehicles'; protected ?string $baseUrl = ''; protected ?string $basePath = NULL; protected ?string $method = 'POST'; protected ?string $format = NULL; protected Symfony\Component\HttpFoundation\Session\SessionInterface|Closure|null $session = class Illuminate\Session\SymfonySessionDecorator { public readonly Illuminate\Contracts\Session\Session $store = class Illuminate\Session\Store { ... } }; protected ?string $locale = NULL; protected string $defaultLocale = 'en'; private ?string ${Symfony\Component\HttpFoundation\Request}preferredFormat = NULL; private bool ${Symfony\Component\HttpFoundation\Request}isHostValid = TRUE; private bool ${Symfony\Component\HttpFoundation\Request}isForwardedValid = TRUE; private bool ${Symfony\Component\HttpFoundation\Request}isSafeContentPreferred = *uninitialized*; private array ${Symfony\Component\HttpFoundation\Request}trustedValuesCache = []; private bool ${Symfony\Component\HttpFoundation\Request}isIisRewrite = FALSE; protected $json = NULL; protected $convertedFiles = NULL; protected $userResolver = class Closure { public $static = [...]; public $this = class Illuminate\Auth\AuthServiceProvider { ... }; public $parameter = [...] }; protected $routeResolver = class Closure { public $static = [...]; public $this = class Illuminate\Routing\Router { ... } } }) D:\Mirko\Desktop\Prove webapp\CV_Backoffice\vendor\laravel\framework\src\Illuminate\Cookie\Middleware\AddQueuedCookiesToResponse.php:37
    6.6634   60464920  47. Illuminate\Session\Middleware\StartSession->handle($request = class Illuminate\Http\Request { public Symfony\Component\HttpFoundation\ParameterBag $attributes = class Symfony\Component\HttpFoundation\ParameterBag { protected array $parameters = [...] }; public Symfony\Component\HttpFoundation\InputBag $request = class Symfony\Component\HttpFoundation\InputBag { protected array $parameters = [...] }; public Symfony\Component\HttpFoundation\InputBag $query = class Symfony\Component\HttpFoundation\InputBag { protected array $parameters = [...] }; public Symfony\Component\HttpFoundation\ServerBag $server = class Symfony\Component\HttpFoundation\ServerBag { protected array $parameters = [...] }; public Symfony\Component\HttpFoundation\FileBag $files = class Symfony\Component\HttpFoundation\FileBag { protected array $parameters = [...] }; public Symfony\Component\HttpFoundation\InputBag $cookies = class Symfony\Component\HttpFoundation\InputBag { protected array $parameters = [...] }; public Symfony\Component\HttpFoundation\HeaderBag $headers = class Symfony\Component\HttpFoundation\HeaderBag { protected array $headers = [...]; protected array $cacheControl = [...] }; protected $content = NULL; protected ?array $languages = NULL; protected ?array $charsets = NULL; protected ?array $encodings = NULL; protected ?array $acceptableContentTypes = NULL; protected ?string $pathInfo = '/admin/vehicles'; protected ?string $requestUri = '/admin/vehicles'; protected ?string $baseUrl = ''; protected ?string $basePath = NULL; protected ?string $method = 'POST'; protected ?string $format = NULL; protected Symfony\Component\HttpFoundation\Session\SessionInterface|Closure|null $session = class Illuminate\Session\SymfonySessionDecorator { public readonly Illuminate\Contracts\Session\Session $store = class Illuminate\Session\Store { ... } }; protected ?string $locale = NULL; protected string $defaultLocale = 'en'; private ?string ${Symfony\Component\HttpFoundation\Request}preferredFormat = NULL; private bool ${Symfony\Component\HttpFoundation\Request}isHostValid = TRUE; private bool ${Symfony\Component\HttpFoundation\Request}isForwardedValid = TRUE; private bool ${Symfony\Component\HttpFoundation\Request}isSafeContentPreferred = *uninitialized*; private array ${Symfony\Component\HttpFoundation\Request}trustedValuesCache = []; private bool ${Symfony\Component\HttpFoundation\Request}isIisRewrite = FALSE; protected $json = NULL; protected $convertedFiles = NULL; protected $userResolver = class Closure { public $static = [...]; public $this = class Illuminate\Auth\AuthServiceProvider { ... }; public $parameter = [...] }; protected $routeResolver = class Closure { public $static = [...]; public $this = class Illuminate\Routing\Router { ... } } }, $next = class Closure { public $static = ['stack' => class Closure { ... }, 'pipe' => 'Illuminate\\View\\Middleware\\ShareErrorsFromSession']; public $this = class Illuminate\Routing\Pipeline { protected $container = class Illuminate\Foundation\Application { ... }; protected $passable = class Illuminate\Http\Request { ... }; protected $pipes = [...]; protected $method = 'handle'; protected $finally = NULL }; public $parameter = ['$passable' => '<required>'] }) D:\Mirko\Desktop\Prove webapp\CV_Backoffice\vendor\laravel\framework\src\Illuminate\Pipeline\Pipeline.php:209
    6.6634   60464920  48. Illuminate\Session\Middleware\StartSession->handleStatefulRequest($request = class Illuminate\Http\Request { public Symfony\Component\HttpFoundation\ParameterBag $attributes = class Symfony\Component\HttpFoundation\ParameterBag { protected array $parameters = [...] }; public Symfony\Component\HttpFoundation\InputBag $request = class Symfony\Component\HttpFoundation\InputBag { protected array $parameters = [...] }; public Symfony\Component\HttpFoundation\InputBag $query = class Symfony\Component\HttpFoundation\InputBag { protected array $parameters = [...] }; public Symfony\Component\HttpFoundation\ServerBag $server = class Symfony\Component\HttpFoundation\ServerBag { protected array $parameters = [...] }; public Symfony\Component\HttpFoundation\FileBag $files = class Symfony\Component\HttpFoundation\FileBag { protected array $parameters = [...] }; public Symfony\Component\HttpFoundation\InputBag $cookies = class Symfony\Component\HttpFoundation\InputBag { protected array $parameters = [...] }; public Symfony\Component\HttpFoundation\HeaderBag $headers = class Symfony\Component\HttpFoundation\HeaderBag { protected array $headers = [...]; protected array $cacheControl = [...] }; protected $content = NULL; protected ?array $languages = NULL; protected ?array $charsets = NULL; protected ?array $encodings = NULL; protected ?array $acceptableContentTypes = NULL; protected ?string $pathInfo = '/admin/vehicles'; protected ?string $requestUri = '/admin/vehicles'; protected ?string $baseUrl = ''; protected ?string $basePath = NULL; protected ?string $method = 'POST'; protected ?string $format = NULL; protected Symfony\Component\HttpFoundation\Session\SessionInterface|Closure|null $session = class Illuminate\Session\SymfonySessionDecorator { public readonly Illuminate\Contracts\Session\Session $store = class Illuminate\Session\Store { ... } }; protected ?string $locale = NULL; protected string $defaultLocale = 'en'; private ?string ${Symfony\Component\HttpFoundation\Request}preferredFormat = NULL; private bool ${Symfony\Component\HttpFoundation\Request}isHostValid = TRUE; private bool ${Symfony\Component\HttpFoundation\Request}isForwardedValid = TRUE; private bool ${Symfony\Component\HttpFoundation\Request}isSafeContentPreferred = *uninitialized*; private array ${Symfony\Component\HttpFoundation\Request}trustedValuesCache = []; private bool ${Symfony\Component\HttpFoundation\Request}isIisRewrite = FALSE; protected $json = NULL; protected $convertedFiles = NULL; protected $userResolver = class Closure { public $static = [...]; public $this = class Illuminate\Auth\AuthServiceProvider { ... }; public $parameter = [...] }; protected $routeResolver = class Closure { public $static = [...]; public $this = class Illuminate\Routing\Router { ... } } }, $session = class Illuminate\Session\Store { protected $id = 'q66tK4trBY9F8D8cXbYFfOz8ShLBAlsvIKIaxpoZ'; protected $name = 'cv_backoffice_session'; protected $attributes = ['_token' => 'NTVLXHUpDJ9RsDwQwSWQDmw8M1XtiwUXi4NYjBQO']; protected $handler = class Illuminate\Session\ArraySessionHandler { protected $storage = [...]; protected $minutes = 120 }; protected $serialization = 'php'; protected $started = TRUE }, $next = class Closure { public $static = ['stack' => class Closure { ... }, 'pipe' => 'Illuminate\\View\\Middleware\\ShareErrorsFromSession']; public $this = class Illuminate\Routing\Pipeline { protected $container = class Illuminate\Foundation\Application { ... }; protected $passable = class Illuminate\Http\Request { ... }; protected $pipes = [...]; protected $method = 'handle'; protected $finally = NULL }; public $parameter = ['$passable' => '<required>'] }) D:\Mirko\Desktop\Prove webapp\CV_Backoffice\vendor\laravel\framework\src\Illuminate\Session\Middleware\StartSession.php:64
    6.6635   60465464  49. Illuminate\Pipeline\Pipeline->Illuminate\Pipeline\{closure:D:\Mirko\Desktop\Prove webapp\CV_Backoffice\vendor\laravel\framework\src\Illuminate\Pipeline\Pipeline.php:185-216}($passable = class Illuminate\Http\Request { public Symfony\Component\HttpFoundation\ParameterBag $attributes = class Symfony\Component\HttpFoundation\ParameterBag { protected array $parameters = [...] }; public Symfony\Component\HttpFoundation\InputBag $request = class Symfony\Component\HttpFoundation\InputBag { protected array $parameters = [...] }; public Symfony\Component\HttpFoundation\InputBag $query = class Symfony\Component\HttpFoundation\InputBag { protected array $parameters = [...] }; public Symfony\Component\HttpFoundation\ServerBag $server = class Symfony\Component\HttpFoundation\ServerBag { protected array $parameters = [...] }; public Symfony\Component\HttpFoundation\FileBag $files = class Symfony\Component\HttpFoundation\FileBag { protected array $parameters = [...] }; public Symfony\Component\HttpFoundation\InputBag $cookies = class Symfony\Component\HttpFoundation\InputBag { protected array $parameters = [...] }; public Symfony\Component\HttpFoundation\HeaderBag $headers = class Symfony\Component\HttpFoundation\HeaderBag { protected array $headers = [...]; protected array $cacheControl = [...] }; protected $content = NULL; protected ?array $languages = NULL; protected ?array $charsets = NULL; protected ?array $encodings = NULL; protected ?array $acceptableContentTypes = NULL; protected ?string $pathInfo = '/admin/vehicles'; protected ?string $requestUri = '/admin/vehicles'; protected ?string $baseUrl = ''; protected ?string $basePath = NULL; protected ?string $method = 'POST'; protected ?string $format = NULL; protected Symfony\Component\HttpFoundation\Session\SessionInterface|Closure|null $session = class Illuminate\Session\SymfonySessionDecorator { public readonly Illuminate\Contracts\Session\Session $store = class Illuminate\Session\Store { ... } }; protected ?string $locale = NULL; protected string $defaultLocale = 'en'; private ?string ${Symfony\Component\HttpFoundation\Request}preferredFormat = NULL; private bool ${Symfony\Component\HttpFoundation\Request}isHostValid = TRUE; private bool ${Symfony\Component\HttpFoundation\Request}isForwardedValid = TRUE; private bool ${Symfony\Component\HttpFoundation\Request}isSafeContentPreferred = *uninitialized*; private array ${Symfony\Component\HttpFoundation\Request}trustedValuesCache = []; private bool ${Symfony\Component\HttpFoundation\Request}isIisRewrite = FALSE; protected $json = NULL; protected $convertedFiles = NULL; protected $userResolver = class Closure { public $static = [...]; public $this = class Illuminate\Auth\AuthServiceProvider { ... }; public $parameter = [...] }; protected $routeResolver = class Closure { public $static = [...]; public $this = class Illuminate\Routing\Router { ... } } }) D:\Mirko\Desktop\Prove webapp\CV_Backoffice\vendor\laravel\framework\src\Illuminate\Session\Middleware\StartSession.php:121
    6.6635   60465736  50. Illuminate\View\Middleware\ShareErrorsFromSession->handle($request = class Illuminate\Http\Request { public Symfony\Component\HttpFoundation\ParameterBag $attributes = class Symfony\Component\HttpFoundation\ParameterBag { protected array $parameters = [...] }; public Symfony\Component\HttpFoundation\InputBag $request = class Symfony\Component\HttpFoundation\InputBag { protected array $parameters = [...] }; public Symfony\Component\HttpFoundation\InputBag $query = class Symfony\Component\HttpFoundation\InputBag { protected array $parameters = [...] }; public Symfony\Component\HttpFoundation\ServerBag $server = class Symfony\Component\HttpFoundation\ServerBag { protected array $parameters = [...] }; public Symfony\Component\HttpFoundation\FileBag $files = class Symfony\Component\HttpFoundation\FileBag { protected array $parameters = [...] }; public Symfony\Component\HttpFoundation\InputBag $cookies = class Symfony\Component\HttpFoundation\InputBag { protected array $parameters = [...] }; public Symfony\Component\HttpFoundation\HeaderBag $headers = class Symfony\Component\HttpFoundation\HeaderBag { protected array $headers = [...]; protected array $cacheControl = [...] }; protected $content = NULL; protected ?array $languages = NULL; protected ?array $charsets = NULL; protected ?array $encodings = NULL; protected ?array $acceptableContentTypes = NULL; protected ?string $pathInfo = '/admin/vehicles'; protected ?string $requestUri = '/admin/vehicles'; protected ?string $baseUrl = ''; protected ?string $basePath = NULL; protected ?string $method = 'POST'; protected ?string $format = NULL; protected Symfony\Component\HttpFoundation\Session\SessionInterface|Closure|null $session = class Illuminate\Session\SymfonySessionDecorator { public readonly Illuminate\Contracts\Session\Session $store = class Illuminate\Session\Store { ... } }; protected ?string $locale = NULL; protected string $defaultLocale = 'en'; private ?string ${Symfony\Component\HttpFoundation\Request}preferredFormat = NULL; private bool ${Symfony\Component\HttpFoundation\Request}isHostValid = TRUE; private bool ${Symfony\Component\HttpFoundation\Request}isForwardedValid = TRUE; private bool ${Symfony\Component\HttpFoundation\Request}isSafeContentPreferred = *uninitialized*; private array ${Symfony\Component\HttpFoundation\Request}trustedValuesCache = []; private bool ${Symfony\Component\HttpFoundation\Request}isIisRewrite = FALSE; protected $json = NULL; protected $convertedFiles = NULL; protected $userResolver = class Closure { public $static = [...]; public $this = class Illuminate\Auth\AuthServiceProvider { ... }; public $parameter = [...] }; protected $routeResolver = class Closure { public $static = [...]; public $this = class Illuminate\Routing\Router { ... } } }, $next = class Closure { public $static = ['stack' => class Closure { ... }, 'pipe' => 'Illuminate\\Foundation\\Http\\Middleware\\ValidateCsrfToken']; public $this = class Illuminate\Routing\Pipeline { protected $container = class Illuminate\Foundation\Application { ... }; protected $passable = class Illuminate\Http\Request { ... }; protected $pipes = [...]; protected $method = 'handle'; protected $finally = NULL }; public $parameter = ['$passable' => '<required>'] }) D:\Mirko\Desktop\Prove webapp\CV_Backoffice\vendor\laravel\framework\src\Illuminate\Pipeline\Pipeline.php:209
    6.6635   60465816  51. Illuminate\Pipeline\Pipeline->Illuminate\Pipeline\{closure:D:\Mirko\Desktop\Prove webapp\CV_Backoffice\vendor\laravel\framework\src\Illuminate\Pipeline\Pipeline.php:185-216}($passable = class Illuminate\Http\Request { public Symfony\Component\HttpFoundation\ParameterBag $attributes = class Symfony\Component\HttpFoundation\ParameterBag { protected array $parameters = [...] }; public Symfony\Component\HttpFoundation\InputBag $request = class Symfony\Component\HttpFoundation\InputBag { protected array $parameters = [...] }; public Symfony\Component\HttpFoundation\InputBag $query = class Symfony\Component\HttpFoundation\InputBag { protected array $parameters = [...] }; public Symfony\Component\HttpFoundation\ServerBag $server = class Symfony\Component\HttpFoundation\ServerBag { protected array $parameters = [...] }; public Symfony\Component\HttpFoundation\FileBag $files = class Symfony\Component\HttpFoundation\FileBag { protected array $parameters = [...] }; public Symfony\Component\HttpFoundation\InputBag $cookies = class Symfony\Component\HttpFoundation\InputBag { protected array $parameters = [...] }; public Symfony\Component\HttpFoundation\HeaderBag $headers = class Symfony\Component\HttpFoundation\HeaderBag { protected array $headers = [...]; protected array $cacheControl = [...] }; protected $content = NULL; protected ?array $languages = NULL; protected ?array $charsets = NULL; protected ?array $encodings = NULL; protected ?array $acceptableContentTypes = NULL; protected ?string $pathInfo = '/admin/vehicles'; protected ?string $requestUri = '/admin/vehicles'; protected ?string $baseUrl = ''; protected ?string $basePath = NULL; protected ?string $method = 'POST'; protected ?string $format = NULL; protected Symfony\Component\HttpFoundation\Session\SessionInterface|Closure|null $session = class Illuminate\Session\SymfonySessionDecorator { public readonly Illuminate\Contracts\Session\Session $store = class Illuminate\Session\Store { ... } }; protected ?string $locale = NULL; protected string $defaultLocale = 'en'; private ?string ${Symfony\Component\HttpFoundation\Request}preferredFormat = NULL; private bool ${Symfony\Component\HttpFoundation\Request}isHostValid = TRUE; private bool ${Symfony\Component\HttpFoundation\Request}isForwardedValid = TRUE; private bool ${Symfony\Component\HttpFoundation\Request}isSafeContentPreferred = *uninitialized*; private array ${Symfony\Component\HttpFoundation\Request}trustedValuesCache = []; private bool ${Symfony\Component\HttpFoundation\Request}isIisRewrite = FALSE; protected $json = NULL; protected $convertedFiles = NULL; protected $userResolver = class Closure { public $static = [...]; public $this = class Illuminate\Auth\AuthServiceProvider { ... }; public $parameter = [...] }; protected $routeResolver = class Closure { public $static = [...]; public $this = class Illuminate\Routing\Router { ... } } }) D:\Mirko\Desktop\Prove webapp\CV_Backoffice\vendor\laravel\framework\src\Illuminate\View\Middleware\ShareErrorsFromSession.php:49
    6.6635   60466144  52. Illuminate\Foundation\Http\Middleware\VerifyCsrfToken->handle($request = class Illuminate\Http\Request { public Symfony\Component\HttpFoundation\ParameterBag $attributes = class Symfony\Component\HttpFoundation\ParameterBag { protected array $parameters = [...] }; public Symfony\Component\HttpFoundation\InputBag $request = class Symfony\Component\HttpFoundation\InputBag { protected array $parameters = [...] }; public Symfony\Component\HttpFoundation\InputBag $query = class Symfony\Component\HttpFoundation\InputBag { protected array $parameters = [...] }; public Symfony\Component\HttpFoundation\ServerBag $server = class Symfony\Component\HttpFoundation\ServerBag { protected array $parameters = [...] }; public Symfony\Component\HttpFoundation\FileBag $files = class Symfony\Component\HttpFoundation\FileBag { protected array $parameters = [...] }; public Symfony\Component\HttpFoundation\InputBag $cookies = class Symfony\Component\HttpFoundation\InputBag { protected array $parameters = [...] }; public Symfony\Component\HttpFoundation\HeaderBag $headers = class Symfony\Component\HttpFoundation\HeaderBag { protected array $headers = [...]; protected array $cacheControl = [...] }; protected $content = NULL; protected ?array $languages = NULL; protected ?array $charsets = NULL; protected ?array $encodings = NULL; protected ?array $acceptableContentTypes = NULL; protected ?string $pathInfo = '/admin/vehicles'; protected ?string $requestUri = '/admin/vehicles'; protected ?string $baseUrl = ''; protected ?string $basePath = NULL; protected ?string $method = 'POST'; protected ?string $format = NULL; protected Symfony\Component\HttpFoundation\Session\SessionInterface|Closure|null $session = class Illuminate\Session\SymfonySessionDecorator { public readonly Illuminate\Contracts\Session\Session $store = class Illuminate\Session\Store { ... } }; protected ?string $locale = NULL; protected string $defaultLocale = 'en'; private ?string ${Symfony\Component\HttpFoundation\Request}preferredFormat = NULL; private bool ${Symfony\Component\HttpFoundation\Request}isHostValid = TRUE; private bool ${Symfony\Component\HttpFoundation\Request}isForwardedValid = TRUE; private bool ${Symfony\Component\HttpFoundation\Request}isSafeContentPreferred = *uninitialized*; private array ${Symfony\Component\HttpFoundation\Request}trustedValuesCache = []; private bool ${Symfony\Component\HttpFoundation\Request}isIisRewrite = FALSE; protected $json = NULL; protected $convertedFiles = NULL; protected $userResolver = class Closure { public $static = [...]; public $this = class Illuminate\Auth\AuthServiceProvider { ... }; public $parameter = [...] }; protected $routeResolver = class Closure { public $static = [...]; public $this = class Illuminate\Routing\Router { ... } } }, $next = class Closure { public $static = ['stack' => class Closure { ... }, 'pipe' => 'Illuminate\\Auth\\Middleware\\Authenticate']; public $this = class Illuminate\Routing\Pipeline { protected $container = class Illuminate\Foundation\Application { ... }; protected $passable = class Illuminate\Http\Request { ... }; protected $pipes = [...]; protected $method = 'handle'; protected $finally = NULL }; public $parameter = ['$passable' => '<required>'] }) D:\Mirko\Desktop\Prove webapp\CV_Backoffice\vendor\laravel\framework\src\Illuminate\Pipeline\Pipeline.php:209
    6.6636   60466144  53. Illuminate\Pipeline\Pipeline->Illuminate\Pipeline\{closure:D:\Mirko\Desktop\Prove webapp\CV_Backoffice\vendor\laravel\framework\src\Illuminate\Pipeline\Pipeline.php:185-216}($passable = class Illuminate\Http\Request { public Symfony\Component\HttpFoundation\ParameterBag $attributes = class Symfony\Component\HttpFoundation\ParameterBag { protected array $parameters = [...] }; public Symfony\Component\HttpFoundation\InputBag $request = class Symfony\Component\HttpFoundation\InputBag { protected array $parameters = [...] }; public Symfony\Component\HttpFoundation\InputBag $query = class Symfony\Component\HttpFoundation\InputBag { protected array $parameters = [...] }; public Symfony\Component\HttpFoundation\ServerBag $server = class Symfony\Component\HttpFoundation\ServerBag { protected array $parameters = [...] }; public Symfony\Component\HttpFoundation\FileBag $files = class Symfony\Component\HttpFoundation\FileBag { protected array $parameters = [...] }; public Symfony\Component\HttpFoundation\InputBag $cookies = class Symfony\Component\HttpFoundation\InputBag { protected array $parameters = [...] }; public Symfony\Component\HttpFoundation\HeaderBag $headers = class Symfony\Component\HttpFoundation\HeaderBag { protected array $headers = [...]; protected array $cacheControl = [...] }; protected $content = NULL; protected ?array $languages = NULL; protected ?array $charsets = NULL; protected ?array $encodings = NULL; protected ?array $acceptableContentTypes = NULL; protected ?string $pathInfo = '/admin/vehicles'; protected ?string $requestUri = '/admin/vehicles'; protected ?string $baseUrl = ''; protected ?string $basePath = NULL; protected ?string $method = 'POST'; protected ?string $format = NULL; protected Symfony\Component\HttpFoundation\Session\SessionInterface|Closure|null $session = class Illuminate\Session\SymfonySessionDecorator { public readonly Illuminate\Contracts\Session\Session $store = class Illuminate\Session\Store { ... } }; protected ?string $locale = NULL; protected string $defaultLocale = 'en'; private ?string ${Symfony\Component\HttpFoundation\Request}preferredFormat = NULL; private bool ${Symfony\Component\HttpFoundation\Request}isHostValid = TRUE; private bool ${Symfony\Component\HttpFoundation\Request}isForwardedValid = TRUE; private bool ${Symfony\Component\HttpFoundation\Request}isSafeContentPreferred = *uninitialized*; private array ${Symfony\Component\HttpFoundation\Request}trustedValuesCache = []; private bool ${Symfony\Component\HttpFoundation\Request}isIisRewrite = FALSE; protected $json = NULL; protected $convertedFiles = NULL; protected $userResolver = class Closure { public $static = [...]; public $this = class Illuminate\Auth\AuthServiceProvider { ... }; public $parameter = [...] }; protected $routeResolver = class Closure { public $static = [...]; public $this = class Illuminate\Routing\Router { ... } } }) D:\Mirko\Desktop\Prove webapp\CV_Backoffice\vendor\laravel\framework\src\Illuminate\Foundation\Http\Middleware\VerifyCsrfToken.php:88
    6.6636   60466416  54. Illuminate\Auth\Middleware\Authenticate->handle($request = class Illuminate\Http\Request { public Symfony\Component\HttpFoundation\ParameterBag $attributes = class Symfony\Component\HttpFoundation\ParameterBag { protected array $parameters = [...] }; public Symfony\Component\HttpFoundation\InputBag $request = class Symfony\Component\HttpFoundation\InputBag { protected array $parameters = [...] }; public Symfony\Component\HttpFoundation\InputBag $query = class Symfony\Component\HttpFoundation\InputBag { protected array $parameters = [...] }; public Symfony\Component\HttpFoundation\ServerBag $server = class Symfony\Component\HttpFoundation\ServerBag { protected array $parameters = [...] }; public Symfony\Component\HttpFoundation\FileBag $files = class Symfony\Component\HttpFoundation\FileBag { protected array $parameters = [...] }; public Symfony\Component\HttpFoundation\InputBag $cookies = class Symfony\Component\HttpFoundation\InputBag { protected array $parameters = [...] }; public Symfony\Component\HttpFoundation\HeaderBag $headers = class Symfony\Component\HttpFoundation\HeaderBag { protected array $headers = [...]; protected array $cacheControl = [...] }; protected $content = NULL; protected ?array $languages = NULL; protected ?array $charsets = NULL; protected ?array $encodings = NULL; protected ?array $acceptableContentTypes = NULL; protected ?string $pathInfo = '/admin/vehicles'; protected ?string $requestUri = '/admin/vehicles'; protected ?string $baseUrl = ''; protected ?string $basePath = NULL; protected ?string $method = 'POST'; protected ?string $format = NULL; protected Symfony\Component\HttpFoundation\Session\SessionInterface|Closure|null $session = class Illuminate\Session\SymfonySessionDecorator { public readonly Illuminate\Contracts\Session\Session $store = class Illuminate\Session\Store { ... } }; protected ?string $locale = NULL; protected string $defaultLocale = 'en'; private ?string ${Symfony\Component\HttpFoundation\Request}preferredFormat = NULL; private bool ${Symfony\Component\HttpFoundation\Request}isHostValid = TRUE; private bool ${Symfony\Component\HttpFoundation\Request}isForwardedValid = TRUE; private bool ${Symfony\Component\HttpFoundation\Request}isSafeContentPreferred = *uninitialized*; private array ${Symfony\Component\HttpFoundation\Request}trustedValuesCache = []; private bool ${Symfony\Component\HttpFoundation\Request}isIisRewrite = FALSE; protected $json = NULL; protected $convertedFiles = NULL; protected $userResolver = class Closure { public $static = [...]; public $this = class Illuminate\Auth\AuthServiceProvider { ... }; public $parameter = [...] }; protected $routeResolver = class Closure { public $static = [...]; public $this = class Illuminate\Routing\Router { ... } } }, $next = class Closure { public $static = ['stack' => class Closure { ... }, 'pipe' => 'Illuminate\\Routing\\Middleware\\SubstituteBindings']; public $this = class Illuminate\Routing\Pipeline { protected $container = class Illuminate\Foundation\Application { ... }; protected $passable = class Illuminate\Http\Request { ... }; protected $pipes = [...]; protected $method = 'handle'; protected $finally = NULL }; public $parameter = ['$passable' => '<required>'] }) D:\Mirko\Desktop\Prove webapp\CV_Backoffice\vendor\laravel\framework\src\Illuminate\Pipeline\Pipeline.php:209
    6.6636   60466416  55. Illuminate\Pipeline\Pipeline->Illuminate\Pipeline\{closure:D:\Mirko\Desktop\Prove webapp\CV_Backoffice\vendor\laravel\framework\src\Illuminate\Pipeline\Pipeline.php:185-216}($passable = class Illuminate\Http\Request { public Symfony\Component\HttpFoundation\ParameterBag $attributes = class Symfony\Component\HttpFoundation\ParameterBag { protected array $parameters = [...] }; public Symfony\Component\HttpFoundation\InputBag $request = class Symfony\Component\HttpFoundation\InputBag { protected array $parameters = [...] }; public Symfony\Component\HttpFoundation\InputBag $query = class Symfony\Component\HttpFoundation\InputBag { protected array $parameters = [...] }; public Symfony\Component\HttpFoundation\ServerBag $server = class Symfony\Component\HttpFoundation\ServerBag { protected array $parameters = [...] }; public Symfony\Component\HttpFoundation\FileBag $files = class Symfony\Component\HttpFoundation\FileBag { protected array $parameters = [...] }; public Symfony\Component\HttpFoundation\InputBag $cookies = class Symfony\Component\HttpFoundation\InputBag { protected array $parameters = [...] }; public Symfony\Component\HttpFoundation\HeaderBag $headers = class Symfony\Component\HttpFoundation\HeaderBag { protected array $headers = [...]; protected array $cacheControl = [...] }; protected $content = NULL; protected ?array $languages = NULL; protected ?array $charsets = NULL; protected ?array $encodings = NULL; protected ?array $acceptableContentTypes = NULL; protected ?string $pathInfo = '/admin/vehicles'; protected ?string $requestUri = '/admin/vehicles'; protected ?string $baseUrl = ''; protected ?string $basePath = NULL; protected ?string $method = 'POST'; protected ?string $format = NULL; protected Symfony\Component\HttpFoundation\Session\SessionInterface|Closure|null $session = class Illuminate\Session\SymfonySessionDecorator { public readonly Illuminate\Contracts\Session\Session $store = class Illuminate\Session\Store { ... } }; protected ?string $locale = NULL; protected string $defaultLocale = 'en'; private ?string ${Symfony\Component\HttpFoundation\Request}preferredFormat = NULL; private bool ${Symfony\Component\HttpFoundation\Request}isHostValid = TRUE; private bool ${Symfony\Component\HttpFoundation\Request}isForwardedValid = TRUE; private bool ${Symfony\Component\HttpFoundation\Request}isSafeContentPreferred = *uninitialized*; private array ${Symfony\Component\HttpFoundation\Request}trustedValuesCache = []; private bool ${Symfony\Component\HttpFoundation\Request}isIisRewrite = FALSE; protected $json = NULL; protected $convertedFiles = NULL; protected $userResolver = class Closure { public $static = [...]; public $this = class Illuminate\Auth\AuthServiceProvider { ... }; public $parameter = [...] }; protected $routeResolver = class Closure { public $static = [...]; public $this = class Illuminate\Routing\Router { ... } } }) D:\Mirko\Desktop\Prove webapp\CV_Backoffice\vendor\laravel\framework\src\Illuminate\Auth\Middleware\Authenticate.php:64
    6.6637   60466688  56. Illuminate\Routing\Middleware\SubstituteBindings->handle($request = class Illuminate\Http\Request { public Symfony\Component\HttpFoundation\ParameterBag $attributes = class Symfony\Component\HttpFoundation\ParameterBag { protected array $parameters = [...] }; public Symfony\Component\HttpFoundation\InputBag $request = class Symfony\Component\HttpFoundation\InputBag { protected array $parameters = [...] }; public Symfony\Component\HttpFoundation\InputBag $query = class Symfony\Component\HttpFoundation\InputBag { protected array $parameters = [...] }; public Symfony\Component\HttpFoundation\ServerBag $server = class Symfony\Component\HttpFoundation\ServerBag { protected array $parameters = [...] }; public Symfony\Component\HttpFoundation\FileBag $files = class Symfony\Component\HttpFoundation\FileBag { protected array $parameters = [...] }; public Symfony\Component\HttpFoundation\InputBag $cookies = class Symfony\Component\HttpFoundation\InputBag { protected array $parameters = [...] }; public Symfony\Component\HttpFoundation\HeaderBag $headers = class Symfony\Component\HttpFoundation\HeaderBag { protected array $headers = [...]; protected array $cacheControl = [...] }; protected $content = NULL; protected ?array $languages = NULL; protected ?array $charsets = NULL; protected ?array $encodings = NULL; protected ?array $acceptableContentTypes = NULL; protected ?string $pathInfo = '/admin/vehicles'; protected ?string $requestUri = '/admin/vehicles'; protected ?string $baseUrl = ''; protected ?string $basePath = NULL; protected ?string $method = 'POST'; protected ?string $format = NULL; protected Symfony\Component\HttpFoundation\Session\SessionInterface|Closure|null $session = class Illuminate\Session\SymfonySessionDecorator { public readonly Illuminate\Contracts\Session\Session $store = class Illuminate\Session\Store { ... } }; protected ?string $locale = NULL; protected string $defaultLocale = 'en'; private ?string ${Symfony\Component\HttpFoundation\Request}preferredFormat = NULL; private bool ${Symfony\Component\HttpFoundation\Request}isHostValid = TRUE; private bool ${Symfony\Component\HttpFoundation\Request}isForwardedValid = TRUE; private bool ${Symfony\Component\HttpFoundation\Request}isSafeContentPreferred = *uninitialized*; private array ${Symfony\Component\HttpFoundation\Request}trustedValuesCache = []; private bool ${Symfony\Component\HttpFoundation\Request}isIisRewrite = FALSE; protected $json = NULL; protected $convertedFiles = NULL; protected $userResolver = class Closure { public $static = [...]; public $this = class Illuminate\Auth\AuthServiceProvider { ... }; public $parameter = [...] }; protected $routeResolver = class Closure { public $static = [...]; public $this = class Illuminate\Routing\Router { ... } } }, $next = class Closure { public $static = ['stack' => class Closure { ... }, 'pipe' => 'Illuminate\\Auth\\Middleware\\EnsureEmailIsVerified']; public $this = class Illuminate\Routing\Pipeline { protected $container = class Illuminate\Foundation\Application { ... }; protected $passable = class Illuminate\Http\Request { ... }; protected $pipes = [...]; protected $method = 'handle'; protected $finally = NULL }; public $parameter = ['$passable' => '<required>'] }) D:\Mirko\Desktop\Prove webapp\CV_Backoffice\vendor\laravel\framework\src\Illuminate\Pipeline\Pipeline.php:209
    6.6637   60466688  57. Illuminate\Routing\Router->substituteImplicitBindings($route = class Illuminate\Routing\Route { public $uri = 'admin/vehicles'; public $methods = [0 => 'POST']; public $action = ['middleware' => [...], 'as' => 'admin.vehicles.store', 'uses' => 'App\\Http\\Controllers\\Admin\\VehicleController@store', 'controller' => 'App\\Http\\Controllers\\Admin\\VehicleController@store', 'namespace' => NULL, 'prefix' => '/admin', 'where' => [...]]; public $isFallback = FALSE; public $controller = NULL; public $defaults = []; public $wheres = []; public $parameters = []; public $parameterNames = []; protected $originalParameters = []; protected $withTrashedBindings = FALSE; protected $lockSeconds = NULL; protected $waitSeconds = NULL; public $computedMiddleware = [0 => 'web', 1 => 'auth', 2 => 'verified']; public $compiled = class Symfony\Component\Routing\CompiledRoute { private string $staticPrefix = '/admin/vehicles'; private string $regex = '{^/admin/vehicles$}sDu'; private array $tokens = [...]; private array $pathVariables = [...]; private ?string $hostRegex = NULL; private array $hostTokens = [...]; private array $hostVariables = [...]; private array $variables = [...] }; protected $router = class Illuminate\Routing\Router { protected $events = class Illuminate\Events\Dispatcher { ... }; protected $container = class Illuminate\Foundation\Application { ... }; protected $routes = class Illuminate\Routing\RouteCollection { ... }; protected $current = ...; protected $currentRequest = class Illuminate\Http\Request { ... }; protected $middleware = [...]; protected $middlewareGroups = [...]; public $middlewarePriority = [...]; protected $binders = [...]; protected $patterns = [...]; protected $groupStack = [...]; protected $implicitBindingCallback = class Closure { ... } }; protected $container = class Illuminate\Foundation\Application { protected $resolved = [...]; protected $bindings = [...]; protected $methodBindings = [...]; protected $instances = [...]; protected $scopedInstances = [...]; protected $aliases = [...]; protected $abstractAliases = [...]; protected $extenders = [...]; protected $tags = [...]; protected $buildStack = [...]; protected $with = [...]; public $contextual = [...]; public $contextualAttributes = [...]; protected $reboundCallbacks = [...]; protected $globalBeforeResolvingCallbacks = [...]; protected $globalResolvingCallbacks = [...]; protected $globalAfterResolvingCallbacks = [...]; protected $beforeResolvingCallbacks = [...]; protected $resolvingCallbacks = [...]; protected $afterResolvingCallbacks = [...]; protected $afterResolvingAttributeCallbacks = [...]; protected $basePath = 'D:\\Mirko\\Desktop\\Prove webapp\\CV_Backoffice'; protected $registeredCallbacks = [...]; protected $hasBeenBootstrapped = TRUE; protected $booted = TRUE; protected $bootingCallbacks = [...]; protected $bootedCallbacks = [...]; protected $terminatingCallbacks = [...]; protected $serviceProviders = [...]; protected $loadedProviders = [...]; protected $deferredServices = [...]; protected $bootstrapPath = 'D:\\Mirko\\Desktop\\Prove webapp\\CV_Backoffice\\bootstrap'; protected $appPath = NULL; protected $configPath = NULL; protected $databasePath = NULL; protected $langPath = 'D:\\Mirko\\Desktop\\Prove webapp\\CV_Backoffice\\lang'; protected $publicPath = NULL; protected $storagePath = NULL; protected $environmentPath = NULL; protected $environmentFile = '.env'; protected $isRunningInConsole = TRUE; protected $namespace = 'App\\'; protected $mergeFrameworkConfiguration = TRUE; protected $absoluteCachePathPrefixes = [...] }; protected $bindingFields = [] }) D:\Mirko\Desktop\Prove webapp\CV_Backoffice\vendor\laravel\framework\src\Illuminate\Routing\Middleware\SubstituteBindings.php:42
    6.6637   60467448  58. call_user_func:{D:\Mirko\Desktop\Prove webapp\CV_Backoffice\vendor\laravel\framework\src\Illuminate\Routing\Router.php:963}($callback = class Closure { public $parameter = ['$container' => '<required>', '$route' => '<required>', '$default' => '<required>'] }, $args = class Illuminate\Foundation\Application { protected $resolved = ['events' => TRUE, 'Illuminate\Foundation\Console\Kernel' => TRUE, 'Illuminate\Contracts\Console\Kernel' => TRUE, 'Illuminate\Foundation\Bootstrap\LoadEnvironmentVariables' => TRUE, 'Illuminate\Foundation\Bootstrap\LoadConfiguration' => TRUE, 'Illuminate\Foundation\Bootstrap\HandleExceptions' => TRUE, 'env' => TRUE, 'Illuminate\Foundation\Bootstrap\RegisterFacades' => TRUE, 'Illuminate\Foundation\PackageManifest' => TRUE, 'Illuminate\Foundation\Bootstrap\SetRequestForConsole' => TRUE, 'Illuminate\Foundation\Bootstrap\RegisterProviders' => TRUE, 'Livewire\LivewireManager' => TRUE, 'Livewire\EventBus' => TRUE, 'Livewire\Mechanisms\PersistentMiddleware\PersistentMiddleware' => TRUE, 'Livewire\Mechanisms\HandleSynths\HandleSynths' => TRUE, 'Livewire\Mechanisms\HandleComponents\HandleComponents' => TRUE, 'Livewire\Mechanisms\HandleRequests\HandleRequests' => TRUE, 'Livewire\Mechanisms\HandleRouting\HandleRouting' => TRUE, 'router' => TRUE, 'Livewire\Mechanisms\FrontendAssets\FrontendAssets' => TRUE, 'Livewire\Mechanisms\ExtendBlade\ExtendBlade' => TRUE, 'Livewire\Mechanisms\CompileLivewireTags\CompileLivewireTags' => TRUE, 'Livewire\Mechanisms\ClearCachedFiles' => TRUE, 'Livewire\Mechanisms\RenderComponent' => TRUE, 'Livewire\Mechanisms\DataStore' => TRUE, 'Illuminate\Foundation\Bootstrap\BootProviders' => TRUE, 'db.factory' => TRUE, 'db' => TRUE, 'files' => TRUE, 'Illuminate\Testing\ParallelTesting' => TRUE, 'Illuminate\Foundation\Exceptions\Renderer\Listener' => TRUE, 'livewire.finder' => TRUE, 'blade.compiler' => TRUE, 'view.engine.resolver' => TRUE, 'view.finder' => TRUE, 'view' => TRUE, 'Illuminate\Foundation\Http\Kernel' => TRUE, 'Illuminate\Contracts\Http\Kernel' => TRUE, 'Illuminate\Foundation\Vite' => TRUE, 'Illuminate\Contracts\Auth\Access\Gate' => TRUE, 'translation.loader' => TRUE, 'translator' => TRUE, 'validation.presence' => TRUE, 'validator' => TRUE, 'cache' => TRUE, 'Illuminate\Console\Scheduling\CacheEventMutex' => TRUE, 'Illuminate\Console\Scheduling\CacheSchedulingMutex' => TRUE, 'Illuminate\Console\Scheduling\Schedule' => TRUE, 'db.transactions' => TRUE, 'Faker\Generator' => TRUE, 'Faker\Generator:it_IT' => TRUE, 'hash' => TRUE, 'auth' => TRUE, 'session' => TRUE, 'session.store' => TRUE, 'cookie' => TRUE, 'url' => TRUE, 'Illuminate\Foundation\Http\Middleware\InvokeDeferredCallbacks' => TRUE, 'Illuminate\Http\Middleware\TrustProxies' => TRUE, 'Fruitcake\Cors\CorsService' => TRUE, 'Illuminate\Http\Middleware\HandleCors' => TRUE, 'Illuminate\Foundation\Http\Middleware\PreventRequestsDuringMaintenance' => TRUE, 'Illuminate\Foundation\MaintenanceModeManager' => TRUE, 'Illuminate\Contracts\Foundation\MaintenanceMode' => TRUE, 'Illuminate\Http\Middleware\ValidatePostSize' => TRUE, 'Illuminate\Foundation\Http\Middleware\TrimStrings' => TRUE, 'Illuminate\Foundation\Http\Middleware\ConvertEmptyStringsToNull' => TRUE, 'Livewire\Features\SupportDisablingBackButtonCache\DisableBackButtonCacheMiddleware' => TRUE, 'encrypter' => TRUE, 'Illuminate\Cookie\Middleware\EncryptCookies' => TRUE, 'Illuminate\Cookie\Middleware\AddQueuedCookiesToResponse' => TRUE, 'Illuminate\Session\Middleware\StartSession' => TRUE, 'Illuminate\View\Middleware\ShareErrorsFromSession' => TRUE, 'Illuminate\Foundation\Http\Middleware\ValidateCsrfToken' => TRUE, 'Illuminate\Auth\Middleware\Authenticate' => TRUE, 'Illuminate\Routing\Middleware\SubstituteBindings' => TRUE]; protected $bindings = ['Illuminate\Foundation\Mix' => [...], 'Illuminate\Foundation\PackageManifest' => [...], 'events' => [...], 'log' => [...], 'Illuminate\Log\Context\Repository' => [...], 'router' => [...], 'url' => [...], 'redirect' => [...], 'Psr\Http\Message\ServerRequestInterface' => [...], 'Psr\Http\Message\ResponseInterface' => [...], 'Illuminate\Contracts\Routing\ResponseFactory' => [...], 'Illuminate\Routing\Contracts\CallableDispatcher' => [...], 'Illuminate\Routing\Contracts\ControllerDispatcher' => [...], 'Illuminate\Contracts\Http\Kernel' => [...], 'Illuminate\Contracts\Console\Kernel' => [...], 'Illuminate\Contracts\Debug\ExceptionHandler' => [...], 'env' => [...], 'auth' => [...], 'auth.driver' => [...], 'Illuminate\Contracts\Auth\Authenticatable' => [...], 'Illuminate\Contracts\Auth\Access\Gate' => [...], 'Illuminate\Auth\Middleware\RequirePassword' => [...], 'cookie' => [...], 'db.factory' => [...], 'db' => [...], 'db.connection' => [...], 'db.schema' => [...], 'db.transactions' => [...], 'Faker\Generator' => [...], 'Illuminate\Contracts\Queue\EntityResolver' => [...], 'encrypter' => [...], 'files' => [...], 'filesystem' => [...], 'filesystem.disk' => [...], 'filesystem.cloud' => [...], 'Illuminate\Testing\ParallelTesting' => [...], 'Illuminate\Console\Scheduling\Schedule' => [...], 'Illuminate\Support\Defer\DeferredCallbackCollection' => [...], 'Illuminate\Foundation\Exceptions\Renderer\Renderer' => [...], 'Illuminate\Foundation\Exceptions\Renderer\Listener' => [...], 'Illuminate\Foundation\MaintenanceModeManager' => [...], 'Illuminate\Contracts\Foundation\MaintenanceMode' => [...], 'Illuminate\Http\Client\Factory' => [...], 'Illuminate\Foundation\Vite' => [...], 'Illuminate\Notifications\ChannelManager' => [...], 'session' => [...], 'session.store' => [...], 'Illuminate\Session\Middleware\StartSession' => [...], 'view' => [...], 'view.finder' => [...], 'blade.compiler' => [...], 'view.engine.resolver' => [...], 'dompdf.options' => [...], 'dompdf' => [...], 'dompdf.wrapper' => [...], 'Laravel\Pail\Files' => [...], 'Laravel\Pail\Handler' => [...], 'Livewire\LivewireManager' => [...], 'livewire.finder' => [...], 'livewire.compiler' => [...], 'livewire.factory' => [...], 'Livewire\EventBus' => [...], 'Spatie\Activitylog\ActivityLogger' => [...], 'Spatie\Activitylog\LogBatch' => [...], 'Spatie\Activitylog\CauserResolver' => [...], 'Spatie\Activitylog\ActivityLogStatus' => [...], 'Livewire\Mechanisms\ExtendBlade\DeterministicBladeKeys' => [...], 'validation.presence' => [...], 'Illuminate\Contracts\Validation\UncompromisedVerifier' => [...], 'validator' => [...], 'translation.loader' => [...], 'translator' => [...], 'Illuminate\Broadcasting\BroadcastManager' => [...], 'Illuminate\Contracts\Broadcasting\Broadcaster' => [...], 'Illuminate\Bus\Dispatcher' => [...], 'Illuminate\Bus\BatchRepository' => [...], 'Illuminate\Bus\DatabaseBatchRepository' => [...], 'Illuminate\Bus\DynamoBatchRepository' => [...], 'cache' => [...], 'cache.store' => [...], 'cache.psr6' => [...], 'memcached.connector' => [...], 'Illuminate\Cache\RateLimiter' => [...], 'Illuminate\Foundation\Console\AboutCommand' => [...], 'Illuminate\Cache\Console\ClearCommand' => [...], 'Illuminate\Cache\Console\ForgetCommand' => [...], 'Illuminate\Foundation\Console\ClearCompiledCommand' => [...], 'Illuminate\Auth\Console\ClearResetsCommand' => [...], 'Illuminate\Foundation\Console\ConfigCacheCommand' => [...], 'Illuminate\Foundation\Console\ConfigClearCommand' => [...], 'Illuminate\Foundation\Console\ConfigShowCommand' => [...], 'Illuminate\Database\Console\DbCommand' => [...], 'Illuminate\Database\Console\MonitorCommand' => [...], 'Illuminate\Database\Console\PruneCommand' => [...], 'Illuminate\Database\Console\ShowCommand' => [...], 'Illuminate\Database\Console\TableCommand' => [...], 'Illuminate\Database\Console\WipeCommand' => [...], 'Illuminate\Foundation\Console\DownCommand' => [...], 'Illuminate\Foundation\Console\EnvironmentCommand' => [...], 'Illuminate\Foundation\Console\EnvironmentDecryptCommand' => [...], 'Illuminate\Foundation\Console\EnvironmentEncryptCommand' => [...], 'Illuminate\Foundation\Console\EventCacheCommand' => [...], 'Illuminate\Foundation\Console\EventClearCommand' => [...], 'Illuminate\Foundation\Console\EventListCommand' => [...], 'Illuminate\Concurrency\Console\InvokeSerializedClosureCommand' => [...], 'Illuminate\Foundation\Console\KeyGenerateCommand' => [...], 'Illuminate\Foundation\Console\OptimizeCommand' => [...], 'Illuminate\Foundation\Console\OptimizeClearCommand' => [...], 'Illuminate\Foundation\Console\PackageDiscoverCommand' => [...], 'Illuminate\Cache\Console\PruneStaleTagsCommand' => [...], 'Illuminate\Queue\Console\ClearCommand' => [...], 'Illuminate\Queue\Console\ListFailedCommand' => [...], 'Illuminate\Queue\Console\FlushFailedCommand' => [...], 'Illuminate\Queue\Console\ForgetFailedCommand' => [...], 'Illuminate\Queue\Console\ListenCommand' => [...], 'Illuminate\Queue\Console\MonitorCommand' => [...], 'Illuminate\Queue\Console\PruneBatchesCommand' => [...], 'Illuminate\Queue\Console\PruneFailedJobsCommand' => [...], 'Illuminate\Queue\Console\RestartCommand' => [...], 'Illuminate\Queue\Console\RetryCommand' => [...], 'Illuminate\Queue\Console\RetryBatchCommand' => [...], 'Illuminate\Queue\Console\WorkCommand' => [...], 'Illuminate\Foundation\Console\RouteCacheCommand' => [...], 'Illuminate\Foundation\Console\RouteClearCommand' => [...], 'Illuminate\Foundation\Console\RouteListCommand' => [...], 'Illuminate\Database\Console\DumpCommand' => [...], 'Illuminate\Database\Console\Seeds\SeedCommand' => [...], 'Illuminate\Console\Scheduling\ScheduleFinishCommand' => [...], ...]; protected $methodBindings = []; protected $instances = ['path' => 'D:\\Mirko\\Desktop\\Prove webapp\\CV_Backoffice\\app', 'path.base' => 'D:\\Mirko\\Desktop\\Prove webapp\\CV_Backoffice', 'path.config' => 'D:\\Mirko\\Desktop\\Prove webapp\\CV_Backoffice\\config', 'path.database' => 'D:\\Mirko\\Desktop\\Prove webapp\\CV_Backoffice\\database', 'path.public' => 'D:\\Mirko\\Desktop\\Prove webapp\\CV_Backoffice\\public', 'path.resources' => 'D:\\Mirko\\Desktop\\Prove webapp\\CV_Backoffice\\resources', 'path.storage' => 'D:\\Mirko\\Desktop\\Prove webapp\\CV_Backoffice\\storage', 'path.bootstrap' => 'D:\\Mirko\\Desktop\\Prove webapp\\CV_Backoffice\\bootstrap', 'path.lang' => 'D:\\Mirko\\Desktop\\Prove webapp\\CV_Backoffice\\lang', 'app' => ..., 'Illuminate\Container\Container' => ..., 'events' => class Illuminate\Events\Dispatcher { ... }, 'Illuminate\Contracts\Console\Kernel' => class Illuminate\Foundation\Console\Kernel { ... }, 'config' => class Illuminate\Config\Repository { ... }, 'Illuminate\Foundation\PackageManifest' => class Illuminate\Foundation\PackageManifest { ... }, 'request' => class Illuminate\Http\Request { ... }, 'Illuminate\Testing\LoggedExceptionCollection' => class Illuminate\Testing\LoggedExceptionCollection { ... }, 'Livewire\LivewireManager' => class Livewire\LivewireManager { ... }, 'Livewire\Mechanisms\PersistentMiddleware\PersistentMiddleware' => class Livewire\Mechanisms\PersistentMiddleware\PersistentMiddleware { ... }, 'Livewire\Mechanisms\HandleSynths\HandleSynths' => class Livewire\Mechanisms\HandleSynths\HandleSynths { ... }, 'Livewire\Mechanisms\HandleComponents\HandleComponents' => class Livewire\Mechanisms\HandleComponents\HandleComponents { ... }, 'Livewire\Mechanisms\HandleRequests\HandleRequests' => class Livewire\Mechanisms\HandleRequests\HandleRequests { ... }, 'Livewire\Mechanisms\HandleRouting\HandleRouting' => class Livewire\Mechanisms\HandleRouting\HandleRouting { ... }, 'router' => class Illuminate\Routing\Router { ... }, 'Livewire\Mechanisms\FrontendAssets\FrontendAssets' => class Livewire\Mechanisms\FrontendAssets\FrontendAssets { ... }, 'Livewire\Mechanisms\ExtendBlade\ExtendBlade' => class Livewire\Mechanisms\ExtendBlade\ExtendBlade { ... }, 'Livewire\Mechanisms\CompileLivewireTags\CompileLivewireTags' => class Livewire\Mechanisms\CompileLivewireTags\CompileLivewireTags { ... }, 'Livewire\Mechanisms\ClearCachedFiles' => class Livewire\Mechanisms\ClearCachedFiles { ... }, 'Livewire\Mechanisms\RenderComponent' => class Livewire\Mechanisms\RenderComponent { ... }, 'Livewire\Mechanisms\DataStore' => class Livewire\Mechanisms\DataStore { ... }, 'db.factory' => class Illuminate\Database\Connectors\ConnectionFactory { ... }, 'db' => class Illuminate\Database\DatabaseManager { ... }, 'files' => class Illuminate\Filesystem\Filesystem { ... }, 'Illuminate\Testing\ParallelTesting' => class Illuminate\Testing\ParallelTesting { ... }, 'Illuminate\Foundation\Exceptions\Renderer\Listener' => class Illuminate\Foundation\Exceptions\Renderer\Listener { ... }, 'livewire.finder' => class Livewire\Finder\Finder { ... }, 'blade.compiler' => class Illuminate\View\Compilers\BladeCompiler { ... }, 'view.engine.resolver' => class Illuminate\View\Engines\EngineResolver { ... }, 'view' => class Illuminate\View\Factory { ... }, 'Livewire\EventBus' => class Livewire\EventBus { ... }, 'Illuminate\Contracts\Http\Kernel' => class Illuminate\Foundation\Http\Kernel { ... }, 'Livewire\Features\SupportFileUploads\GenerateSignedUploadUrl' => class Livewire\Features\SupportFileUploads\GenerateSignedUploadUrl@anonymous { ... }, 'Illuminate\Foundation\Vite' => class Illuminate\Foundation\Vite { ... }, 'date' => class Illuminate\Support\DateFactory { ... }, 'Illuminate\Contracts\Auth\Access\Gate' => class Illuminate\Auth\Access\Gate { ... }, 'translation.loader' => class Illuminate\Translation\FileLoader { ... }, 'translator' => class Illuminate\Translation\Translator { ... }, 'validation.presence' => class Illuminate\Validation\DatabasePresenceVerifier { ... }, 'validator' => class Illuminate\Validation\Factory { ... }, 'cache' => class Illuminate\Cache\CacheManager { ... }, 'Illuminate\Console\Scheduling\Schedule' => class Illuminate\Console\Scheduling\Schedule { ... }, 'db.transactions' => class Illuminate\Foundation\Testing\DatabaseTransactionsManager { ... }, 'Faker\Generator' => class Faker\Generator { ... }, 'Faker\Generator:it_IT' => class Faker\Generator { ... }, 'hash' => class Illuminate\Hashing\HashManager { ... }, 'auth' => class Illuminate\Auth\AuthManager { ... }, 'session' => class Illuminate\Session\SessionManager { ... }, 'session.store' => class Illuminate\Session\Store { ... }, 'cookie' => class Illuminate\Cookie\CookieJar { ... }, 'routes' => class Illuminate\Routing\RouteCollection { ... }, 'url' => class Illuminate\Routing\UrlGenerator { ... }, 'Illuminate\Foundation\MaintenanceModeManager' => class Illuminate\Foundation\MaintenanceModeManager { ... }, 'Illuminate\Routing\Route' => class Illuminate\Routing\Route { ... }, 'encrypter' => class Illuminate\Encryption\Encrypter { ... }, 'Illuminate\Session\Middleware\StartSession' => class Illuminate\Session\Middleware\StartSession { ... }]; protected $scopedInstances = [0 => 'Illuminate\\Log\\Context\\Repository', 1 => 'Illuminate\\Support\\Defer\\DeferredCallbackCollection', 2 => 'Spatie\\Activitylog\\LogBatch', 3 => 'Spatie\\Activitylog\\CauserResolver', 4 => 'Spatie\\Activitylog\\ActivityLogStatus']; protected $aliases = ['Illuminate\Foundation\Application' => 'app', 'Illuminate\Contracts\Container\Container' => 'app', 'Illuminate\Contracts\Foundation\Application' => 'app', 'Psr\Container\ContainerInterface' => 'app', 'Illuminate\Auth\AuthManager' => 'auth', 'Illuminate\Contracts\Auth\Factory' => 'auth', 'Illuminate\Contracts\Auth\Guard' => 'auth.driver', 'Illuminate\View\Compilers\BladeCompiler' => 'blade.compiler', 'Illuminate\Cache\CacheManager' => 'cache', 'Illuminate\Contracts\Cache\Factory' => 'cache', 'Illuminate\Cache\Repository' => 'cache.store', 'Illuminate\Contracts\Cache\Repository' => 'cache.store', 'Psr\SimpleCache\CacheInterface' => 'cache.store', 'Symfony\Component\Cache\Adapter\Psr16Adapter' => 'cache.psr6', 'Symfony\Component\Cache\Adapter\AdapterInterface' => 'cache.psr6', 'Psr\Cache\CacheItemPoolInterface' => 'cache.psr6', 'Illuminate\Config\Repository' => 'config', 'Illuminate\Contracts\Config\Repository' => 'config', 'Illuminate\Cookie\CookieJar' => 'cookie', 'Illuminate\Contracts\Cookie\Factory' => 'cookie', 'Illuminate\Contracts\Cookie\QueueingFactory' => 'cookie', 'Illuminate\Database\DatabaseManager' => 'db', 'Illuminate\Database\ConnectionResolverInterface' => 'db', 'Illuminate\Database\Connection' => 'db.connection', 'Illuminate\Database\ConnectionInterface' => 'db.connection', 'Illuminate\Database\Schema\Builder' => 'db.schema', 'Illuminate\Encryption\Encrypter' => 'encrypter', 'Illuminate\Contracts\Encryption\Encrypter' => 'encrypter', 'Illuminate\Contracts\Encryption\StringEncrypter' => 'encrypter', 'Illuminate\Events\Dispatcher' => 'events', 'Illuminate\Contracts\Events\Dispatcher' => 'events', 'Illuminate\Filesystem\Filesystem' => 'files', 'Illuminate\Filesystem\FilesystemManager' => 'filesystem', 'Illuminate\Contracts\Filesystem\Factory' => 'filesystem', 'Illuminate\Contracts\Filesystem\Filesystem' => 'filesystem.disk', 'Illuminate\Contracts\Filesystem\Cloud' => 'filesystem.cloud', 'Illuminate\Hashing\HashManager' => 'hash', 'Illuminate\Contracts\Hashing\Hasher' => 'hash.driver', 'Illuminate\Translation\Translator' => 'translator', 'Illuminate\Contracts\Translation\Translator' => 'translator', 'Illuminate\Log\LogManager' => 'log', 'Psr\Log\LoggerInterface' => 'log', 'Illuminate\Mail\MailManager' => 'mail.manager', 'Illuminate\Contracts\Mail\Factory' => 'mail.manager', 'Illuminate\Mail\Mailer' => 'mailer', 'Illuminate\Contracts\Mail\Mailer' => 'mailer', 'Illuminate\Contracts\Mail\MailQueue' => 'mailer', 'Illuminate\Auth\Passwords\PasswordBrokerManager' => 'auth.password', 'Illuminate\Contracts\Auth\PasswordBrokerFactory' => 'auth.password', 'Illuminate\Auth\Passwords\PasswordBroker' => 'auth.password.broker', 'Illuminate\Contracts\Auth\PasswordBroker' => 'auth.password.broker', 'Illuminate\Queue\QueueManager' => 'queue', 'Illuminate\Contracts\Queue\Factory' => 'queue', 'Illuminate\Contracts\Queue\Monitor' => 'queue', 'Illuminate\Contracts\Queue\Queue' => 'queue.connection', 'Illuminate\Queue\Failed\FailedJobProviderInterface' => 'queue.failer', 'Illuminate\Routing\Redirector' => 'redirect', 'Illuminate\Redis\RedisManager' => 'redis', 'Illuminate\Contracts\Redis\Factory' => 'redis', 'Illuminate\Redis\Connections\Connection' => 'redis.connection', 'Illuminate\Contracts\Redis\Connection' => 'redis.connection', 'Illuminate\Http\Request' => 'request', 'Symfony\Component\HttpFoundation\Request' => 'request', 'Illuminate\Routing\Router' => 'router', 'Illuminate\Contracts\Routing\Registrar' => 'router', 'Illuminate\Contracts\Routing\BindingRegistrar' => 'router', 'Illuminate\Session\SessionManager' => 'session', 'Illuminate\Session\Store' => 'session.store', 'Illuminate\Contracts\Session\Session' => 'session.store', 'Illuminate\Routing\UrlGenerator' => 'url', 'Illuminate\Contracts\Routing\UrlGenerator' => 'url', 'Illuminate\Validation\Factory' => 'validator', 'Illuminate\Contracts\Validation\Factory' => 'validator', 'Illuminate\View\Factory' => 'view', 'Illuminate\Contracts\View\Factory' => 'view', 'Illuminate\Contracts\Notifications\Dispatcher' => 'Illuminate\\Notifications\\ChannelManager', 'Illuminate\Contracts\Notifications\Factory' => 'Illuminate\\Notifications\\ChannelManager', 'Dompdf\Dompdf' => 'dompdf', 'livewire' => 'Livewire\\LivewireManager', 'Illuminate\Contracts\Broadcasting\Factory' => 'Illuminate\\Broadcasting\\BroadcastManager', 'Illuminate\Contracts\Bus\Dispatcher' => 'Illuminate\\Bus\\Dispatcher', 'Illuminate\Contracts\Bus\QueueingDispatcher' => 'Illuminate\\Bus\\Dispatcher']; protected $abstractAliases = ['app' => [...], 'auth' => [...], 'auth.driver' => [...], 'blade.compiler' => [...], 'cache' => [...], 'cache.store' => [...], 'cache.psr6' => [...], 'config' => [...], 'cookie' => [...], 'db' => [...], 'db.connection' => [...], 'db.schema' => [...], 'encrypter' => [...], 'events' => [...], 'files' => [...], 'filesystem' => [...], 'filesystem.disk' => [...], 'filesystem.cloud' => [...], 'hash' => [...], 'hash.driver' => [...], 'translator' => [...], 'log' => [...], 'mail.manager' => [...], 'mailer' => [...], 'auth.password' => [...], 'auth.password.broker' => [...], 'queue' => [...], 'queue.connection' => [...], 'queue.failer' => [...], 'redirect' => [...], 'redis' => [...], 'redis.connection' => [...], 'request' => [...], 'router' => [...], 'session' => [...], 'session.store' => [...], 'url' => [...], 'validator' => [...], 'view' => [...], 'Illuminate\Notifications\ChannelManager' => [...], 'dompdf' => [...], 'Livewire\LivewireManager' => [...], 'Illuminate\Broadcasting\BroadcastManager' => [...], 'Illuminate\Bus\Dispatcher' => [...]]; protected $extenders = ['url' => [...]]; protected $tags = []; protected $buildStack = []; protected $with = []; public $contextual = []; public $contextualAttributes = []; protected $reboundCallbacks = ['request' => [...], 'events' => [...], 'routes' => [...]]; protected $globalBeforeResolvingCallbacks = []; protected $globalResolvingCallbacks = []; protected $globalAfterResolvingCallbacks = []; protected $beforeResolvingCallbacks = []; protected $resolvingCallbacks = ['Illuminate\Console\OutputStyle' => [...], 'Illuminate\Foundation\Http\FormRequest' => [...]]; protected $afterResolvingCallbacks = ['Illuminate\Contracts\Console\Kernel' => [...], 'Illuminate\Contracts\Http\Kernel' => [...], 'Illuminate\Foundation\Exceptions\Handler' => [...], 'view' => [...], 'Illuminate\Contracts\Validation\ValidatesWhenResolved' => [...]]; protected $afterResolvingAttributeCallbacks = []; protected $basePath = 'D:\\Mirko\\Desktop\\Prove webapp\\CV_Backoffice'; protected $registeredCallbacks = []; protected $hasBeenBootstrapped = TRUE; protected $booted = TRUE; protected $bootingCallbacks = [0 => class Closure { ... }, 1 => class Closure { ... }, 2 => class Closure { ... }, 3 => class Closure { ... }]; protected $bootedCallbacks = [0 => class Closure { ... }, 1 => class Closure { ... }, 2 => class Closure { ... }, 3 => class Closure { ... }, 4 => class Closure { ... }]; protected $terminatingCallbacks = [0 => class Closure { ... }, 1 => class Closure { ... }]; protected $serviceProviders = ['Illuminate\Events\EventServiceProvider' => class Illuminate\Events\EventServiceProvider { ... }, 'Illuminate\Log\LogServiceProvider' => class Illuminate\Log\LogServiceProvider { ... }, 'Illuminate\Log\Context\ContextServiceProvider' => class Illuminate\Log\Context\ContextServiceProvider { ... }, 'Illuminate\Routing\RoutingServiceProvider' => class Illuminate\Routing\RoutingServiceProvider { ... }, 'Illuminate\Auth\AuthServiceProvider' => class Illuminate\Auth\AuthServiceProvider { ... }, 'Illuminate\Cookie\CookieServiceProvider' => class Illuminate\Cookie\CookieServiceProvider { ... }, 'Illuminate\Database\DatabaseServiceProvider' => class Illuminate\Database\DatabaseServiceProvider { ... }, 'Illuminate\Encryption\EncryptionServiceProvider' => class Illuminate\Encryption\EncryptionServiceProvider { ... }, 'Illuminate\Filesystem\FilesystemServiceProvider' => class Illuminate\Filesystem\FilesystemServiceProvider { ... }, 'Illuminate\Foundation\Providers\FormRequestServiceProvider' => class Illuminate\Foundation\Providers\FormRequestServiceProvider { ... }, 'Illuminate\Testing\ParallelTestingServiceProvider' => class Illuminate\Testing\ParallelTestingServiceProvider { ... }, 'Illuminate\Foundation\Providers\FoundationServiceProvider' => class Illuminate\Foundation\Providers\FoundationServiceProvider { ... }, 'Illuminate\Notifications\NotificationServiceProvider' => class Illuminate\Notifications\NotificationServiceProvider { ... }, 'Illuminate\Pagination\PaginationServiceProvider' => class Illuminate\Pagination\PaginationServiceProvider { ... }, 'Illuminate\Session\SessionServiceProvider' => class Illuminate\Session\SessionServiceProvider { ... }, 'Illuminate\View\ViewServiceProvider' => class Illuminate\View\ViewServiceProvider { ... }, 'Barryvdh\DomPDF\ServiceProvider' => class Barryvdh\DomPDF\ServiceProvider { ... }, 'Laravel\Pail\PailServiceProvider' => class Laravel\Pail\PailServiceProvider { ... }, 'Livewire\LivewireServiceProvider' => class Livewire\LivewireServiceProvider { ... }, 'Carbon\Laravel\ServiceProvider' => class Carbon\Laravel\ServiceProvider { ... }, 'NunoMaduro\Collision\Adapters\Laravel\CollisionServiceProvider' => class NunoMaduro\Collision\Adapters\Laravel\CollisionServiceProvider { ... }, 'Termwind\Laravel\TermwindServiceProvider' => class Termwind\Laravel\TermwindServiceProvider { ... }, 'PacificDev\Laravel9Preset\PacificDevServiceProvider' => class PacificDev\Laravel9Preset\PacificDevServiceProvider { ... }, 'Spatie\Activitylog\ActivitylogServiceProvider' => class Spatie\Activitylog\ActivitylogServiceProvider { ... }, 'App\Providers\AppServiceProvider' => class App\Providers\AppServiceProvider { ... }, 'Illuminate\Foundation\Support\Providers\EventServiceProvider' => class Illuminate\Foundation\Support\Providers\EventServiceProvider { ... }, 'Illuminate\Foundation\Support\Providers\RouteServiceProvider' => class Illuminate\Foundation\Support\Providers\RouteServiceProvider { ... }, 'Illuminate\Validation\ValidationServiceProvider' => class Illuminate\Validation\ValidationServiceProvider { ... }, 'Illuminate\Translation\TranslationServiceProvider' => class Illuminate\Translation\TranslationServiceProvider { ... }, 'Illuminate\Broadcasting\BroadcastServiceProvider' => class Illuminate\Broadcasting\BroadcastServiceProvider { ... }, 'Illuminate\Bus\BusServiceProvider' => class Illuminate\Bus\BusServiceProvider { ... }, 'Illuminate\Cache\CacheServiceProvider' => class Illuminate\Cache\CacheServiceProvider { ... }, 'Illuminate\Foundation\Providers\ArtisanServiceProvider' => class Illuminate\Foundation\Providers\ArtisanServiceProvider { ... }, 'Illuminate\Database\MigrationServiceProvider' => class Illuminate\Database\MigrationServiceProvider { ... }, 'Illuminate\Foundation\Providers\ComposerServiceProvider' => class Illuminate\Foundation\Providers\ComposerServiceProvider { ... }, 'Illuminate\Foundation\Providers\ConsoleSupportServiceProvider' => class Illuminate\Foundation\Providers\ConsoleSupportServiceProvider { ... }, 'Illuminate\Concurrency\ConcurrencyServiceProvider' => class Illuminate\Concurrency\ConcurrencyServiceProvider { ... }, 'Illuminate\Hashing\HashServiceProvider' => class Illuminate\Hashing\HashServiceProvider { ... }, 'Illuminate\Mail\MailServiceProvider' => class Illuminate\Mail\MailServiceProvider { ... }, 'Illuminate\Auth\Passwords\PasswordResetServiceProvider' => class Illuminate\Auth\Passwords\PasswordResetServiceProvider { ... }, 'Illuminate\Pipeline\PipelineServiceProvider' => class Illuminate\Pipeline\PipelineServiceProvider { ... }, 'Illuminate\Queue\QueueServiceProvider' => class Illuminate\Queue\QueueServiceProvider { ... }, 'Illuminate\Redis\RedisServiceProvider' => class Illuminate\Redis\RedisServiceProvider { ... }, 'Laravel\Breeze\BreezeServiceProvider' => class Laravel\Breeze\BreezeServiceProvider { ... }, 'Laravel\Sail\SailServiceProvider' => class Laravel\Sail\SailServiceProvider { ... }, 'Laravel\Tinker\TinkerServiceProvider' => class Laravel\Tinker\TinkerServiceProvider { ... }]; protected $loadedProviders = ['Illuminate\Events\EventServiceProvider' => TRUE, 'Illuminate\Log\LogServiceProvider' => TRUE, 'Illuminate\Log\Context\ContextServiceProvider' => TRUE, 'Illuminate\Routing\RoutingServiceProvider' => TRUE, 'Illuminate\Auth\AuthServiceProvider' => TRUE, 'Illuminate\Cookie\CookieServiceProvider' => TRUE, 'Illuminate\Database\DatabaseServiceProvider' => TRUE, 'Illuminate\Encryption\EncryptionServiceProvider' => TRUE, 'Illuminate\Filesystem\FilesystemServiceProvider' => TRUE, 'Illuminate\Foundation\Providers\FormRequestServiceProvider' => TRUE, 'Illuminate\Testing\ParallelTestingServiceProvider' => TRUE, 'Illuminate\Foundation\Providers\FoundationServiceProvider' => TRUE, 'Illuminate\Notifications\NotificationServiceProvider' => TRUE, 'Illuminate\Pagination\PaginationServiceProvider' => TRUE, 'Illuminate\Session\SessionServiceProvider' => TRUE, 'Illuminate\View\ViewServiceProvider' => TRUE, 'Barryvdh\DomPDF\ServiceProvider' => TRUE, 'Laravel\Pail\PailServiceProvider' => TRUE, 'Livewire\LivewireServiceProvider' => TRUE, 'Carbon\Laravel\ServiceProvider' => TRUE, 'NunoMaduro\Collision\Adapters\Laravel\CollisionServiceProvider' => TRUE, 'Termwind\Laravel\TermwindServiceProvider' => TRUE, 'PacificDev\Laravel9Preset\PacificDevServiceProvider' => TRUE, 'Spatie\Activitylog\ActivitylogServiceProvider' => TRUE, 'App\Providers\AppServiceProvider' => TRUE, 'Illuminate\Foundation\Support\Providers\EventServiceProvider' => TRUE, 'Illuminate\Foundation\Support\Providers\RouteServiceProvider' => TRUE, 'Illuminate\Validation\ValidationServiceProvider' => TRUE, 'Illuminate\Translation\TranslationServiceProvider' => TRUE, 'Illuminate\Broadcasting\BroadcastServiceProvider' => TRUE, 'Illuminate\Bus\BusServiceProvider' => TRUE, 'Illuminate\Cache\CacheServiceProvider' => TRUE, 'Illuminate\Foundation\Providers\ArtisanServiceProvider' => TRUE, 'Illuminate\Database\MigrationServiceProvider' => TRUE, 'Illuminate\Foundation\Providers\ComposerServiceProvider' => TRUE, 'Illuminate\Foundation\Providers\ConsoleSupportServiceProvider' => TRUE, 'Illuminate\Concurrency\ConcurrencyServiceProvider' => TRUE, 'Illuminate\Hashing\HashServiceProvider' => TRUE, 'Illuminate\Mail\MailServiceProvider' => TRUE, 'Illuminate\Auth\Passwords\PasswordResetServiceProvider' => TRUE, 'Illuminate\Pipeline\PipelineServiceProvider' => TRUE, 'Illuminate\Queue\QueueServiceProvider' => TRUE, 'Illuminate\Redis\RedisServiceProvider' => TRUE, 'Laravel\Breeze\BreezeServiceProvider' => TRUE, 'Laravel\Sail\SailServiceProvider' => TRUE, 'Laravel\Tinker\TinkerServiceProvider' => TRUE]; protected $deferredServices = []; protected $bootstrapPath = 'D:\\Mirko\\Desktop\\Prove webapp\\CV_Backoffice\\bootstrap'; protected $appPath = NULL; protected $configPath = NULL; protected $databasePath = NULL; protected $langPath = 'D:\\Mirko\\Desktop\\Prove webapp\\CV_Backoffice\\lang'; protected $publicPath = NULL; protected $storagePath = NULL; protected $environmentPath = NULL; protected $environmentFile = '.env'; protected $isRunningInConsole = TRUE; protected $namespace = 'App\\'; protected $mergeFrameworkConfiguration = TRUE; protected $absoluteCachePathPrefixes = [0 => '/', 1 => '\\'] }, class Illuminate\Routing\Route { public $uri = 'admin/vehicles'; public $methods = [0 => 'POST']; public $action = ['middleware' => [...], 'as' => 'admin.vehicles.store', 'uses' => 'App\\Http\\Controllers\\Admin\\VehicleController@store', 'controller' => 'App\\Http\\Controllers\\Admin\\VehicleController@store', 'namespace' => NULL, 'prefix' => '/admin', 'where' => [...]]; public $isFallback = FALSE; public $controller = NULL; public $defaults = []; public $wheres = []; public $parameters = []; public $parameterNames = []; protected $originalParameters = []; protected $withTrashedBindings = FALSE; protected $lockSeconds = NULL; protected $waitSeconds = NULL; public $computedMiddleware = [0 => 'web', 1 => 'auth', 2 => 'verified']; public $compiled = class Symfony\Component\Routing\CompiledRoute { private string $staticPrefix = '/admin/vehicles'; private string $regex = '{^/admin/vehicles$}sDu'; private array $tokens = [...]; private array $pathVariables = [...]; private ?string $hostRegex = NULL; private array $hostTokens = [...]; private array $hostVariables = [...]; private array $variables = [...] }; protected $router = class Illuminate\Routing\Router { protected $events = class Illuminate\Events\Dispatcher { ... }; protected $container = class Illuminate\Foundation\Application { ... }; protected $routes = class Illuminate\Routing\RouteCollection { ... }; protected $current = ...; protected $currentRequest = class Illuminate\Http\Request { ... }; protected $middleware = [...]; protected $middlewareGroups = [...]; public $middlewarePriority = [...]; protected $binders = [...]; protected $patterns = [...]; protected $groupStack = [...]; protected $implicitBindingCallback = class Closure { ... } }; protected $container = class Illuminate\Foundation\Application { protected $resolved = [...]; protected $bindings = [...]; protected $methodBindings = [...]; protected $instances = [...]; protected $scopedInstances = [...]; protected $aliases = [...]; protected $abstractAliases = [...]; protected $extenders = [...]; protected $tags = [...]; protected $buildStack = [...]; protected $with = [...]; public $contextual = [...]; public $contextualAttributes = [...]; protected $reboundCallbacks = [...]; protected $globalBeforeResolvingCallbacks = [...]; protected $globalResolvingCallbacks = [...]; protected $globalAfterResolvingCallbacks = [...]; protected $beforeResolvingCallbacks = [...]; protected $resolvingCallbacks = [...]; protected $afterResolvingCallbacks = [...]; protected $afterResolvingAttributeCallbacks = [...]; protected $basePath = 'D:\\Mirko\\Desktop\\Prove webapp\\CV_Backoffice'; protected $registeredCallbacks = [...]; protected $hasBeenBootstrapped = TRUE; protected $booted = TRUE; protected $bootingCallbacks = [...]; protected $bootedCallbacks = [...]; protected $terminatingCallbacks = [...]; protected $serviceProviders = [...]; protected $loadedProviders = [...]; protected $deferredServices = [...]; protected $bootstrapPath = 'D:\\Mirko\\Desktop\\Prove webapp\\CV_Backoffice\\bootstrap'; protected $appPath = NULL; protected $configPath = NULL; protected $databasePath = NULL; protected $langPath = 'D:\\Mirko\\Desktop\\Prove webapp\\CV_Backoffice\\lang'; protected $publicPath = NULL; protected $storagePath = NULL; protected $environmentPath = NULL; protected $environmentFile = '.env'; protected $isRunningInConsole = TRUE; protected $namespace = 'App\\'; protected $mergeFrameworkConfiguration = TRUE; protected $absoluteCachePathPrefixes = [...] }; protected $bindingFields = [] }, class Closure { public $static = ['route' => class Illuminate\Routing\Route { ... }]; public $this = class Illuminate\Routing\Router { protected $events = class Illuminate\Events\Dispatcher { ... }; protected $container = class Illuminate\Foundation\Application { ... }; protected $routes = class Illuminate\Routing\RouteCollection { ... }; protected $current = class Illuminate\Routing\Route { ... }; protected $currentRequest = class Illuminate\Http\Request { ... }; protected $middleware = [...]; protected $middlewareGroups = [...]; public $middlewarePriority = [...]; protected $binders = [...]; protected $patterns = [...]; protected $groupStack = [...]; protected $implicitBindingCallback = class Closure { ... } } }) D:\Mirko\Desktop\Prove webapp\CV_Backoffice\vendor\laravel\framework\src\Illuminate\Routing\Router.php:963
    6.6637   60467520  59. Livewire\Features\SupportPageComponents\SupportPageComponents::Livewire\Features\SupportPageComponents\{closure:D:\Mirko\Desktop\Prove webapp\CV_Backoffice\vendor\livewire\livewire\src\Features\SupportPageComponents\SupportPageComponents.php:215-225}($container = class Illuminate\Foundation\Application { protected $resolved = ['events' => TRUE, 'Illuminate\Foundation\Console\Kernel' => TRUE, 'Illuminate\Contracts\Console\Kernel' => TRUE, 'Illuminate\Foundation\Bootstrap\LoadEnvironmentVariables' => TRUE, 'Illuminate\Foundation\Bootstrap\LoadConfiguration' => TRUE, 'Illuminate\Foundation\Bootstrap\HandleExceptions' => TRUE, 'env' => TRUE, 'Illuminate\Foundation\Bootstrap\RegisterFacades' => TRUE, 'Illuminate\Foundation\PackageManifest' => TRUE, 'Illuminate\Foundation\Bootstrap\SetRequestForConsole' => TRUE, 'Illuminate\Foundation\Bootstrap\RegisterProviders' => TRUE, 'Livewire\LivewireManager' => TRUE, 'Livewire\EventBus' => TRUE, 'Livewire\Mechanisms\PersistentMiddleware\PersistentMiddleware' => TRUE, 'Livewire\Mechanisms\HandleSynths\HandleSynths' => TRUE, 'Livewire\Mechanisms\HandleComponents\HandleComponents' => TRUE, 'Livewire\Mechanisms\HandleRequests\HandleRequests' => TRUE, 'Livewire\Mechanisms\HandleRouting\HandleRouting' => TRUE, 'router' => TRUE, 'Livewire\Mechanisms\FrontendAssets\FrontendAssets' => TRUE, 'Livewire\Mechanisms\ExtendBlade\ExtendBlade' => TRUE, 'Livewire\Mechanisms\CompileLivewireTags\CompileLivewireTags' => TRUE, 'Livewire\Mechanisms\ClearCachedFiles' => TRUE, 'Livewire\Mechanisms\RenderComponent' => TRUE, 'Livewire\Mechanisms\DataStore' => TRUE, 'Illuminate\Foundation\Bootstrap\BootProviders' => TRUE, 'db.factory' => TRUE, 'db' => TRUE, 'files' => TRUE, 'Illuminate\Testing\ParallelTesting' => TRUE, 'Illuminate\Foundation\Exceptions\Renderer\Listener' => TRUE, 'livewire.finder' => TRUE, 'blade.compiler' => TRUE, 'view.engine.resolver' => TRUE, 'view.finder' => TRUE, 'view' => TRUE, 'Illuminate\Foundation\Http\Kernel' => TRUE, 'Illuminate\Contracts\Http\Kernel' => TRUE, 'Illuminate\Foundation\Vite' => TRUE, 'Illuminate\Contracts\Auth\Access\Gate' => TRUE, 'translation.loader' => TRUE, 'translator' => TRUE, 'validation.presence' => TRUE, 'validator' => TRUE, 'cache' => TRUE, 'Illuminate\Console\Scheduling\CacheEventMutex' => TRUE, 'Illuminate\Console\Scheduling\CacheSchedulingMutex' => TRUE, 'Illuminate\Console\Scheduling\Schedule' => TRUE, 'db.transactions' => TRUE, 'Faker\Generator' => TRUE, 'Faker\Generator:it_IT' => TRUE, 'hash' => TRUE, 'auth' => TRUE, 'session' => TRUE, 'session.store' => TRUE, 'cookie' => TRUE, 'url' => TRUE, 'Illuminate\Foundation\Http\Middleware\InvokeDeferredCallbacks' => TRUE, 'Illuminate\Http\Middleware\TrustProxies' => TRUE, 'Fruitcake\Cors\CorsService' => TRUE, 'Illuminate\Http\Middleware\HandleCors' => TRUE, 'Illuminate\Foundation\Http\Middleware\PreventRequestsDuringMaintenance' => TRUE, 'Illuminate\Foundation\MaintenanceModeManager' => TRUE, 'Illuminate\Contracts\Foundation\MaintenanceMode' => TRUE, 'Illuminate\Http\Middleware\ValidatePostSize' => TRUE, 'Illuminate\Foundation\Http\Middleware\TrimStrings' => TRUE, 'Illuminate\Foundation\Http\Middleware\ConvertEmptyStringsToNull' => TRUE, 'Livewire\Features\SupportDisablingBackButtonCache\DisableBackButtonCacheMiddleware' => TRUE, 'encrypter' => TRUE, 'Illuminate\Cookie\Middleware\EncryptCookies' => TRUE, 'Illuminate\Cookie\Middleware\AddQueuedCookiesToResponse' => TRUE, 'Illuminate\Session\Middleware\StartSession' => TRUE, 'Illuminate\View\Middleware\ShareErrorsFromSession' => TRUE, 'Illuminate\Foundation\Http\Middleware\ValidateCsrfToken' => TRUE, 'Illuminate\Auth\Middleware\Authenticate' => TRUE, 'Illuminate\Routing\Middleware\SubstituteBindings' => TRUE]; protected $bindings = ['Illuminate\Foundation\Mix' => [...], 'Illuminate\Foundation\PackageManifest' => [...], 'events' => [...], 'log' => [...], 'Illuminate\Log\Context\Repository' => [...], 'router' => [...], 'url' => [...], 'redirect' => [...], 'Psr\Http\Message\ServerRequestInterface' => [...], 'Psr\Http\Message\ResponseInterface' => [...], 'Illuminate\Contracts\Routing\ResponseFactory' => [...], 'Illuminate\Routing\Contracts\CallableDispatcher' => [...], 'Illuminate\Routing\Contracts\ControllerDispatcher' => [...], 'Illuminate\Contracts\Http\Kernel' => [...], 'Illuminate\Contracts\Console\Kernel' => [...], 'Illuminate\Contracts\Debug\ExceptionHandler' => [...], 'env' => [...], 'auth' => [...], 'auth.driver' => [...], 'Illuminate\Contracts\Auth\Authenticatable' => [...], 'Illuminate\Contracts\Auth\Access\Gate' => [...], 'Illuminate\Auth\Middleware\RequirePassword' => [...], 'cookie' => [...], 'db.factory' => [...], 'db' => [...], 'db.connection' => [...], 'db.schema' => [...], 'db.transactions' => [...], 'Faker\Generator' => [...], 'Illuminate\Contracts\Queue\EntityResolver' => [...], 'encrypter' => [...], 'files' => [...], 'filesystem' => [...], 'filesystem.disk' => [...], 'filesystem.cloud' => [...], 'Illuminate\Testing\ParallelTesting' => [...], 'Illuminate\Console\Scheduling\Schedule' => [...], 'Illuminate\Support\Defer\DeferredCallbackCollection' => [...], 'Illuminate\Foundation\Exceptions\Renderer\Renderer' => [...], 'Illuminate\Foundation\Exceptions\Renderer\Listener' => [...], 'Illuminate\Foundation\MaintenanceModeManager' => [...], 'Illuminate\Contracts\Foundation\MaintenanceMode' => [...], 'Illuminate\Http\Client\Factory' => [...], 'Illuminate\Foundation\Vite' => [...], 'Illuminate\Notifications\ChannelManager' => [...], 'session' => [...], 'session.store' => [...], 'Illuminate\Session\Middleware\StartSession' => [...], 'view' => [...], 'view.finder' => [...], 'blade.compiler' => [...], 'view.engine.resolver' => [...], 'dompdf.options' => [...], 'dompdf' => [...], 'dompdf.wrapper' => [...], 'Laravel\Pail\Files' => [...], 'Laravel\Pail\Handler' => [...], 'Livewire\LivewireManager' => [...], 'livewire.finder' => [...], 'livewire.compiler' => [...], 'livewire.factory' => [...], 'Livewire\EventBus' => [...], 'Spatie\Activitylog\ActivityLogger' => [...], 'Spatie\Activitylog\LogBatch' => [...], 'Spatie\Activitylog\CauserResolver' => [...], 'Spatie\Activitylog\ActivityLogStatus' => [...], 'Livewire\Mechanisms\ExtendBlade\DeterministicBladeKeys' => [...], 'validation.presence' => [...], 'Illuminate\Contracts\Validation\UncompromisedVerifier' => [...], 'validator' => [...], 'translation.loader' => [...], 'translator' => [...], 'Illuminate\Broadcasting\BroadcastManager' => [...], 'Illuminate\Contracts\Broadcasting\Broadcaster' => [...], 'Illuminate\Bus\Dispatcher' => [...], 'Illuminate\Bus\BatchRepository' => [...], 'Illuminate\Bus\DatabaseBatchRepository' => [...], 'Illuminate\Bus\DynamoBatchRepository' => [...], 'cache' => [...], 'cache.store' => [...], 'cache.psr6' => [...], 'memcached.connector' => [...], 'Illuminate\Cache\RateLimiter' => [...], 'Illuminate\Foundation\Console\AboutCommand' => [...], 'Illuminate\Cache\Console\ClearCommand' => [...], 'Illuminate\Cache\Console\ForgetCommand' => [...], 'Illuminate\Foundation\Console\ClearCompiledCommand' => [...], 'Illuminate\Auth\Console\ClearResetsCommand' => [...], 'Illuminate\Foundation\Console\ConfigCacheCommand' => [...], 'Illuminate\Foundation\Console\ConfigClearCommand' => [...], 'Illuminate\Foundation\Console\ConfigShowCommand' => [...], 'Illuminate\Database\Console\DbCommand' => [...], 'Illuminate\Database\Console\MonitorCommand' => [...], 'Illuminate\Database\Console\PruneCommand' => [...], 'Illuminate\Database\Console\ShowCommand' => [...], 'Illuminate\Database\Console\TableCommand' => [...], 'Illuminate\Database\Console\WipeCommand' => [...], 'Illuminate\Foundation\Console\DownCommand' => [...], 'Illuminate\Foundation\Console\EnvironmentCommand' => [...], 'Illuminate\Foundation\Console\EnvironmentDecryptCommand' => [...], 'Illuminate\Foundation\Console\EnvironmentEncryptCommand' => [...], 'Illuminate\Foundation\Console\EventCacheCommand' => [...], 'Illuminate\Foundation\Console\EventClearCommand' => [...], 'Illuminate\Foundation\Console\EventListCommand' => [...], 'Illuminate\Concurrency\Console\InvokeSerializedClosureCommand' => [...], 'Illuminate\Foundation\Console\KeyGenerateCommand' => [...], 'Illuminate\Foundation\Console\OptimizeCommand' => [...], 'Illuminate\Foundation\Console\OptimizeClearCommand' => [...], 'Illuminate\Foundation\Console\PackageDiscoverCommand' => [...], 'Illuminate\Cache\Console\PruneStaleTagsCommand' => [...], 'Illuminate\Queue\Console\ClearCommand' => [...], 'Illuminate\Queue\Console\ListFailedCommand' => [...], 'Illuminate\Queue\Console\FlushFailedCommand' => [...], 'Illuminate\Queue\Console\ForgetFailedCommand' => [...], 'Illuminate\Queue\Console\ListenCommand' => [...], 'Illuminate\Queue\Console\MonitorCommand' => [...], 'Illuminate\Queue\Console\PruneBatchesCommand' => [...], 'Illuminate\Queue\Console\PruneFailedJobsCommand' => [...], 'Illuminate\Queue\Console\RestartCommand' => [...], 'Illuminate\Queue\Console\RetryCommand' => [...], 'Illuminate\Queue\Console\RetryBatchCommand' => [...], 'Illuminate\Queue\Console\WorkCommand' => [...], 'Illuminate\Foundation\Console\RouteCacheCommand' => [...], 'Illuminate\Foundation\Console\RouteClearCommand' => [...], 'Illuminate\Foundation\Console\RouteListCommand' => [...], 'Illuminate\Database\Console\DumpCommand' => [...], 'Illuminate\Database\Console\Seeds\SeedCommand' => [...], 'Illuminate\Console\Scheduling\ScheduleFinishCommand' => [...], ...]; protected $methodBindings = []; protected $instances = ['path' => 'D:\\Mirko\\Desktop\\Prove webapp\\CV_Backoffice\\app', 'path.base' => 'D:\\Mirko\\Desktop\\Prove webapp\\CV_Backoffice', 'path.config' => 'D:\\Mirko\\Desktop\\Prove webapp\\CV_Backoffice\\config', 'path.database' => 'D:\\Mirko\\Desktop\\Prove webapp\\CV_Backoffice\\database', 'path.public' => 'D:\\Mirko\\Desktop\\Prove webapp\\CV_Backoffice\\public', 'path.resources' => 'D:\\Mirko\\Desktop\\Prove webapp\\CV_Backoffice\\resources', 'path.storage' => 'D:\\Mirko\\Desktop\\Prove webapp\\CV_Backoffice\\storage', 'path.bootstrap' => 'D:\\Mirko\\Desktop\\Prove webapp\\CV_Backoffice\\bootstrap', 'path.lang' => 'D:\\Mirko\\Desktop\\Prove webapp\\CV_Backoffice\\lang', 'app' => ..., 'Illuminate\Container\Container' => ..., 'events' => class Illuminate\Events\Dispatcher { ... }, 'Illuminate\Contracts\Console\Kernel' => class Illuminate\Foundation\Console\Kernel { ... }, 'config' => class Illuminate\Config\Repository { ... }, 'Illuminate\Foundation\PackageManifest' => class Illuminate\Foundation\PackageManifest { ... }, 'request' => class Illuminate\Http\Request { ... }, 'Illuminate\Testing\LoggedExceptionCollection' => class Illuminate\Testing\LoggedExceptionCollection { ... }, 'Livewire\LivewireManager' => class Livewire\LivewireManager { ... }, 'Livewire\Mechanisms\PersistentMiddleware\PersistentMiddleware' => class Livewire\Mechanisms\PersistentMiddleware\PersistentMiddleware { ... }, 'Livewire\Mechanisms\HandleSynths\HandleSynths' => class Livewire\Mechanisms\HandleSynths\HandleSynths { ... }, 'Livewire\Mechanisms\HandleComponents\HandleComponents' => class Livewire\Mechanisms\HandleComponents\HandleComponents { ... }, 'Livewire\Mechanisms\HandleRequests\HandleRequests' => class Livewire\Mechanisms\HandleRequests\HandleRequests { ... }, 'Livewire\Mechanisms\HandleRouting\HandleRouting' => class Livewire\Mechanisms\HandleRouting\HandleRouting { ... }, 'router' => class Illuminate\Routing\Router { ... }, 'Livewire\Mechanisms\FrontendAssets\FrontendAssets' => class Livewire\Mechanisms\FrontendAssets\FrontendAssets { ... }, 'Livewire\Mechanisms\ExtendBlade\ExtendBlade' => class Livewire\Mechanisms\ExtendBlade\ExtendBlade { ... }, 'Livewire\Mechanisms\CompileLivewireTags\CompileLivewireTags' => class Livewire\Mechanisms\CompileLivewireTags\CompileLivewireTags { ... }, 'Livewire\Mechanisms\ClearCachedFiles' => class Livewire\Mechanisms\ClearCachedFiles { ... }, 'Livewire\Mechanisms\RenderComponent' => class Livewire\Mechanisms\RenderComponent { ... }, 'Livewire\Mechanisms\DataStore' => class Livewire\Mechanisms\DataStore { ... }, 'db.factory' => class Illuminate\Database\Connectors\ConnectionFactory { ... }, 'db' => class Illuminate\Database\DatabaseManager { ... }, 'files' => class Illuminate\Filesystem\Filesystem { ... }, 'Illuminate\Testing\ParallelTesting' => class Illuminate\Testing\ParallelTesting { ... }, 'Illuminate\Foundation\Exceptions\Renderer\Listener' => class Illuminate\Foundation\Exceptions\Renderer\Listener { ... }, 'livewire.finder' => class Livewire\Finder\Finder { ... }, 'blade.compiler' => class Illuminate\View\Compilers\BladeCompiler { ... }, 'view.engine.resolver' => class Illuminate\View\Engines\EngineResolver { ... }, 'view' => class Illuminate\View\Factory { ... }, 'Livewire\EventBus' => class Livewire\EventBus { ... }, 'Illuminate\Contracts\Http\Kernel' => class Illuminate\Foundation\Http\Kernel { ... }, 'Livewire\Features\SupportFileUploads\GenerateSignedUploadUrl' => class Livewire\Features\SupportFileUploads\GenerateSignedUploadUrl@anonymous { ... }, 'Illuminate\Foundation\Vite' => class Illuminate\Foundation\Vite { ... }, 'date' => class Illuminate\Support\DateFactory { ... }, 'Illuminate\Contracts\Auth\Access\Gate' => class Illuminate\Auth\Access\Gate { ... }, 'translation.loader' => class Illuminate\Translation\FileLoader { ... }, 'translator' => class Illuminate\Translation\Translator { ... }, 'validation.presence' => class Illuminate\Validation\DatabasePresenceVerifier { ... }, 'validator' => class Illuminate\Validation\Factory { ... }, 'cache' => class Illuminate\Cache\CacheManager { ... }, 'Illuminate\Console\Scheduling\Schedule' => class Illuminate\Console\Scheduling\Schedule { ... }, 'db.transactions' => class Illuminate\Foundation\Testing\DatabaseTransactionsManager { ... }, 'Faker\Generator' => class Faker\Generator { ... }, 'Faker\Generator:it_IT' => class Faker\Generator { ... }, 'hash' => class Illuminate\Hashing\HashManager { ... }, 'auth' => class Illuminate\Auth\AuthManager { ... }, 'session' => class Illuminate\Session\SessionManager { ... }, 'session.store' => class Illuminate\Session\Store { ... }, 'cookie' => class Illuminate\Cookie\CookieJar { ... }, 'routes' => class Illuminate\Routing\RouteCollection { ... }, 'url' => class Illuminate\Routing\UrlGenerator { ... }, 'Illuminate\Foundation\MaintenanceModeManager' => class Illuminate\Foundation\MaintenanceModeManager { ... }, 'Illuminate\Routing\Route' => class Illuminate\Routing\Route { ... }, 'encrypter' => class Illuminate\Encryption\Encrypter { ... }, 'Illuminate\Session\Middleware\StartSession' => class Illuminate\Session\Middleware\StartSession { ... }]; protected $scopedInstances = [0 => 'Illuminate\\Log\\Context\\Repository', 1 => 'Illuminate\\Support\\Defer\\DeferredCallbackCollection', 2 => 'Spatie\\Activitylog\\LogBatch', 3 => 'Spatie\\Activitylog\\CauserResolver', 4 => 'Spatie\\Activitylog\\ActivityLogStatus']; protected $aliases = ['Illuminate\Foundation\Application' => 'app', 'Illuminate\Contracts\Container\Container' => 'app', 'Illuminate\Contracts\Foundation\Application' => 'app', 'Psr\Container\ContainerInterface' => 'app', 'Illuminate\Auth\AuthManager' => 'auth', 'Illuminate\Contracts\Auth\Factory' => 'auth', 'Illuminate\Contracts\Auth\Guard' => 'auth.driver', 'Illuminate\View\Compilers\BladeCompiler' => 'blade.compiler', 'Illuminate\Cache\CacheManager' => 'cache', 'Illuminate\Contracts\Cache\Factory' => 'cache', 'Illuminate\Cache\Repository' => 'cache.store', 'Illuminate\Contracts\Cache\Repository' => 'cache.store', 'Psr\SimpleCache\CacheInterface' => 'cache.store', 'Symfony\Component\Cache\Adapter\Psr16Adapter' => 'cache.psr6', 'Symfony\Component\Cache\Adapter\AdapterInterface' => 'cache.psr6', 'Psr\Cache\CacheItemPoolInterface' => 'cache.psr6', 'Illuminate\Config\Repository' => 'config', 'Illuminate\Contracts\Config\Repository' => 'config', 'Illuminate\Cookie\CookieJar' => 'cookie', 'Illuminate\Contracts\Cookie\Factory' => 'cookie', 'Illuminate\Contracts\Cookie\QueueingFactory' => 'cookie', 'Illuminate\Database\DatabaseManager' => 'db', 'Illuminate\Database\ConnectionResolverInterface' => 'db', 'Illuminate\Database\Connection' => 'db.connection', 'Illuminate\Database\ConnectionInterface' => 'db.connection', 'Illuminate\Database\Schema\Builder' => 'db.schema', 'Illuminate\Encryption\Encrypter' => 'encrypter', 'Illuminate\Contracts\Encryption\Encrypter' => 'encrypter', 'Illuminate\Contracts\Encryption\StringEncrypter' => 'encrypter', 'Illuminate\Events\Dispatcher' => 'events', 'Illuminate\Contracts\Events\Dispatcher' => 'events', 'Illuminate\Filesystem\Filesystem' => 'files', 'Illuminate\Filesystem\FilesystemManager' => 'filesystem', 'Illuminate\Contracts\Filesystem\Factory' => 'filesystem', 'Illuminate\Contracts\Filesystem\Filesystem' => 'filesystem.disk', 'Illuminate\Contracts\Filesystem\Cloud' => 'filesystem.cloud', 'Illuminate\Hashing\HashManager' => 'hash', 'Illuminate\Contracts\Hashing\Hasher' => 'hash.driver', 'Illuminate\Translation\Translator' => 'translator', 'Illuminate\Contracts\Translation\Translator' => 'translator', 'Illuminate\Log\LogManager' => 'log', 'Psr\Log\LoggerInterface' => 'log', 'Illuminate\Mail\MailManager' => 'mail.manager', 'Illuminate\Contracts\Mail\Factory' => 'mail.manager', 'Illuminate\Mail\Mailer' => 'mailer', 'Illuminate\Contracts\Mail\Mailer' => 'mailer', 'Illuminate\Contracts\Mail\MailQueue' => 'mailer', 'Illuminate\Auth\Passwords\PasswordBrokerManager' => 'auth.password', 'Illuminate\Contracts\Auth\PasswordBrokerFactory' => 'auth.password', 'Illuminate\Auth\Passwords\PasswordBroker' => 'auth.password.broker', 'Illuminate\Contracts\Auth\PasswordBroker' => 'auth.password.broker', 'Illuminate\Queue\QueueManager' => 'queue', 'Illuminate\Contracts\Queue\Factory' => 'queue', 'Illuminate\Contracts\Queue\Monitor' => 'queue', 'Illuminate\Contracts\Queue\Queue' => 'queue.connection', 'Illuminate\Queue\Failed\FailedJobProviderInterface' => 'queue.failer', 'Illuminate\Routing\Redirector' => 'redirect', 'Illuminate\Redis\RedisManager' => 'redis', 'Illuminate\Contracts\Redis\Factory' => 'redis', 'Illuminate\Redis\Connections\Connection' => 'redis.connection', 'Illuminate\Contracts\Redis\Connection' => 'redis.connection', 'Illuminate\Http\Request' => 'request', 'Symfony\Component\HttpFoundation\Request' => 'request', 'Illuminate\Routing\Router' => 'router', 'Illuminate\Contracts\Routing\Registrar' => 'router', 'Illuminate\Contracts\Routing\BindingRegistrar' => 'router', 'Illuminate\Session\SessionManager' => 'session', 'Illuminate\Session\Store' => 'session.store', 'Illuminate\Contracts\Session\Session' => 'session.store', 'Illuminate\Routing\UrlGenerator' => 'url', 'Illuminate\Contracts\Routing\UrlGenerator' => 'url', 'Illuminate\Validation\Factory' => 'validator', 'Illuminate\Contracts\Validation\Factory' => 'validator', 'Illuminate\View\Factory' => 'view', 'Illuminate\Contracts\View\Factory' => 'view', 'Illuminate\Contracts\Notifications\Dispatcher' => 'Illuminate\\Notifications\\ChannelManager', 'Illuminate\Contracts\Notifications\Factory' => 'Illuminate\\Notifications\\ChannelManager', 'Dompdf\Dompdf' => 'dompdf', 'livewire' => 'Livewire\\LivewireManager', 'Illuminate\Contracts\Broadcasting\Factory' => 'Illuminate\\Broadcasting\\BroadcastManager', 'Illuminate\Contracts\Bus\Dispatcher' => 'Illuminate\\Bus\\Dispatcher', 'Illuminate\Contracts\Bus\QueueingDispatcher' => 'Illuminate\\Bus\\Dispatcher']; protected $abstractAliases = ['app' => [...], 'auth' => [...], 'auth.driver' => [...], 'blade.compiler' => [...], 'cache' => [...], 'cache.store' => [...], 'cache.psr6' => [...], 'config' => [...], 'cookie' => [...], 'db' => [...], 'db.connection' => [...], 'db.schema' => [...], 'encrypter' => [...], 'events' => [...], 'files' => [...], 'filesystem' => [...], 'filesystem.disk' => [...], 'filesystem.cloud' => [...], 'hash' => [...], 'hash.driver' => [...], 'translator' => [...], 'log' => [...], 'mail.manager' => [...], 'mailer' => [...], 'auth.password' => [...], 'auth.password.broker' => [...], 'queue' => [...], 'queue.connection' => [...], 'queue.failer' => [...], 'redirect' => [...], 'redis' => [...], 'redis.connection' => [...], 'request' => [...], 'router' => [...], 'session' => [...], 'session.store' => [...], 'url' => [...], 'validator' => [...], 'view' => [...], 'Illuminate\Notifications\ChannelManager' => [...], 'dompdf' => [...], 'Livewire\LivewireManager' => [...], 'Illuminate\Broadcasting\BroadcastManager' => [...], 'Illuminate\Bus\Dispatcher' => [...]]; protected $extenders = ['url' => [...]]; protected $tags = []; protected $buildStack = []; protected $with = []; public $contextual = []; public $contextualAttributes = []; protected $reboundCallbacks = ['request' => [...], 'events' => [...], 'routes' => [...]]; protected $globalBeforeResolvingCallbacks = []; protected $globalResolvingCallbacks = []; protected $globalAfterResolvingCallbacks = []; protected $beforeResolvingCallbacks = []; protected $resolvingCallbacks = ['Illuminate\Console\OutputStyle' => [...], 'Illuminate\Foundation\Http\FormRequest' => [...]]; protected $afterResolvingCallbacks = ['Illuminate\Contracts\Console\Kernel' => [...], 'Illuminate\Contracts\Http\Kernel' => [...], 'Illuminate\Foundation\Exceptions\Handler' => [...], 'view' => [...], 'Illuminate\Contracts\Validation\ValidatesWhenResolved' => [...]]; protected $afterResolvingAttributeCallbacks = []; protected $basePath = 'D:\\Mirko\\Desktop\\Prove webapp\\CV_Backoffice'; protected $registeredCallbacks = []; protected $hasBeenBootstrapped = TRUE; protected $booted = TRUE; protected $bootingCallbacks = [0 => class Closure { ... }, 1 => class Closure { ... }, 2 => class Closure { ... }, 3 => class Closure { ... }]; protected $bootedCallbacks = [0 => class Closure { ... }, 1 => class Closure { ... }, 2 => class Closure { ... }, 3 => class Closure { ... }, 4 => class Closure { ... }]; protected $terminatingCallbacks = [0 => class Closure { ... }, 1 => class Closure { ... }]; protected $serviceProviders = ['Illuminate\Events\EventServiceProvider' => class Illuminate\Events\EventServiceProvider { ... }, 'Illuminate\Log\LogServiceProvider' => class Illuminate\Log\LogServiceProvider { ... }, 'Illuminate\Log\Context\ContextServiceProvider' => class Illuminate\Log\Context\ContextServiceProvider { ... }, 'Illuminate\Routing\RoutingServiceProvider' => class Illuminate\Routing\RoutingServiceProvider { ... }, 'Illuminate\Auth\AuthServiceProvider' => class Illuminate\Auth\AuthServiceProvider { ... }, 'Illuminate\Cookie\CookieServiceProvider' => class Illuminate\Cookie\CookieServiceProvider { ... }, 'Illuminate\Database\DatabaseServiceProvider' => class Illuminate\Database\DatabaseServiceProvider { ... }, 'Illuminate\Encryption\EncryptionServiceProvider' => class Illuminate\Encryption\EncryptionServiceProvider { ... }, 'Illuminate\Filesystem\FilesystemServiceProvider' => class Illuminate\Filesystem\FilesystemServiceProvider { ... }, 'Illuminate\Foundation\Providers\FormRequestServiceProvider' => class Illuminate\Foundation\Providers\FormRequestServiceProvider { ... }, 'Illuminate\Testing\ParallelTestingServiceProvider' => class Illuminate\Testing\ParallelTestingServiceProvider { ... }, 'Illuminate\Foundation\Providers\FoundationServiceProvider' => class Illuminate\Foundation\Providers\FoundationServiceProvider { ... }, 'Illuminate\Notifications\NotificationServiceProvider' => class Illuminate\Notifications\NotificationServiceProvider { ... }, 'Illuminate\Pagination\PaginationServiceProvider' => class Illuminate\Pagination\PaginationServiceProvider { ... }, 'Illuminate\Session\SessionServiceProvider' => class Illuminate\Session\SessionServiceProvider { ... }, 'Illuminate\View\ViewServiceProvider' => class Illuminate\View\ViewServiceProvider { ... }, 'Barryvdh\DomPDF\ServiceProvider' => class Barryvdh\DomPDF\ServiceProvider { ... }, 'Laravel\Pail\PailServiceProvider' => class Laravel\Pail\PailServiceProvider { ... }, 'Livewire\LivewireServiceProvider' => class Livewire\LivewireServiceProvider { ... }, 'Carbon\Laravel\ServiceProvider' => class Carbon\Laravel\ServiceProvider { ... }, 'NunoMaduro\Collision\Adapters\Laravel\CollisionServiceProvider' => class NunoMaduro\Collision\Adapters\Laravel\CollisionServiceProvider { ... }, 'Termwind\Laravel\TermwindServiceProvider' => class Termwind\Laravel\TermwindServiceProvider { ... }, 'PacificDev\Laravel9Preset\PacificDevServiceProvider' => class PacificDev\Laravel9Preset\PacificDevServiceProvider { ... }, 'Spatie\Activitylog\ActivitylogServiceProvider' => class Spatie\Activitylog\ActivitylogServiceProvider { ... }, 'App\Providers\AppServiceProvider' => class App\Providers\AppServiceProvider { ... }, 'Illuminate\Foundation\Support\Providers\EventServiceProvider' => class Illuminate\Foundation\Support\Providers\EventServiceProvider { ... }, 'Illuminate\Foundation\Support\Providers\RouteServiceProvider' => class Illuminate\Foundation\Support\Providers\RouteServiceProvider { ... }, 'Illuminate\Validation\ValidationServiceProvider' => class Illuminate\Validation\ValidationServiceProvider { ... }, 'Illuminate\Translation\TranslationServiceProvider' => class Illuminate\Translation\TranslationServiceProvider { ... }, 'Illuminate\Broadcasting\BroadcastServiceProvider' => class Illuminate\Broadcasting\BroadcastServiceProvider { ... }, 'Illuminate\Bus\BusServiceProvider' => class Illuminate\Bus\BusServiceProvider { ... }, 'Illuminate\Cache\CacheServiceProvider' => class Illuminate\Cache\CacheServiceProvider { ... }, 'Illuminate\Foundation\Providers\ArtisanServiceProvider' => class Illuminate\Foundation\Providers\ArtisanServiceProvider { ... }, 'Illuminate\Database\MigrationServiceProvider' => class Illuminate\Database\MigrationServiceProvider { ... }, 'Illuminate\Foundation\Providers\ComposerServiceProvider' => class Illuminate\Foundation\Providers\ComposerServiceProvider { ... }, 'Illuminate\Foundation\Providers\ConsoleSupportServiceProvider' => class Illuminate\Foundation\Providers\ConsoleSupportServiceProvider { ... }, 'Illuminate\Concurrency\ConcurrencyServiceProvider' => class Illuminate\Concurrency\ConcurrencyServiceProvider { ... }, 'Illuminate\Hashing\HashServiceProvider' => class Illuminate\Hashing\HashServiceProvider { ... }, 'Illuminate\Mail\MailServiceProvider' => class Illuminate\Mail\MailServiceProvider { ... }, 'Illuminate\Auth\Passwords\PasswordResetServiceProvider' => class Illuminate\Auth\Passwords\PasswordResetServiceProvider { ... }, 'Illuminate\Pipeline\PipelineServiceProvider' => class Illuminate\Pipeline\PipelineServiceProvider { ... }, 'Illuminate\Queue\QueueServiceProvider' => class Illuminate\Queue\QueueServiceProvider { ... }, 'Illuminate\Redis\RedisServiceProvider' => class Illuminate\Redis\RedisServiceProvider { ... }, 'Laravel\Breeze\BreezeServiceProvider' => class Laravel\Breeze\BreezeServiceProvider { ... }, 'Laravel\Sail\SailServiceProvider' => class Laravel\Sail\SailServiceProvider { ... }, 'Laravel\Tinker\TinkerServiceProvider' => class Laravel\Tinker\TinkerServiceProvider { ... }]; protected $loadedProviders = ['Illuminate\Events\EventServiceProvider' => TRUE, 'Illuminate\Log\LogServiceProvider' => TRUE, 'Illuminate\Log\Context\ContextServiceProvider' => TRUE, 'Illuminate\Routing\RoutingServiceProvider' => TRUE, 'Illuminate\Auth\AuthServiceProvider' => TRUE, 'Illuminate\Cookie\CookieServiceProvider' => TRUE, 'Illuminate\Database\DatabaseServiceProvider' => TRUE, 'Illuminate\Encryption\EncryptionServiceProvider' => TRUE, 'Illuminate\Filesystem\FilesystemServiceProvider' => TRUE, 'Illuminate\Foundation\Providers\FormRequestServiceProvider' => TRUE, 'Illuminate\Testing\ParallelTestingServiceProvider' => TRUE, 'Illuminate\Foundation\Providers\FoundationServiceProvider' => TRUE, 'Illuminate\Notifications\NotificationServiceProvider' => TRUE, 'Illuminate\Pagination\PaginationServiceProvider' => TRUE, 'Illuminate\Session\SessionServiceProvider' => TRUE, 'Illuminate\View\ViewServiceProvider' => TRUE, 'Barryvdh\DomPDF\ServiceProvider' => TRUE, 'Laravel\Pail\PailServiceProvider' => TRUE, 'Livewire\LivewireServiceProvider' => TRUE, 'Carbon\Laravel\ServiceProvider' => TRUE, 'NunoMaduro\Collision\Adapters\Laravel\CollisionServiceProvider' => TRUE, 'Termwind\Laravel\TermwindServiceProvider' => TRUE, 'PacificDev\Laravel9Preset\PacificDevServiceProvider' => TRUE, 'Spatie\Activitylog\ActivitylogServiceProvider' => TRUE, 'App\Providers\AppServiceProvider' => TRUE, 'Illuminate\Foundation\Support\Providers\EventServiceProvider' => TRUE, 'Illuminate\Foundation\Support\Providers\RouteServiceProvider' => TRUE, 'Illuminate\Validation\ValidationServiceProvider' => TRUE, 'Illuminate\Translation\TranslationServiceProvider' => TRUE, 'Illuminate\Broadcasting\BroadcastServiceProvider' => TRUE, 'Illuminate\Bus\BusServiceProvider' => TRUE, 'Illuminate\Cache\CacheServiceProvider' => TRUE, 'Illuminate\Foundation\Providers\ArtisanServiceProvider' => TRUE, 'Illuminate\Database\MigrationServiceProvider' => TRUE, 'Illuminate\Foundation\Providers\ComposerServiceProvider' => TRUE, 'Illuminate\Foundation\Providers\ConsoleSupportServiceProvider' => TRUE, 'Illuminate\Concurrency\ConcurrencyServiceProvider' => TRUE, 'Illuminate\Hashing\HashServiceProvider' => TRUE, 'Illuminate\Mail\MailServiceProvider' => TRUE, 'Illuminate\Auth\Passwords\PasswordResetServiceProvider' => TRUE, 'Illuminate\Pipeline\PipelineServiceProvider' => TRUE, 'Illuminate\Queue\QueueServiceProvider' => TRUE, 'Illuminate\Redis\RedisServiceProvider' => TRUE, 'Laravel\Breeze\BreezeServiceProvider' => TRUE, 'Laravel\Sail\SailServiceProvider' => TRUE, 'Laravel\Tinker\TinkerServiceProvider' => TRUE]; protected $deferredServices = []; protected $bootstrapPath = 'D:\\Mirko\\Desktop\\Prove webapp\\CV_Backoffice\\bootstrap'; protected $appPath = NULL; protected $configPath = NULL; protected $databasePath = NULL; protected $langPath = 'D:\\Mirko\\Desktop\\Prove webapp\\CV_Backoffice\\lang'; protected $publicPath = NULL; protected $storagePath = NULL; protected $environmentPath = NULL; protected $environmentFile = '.env'; protected $isRunningInConsole = TRUE; protected $namespace = 'App\\'; protected $mergeFrameworkConfiguration = TRUE; protected $absoluteCachePathPrefixes = [0 => '/', 1 => '\\'] }, $route = class Illuminate\Routing\Route { public $uri = 'admin/vehicles'; public $methods = [0 => 'POST']; public $action = ['middleware' => [...], 'as' => 'admin.vehicles.store', 'uses' => 'App\\Http\\Controllers\\Admin\\VehicleController@store', 'controller' => 'App\\Http\\Controllers\\Admin\\VehicleController@store', 'namespace' => NULL, 'prefix' => '/admin', 'where' => [...]]; public $isFallback = FALSE; public $controller = NULL; public $defaults = []; public $wheres = []; public $parameters = []; public $parameterNames = []; protected $originalParameters = []; protected $withTrashedBindings = FALSE; protected $lockSeconds = NULL; protected $waitSeconds = NULL; public $computedMiddleware = [0 => 'web', 1 => 'auth', 2 => 'verified']; public $compiled = class Symfony\Component\Routing\CompiledRoute { private string $staticPrefix = '/admin/vehicles'; private string $regex = '{^/admin/vehicles$}sDu'; private array $tokens = [...]; private array $pathVariables = [...]; private ?string $hostRegex = NULL; private array $hostTokens = [...]; private array $hostVariables = [...]; private array $variables = [...] }; protected $router = class Illuminate\Routing\Router { protected $events = class Illuminate\Events\Dispatcher { ... }; protected $container = class Illuminate\Foundation\Application { ... }; protected $routes = class Illuminate\Routing\RouteCollection { ... }; protected $current = ...; protected $currentRequest = class Illuminate\Http\Request { ... }; protected $middleware = [...]; protected $middlewareGroups = [...]; public $middlewarePriority = [...]; protected $binders = [...]; protected $patterns = [...]; protected $groupStack = [...]; protected $implicitBindingCallback = class Closure { ... } }; protected $container = class Illuminate\Foundation\Application { protected $resolved = [...]; protected $bindings = [...]; protected $methodBindings = [...]; protected $instances = [...]; protected $scopedInstances = [...]; protected $aliases = [...]; protected $abstractAliases = [...]; protected $extenders = [...]; protected $tags = [...]; protected $buildStack = [...]; protected $with = [...]; public $contextual = [...]; public $contextualAttributes = [...]; protected $reboundCallbacks = [...]; protected $globalBeforeResolvingCallbacks = [...]; protected $globalResolvingCallbacks = [...]; protected $globalAfterResolvingCallbacks = [...]; protected $beforeResolvingCallbacks = [...]; protected $resolvingCallbacks = [...]; protected $afterResolvingCallbacks = [...]; protected $afterResolvingAttributeCallbacks = [...]; protected $basePath = 'D:\\Mirko\\Desktop\\Prove webapp\\CV_Backoffice'; protected $registeredCallbacks = [...]; protected $hasBeenBootstrapped = TRUE; protected $booted = TRUE; protected $bootingCallbacks = [...]; protected $bootedCallbacks = [...]; protected $terminatingCallbacks = [...]; protected $serviceProviders = [...]; protected $loadedProviders = [...]; protected $deferredServices = [...]; protected $bootstrapPath = 'D:\\Mirko\\Desktop\\Prove webapp\\CV_Backoffice\\bootstrap'; protected $appPath = NULL; protected $configPath = NULL; protected $databasePath = NULL; protected $langPath = 'D:\\Mirko\\Desktop\\Prove webapp\\CV_Backoffice\\lang'; protected $publicPath = NULL; protected $storagePath = NULL; protected $environmentPath = NULL; protected $environmentFile = '.env'; protected $isRunningInConsole = TRUE; protected $namespace = 'App\\'; protected $mergeFrameworkConfiguration = TRUE; protected $absoluteCachePathPrefixes = [...] }; protected $bindingFields = [] }, $default = class Closure { public $static = ['route' => class Illuminate\Routing\Route { ... }]; public $this = class Illuminate\Routing\Router { protected $events = class Illuminate\Events\Dispatcher { ... }; protected $container = class Illuminate\Foundation\Application { ... }; protected $routes = class Illuminate\Routing\RouteCollection { ... }; protected $current = class Illuminate\Routing\Route { ... }; protected $currentRequest = class Illuminate\Http\Request { ... }; protected $middleware = [...]; protected $middlewareGroups = [...]; public $middlewarePriority = [...]; protected $binders = [...]; protected $patterns = [...]; protected $groupStack = [...]; protected $implicitBindingCallback = class Closure { ... } } }) D:\Mirko\Desktop\Prove webapp\CV_Backoffice\vendor\laravel\framework\src\Illuminate\Routing\Router.php:963
    6.6637   60467520  60. Illuminate\Routing\Router->Illuminate\Routing\{closure:D:\Mirko\Desktop\Prove webapp\CV_Backoffice\vendor\laravel\framework\src\Illuminate\Routing\Router.php:961-961}() D:\Mirko\Desktop\Prove webapp\CV_Backoffice\vendor\livewire\livewire\src\Features\SupportPageComponents\SupportPageComponents.php:223
    6.6637   60467520  61. Illuminate\Routing\ImplicitRouteBinding::resolveForRoute($container = class Illuminate\Foundation\Application { protected $resolved = ['events' => TRUE, 'Illuminate\Foundation\Console\Kernel' => TRUE, 'Illuminate\Contracts\Console\Kernel' => TRUE, 'Illuminate\Foundation\Bootstrap\LoadEnvironmentVariables' => TRUE, 'Illuminate\Foundation\Bootstrap\LoadConfiguration' => TRUE, 'Illuminate\Foundation\Bootstrap\HandleExceptions' => TRUE, 'env' => TRUE, 'Illuminate\Foundation\Bootstrap\RegisterFacades' => TRUE, 'Illuminate\Foundation\PackageManifest' => TRUE, 'Illuminate\Foundation\Bootstrap\SetRequestForConsole' => TRUE, 'Illuminate\Foundation\Bootstrap\RegisterProviders' => TRUE, 'Livewire\LivewireManager' => TRUE, 'Livewire\EventBus' => TRUE, 'Livewire\Mechanisms\PersistentMiddleware\PersistentMiddleware' => TRUE, 'Livewire\Mechanisms\HandleSynths\HandleSynths' => TRUE, 'Livewire\Mechanisms\HandleComponents\HandleComponents' => TRUE, 'Livewire\Mechanisms\HandleRequests\HandleRequests' => TRUE, 'Livewire\Mechanisms\HandleRouting\HandleRouting' => TRUE, 'router' => TRUE, 'Livewire\Mechanisms\FrontendAssets\FrontendAssets' => TRUE, 'Livewire\Mechanisms\ExtendBlade\ExtendBlade' => TRUE, 'Livewire\Mechanisms\CompileLivewireTags\CompileLivewireTags' => TRUE, 'Livewire\Mechanisms\ClearCachedFiles' => TRUE, 'Livewire\Mechanisms\RenderComponent' => TRUE, 'Livewire\Mechanisms\DataStore' => TRUE, 'Illuminate\Foundation\Bootstrap\BootProviders' => TRUE, 'db.factory' => TRUE, 'db' => TRUE, 'files' => TRUE, 'Illuminate\Testing\ParallelTesting' => TRUE, 'Illuminate\Foundation\Exceptions\Renderer\Listener' => TRUE, 'livewire.finder' => TRUE, 'blade.compiler' => TRUE, 'view.engine.resolver' => TRUE, 'view.finder' => TRUE, 'view' => TRUE, 'Illuminate\Foundation\Http\Kernel' => TRUE, 'Illuminate\Contracts\Http\Kernel' => TRUE, 'Illuminate\Foundation\Vite' => TRUE, 'Illuminate\Contracts\Auth\Access\Gate' => TRUE, 'translation.loader' => TRUE, 'translator' => TRUE, 'validation.presence' => TRUE, 'validator' => TRUE, 'cache' => TRUE, 'Illuminate\Console\Scheduling\CacheEventMutex' => TRUE, 'Illuminate\Console\Scheduling\CacheSchedulingMutex' => TRUE, 'Illuminate\Console\Scheduling\Schedule' => TRUE, 'db.transactions' => TRUE, 'Faker\Generator' => TRUE, 'Faker\Generator:it_IT' => TRUE, 'hash' => TRUE, 'auth' => TRUE, 'session' => TRUE, 'session.store' => TRUE, 'cookie' => TRUE, 'url' => TRUE, 'Illuminate\Foundation\Http\Middleware\InvokeDeferredCallbacks' => TRUE, 'Illuminate\Http\Middleware\TrustProxies' => TRUE, 'Fruitcake\Cors\CorsService' => TRUE, 'Illuminate\Http\Middleware\HandleCors' => TRUE, 'Illuminate\Foundation\Http\Middleware\PreventRequestsDuringMaintenance' => TRUE, 'Illuminate\Foundation\MaintenanceModeManager' => TRUE, 'Illuminate\Contracts\Foundation\MaintenanceMode' => TRUE, 'Illuminate\Http\Middleware\ValidatePostSize' => TRUE, 'Illuminate\Foundation\Http\Middleware\TrimStrings' => TRUE, 'Illuminate\Foundation\Http\Middleware\ConvertEmptyStringsToNull' => TRUE, 'Livewire\Features\SupportDisablingBackButtonCache\DisableBackButtonCacheMiddleware' => TRUE, 'encrypter' => TRUE, 'Illuminate\Cookie\Middleware\EncryptCookies' => TRUE, 'Illuminate\Cookie\Middleware\AddQueuedCookiesToResponse' => TRUE, 'Illuminate\Session\Middleware\StartSession' => TRUE, 'Illuminate\View\Middleware\ShareErrorsFromSession' => TRUE, 'Illuminate\Foundation\Http\Middleware\ValidateCsrfToken' => TRUE, 'Illuminate\Auth\Middleware\Authenticate' => TRUE, 'Illuminate\Routing\Middleware\SubstituteBindings' => TRUE]; protected $bindings = ['Illuminate\Foundation\Mix' => [...], 'Illuminate\Foundation\PackageManifest' => [...], 'events' => [...], 'log' => [...], 'Illuminate\Log\Context\Repository' => [...], 'router' => [...], 'url' => [...], 'redirect' => [...], 'Psr\Http\Message\ServerRequestInterface' => [...], 'Psr\Http\Message\ResponseInterface' => [...], 'Illuminate\Contracts\Routing\ResponseFactory' => [...], 'Illuminate\Routing\Contracts\CallableDispatcher' => [...], 'Illuminate\Routing\Contracts\ControllerDispatcher' => [...], 'Illuminate\Contracts\Http\Kernel' => [...], 'Illuminate\Contracts\Console\Kernel' => [...], 'Illuminate\Contracts\Debug\ExceptionHandler' => [...], 'env' => [...], 'auth' => [...], 'auth.driver' => [...], 'Illuminate\Contracts\Auth\Authenticatable' => [...], 'Illuminate\Contracts\Auth\Access\Gate' => [...], 'Illuminate\Auth\Middleware\RequirePassword' => [...], 'cookie' => [...], 'db.factory' => [...], 'db' => [...], 'db.connection' => [...], 'db.schema' => [...], 'db.transactions' => [...], 'Faker\Generator' => [...], 'Illuminate\Contracts\Queue\EntityResolver' => [...], 'encrypter' => [...], 'files' => [...], 'filesystem' => [...], 'filesystem.disk' => [...], 'filesystem.cloud' => [...], 'Illuminate\Testing\ParallelTesting' => [...], 'Illuminate\Console\Scheduling\Schedule' => [...], 'Illuminate\Support\Defer\DeferredCallbackCollection' => [...], 'Illuminate\Foundation\Exceptions\Renderer\Renderer' => [...], 'Illuminate\Foundation\Exceptions\Renderer\Listener' => [...], 'Illuminate\Foundation\MaintenanceModeManager' => [...], 'Illuminate\Contracts\Foundation\MaintenanceMode' => [...], 'Illuminate\Http\Client\Factory' => [...], 'Illuminate\Foundation\Vite' => [...], 'Illuminate\Notifications\ChannelManager' => [...], 'session' => [...], 'session.store' => [...], 'Illuminate\Session\Middleware\StartSession' => [...], 'view' => [...], 'view.finder' => [...], 'blade.compiler' => [...], 'view.engine.resolver' => [...], 'dompdf.options' => [...], 'dompdf' => [...], 'dompdf.wrapper' => [...], 'Laravel\Pail\Files' => [...], 'Laravel\Pail\Handler' => [...], 'Livewire\LivewireManager' => [...], 'livewire.finder' => [...], 'livewire.compiler' => [...], 'livewire.factory' => [...], 'Livewire\EventBus' => [...], 'Spatie\Activitylog\ActivityLogger' => [...], 'Spatie\Activitylog\LogBatch' => [...], 'Spatie\Activitylog\CauserResolver' => [...], 'Spatie\Activitylog\ActivityLogStatus' => [...], 'Livewire\Mechanisms\ExtendBlade\DeterministicBladeKeys' => [...], 'validation.presence' => [...], 'Illuminate\Contracts\Validation\UncompromisedVerifier' => [...], 'validator' => [...], 'translation.loader' => [...], 'translator' => [...], 'Illuminate\Broadcasting\BroadcastManager' => [...], 'Illuminate\Contracts\Broadcasting\Broadcaster' => [...], 'Illuminate\Bus\Dispatcher' => [...], 'Illuminate\Bus\BatchRepository' => [...], 'Illuminate\Bus\DatabaseBatchRepository' => [...], 'Illuminate\Bus\DynamoBatchRepository' => [...], 'cache' => [...], 'cache.store' => [...], 'cache.psr6' => [...], 'memcached.connector' => [...], 'Illuminate\Cache\RateLimiter' => [...], 'Illuminate\Foundation\Console\AboutCommand' => [...], 'Illuminate\Cache\Console\ClearCommand' => [...], 'Illuminate\Cache\Console\ForgetCommand' => [...], 'Illuminate\Foundation\Console\ClearCompiledCommand' => [...], 'Illuminate\Auth\Console\ClearResetsCommand' => [...], 'Illuminate\Foundation\Console\ConfigCacheCommand' => [...], 'Illuminate\Foundation\Console\ConfigClearCommand' => [...], 'Illuminate\Foundation\Console\ConfigShowCommand' => [...], 'Illuminate\Database\Console\DbCommand' => [...], 'Illuminate\Database\Console\MonitorCommand' => [...], 'Illuminate\Database\Console\PruneCommand' => [...], 'Illuminate\Database\Console\ShowCommand' => [...], 'Illuminate\Database\Console\TableCommand' => [...], 'Illuminate\Database\Console\WipeCommand' => [...], 'Illuminate\Foundation\Console\DownCommand' => [...], 'Illuminate\Foundation\Console\EnvironmentCommand' => [...], 'Illuminate\Foundation\Console\EnvironmentDecryptCommand' => [...], 'Illuminate\Foundation\Console\EnvironmentEncryptCommand' => [...], 'Illuminate\Foundation\Console\EventCacheCommand' => [...], 'Illuminate\Foundation\Console\EventClearCommand' => [...], 'Illuminate\Foundation\Console\EventListCommand' => [...], 'Illuminate\Concurrency\Console\InvokeSerializedClosureCommand' => [...], 'Illuminate\Foundation\Console\KeyGenerateCommand' => [...], 'Illuminate\Foundation\Console\OptimizeCommand' => [...], 'Illuminate\Foundation\Console\OptimizeClearCommand' => [...], 'Illuminate\Foundation\Console\PackageDiscoverCommand' => [...], 'Illuminate\Cache\Console\PruneStaleTagsCommand' => [...], 'Illuminate\Queue\Console\ClearCommand' => [...], 'Illuminate\Queue\Console\ListFailedCommand' => [...], 'Illuminate\Queue\Console\FlushFailedCommand' => [...], 'Illuminate\Queue\Console\ForgetFailedCommand' => [...], 'Illuminate\Queue\Console\ListenCommand' => [...], 'Illuminate\Queue\Console\MonitorCommand' => [...], 'Illuminate\Queue\Console\PruneBatchesCommand' => [...], 'Illuminate\Queue\Console\PruneFailedJobsCommand' => [...], 'Illuminate\Queue\Console\RestartCommand' => [...], 'Illuminate\Queue\Console\RetryCommand' => [...], 'Illuminate\Queue\Console\RetryBatchCommand' => [...], 'Illuminate\Queue\Console\WorkCommand' => [...], 'Illuminate\Foundation\Console\RouteCacheCommand' => [...], 'Illuminate\Foundation\Console\RouteClearCommand' => [...], 'Illuminate\Foundation\Console\RouteListCommand' => [...], 'Illuminate\Database\Console\DumpCommand' => [...], 'Illuminate\Database\Console\Seeds\SeedCommand' => [...], 'Illuminate\Console\Scheduling\ScheduleFinishCommand' => [...], ...]; protected $methodBindings = []; protected $instances = ['path' => 'D:\\Mirko\\Desktop\\Prove webapp\\CV_Backoffice\\app', 'path.base' => 'D:\\Mirko\\Desktop\\Prove webapp\\CV_Backoffice', 'path.config' => 'D:\\Mirko\\Desktop\\Prove webapp\\CV_Backoffice\\config', 'path.database' => 'D:\\Mirko\\Desktop\\Prove webapp\\CV_Backoffice\\database', 'path.public' => 'D:\\Mirko\\Desktop\\Prove webapp\\CV_Backoffice\\public', 'path.resources' => 'D:\\Mirko\\Desktop\\Prove webapp\\CV_Backoffice\\resources', 'path.storage' => 'D:\\Mirko\\Desktop\\Prove webapp\\CV_Backoffice\\storage', 'path.bootstrap' => 'D:\\Mirko\\Desktop\\Prove webapp\\CV_Backoffice\\bootstrap', 'path.lang' => 'D:\\Mirko\\Desktop\\Prove webapp\\CV_Backoffice\\lang', 'app' => ..., 'Illuminate\Container\Container' => ..., 'events' => class Illuminate\Events\Dispatcher { ... }, 'Illuminate\Contracts\Console\Kernel' => class Illuminate\Foundation\Console\Kernel { ... }, 'config' => class Illuminate\Config\Repository { ... }, 'Illuminate\Foundation\PackageManifest' => class Illuminate\Foundation\PackageManifest { ... }, 'request' => class Illuminate\Http\Request { ... }, 'Illuminate\Testing\LoggedExceptionCollection' => class Illuminate\Testing\LoggedExceptionCollection { ... }, 'Livewire\LivewireManager' => class Livewire\LivewireManager { ... }, 'Livewire\Mechanisms\PersistentMiddleware\PersistentMiddleware' => class Livewire\Mechanisms\PersistentMiddleware\PersistentMiddleware { ... }, 'Livewire\Mechanisms\HandleSynths\HandleSynths' => class Livewire\Mechanisms\HandleSynths\HandleSynths { ... }, 'Livewire\Mechanisms\HandleComponents\HandleComponents' => class Livewire\Mechanisms\HandleComponents\HandleComponents { ... }, 'Livewire\Mechanisms\HandleRequests\HandleRequests' => class Livewire\Mechanisms\HandleRequests\HandleRequests { ... }, 'Livewire\Mechanisms\HandleRouting\HandleRouting' => class Livewire\Mechanisms\HandleRouting\HandleRouting { ... }, 'router' => class Illuminate\Routing\Router { ... }, 'Livewire\Mechanisms\FrontendAssets\FrontendAssets' => class Livewire\Mechanisms\FrontendAssets\FrontendAssets { ... }, 'Livewire\Mechanisms\ExtendBlade\ExtendBlade' => class Livewire\Mechanisms\ExtendBlade\ExtendBlade { ... }, 'Livewire\Mechanisms\CompileLivewireTags\CompileLivewireTags' => class Livewire\Mechanisms\CompileLivewireTags\CompileLivewireTags { ... }, 'Livewire\Mechanisms\ClearCachedFiles' => class Livewire\Mechanisms\ClearCachedFiles { ... }, 'Livewire\Mechanisms\RenderComponent' => class Livewire\Mechanisms\RenderComponent { ... }, 'Livewire\Mechanisms\DataStore' => class Livewire\Mechanisms\DataStore { ... }, 'db.factory' => class Illuminate\Database\Connectors\ConnectionFactory { ... }, 'db' => class Illuminate\Database\DatabaseManager { ... }, 'files' => class Illuminate\Filesystem\Filesystem { ... }, 'Illuminate\Testing\ParallelTesting' => class Illuminate\Testing\ParallelTesting { ... }, 'Illuminate\Foundation\Exceptions\Renderer\Listener' => class Illuminate\Foundation\Exceptions\Renderer\Listener { ... }, 'livewire.finder' => class Livewire\Finder\Finder { ... }, 'blade.compiler' => class Illuminate\View\Compilers\BladeCompiler { ... }, 'view.engine.resolver' => class Illuminate\View\Engines\EngineResolver { ... }, 'view' => class Illuminate\View\Factory { ... }, 'Livewire\EventBus' => class Livewire\EventBus { ... }, 'Illuminate\Contracts\Http\Kernel' => class Illuminate\Foundation\Http\Kernel { ... }, 'Livewire\Features\SupportFileUploads\GenerateSignedUploadUrl' => class Livewire\Features\SupportFileUploads\GenerateSignedUploadUrl@anonymous { ... }, 'Illuminate\Foundation\Vite' => class Illuminate\Foundation\Vite { ... }, 'date' => class Illuminate\Support\DateFactory { ... }, 'Illuminate\Contracts\Auth\Access\Gate' => class Illuminate\Auth\Access\Gate { ... }, 'translation.loader' => class Illuminate\Translation\FileLoader { ... }, 'translator' => class Illuminate\Translation\Translator { ... }, 'validation.presence' => class Illuminate\Validation\DatabasePresenceVerifier { ... }, 'validator' => class Illuminate\Validation\Factory { ... }, 'cache' => class Illuminate\Cache\CacheManager { ... }, 'Illuminate\Console\Scheduling\Schedule' => class Illuminate\Console\Scheduling\Schedule { ... }, 'db.transactions' => class Illuminate\Foundation\Testing\DatabaseTransactionsManager { ... }, 'Faker\Generator' => class Faker\Generator { ... }, 'Faker\Generator:it_IT' => class Faker\Generator { ... }, 'hash' => class Illuminate\Hashing\HashManager { ... }, 'auth' => class Illuminate\Auth\AuthManager { ... }, 'session' => class Illuminate\Session\SessionManager { ... }, 'session.store' => class Illuminate\Session\Store { ... }, 'cookie' => class Illuminate\Cookie\CookieJar { ... }, 'routes' => class Illuminate\Routing\RouteCollection { ... }, 'url' => class Illuminate\Routing\UrlGenerator { ... }, 'Illuminate\Foundation\MaintenanceModeManager' => class Illuminate\Foundation\MaintenanceModeManager { ... }, 'Illuminate\Routing\Route' => class Illuminate\Routing\Route { ... }, 'encrypter' => class Illuminate\Encryption\Encrypter { ... }, 'Illuminate\Session\Middleware\StartSession' => class Illuminate\Session\Middleware\StartSession { ... }]; protected $scopedInstances = [0 => 'Illuminate\\Log\\Context\\Repository', 1 => 'Illuminate\\Support\\Defer\\DeferredCallbackCollection', 2 => 'Spatie\\Activitylog\\LogBatch', 3 => 'Spatie\\Activitylog\\CauserResolver', 4 => 'Spatie\\Activitylog\\ActivityLogStatus']; protected $aliases = ['Illuminate\Foundation\Application' => 'app', 'Illuminate\Contracts\Container\Container' => 'app', 'Illuminate\Contracts\Foundation\Application' => 'app', 'Psr\Container\ContainerInterface' => 'app', 'Illuminate\Auth\AuthManager' => 'auth', 'Illuminate\Contracts\Auth\Factory' => 'auth', 'Illuminate\Contracts\Auth\Guard' => 'auth.driver', 'Illuminate\View\Compilers\BladeCompiler' => 'blade.compiler', 'Illuminate\Cache\CacheManager' => 'cache', 'Illuminate\Contracts\Cache\Factory' => 'cache', 'Illuminate\Cache\Repository' => 'cache.store', 'Illuminate\Contracts\Cache\Repository' => 'cache.store', 'Psr\SimpleCache\CacheInterface' => 'cache.store', 'Symfony\Component\Cache\Adapter\Psr16Adapter' => 'cache.psr6', 'Symfony\Component\Cache\Adapter\AdapterInterface' => 'cache.psr6', 'Psr\Cache\CacheItemPoolInterface' => 'cache.psr6', 'Illuminate\Config\Repository' => 'config', 'Illuminate\Contracts\Config\Repository' => 'config', 'Illuminate\Cookie\CookieJar' => 'cookie', 'Illuminate\Contracts\Cookie\Factory' => 'cookie', 'Illuminate\Contracts\Cookie\QueueingFactory' => 'cookie', 'Illuminate\Database\DatabaseManager' => 'db', 'Illuminate\Database\ConnectionResolverInterface' => 'db', 'Illuminate\Database\Connection' => 'db.connection', 'Illuminate\Database\ConnectionInterface' => 'db.connection', 'Illuminate\Database\Schema\Builder' => 'db.schema', 'Illuminate\Encryption\Encrypter' => 'encrypter', 'Illuminate\Contracts\Encryption\Encrypter' => 'encrypter', 'Illuminate\Contracts\Encryption\StringEncrypter' => 'encrypter', 'Illuminate\Events\Dispatcher' => 'events', 'Illuminate\Contracts\Events\Dispatcher' => 'events', 'Illuminate\Filesystem\Filesystem' => 'files', 'Illuminate\Filesystem\FilesystemManager' => 'filesystem', 'Illuminate\Contracts\Filesystem\Factory' => 'filesystem', 'Illuminate\Contracts\Filesystem\Filesystem' => 'filesystem.disk', 'Illuminate\Contracts\Filesystem\Cloud' => 'filesystem.cloud', 'Illuminate\Hashing\HashManager' => 'hash', 'Illuminate\Contracts\Hashing\Hasher' => 'hash.driver', 'Illuminate\Translation\Translator' => 'translator', 'Illuminate\Contracts\Translation\Translator' => 'translator', 'Illuminate\Log\LogManager' => 'log', 'Psr\Log\LoggerInterface' => 'log', 'Illuminate\Mail\MailManager' => 'mail.manager', 'Illuminate\Contracts\Mail\Factory' => 'mail.manager', 'Illuminate\Mail\Mailer' => 'mailer', 'Illuminate\Contracts\Mail\Mailer' => 'mailer', 'Illuminate\Contracts\Mail\MailQueue' => 'mailer', 'Illuminate\Auth\Passwords\PasswordBrokerManager' => 'auth.password', 'Illuminate\Contracts\Auth\PasswordBrokerFactory' => 'auth.password', 'Illuminate\Auth\Passwords\PasswordBroker' => 'auth.password.broker', 'Illuminate\Contracts\Auth\PasswordBroker' => 'auth.password.broker', 'Illuminate\Queue\QueueManager' => 'queue', 'Illuminate\Contracts\Queue\Factory' => 'queue', 'Illuminate\Contracts\Queue\Monitor' => 'queue', 'Illuminate\Contracts\Queue\Queue' => 'queue.connection', 'Illuminate\Queue\Failed\FailedJobProviderInterface' => 'queue.failer', 'Illuminate\Routing\Redirector' => 'redirect', 'Illuminate\Redis\RedisManager' => 'redis', 'Illuminate\Contracts\Redis\Factory' => 'redis', 'Illuminate\Redis\Connections\Connection' => 'redis.connection', 'Illuminate\Contracts\Redis\Connection' => 'redis.connection', 'Illuminate\Http\Request' => 'request', 'Symfony\Component\HttpFoundation\Request' => 'request', 'Illuminate\Routing\Router' => 'router', 'Illuminate\Contracts\Routing\Registrar' => 'router', 'Illuminate\Contracts\Routing\BindingRegistrar' => 'router', 'Illuminate\Session\SessionManager' => 'session', 'Illuminate\Session\Store' => 'session.store', 'Illuminate\Contracts\Session\Session' => 'session.store', 'Illuminate\Routing\UrlGenerator' => 'url', 'Illuminate\Contracts\Routing\UrlGenerator' => 'url', 'Illuminate\Validation\Factory' => 'validator', 'Illuminate\Contracts\Validation\Factory' => 'validator', 'Illuminate\View\Factory' => 'view', 'Illuminate\Contracts\View\Factory' => 'view', 'Illuminate\Contracts\Notifications\Dispatcher' => 'Illuminate\\Notifications\\ChannelManager', 'Illuminate\Contracts\Notifications\Factory' => 'Illuminate\\Notifications\\ChannelManager', 'Dompdf\Dompdf' => 'dompdf', 'livewire' => 'Livewire\\LivewireManager', 'Illuminate\Contracts\Broadcasting\Factory' => 'Illuminate\\Broadcasting\\BroadcastManager', 'Illuminate\Contracts\Bus\Dispatcher' => 'Illuminate\\Bus\\Dispatcher', 'Illuminate\Contracts\Bus\QueueingDispatcher' => 'Illuminate\\Bus\\Dispatcher']; protected $abstractAliases = ['app' => [...], 'auth' => [...], 'auth.driver' => [...], 'blade.compiler' => [...], 'cache' => [...], 'cache.store' => [...], 'cache.psr6' => [...], 'config' => [...], 'cookie' => [...], 'db' => [...], 'db.connection' => [...], 'db.schema' => [...], 'encrypter' => [...], 'events' => [...], 'files' => [...], 'filesystem' => [...], 'filesystem.disk' => [...], 'filesystem.cloud' => [...], 'hash' => [...], 'hash.driver' => [...], 'translator' => [...], 'log' => [...], 'mail.manager' => [...], 'mailer' => [...], 'auth.password' => [...], 'auth.password.broker' => [...], 'queue' => [...], 'queue.connection' => [...], 'queue.failer' => [...], 'redirect' => [...], 'redis' => [...], 'redis.connection' => [...], 'request' => [...], 'router' => [...], 'session' => [...], 'session.store' => [...], 'url' => [...], 'validator' => [...], 'view' => [...], 'Illuminate\Notifications\ChannelManager' => [...], 'dompdf' => [...], 'Livewire\LivewireManager' => [...], 'Illuminate\Broadcasting\BroadcastManager' => [...], 'Illuminate\Bus\Dispatcher' => [...]]; protected $extenders = ['url' => [...]]; protected $tags = []; protected $buildStack = []; protected $with = []; public $contextual = []; public $contextualAttributes = []; protected $reboundCallbacks = ['request' => [...], 'events' => [...], 'routes' => [...]]; protected $globalBeforeResolvingCallbacks = []; protected $globalResolvingCallbacks = []; protected $globalAfterResolvingCallbacks = []; protected $beforeResolvingCallbacks = []; protected $resolvingCallbacks = ['Illuminate\Console\OutputStyle' => [...], 'Illuminate\Foundation\Http\FormRequest' => [...]]; protected $afterResolvingCallbacks = ['Illuminate\Contracts\Console\Kernel' => [...], 'Illuminate\Contracts\Http\Kernel' => [...], 'Illuminate\Foundation\Exceptions\Handler' => [...], 'view' => [...], 'Illuminate\Contracts\Validation\ValidatesWhenResolved' => [...]]; protected $afterResolvingAttributeCallbacks = []; protected $basePath = 'D:\\Mirko\\Desktop\\Prove webapp\\CV_Backoffice'; protected $registeredCallbacks = []; protected $hasBeenBootstrapped = TRUE; protected $booted = TRUE; protected $bootingCallbacks = [0 => class Closure { ... }, 1 => class Closure { ... }, 2 => class Closure { ... }, 3 => class Closure { ... }]; protected $bootedCallbacks = [0 => class Closure { ... }, 1 => class Closure { ... }, 2 => class Closure { ... }, 3 => class Closure { ... }, 4 => class Closure { ... }]; protected $terminatingCallbacks = [0 => class Closure { ... }, 1 => class Closure { ... }]; protected $serviceProviders = ['Illuminate\Events\EventServiceProvider' => class Illuminate\Events\EventServiceProvider { ... }, 'Illuminate\Log\LogServiceProvider' => class Illuminate\Log\LogServiceProvider { ... }, 'Illuminate\Log\Context\ContextServiceProvider' => class Illuminate\Log\Context\ContextServiceProvider { ... }, 'Illuminate\Routing\RoutingServiceProvider' => class Illuminate\Routing\RoutingServiceProvider { ... }, 'Illuminate\Auth\AuthServiceProvider' => class Illuminate\Auth\AuthServiceProvider { ... }, 'Illuminate\Cookie\CookieServiceProvider' => class Illuminate\Cookie\CookieServiceProvider { ... }, 'Illuminate\Database\DatabaseServiceProvider' => class Illuminate\Database\DatabaseServiceProvider { ... }, 'Illuminate\Encryption\EncryptionServiceProvider' => class Illuminate\Encryption\EncryptionServiceProvider { ... }, 'Illuminate\Filesystem\FilesystemServiceProvider' => class Illuminate\Filesystem\FilesystemServiceProvider { ... }, 'Illuminate\Foundation\Providers\FormRequestServiceProvider' => class Illuminate\Foundation\Providers\FormRequestServiceProvider { ... }, 'Illuminate\Testing\ParallelTestingServiceProvider' => class Illuminate\Testing\ParallelTestingServiceProvider { ... }, 'Illuminate\Foundation\Providers\FoundationServiceProvider' => class Illuminate\Foundation\Providers\FoundationServiceProvider { ... }, 'Illuminate\Notifications\NotificationServiceProvider' => class Illuminate\Notifications\NotificationServiceProvider { ... }, 'Illuminate\Pagination\PaginationServiceProvider' => class Illuminate\Pagination\PaginationServiceProvider { ... }, 'Illuminate\Session\SessionServiceProvider' => class Illuminate\Session\SessionServiceProvider { ... }, 'Illuminate\View\ViewServiceProvider' => class Illuminate\View\ViewServiceProvider { ... }, 'Barryvdh\DomPDF\ServiceProvider' => class Barryvdh\DomPDF\ServiceProvider { ... }, 'Laravel\Pail\PailServiceProvider' => class Laravel\Pail\PailServiceProvider { ... }, 'Livewire\LivewireServiceProvider' => class Livewire\LivewireServiceProvider { ... }, 'Carbon\Laravel\ServiceProvider' => class Carbon\Laravel\ServiceProvider { ... }, 'NunoMaduro\Collision\Adapters\Laravel\CollisionServiceProvider' => class NunoMaduro\Collision\Adapters\Laravel\CollisionServiceProvider { ... }, 'Termwind\Laravel\TermwindServiceProvider' => class Termwind\Laravel\TermwindServiceProvider { ... }, 'PacificDev\Laravel9Preset\PacificDevServiceProvider' => class PacificDev\Laravel9Preset\PacificDevServiceProvider { ... }, 'Spatie\Activitylog\ActivitylogServiceProvider' => class Spatie\Activitylog\ActivitylogServiceProvider { ... }, 'App\Providers\AppServiceProvider' => class App\Providers\AppServiceProvider { ... }, 'Illuminate\Foundation\Support\Providers\EventServiceProvider' => class Illuminate\Foundation\Support\Providers\EventServiceProvider { ... }, 'Illuminate\Foundation\Support\Providers\RouteServiceProvider' => class Illuminate\Foundation\Support\Providers\RouteServiceProvider { ... }, 'Illuminate\Validation\ValidationServiceProvider' => class Illuminate\Validation\ValidationServiceProvider { ... }, 'Illuminate\Translation\TranslationServiceProvider' => class Illuminate\Translation\TranslationServiceProvider { ... }, 'Illuminate\Broadcasting\BroadcastServiceProvider' => class Illuminate\Broadcasting\BroadcastServiceProvider { ... }, 'Illuminate\Bus\BusServiceProvider' => class Illuminate\Bus\BusServiceProvider { ... }, 'Illuminate\Cache\CacheServiceProvider' => class Illuminate\Cache\CacheServiceProvider { ... }, 'Illuminate\Foundation\Providers\ArtisanServiceProvider' => class Illuminate\Foundation\Providers\ArtisanServiceProvider { ... }, 'Illuminate\Database\MigrationServiceProvider' => class Illuminate\Database\MigrationServiceProvider { ... }, 'Illuminate\Foundation\Providers\ComposerServiceProvider' => class Illuminate\Foundation\Providers\ComposerServiceProvider { ... }, 'Illuminate\Foundation\Providers\ConsoleSupportServiceProvider' => class Illuminate\Foundation\Providers\ConsoleSupportServiceProvider { ... }, 'Illuminate\Concurrency\ConcurrencyServiceProvider' => class Illuminate\Concurrency\ConcurrencyServiceProvider { ... }, 'Illuminate\Hashing\HashServiceProvider' => class Illuminate\Hashing\HashServiceProvider { ... }, 'Illuminate\Mail\MailServiceProvider' => class Illuminate\Mail\MailServiceProvider { ... }, 'Illuminate\Auth\Passwords\PasswordResetServiceProvider' => class Illuminate\Auth\Passwords\PasswordResetServiceProvider { ... }, 'Illuminate\Pipeline\PipelineServiceProvider' => class Illuminate\Pipeline\PipelineServiceProvider { ... }, 'Illuminate\Queue\QueueServiceProvider' => class Illuminate\Queue\QueueServiceProvider { ... }, 'Illuminate\Redis\RedisServiceProvider' => class Illuminate\Redis\RedisServiceProvider { ... }, 'Laravel\Breeze\BreezeServiceProvider' => class Laravel\Breeze\BreezeServiceProvider { ... }, 'Laravel\Sail\SailServiceProvider' => class Laravel\Sail\SailServiceProvider { ... }, 'Laravel\Tinker\TinkerServiceProvider' => class Laravel\Tinker\TinkerServiceProvider { ... }]; protected $loadedProviders = ['Illuminate\Events\EventServiceProvider' => TRUE, 'Illuminate\Log\LogServiceProvider' => TRUE, 'Illuminate\Log\Context\ContextServiceProvider' => TRUE, 'Illuminate\Routing\RoutingServiceProvider' => TRUE, 'Illuminate\Auth\AuthServiceProvider' => TRUE, 'Illuminate\Cookie\CookieServiceProvider' => TRUE, 'Illuminate\Database\DatabaseServiceProvider' => TRUE, 'Illuminate\Encryption\EncryptionServiceProvider' => TRUE, 'Illuminate\Filesystem\FilesystemServiceProvider' => TRUE, 'Illuminate\Foundation\Providers\FormRequestServiceProvider' => TRUE, 'Illuminate\Testing\ParallelTestingServiceProvider' => TRUE, 'Illuminate\Foundation\Providers\FoundationServiceProvider' => TRUE, 'Illuminate\Notifications\NotificationServiceProvider' => TRUE, 'Illuminate\Pagination\PaginationServiceProvider' => TRUE, 'Illuminate\Session\SessionServiceProvider' => TRUE, 'Illuminate\View\ViewServiceProvider' => TRUE, 'Barryvdh\DomPDF\ServiceProvider' => TRUE, 'Laravel\Pail\PailServiceProvider' => TRUE, 'Livewire\LivewireServiceProvider' => TRUE, 'Carbon\Laravel\ServiceProvider' => TRUE, 'NunoMaduro\Collision\Adapters\Laravel\CollisionServiceProvider' => TRUE, 'Termwind\Laravel\TermwindServiceProvider' => TRUE, 'PacificDev\Laravel9Preset\PacificDevServiceProvider' => TRUE, 'Spatie\Activitylog\ActivitylogServiceProvider' => TRUE, 'App\Providers\AppServiceProvider' => TRUE, 'Illuminate\Foundation\Support\Providers\EventServiceProvider' => TRUE, 'Illuminate\Foundation\Support\Providers\RouteServiceProvider' => TRUE, 'Illuminate\Validation\ValidationServiceProvider' => TRUE, 'Illuminate\Translation\TranslationServiceProvider' => TRUE, 'Illuminate\Broadcasting\BroadcastServiceProvider' => TRUE, 'Illuminate\Bus\BusServiceProvider' => TRUE, 'Illuminate\Cache\CacheServiceProvider' => TRUE, 'Illuminate\Foundation\Providers\ArtisanServiceProvider' => TRUE, 'Illuminate\Database\MigrationServiceProvider' => TRUE, 'Illuminate\Foundation\Providers\ComposerServiceProvider' => TRUE, 'Illuminate\Foundation\Providers\ConsoleSupportServiceProvider' => TRUE, 'Illuminate\Concurrency\ConcurrencyServiceProvider' => TRUE, 'Illuminate\Hashing\HashServiceProvider' => TRUE, 'Illuminate\Mail\MailServiceProvider' => TRUE, 'Illuminate\Auth\Passwords\PasswordResetServiceProvider' => TRUE, 'Illuminate\Pipeline\PipelineServiceProvider' => TRUE, 'Illuminate\Queue\QueueServiceProvider' => TRUE, 'Illuminate\Redis\RedisServiceProvider' => TRUE, 'Laravel\Breeze\BreezeServiceProvider' => TRUE, 'Laravel\Sail\SailServiceProvider' => TRUE, 'Laravel\Tinker\TinkerServiceProvider' => TRUE]; protected $deferredServices = []; protected $bootstrapPath = 'D:\\Mirko\\Desktop\\Prove webapp\\CV_Backoffice\\bootstrap'; protected $appPath = NULL; protected $configPath = NULL; protected $databasePath = NULL; protected $langPath = 'D:\\Mirko\\Desktop\\Prove webapp\\CV_Backoffice\\lang'; protected $publicPath = NULL; protected $storagePath = NULL; protected $environmentPath = NULL; protected $environmentFile = '.env'; protected $isRunningInConsole = TRUE; protected $namespace = 'App\\'; protected $mergeFrameworkConfiguration = TRUE; protected $absoluteCachePathPrefixes = [0 => '/', 1 => '\\'] }, $route = class Illuminate\Routing\Route { public $uri = 'admin/vehicles'; public $methods = [0 => 'POST']; public $action = ['middleware' => [...], 'as' => 'admin.vehicles.store', 'uses' => 'App\\Http\\Controllers\\Admin\\VehicleController@store', 'controller' => 'App\\Http\\Controllers\\Admin\\VehicleController@store', 'namespace' => NULL, 'prefix' => '/admin', 'where' => [...]]; public $isFallback = FALSE; public $controller = NULL; public $defaults = []; public $wheres = []; public $parameters = []; public $parameterNames = []; protected $originalParameters = []; protected $withTrashedBindings = FALSE; protected $lockSeconds = NULL; protected $waitSeconds = NULL; public $computedMiddleware = [0 => 'web', 1 => 'auth', 2 => 'verified']; public $compiled = class Symfony\Component\Routing\CompiledRoute { private string $staticPrefix = '/admin/vehicles'; private string $regex = '{^/admin/vehicles$}sDu'; private array $tokens = [...]; private array $pathVariables = [...]; private ?string $hostRegex = NULL; private array $hostTokens = [...]; private array $hostVariables = [...]; private array $variables = [...] }; protected $router = class Illuminate\Routing\Router { protected $events = class Illuminate\Events\Dispatcher { ... }; protected $container = class Illuminate\Foundation\Application { ... }; protected $routes = class Illuminate\Routing\RouteCollection { ... }; protected $current = ...; protected $currentRequest = class Illuminate\Http\Request { ... }; protected $middleware = [...]; protected $middlewareGroups = [...]; public $middlewarePriority = [...]; protected $binders = [...]; protected $patterns = [...]; protected $groupStack = [...]; protected $implicitBindingCallback = class Closure { ... } }; protected $container = class Illuminate\Foundation\Application { protected $resolved = [...]; protected $bindings = [...]; protected $methodBindings = [...]; protected $instances = [...]; protected $scopedInstances = [...]; protected $aliases = [...]; protected $abstractAliases = [...]; protected $extenders = [...]; protected $tags = [...]; protected $buildStack = [...]; protected $with = [...]; public $contextual = [...]; public $contextualAttributes = [...]; protected $reboundCallbacks = [...]; protected $globalBeforeResolvingCallbacks = [...]; protected $globalResolvingCallbacks = [...]; protected $globalAfterResolvingCallbacks = [...]; protected $beforeResolvingCallbacks = [...]; protected $resolvingCallbacks = [...]; protected $afterResolvingCallbacks = [...]; protected $afterResolvingAttributeCallbacks = [...]; protected $basePath = 'D:\\Mirko\\Desktop\\Prove webapp\\CV_Backoffice'; protected $registeredCallbacks = [...]; protected $hasBeenBootstrapped = TRUE; protected $booted = TRUE; protected $bootingCallbacks = [...]; protected $bootedCallbacks = [...]; protected $terminatingCallbacks = [...]; protected $serviceProviders = [...]; protected $loadedProviders = [...]; protected $deferredServices = [...]; protected $bootstrapPath = 'D:\\Mirko\\Desktop\\Prove webapp\\CV_Backoffice\\bootstrap'; protected $appPath = NULL; protected $configPath = NULL; protected $databasePath = NULL; protected $langPath = 'D:\\Mirko\\Desktop\\Prove webapp\\CV_Backoffice\\lang'; protected $publicPath = NULL; protected $storagePath = NULL; protected $environmentPath = NULL; protected $environmentFile = '.env'; protected $isRunningInConsole = TRUE; protected $namespace = 'App\\'; protected $mergeFrameworkConfiguration = TRUE; protected $absoluteCachePathPrefixes = [...] }; protected $bindingFields = [] }) D:\Mirko\Desktop\Prove webapp\CV_Backoffice\vendor\laravel\framework\src\Illuminate\Routing\Router.php:961
    6.6637   60467520  62. Illuminate\Routing\ImplicitRouteBinding::resolveBackedEnumsForRoute($route = class Illuminate\Routing\Route { public $uri = 'admin/vehicles'; public $methods = [0 => 'POST']; public $action = ['middleware' => [...], 'as' => 'admin.vehicles.store', 'uses' => 'App\\Http\\Controllers\\Admin\\VehicleController@store', 'controller' => 'App\\Http\\Controllers\\Admin\\VehicleController@store', 'namespace' => NULL, 'prefix' => '/admin', 'where' => [...]]; public $isFallback = FALSE; public $controller = NULL; public $defaults = []; public $wheres = []; public $parameters = []; public $parameterNames = []; protected $originalParameters = []; protected $withTrashedBindings = FALSE; protected $lockSeconds = NULL; protected $waitSeconds = NULL; public $computedMiddleware = [0 => 'web', 1 => 'auth', 2 => 'verified']; public $compiled = class Symfony\Component\Routing\CompiledRoute { private string $staticPrefix = '/admin/vehicles'; private string $regex = '{^/admin/vehicles$}sDu'; private array $tokens = [...]; private array $pathVariables = [...]; private ?string $hostRegex = NULL; private array $hostTokens = [...]; private array $hostVariables = [...]; private array $variables = [...] }; protected $router = class Illuminate\Routing\Router { protected $events = class Illuminate\Events\Dispatcher { ... }; protected $container = class Illuminate\Foundation\Application { ... }; protected $routes = class Illuminate\Routing\RouteCollection { ... }; protected $current = ...; protected $currentRequest = class Illuminate\Http\Request { ... }; protected $middleware = [...]; protected $middlewareGroups = [...]; public $middlewarePriority = [...]; protected $binders = [...]; protected $patterns = [...]; protected $groupStack = [...]; protected $implicitBindingCallback = class Closure { ... } }; protected $container = class Illuminate\Foundation\Application { protected $resolved = [...]; protected $bindings = [...]; protected $methodBindings = [...]; protected $instances = [...]; protected $scopedInstances = [...]; protected $aliases = [...]; protected $abstractAliases = [...]; protected $extenders = [...]; protected $tags = [...]; protected $buildStack = [...]; protected $with = [...]; public $contextual = [...]; public $contextualAttributes = [...]; protected $reboundCallbacks = [...]; protected $globalBeforeResolvingCallbacks = [...]; protected $globalResolvingCallbacks = [...]; protected $globalAfterResolvingCallbacks = [...]; protected $beforeResolvingCallbacks = [...]; protected $resolvingCallbacks = [...]; protected $afterResolvingCallbacks = [...]; protected $afterResolvingAttributeCallbacks = [...]; protected $basePath = 'D:\\Mirko\\Desktop\\Prove webapp\\CV_Backoffice'; protected $registeredCallbacks = [...]; protected $hasBeenBootstrapped = TRUE; protected $booted = TRUE; protected $bootingCallbacks = [...]; protected $bootedCallbacks = [...]; protected $terminatingCallbacks = [...]; protected $serviceProviders = [...]; protected $loadedProviders = [...]; protected $deferredServices = [...]; protected $bootstrapPath = 'D:\\Mirko\\Desktop\\Prove webapp\\CV_Backoffice\\bootstrap'; protected $appPath = NULL; protected $configPath = NULL; protected $databasePath = NULL; protected $langPath = 'D:\\Mirko\\Desktop\\Prove webapp\\CV_Backoffice\\lang'; protected $publicPath = NULL; protected $storagePath = NULL; protected $environmentPath = NULL; protected $environmentFile = '.env'; protected $isRunningInConsole = TRUE; protected $namespace = 'App\\'; protected $mergeFrameworkConfiguration = TRUE; protected $absoluteCachePathPrefixes = [...] }; protected $bindingFields = [] }, $parameters = []) D:\Mirko\Desktop\Prove webapp\CV_Backoffice\vendor\laravel\framework\src\Illuminate\Routing\ImplicitRouteBinding.php:28
    6.6637   60467520  63. Illuminate\Routing\Route->signatureParameters($conditions = ['backedEnum' => TRUE]) D:\Mirko\Desktop\Prove webapp\CV_Backoffice\vendor\laravel\framework\src\Illuminate\Routing\ImplicitRouteBinding.php:80
    6.6637   60467520  64. Illuminate\Routing\RouteSignatureParameters::fromAction($action = ['middleware' => [0 => 'web', 1 => 'auth', 2 => 'verified'], 'as' => 'admin.vehicles.store', 'uses' => 'App\\Http\\Controllers\\Admin\\VehicleController@store', 'controller' => 'App\\Http\\Controllers\\Admin\\VehicleController@store', 'namespace' => NULL, 'prefix' => '/admin', 'where' => []], $conditions = ['backedEnum' => TRUE]) D:\Mirko\Desktop\Prove webapp\CV_Backoffice\vendor\laravel\framework\src\Illuminate\Routing\Route.php:544
    6.6637   60468240  65. array_filter($array = [0 => class ReflectionParameter { public string $name = 'request' }], $callback = class Closure { public $parameter = ['$p' => '<required>'] }) D:\Mirko\Desktop\Prove webapp\CV_Backoffice\vendor\laravel\framework\src\Illuminate\Routing\RouteSignatureParameters.php:31
    6.6637   60468368  66. Illuminate\Routing\RouteSignatureParameters::Illuminate\Routing\{closure:D:\Mirko\Desktop\Prove webapp\CV_Backoffice\vendor\laravel\framework\src\Illuminate\Routing\RouteSignatureParameters.php:31-31}($p = class ReflectionParameter { public string $name = 'request' }) D:\Mirko\Desktop\Prove webapp\CV_Backoffice\vendor\laravel\framework\src\Illuminate\Routing\RouteSignatureParameters.php:31
    6.6637   60468368  67. Illuminate\Support\Reflector::isParameterBackedEnumWithStringBackingType($parameter = class ReflectionParameter { public string $name = 'request' }) D:\Mirko\Desktop\Prove webapp\CV_Backoffice\vendor\laravel\framework\src\Illuminate\Routing\RouteSignatureParameters.php:31
    6.6637   60468368  68. enum_exists($enum = 'App\\Http\\Requests\\StoreVehicleRequest') D:\Mirko\Desktop\Prove webapp\CV_Backoffice\vendor\laravel\framework\src\Illuminate\Support\Reflector.php:161
    6.6637   60468464  69. Composer\Autoload\ClassLoader->loadClass($class = 'App\\Http\\Requests\\StoreVehicleRequest') D:\Mirko\Desktop\Prove webapp\CV_Backoffice\vendor\laravel\framework\src\Illuminate\Support\Reflector.php:161
    6.6637   60468464  70. Composer\Autoload\{closure:D:\Mirko\Desktop\Prove webapp\CV_Backoffice\vendor\composer\ClassLoader.php:575-577}($file = 'D:\\Mirko\\Desktop\\Prove webapp\\CV_Backoffice\\vendor\\composer/../../app/Http/Requests/StoreVehicleRequest.php') D:\Mirko\Desktop\Prove webapp\CV_Backoffice\vendor\composer\ClassLoader.php:427
    6.6639   60479048  71. include('D:\Mirko\Desktop\Prove webapp\CV_Backoffice\app\Http\Requests\StoreVehicleRequest.php') D:\Mirko\Desktop\Prove webapp\CV_Backoffice\vendor\composer\ClassLoader.php:576

